Content: "[Garson] believed he had more than enough time to submit his superior bid based on communications with the Trustee and his counsel.
Error: 'gbk' codec can't encode character '\u02c8' in position 131: illegal multibyte sequence

Content: He said only a few of those came close to making a bid, including one group that the bankruptcy trustee said could raise concerns with the Committee on Foreign Investment in the United States because of its (unspecified) "foreign ownership."
Error: 'gbk' codec can't encode character '\u02c8' in position 186: illegal multibyte sequence

Content: He said only a few of those came close to making a bid, including one group that the bankruptcy trustee said could raise concerns with the Committee on Foreign Investment in the United States because of its (unspecified) "foreign ownership."
Error: 'gbk' codec can't encode character '\u02c8' in position 211: illegal multibyte sequence

Content: {"summary": "A U.K.-based investor, Charles Garson, has filed a motion to halt the sale of Canoo¡¯s assets to the CEO. Garson offered $20 million for Canoo¡¯s assets, significantly higher than the $4 million bid from the CEO, Anthony Aquila. The bankruptcy trustee, however, has proceeded with the sale, closing it on April 11th. Garson claims his offer was superior and the trustee has moved forward with the hearing. The trustee has not responded to the request for comment."}
Error: name 'unicodedata' is not defined

Content: { "word": "loans", "explanation": "Loans are sums of money borrowed, typically for personal or business needs, which must be repaid with interest.", "ipa": "/lonz/", "etymology": "'Loan' originates from the Old French word 'louage', derived from Late Latin 'lucrum,' meaning profit or earnings. The term evolved to refer to money lent, typically with interest.", "contextual_meaning": "'Loans' in this sentence refers to monetary borrowings that Canoo owes to the financial firm owned by Aquila.", "example_sentences": [ "I need a loan to buy my first car because I don't have enough savings." "The bank extended additional loans to entrepreneurs seeking capital for their startups." ] }
Error: Expecting ',' delimiter: line 1 column 595 (char 594)

Content: { "word": "hearing", "explanation": "A process where evidence is presented in a court or tribunal, often leading to someone being informed about their rights.", "ipa": "/hr/", "etymology": "Originating from Old English 'hyreende', which means at the sound of hearing; related to Germanic roots where similar words are used in various European languages, such as Dutch 'geluid' and Swedish 'hra". Derived ultimately from Latin 'audire' (to hear).", "contextual_meaning": "In this context, a formal meeting or proceedings called by the trustee to finalize the sale of assets.", "example_sentences": [ "The judge presided over the court hearing every Tuesday morning.", "After months of negotiations, there will be no more hearings unless new information arises." ] }
Error: Expecting ',' delimiter: line 1 column 395 (char 394)

Content: { "word": "competing", "explanation": "Being involved in an effort to win or gain something that is limited.", "ipa": "/kmpt/", "etymology": "'Compete' originated from the Latin word 'competere,' which means 'to come together, match up.' It evolved through Old French as 'competir,' meaning to strive against another for a prize or recognition.", "contextual_meaning": "In this context, Movant was involved in an effort with others seeking the same thing (e.g., sale), but did not take action by formally presenting his own bid." } ```json { "word": "competing", "explanation": "Being engaged or actively taking part against other parties for a common goal.", "ipa": "/kmpt/", "etymology": "'Compete' comes from the Latin 'competere,' which means to strive together towards something, like an award. It further traces back to Old French and Middle English where it meant to contend or vie for a prize.", "contextual_meaning": "In this context, Movant was actively involved in taking part against other parties interested in the same sale but did not formally submit his own bid." }
Error: Extra data: line 1 column 533 (char 532)

Content: { "word": "competing", "explanation": "To be in competition with someone else, typically for something like a job or market share.", "ipa": "/kmpt/", "etymology": "'Compete' originates from the Latin word 'competere,' which means to come together or meet. The root words are derived from 'con-' meaning with, and '-petre,' related to seeking knowledge.", "contextual_meaning": "Movant was aware that others might be interested in purchasing a business but did not formally challenge the sale process by submitting another bid while finalizing their own offer.", "example_sentences": [ "Despite many applicants, only one could compete for the job at our top company." "The startup was growing rapidly and faced stiff competition from established tech giants in Silicon Valley." ] }
Error: Expecting ',' delimiter: line 1 column 668 (char 667)

Content: { "word": "competing", "explanation": "Being in competition with others, often implying that multiple entities are offering similar services or products.", "ipa": "/kmpt/", "etymology": "Originally derived from Latin 'compati', meaning to suffer together. In modern usage, it relates closely to the Germanic word 'kiepen' and Old English 'copenlifian' (to compete). The term evolved in Middle French as 'conpeter,' which then entered into English.", "contextual_meaning": "Movant was not actively seeking or entering a competitive bid process for the sale, but rather remaining neutral and focusing on finalizing their own offer while asking questions about it from the Trustee to clarify any ambiguities before submitting anything else.", "example_sentences": [ "During the marathon season, several runners were vying as competing for first place in various events around the city." "The two tech companies are known rivals and frequently compete to outdo each other with innovative products on the market.", ] }
Error: Expecting ',' delimiter: line 1 column 885 (char 884)

Content: {"summary": "A U.K.-based investor, Charles Garson, has filed a motion to halt the sale of Canoo¡¯s assets to the CEO. Garson offered $20 million for Canoo¡¯s assets, significantly higher than the $4 million bid from the CEO, Anthony Aquila. The bankruptcy trustee, however, has proceeded with the sale, closing it on April 11th. Garson claims his offer was superior and the trustee has moved forward with the hearing. The trustee has not responded to the request for comment."}
Error: name 'unicodedata' is not defined

Content: { "word": "bankruptcy", "explanation": "A legal status of a person or organization when they cannot pay their debts.", "ipa": "/bkrptsi/", "etymology": "'Bankruptcy' comes from the Old French word 'banqueresse,' which is derived from Medieval Latin. The root words include 'bankura', meaning a bench or seat, and 'prestituci', to put before for examination  together suggesting an individual brought forth their financial matters.", "contextual_meaning": "'Bankruptcy' refers specifically to the legal proceedings related to declaring someone insolvent in court due to debts that cannot be paid. In this sentence, a judge made a decision regarding such status during a trial or hearing of bankruptcy cases.", "example_sentences": [ "After years of overspending, the once prosperous company entered into involuntary liquidation and faced imminent bankruptcy." ], [ "The individual realized they had spent too much on frivolous items; eventually leading to a petition for personal bankruptcy due to an unmanageable debt load." ] }
Error: Expecting property name enclosed in double quotes: line 1 column 863 (char 862)

Content: { "word": "bankruptcy", "explanation": "A legal condition where a person or organization cannot pay their debts.", "ipa": "/bkrptsi/", "etymology": "-"[0x1F324] + [Standard Arabic: "bankrt"] (from Latin: *banca rupta*) where 'rupt' means broken or torn, and in Old French meant a state of breaking down due to debts.", "contextual_meaning": "In the provided sentence, bankruptcy refers to the legal status determined by a judge rather than just insolvency. It suggests that Harbinger may have been involved before in businesses or activities leading to financial collapse and thus seeks relief through filing an appeal.", "example_sentences": ["After years of accumulating debt, his company declared bankruptcy last month.", "The fearsome prospects of declaring personal bankruptcy kept her awake at night."] }
Error: Expecting ',' delimiter: line 1 column 152 (char 151)

Content: { "word": "filing", "explanation": "Filing refers to submitting documents, like paperwork or reports, for official records.", "ipa": "/fl/", "etymology": "'Filing' originates from the Old French word 'file', which in turn comes from the Latin 'filum,' meaning thread. The modern usage of filing as submitting documents has its roots primarily in legal and administrative contexts.", "contextual_meaning": "In this sentence, 'filing' refers to Movant making an official submission related to a request for clarifications about his offer from the Trustee." "example_sentences": [ "John made sure all of his tax documents were filed before the deadline.", "The company must submit its quarterly financial filings by next Monday." ] }
Error: Expecting ',' delimiter: line 1 column 556 (char 555)

Content: { "word": "transaction", "explanation": "A process where an exchange is made between two parties.", "ipa": "/trkn.s.te/", "etymology": "Originally from Old French 'transacion', which derived ultimately from Latin 'transactionem'. The root of the word can be traced back to Greek 'tarachn,' meaning an act or agreement.", "contextual_meaning": "In this sentence, a transaction refers to any form of exchange being made by seeking Court approval for it. It indicates that there is some asset change hands which requires formal acknowledgment from the court system." "example_sentences": [ "He finalized his house sale with no issues in sight.", "They decided to make a transaction after considering all financial aspects carefully." ] }
Error: Expecting ',' delimiter: line 1 column 565 (char 564)

Content: {"summary": "A U.K.-based investor, Charles Garson, requested a bankruptcy judge to halt the sale of Canoo¡¯s assets to its CEO. He offered $20 million, significantly higher than Canoo CEO Anthony Aquila¡¯s $4 million bid. The trustee moved forward with the sale, closing it on April 11th, and the trustee has not responded to requests for comment. Garson is challenging the sale, with two other investors also opposing it."}
Error: name 'unicodedata' is not defined

Content: {"summary": "The Trustee authorized a transaction with Aquila, despite a substantial offer. Several parties evaluated Canoo's assets before the sale. A lawyer revealed that only a small group of potential bidders were close to a bid, with one group raising concerns about foreign ownership. The trustee¡¯s bid is currently unknown."}
Error: name 'unicodedata' is not defined

Content: { "word": "superior", "explanation": "Something that is higher in quality, rank, or degree.", "ipa": "/suprir/, /suprev/, /su.pj/, /* IPA for 'superior' pronounced as 'soo-peer-ee-uh', with variations */, "etymology": "'Superior,' derived from the Latin word 'superior' (comparative of superioris), meaning above or over.", "contextual_meaning": "In this sentence, 'superior' refers to a better offer that someone has received which is deemed as more desirable in terms of value compared to other offers available at the time.", "example_sentences": [ "The company prides itself on offering superior customer service and products for its premium price point.", "After reviewing all proposals, she found that her own offer was indeed superior due to better terms." ] }
Error: Expecting ',' delimiter: line 1 column 207 (char 206)

Content: {"summary": "A U.K.-based investor, Charles Garson, requested a bankruptcy judge to halt the sale of Canoo¡¯s assets to its CEO. He offered $20 million, significantly higher than Canoo CEO Anthony Aquila¡¯s $4 million bid. The trustee moved forward with the sale, closing it on April 11th, and the trustee has not responded to requests for comment. Garson is challenging the sale, with two other investors also opposing it."}
Error: name 'unicodedata' is not defined

Content: {"summary": "A U.K.-based investor, Charles Garson, requested a bankruptcy judge to halt the sale of Canoo¡¯s assets to its CEO. He offered $20 million, significantly higher than Canoo CEO Anthony Aquila¡¯s $4 million bid. The trustee moved forward with the sale, closing it on April 11th, and the trustee has not responded to requests for comment. Garson is challenging the sale, with two other investors also opposing it."}
Error: name 'unicodedata' is not defined

Content: { "word": "objected", "explanation": "To express disapproval or refusal of something", "ipa": "/bktd/", "etymology": { "Origin": Latin, "Root words": "ob-" ("against") + "-ject" ("to throw") }, "contextual_meaning": "To express disapproval of something before it is finalized", "example_sentences": [ "The board of directors objected to the merger due to financial concerns.", "The artist objected to the use of his work in the commercial." ] }
Error: Expecting value: line 1 column 130 (char 129)

Content: { "word": "motion", "explanation": "A formal expression of an idea or intention", "ipa": "/mn/", "etymology": { "Origin": "Middle English", "Root Word": "move" (Old English) }, "contextual_meaning": "A proposal or request formally presented and debated in a meeting or assembly", "example_sentences": [ "The lawyer filed a motion to dismiss the case.", "The court is currently dealing with a motion for a new trial." ] }
Error: Expecting ',' delimiter: line 1 column 161 (char 160)

Content: { "word": "motion", "explanation": "A formal expression of an opinion or intention, typically made at a meeting or in a legislative assembly.", "ipa": "/mn/", "etymology": { "Original language": "Middle English", "Root word": "mot", "meaning 'to stir, urge'" }, "contextual_meaning": "A formal proposal or recommendation made during a legal or official proceeding.", "example_sentences": [ "The lawyer filed a motion to dismiss the case.", "The court is considering the motion for a new trial." ] }
Error: Expecting ':' delimiter: line 1 column 260 (char 259)

Content: { "word": "motion", "explanation": "A movement or change of position", "ipa": "/mn/", "etymology": { "Origin": "Middle English", "Root word": "motus" (Latin, "a moving") }, "contextual_meaning": "A formal proposal or request made to a group, such as a court or legislative assembly", "example_sentences": [ "The lawyer filed a motion to dismiss the case.", "The judge denied the motion for a new trial." ] }
Error: Expecting ',' delimiter: line 1 column 151 (char 150)

Content: {"summary": "A U.K.-based investor, Charles Garson, requested a bankruptcy judge to halt the sale of Canoo¡¯s assets to its CEO. He offered $20 million, significantly higher than Canoo CEO Anthony Aquila¡¯s $4 million bid. The trustee moved forward with the sale, closing it on April 11th, and the trustee has not responded to requests for comment. Garson is challenging the sale, with two other investors also opposing it."}
Error: name 'unicodedata' is not defined

Content: {"summary": "The Trustee authorized a transaction with Aquila, despite a substantial offer. Several parties evaluated Canoo's assets before the sale. A lawyer revealed that only a small group of potential bidders were close to a bid, with one group raising concerns about foreign ownership. The trustee¡¯s bid is currently unknown."}
Error: name 'unicodedata' is not defined

Content: { "word": "ownership", "explanation": "The state of being the owner of something", "ipa": "/np/"), "etymology": { "Origin": "Middle English", "Root word": "eigen" (Old High German, "possession") }, "contextual_meaning": "The quality of possessing or controlling something", "example_sentences": [ "The company's ownership structure is complex and involves several different stakeholders.", "She inherited the ownership of the family business after her father died." ] }
Error: Expecting ',' delimiter: line 1 column 97 (char 96)

Content: {"summary": "A U.K.-based investor, Charles Garson, challenged a bankruptcy sale of Canoo¡¯s assets to its CEO. He presented a higher offer of $20 million, claiming it was superior to Aquila¡¯s $4 million bid. The trustee, however, approved the sale, with Aquila receiving $11 million in loans. Garson is protesting the sale, and the trustee has not responded to requests for comment. Several parties evaluated Canoo¡¯s assets prior to the sale, with concerns raised about potential foreign ownership."}
Error: name 'unicodedata' is not defined

Content: {"summary": "A U.K.-based investor, Charles Garson, requested a bankruptcy judge to halt the sale of Canoo¡¯s assets to its CEO. He offered $20 million, significantly higher than Canoo CEO Anthony Aquila¡¯s $4 million bid. The trustee moved forward with the sale, closing it on April 11th, and the trustee has not responded to requests for comment. Garson is challenging the sale, with two other investors also opposing it."}
Error: Weird Unicode characters found in JSON response for chunk 'A mysterious investor out of London has asked a bankruptcy judge in Delaware to stop the sale of EV startup Canoo's assets to its CEO, calling it a "flawed" process. Charles Garson, a U.K.-based investor with no obvious ties to the EV startup, offered $20 million for Canoo's assets, according to a filing. A lawyer representing Garson filed a motion Friday to vacate the sale, claiming he presented a "far superior offer" to that of Canoo CEO Anthony Aquila, who bid just $4 million in cash for the assets. (Aquila's bid also includes the extinguishment of around $11 million in loans Canoo owes to his own financial firm.) Garson allegedly was told by the bankruptcy trustee that his offer would be considered and he had until roughly the end of April to finalize the details, according to the filing. Two days after Garson claims he was told this, the trustee "moved forward with the Sale Hearing" and closed the sale of Canoo's assets to Aquila. The sale ultimately closed on April 11. The bankruptcy trustee did not respond to a request for comment. Garson is not alone in protesting the sale.'

Content: { "word": "offered", "explanation": "To give something willingly or as a gift.", "ipa": "/frd/", "etymology": { "Original language": "Old English", "Root word": "oferan" meaning "to send, offer" }, "contextual_meaning": "To make a proposal or deal to someone.", "example_sentences": [ "The company offered generous compensation to attract new employees.", "She offered a heartfelt apology for her mistake." ] }
Error: Expecting ',' delimiter: line 1 column 171 (char 170)

Content: {"summary": "A U.K.-based investor, Charles Garson, requested a bankruptcy judge to halt the sale of Canoo¡¯s assets to its CEO. He offered $20 million, significantly higher than Canoo CEO Anthony Aquila¡¯s $4 million bid. The trustee moved forward with the sale, closing it on April 11th, and the trustee has not responded to requests for comment. Garson is challenging the sale, with two other investors also opposing it."}
Error: Weird Unicode characters found in JSON response for chunk 'A mysterious investor out of London has asked a bankruptcy judge in Delaware to stop the sale of EV startup Canoo's assets to its CEO, calling it a "flawed" process. Charles Garson, a U.K.-based investor with no obvious ties to the EV startup, offered $20 million for Canoo's assets, according to a filing. A lawyer representing Garson filed a motion Friday to vacate the sale, claiming he presented a "far superior offer" to that of Canoo CEO Anthony Aquila, who bid just $4 million in cash for the assets. (Aquila's bid also includes the extinguishment of around $11 million in loans Canoo owes to his own financial firm.) Garson allegedly was told by the bankruptcy trustee that his offer would be considered and he had until roughly the end of April to finalize the details, according to the filing. Two days after Garson claims he was told this, the trustee "moved forward with the Sale Hearing" and closed the sale of Canoo's assets to Aquila. The sale ultimately closed on April 11. The bankruptcy trustee did not respond to a request for comment. Garson is not alone in protesting the sale.'

Content: { "word": "objection", "explanation": "A statement opposing or questioning something, like a legal argument or action.", "ipa": "/bkn/", "etymology": { "Latin": "obiect", "Root": "obi-" ("against") + "-iect" (to throw) }, "contextual_meaning": "In the given sentence, 'objection' refers to a legal argument raised against the bankruptcy judge's decision.", "example_sentences": [ "The defense attorney lodged an objection to the prosecutor's evidence, citing relevance concerns.", "The judge sustained the plaintiff's objection and dismissed the defendant's lawsuit." ] }
Error: Expecting ',' delimiter: line 1 column 187 (char 186)

Content: { "word": "objection", "explanation": "A statement opposing or challenging something, like a legal claim or ruling.", "ipa": "/bkn/", "etymology": { "Origin": Latin, "Root words": "ob-" (against) + "-ject" (to throw") }, "contextual_meaning": "In the given sentence, 'objection' refers to a legal argument presented to the bankruptcy judge that challenged their ruling." "example_sentences": [ "The defense attorney filed a formal objection to the prosecution's evidence during the trial.", "The judge sustained the plaintiff's objection and dismissed the case." ] }
Error: Expecting value: line 1 column 160 (char 159)

Content: { "word": "objection", "explanation": "A statement opposing or disagreeing with something", "ipa": "/bkn/", "etymology": { "Origin": "Middle English", "Root word": "objectione" (French, from Latin obiectum, 'thing offered in court, bribe') }, "contextual_meaning": "In the given sentence, 'objection' refers to a legal argument raised against a judicial decision or order.", "example_sentences": [ "The attorney filed an objection to the prosecution's proposed evidence.", "The judge sustained the plaintiff's objection and dismissed the case." ] }
Error: Expecting ',' delimiter: line 1 column 178 (char 177)

Content: { "word": "investments", "explanation": "The action of putting money into something with the hope of gaining more in the future.", "ipa": "/nvstmnts/", "etymology": { "Origin": "Late 20th century", "Root words": "invest" (Latin, "to place, set, or entrust") + "ment" (French, "act, state") }, "contextual_meaning": "The act of making financial decisions with the expectation of future financial gain.", "example_sentences": [ "Her portfolio includes various investments in technology and healthcare.", "The company's investment in renewable energy has paid off significantly." ] }
Error: Expecting ',' delimiter: line 1 column 222 (char 221)

Content: { "word": "investments", "explanation": "The action of putting money into something with the hope of gaining a future return.", "ipa": "/nvstmnts/", "etymology": { "Origin": "late 19th century", "Root Words": "invest" (Latin) + "ment" (French) }, "contextual_meaning": "The context refers to the specific actions or activities related to the purchase of assets with the expectation of generating future financial benefit.", "example_sentences": [ "Her investments in sustainable energy have paid off handsomely.", "They are considering investments in renewable infrastructure to reduce their carbon footprint." ] }
Error: Expecting ',' delimiter: line 1 column 219 (char 218)

Content: { "word": "investments", "explanation": "The action of putting money into something with the hope of gaining more in return", "ipa": "/nvstmnts/", "etymology": { "Origin": "Late 16th century", "Root Words": "invest" (Latin, "to put, lay down") + "ment" (suffix meaning "act of") }, "contextual_meaning": "The activity of acquiring assets with the expectation of generating financial returns", "example_sentences": [ "The company's recent investments in renewable energy have been very profitable.", "She's considering investments in real estate to secure her future." ] }
Error: Expecting ',' delimiter: line 1 column 217 (char 216)

Content: { "word": "trustee", "explanation": "Someone who is legally responsible for managing the financial or other assets of another person or organization.", "ipa": "/trust/,", "etymology": { "Origin": "Old French truste", "Root Word": "trusion", "meaning 'confidence, trust'" }, "contextual_meaning": "In the given sentence, 'trustee' refers to a person who is entrusted with managing the financial or other assets of another person or organization.", "example_sentences": [ "The court appointed a trustee to oversee the assets of the bankrupt company.", "The company's trustee is responsible for paying its debts and distributing any remaining assets to shareholders." ] }
Error: Expecting ':' delimiter: line 1 column 272 (char 271)

Content: {"summary": "A U.K.-based investor, Charles Garson, requested a bankruptcy judge to halt the sale of Canoo¡¯s assets to its CEO. He offered $20 million, significantly higher than Canoo CEO Anthony Aquila¡¯s $4 million bid. The trustee moved forward with the sale, closing it on April 11th, and the trustee has not responded to requests for comment. Garson is challenging the sale, with two other investors also opposing it."}
Error: Weird Unicode characters found in JSON response for chunk 'A mysterious investor out of London has asked a bankruptcy judge in Delaware to stop the sale of EV startup Canoo's assets to its CEO, calling it a "flawed" process. Charles Garson, a U.K.-based investor with no obvious ties to the EV startup, offered $20 million for Canoo's assets, according to a filing. A lawyer representing Garson filed a motion Friday to vacate the sale, claiming he presented a "far superior offer" to that of Canoo CEO Anthony Aquila, who bid just $4 million in cash for the assets. (Aquila's bid also includes the extinguishment of around $11 million in loans Canoo owes to his own financial firm.) Garson allegedly was told by the bankruptcy trustee that his offer would be considered and he had until roughly the end of April to finalize the details, according to the filing. Two days after Garson claims he was told this, the trustee "moved forward with the Sale Hearing" and closed the sale of Canoo's assets to Aquila. The sale ultimately closed on April 11. The bankruptcy trustee did not respond to a request for comment. Garson is not alone in protesting the sale.'

Content: {"summary": "The Trustee authorized a transaction with Aquila, despite a substantial offer. Several parties evaluated Canoo's assets before the sale. A lawyer revealed that only a small group of potential bidders were close to a bid, with one group raising concerns about foreign ownership. The trustee¡¯s bid is currently unknown."}
Error: Weird Unicode characters found in JSON response for chunk '"Despite a clearly superior offer being practically thrown at him, the Trustee determined to seek Court approval of a transaction" with Aquila, the filing reads. A lawyer for Aquila did not respond to a request for comment. As many as eight parties signed NDAs and evaluated Canoo's assets prior to the sale, a lawyer for the bankrupt startup revealed earlier this month. He said only a few of those came close to making a bid, including one group that the bankruptcy trustee said could raise concerns with the Committee on Foreign Investment in the United States because of its (unspecified) "foreign ownership." It's not clear if Garson's bid is what the trustee was referring to.'

Content: { "word": "Foreign", "explanation": "Foreign refers to things that originate from a different place or country.", "ipa": "/frin/", "etymology": "From Middle English <foreign> 'strange, alien', from Old French <foreign> 'foreign, strange', from Latin <ex ttere> 'outside, foreign'.", "contextual_meaning": "In the given sentence, 'foreign ownership' refers to ownership by individuals or entities from a different country." "example_sentences": [ "The company is considering foreign investments in several emerging markets.", "The government has imposed restrictions on foreign trade in an attempt to protect domestic industries." ] }
Error: Expecting ',' delimiter: line 1 column 424 (char 423)

Content: { "word": "ownership", "explanation": "The state of being an owner of something", "ipa": "/wnp/", "etymology": { "Original language": "Old French", "Root word": "eigen" ("own") }, "contextual_meaning": "The quality of possessing or controlling something", "example_sentences": [ "The company's ownership structure is complex and involves several different investors.", "He expressed concern about the foreign ownership of the company and its potential impact on the local economy." ] }
Error: Expecting ',' delimiter: line 1 column 170 (char 169)

Content: {"summary": "A U.K.-based investor, Charles Garson, challenged a bankruptcy sale of Canoo¡¯s assets to its CEO. He presented a higher offer of $20 million, claiming it was superior to Aquila¡¯s $4 million bid. The trustee, however, approved the sale, with Aquila receiving $11 million in loans. Garson is protesting the sale, and the trustee has not responded to requests for comment. Several parties evaluated Canoo¡¯s assets prior to the sale, with concerns raised about potential foreign ownership."}
Error: Weird Unicode characters found in JSON response for chunk 'A mysterious investor out of London has asked a bankruptcy judge in Delaware to stop the sale of EV startup Canoo's assets to its CEO, calling it a "flawed" process. Charles Garson, a U.K.-based investor with no obvious ties to the EV startup, offered $20 million for Canoo's assets, according to a filing. A lawyer representing Garson filed a motion Friday to vacate the sale, claiming he presented a "far superior offer" to that of Canoo CEO Anthony Aquila, who bid just $4 million in cash for the assets. (Aquila's bid also includes the extinguishment of around $11 million in loans Canoo owes to his own financial firm.) Garson allegedly was told by the bankruptcy trustee that his offer would be considered and he had until roughly the end of April to finalize the details, according to the filing. Two days after Garson claims he was told this, the trustee "moved forward with the Sale Hearing" and closed the sale of Canoo's assets to Aquila. The sale ultimately closed on April 11. The bankruptcy trustee did not respond to a request for comment. Garson is not alone in protesting the sale. "Despite a clearly superior offer being practically thrown at him, the Trustee determined to seek Court approval of a transaction" with Aquila, the filing reads. A lawyer for Aquila did not respond to a request for comment. As many as eight parties signed NDAs and evaluated Canoo's assets prior to the sale, a lawyer for the bankrupt startup revealed earlier this month. He said only a few of those came close to making a bid, including one group that the bankruptcy trustee said could raise concerns with the Committee on Foreign Investment in the United States because of its (unspecified) "foreign ownership." It's not clear if Garson's bid is what the trustee was referring to.'

Content: {"summary": "The Trustee authorized a transaction with Aquila, despite a substantial offer. Several parties evaluated Canoo's assets before the sale. A lawyer revealed that only a small group of potential bidders were close to a bid, with one group raising concerns about foreign ownership. The trustee¡¯s bid is currently unknown."}
Error: Weird Unicode characters found in JSON response for chunk '"Despite a clearly superior offer being practically thrown at him, the Trustee determined to seek Court approval of a transaction" with Aquila, the filing reads. A lawyer for Aquila did not respond to a request for comment. As many as eight parties signed NDAs and evaluated Canoo's assets prior to the sale, a lawyer for the bankrupt startup revealed earlier this month. He said only a few of those came close to making a bid, including one group that the bankruptcy trustee said could raise concerns with the Committee on Foreign Investment in the United States because of its (unspecified) "foreign ownership." It's not clear if Garson's bid is what the trustee was referring to.'

Content: {"summary": "The Trustee authorized a transaction with Aquila, despite a substantial offer. Several parties evaluated Canoo's assets before the sale, with one group raising concerns about potential foreign ownership. The trustee¡¯s bid is currently being reviewed by the Committee on Foreign Investment."}
Error: Weird Unicode characters found in JSON response for chunk '"Despite a clearly superior offer being practically thrown at him, the Trustee determined to seek Court approval of a transaction" with Aquila, the filing reads. A lawyer for Aquila did not respond to a request for comment. As many as eight parties signed NDAs and evaluated Canoo's assets prior to the sale, a lawyer for the bankrupt startup revealed earlier this month. He said only a few of those came close to making a bid, including one group that the bankruptcy trustee said could raise concerns with the Committee on Foreign Investment in the United States because of its (unspecified) "foreign ownership." It's not clear if Garson's bid is what the trustee was referring to.'

Content: {"summary": "The Trustee authorized a transaction with Aquila, despite a substantial offer. Several parties evaluated Canoo's assets before the sale. A lawyer revealed that only a small group of potential bidders were close to a bid, with one group raising concerns about foreign ownership. The trustee¡¯s bid is currently unknown."}
Error: Weird Unicode characters found in JSON response for chunk '"Despite a clearly superior offer being practically thrown at him, the Trustee determined to seek Court approval of a transaction" with Aquila, the filing reads. A lawyer for Aquila did not respond to a request for comment. As many as eight parties signed NDAs and evaluated Canoo's assets prior to the sale, a lawyer for the bankrupt startup revealed earlier this month. He said only a few of those came close to making a bid, including one group that the bankruptcy trustee said could raise concerns with the Committee on Foreign Investment in the United States because of its (unspecified) "foreign ownership." It's not clear if Garson's bid is what the trustee was referring to.'

Content: { "word": "parties", "explanation": "A gathering of people for a social or business event.", "ipa": "/prtz/", "etymology": { "Origin": "Middle English", "Root Word": "parti" (Latin for "share") }, "contextual_meaning": "A group of individuals who have agreed to participate in a specific activity or event.", "example_sentences": [ "The company hosted a lavish party to celebrate their success.", "The peace talks resulted in several parties agreeing to a compromise." ] }
Error: Expecting ',' delimiter: line 1 column 175 (char 174)

Content: { "word": "approval", "explanation": "Acceptance or ratification of something", "ipa": "/prpn/", "etymology": { "Original language": "Latin", "Root word": "approbar", "to approve" }, "contextual_meaning": "The act of formally acknowledging or accepting something", "example_sentences": [ "The company sought approval for their new product from the regulatory board.", "Her application for legal aid was finally approved after several months of waiting." ] }
Error: Expecting ':' delimiter: line 1 column 181 (char 180)

Content: { "word": "superior", "explanation": "Being better than others in quality or performance", "ipa": "/sprir/", "etymology": { "Original language": "Latin", "Root words": "superus" ("above", "superior") }, "contextual_meaning": "In the given sentence, 'superior' refers to an offer that is demonstrably better than others in terms of its quality or value.", "example_sentences": [ "The new manager's superior leadership skills were evident in the team's increased productivity.", "The scientists presented data showing that the new vaccine was significantly superior to existing treatments." ] }
Error: Expecting ',' delimiter: line 1 column 179 (char 178)

Content: { "word": "ownership", "explanation": "The state of being the owner of something", "ipa": "/wnp/", "etymology": { "Original language": "Old French", "Root word": "eigen", "to possess" }, "contextual_meaning": "The quality of being legally entitled to and in possession of something", "example_sentences": [ "She transferred ownership of the property to her son after his eighteenth birthday.", "The company's ownership structure is complex, involving several different investors." ] }
Error: Expecting ':' delimiter: line 1 column 185 (char 184)

Content: { "word": "approval", "explanation": "Formal consent or acceptance of a proposal or plan", "ipa": "/prpn/", "etymology": { "Origin": "Middle English", "Root Word": "aprove" (Latin, "to approve") }, "contextual_meaning": "The act of formally accepting or endorsing a plan or proposal", "example_sentences": [ "The company received approval for its new product line from the regulatory agency.", "Her application for admission was approved with flying colors." ] }
Error: Expecting ',' delimiter: line 1 column 174 (char 173)

Content: { "word": "superior", "explanation": "Superior means better than others in quality, quantity, or value.", "ipa": "/sprr/", "etymology": { "Original language": "Latin", "Root word": "superus" meaning "above, beyond" }, "contextual_meaning": "In the given sentence, 'superior' refers to the offer being better than others in quality or value.", "example_sentences": [ "The new product is superior to its predecessor in terms of performance.", "She has a superior understanding of the problem than anyone else on the team." ] }
Error: Expecting ',' delimiter: line 1 column 192 (char 191)

Content: { "word": "ownership", "explanation": "The state of being the owner of something", "ipa": "/wnp/", "etymology": { "Origin": "Middle English", "Root words": "own" (Old Norse) + "-ship" (Old English) }, "contextual_meaning": "The quality of possessing or controlling something", "example_sentences": [ "The company's ownership structure is complex and involves several different stakeholders.", "She relinquished all ownership of the property to her children upon her death." ] }
Error: Expecting ',' delimiter: line 1 column 163 (char 162)

Content: { "word": "ownership", "explanation": "The state of being the owner of something", "ipa": "/np/ or /nnp/", "etymology": { "Original language": "Old French", "Root words": "eigen-" (meaning "own") + "-ship" (meaning "state of being") }, "contextual_meaning": "The act or state of possessing or controlling something", "example_sentences": [ "The company's ownership of the building was transferred to the new investors.", "She inherited the ownership of the family business after her father's death." ] }
Error: Expecting ',' delimiter: line 1 column 181 (char 180)

Content: { "word": "transaction", "explanation": "A transaction is a series of actions that result in a change in the ownership or possession of something", "ipa": "/trnkn/", "etymology": { "Origin": "Latin", "Root words": "trans-" ("across, through") + "acti" ("action") }, "contextual_meaning": "In the given sentence, 'transaction' refers to the process of obtaining legal approval for an agreement or exchange involvingAquila", "example_sentences": [ "The company completed the transaction smoothly despite initial concerns.", "The lawyer explained the transaction process in simple terms." ] }
Error: Expecting ',' delimiter: line 1 column 224 (char 223)

Content: { "word": "ownership", "explanation": "The state of being an owner of something", "ipa": "/wnp/"), "etymology": { "Original language": "Old French", "Root words": "eigen" (self), "faire" (to make) }, "contextual_meaning": "The legal right and responsibility to control and use something", "example_sentences": [ "She lost ownership of the house after she defaulted on her mortgage.", "The company's ownership of the patents was transferred to a new subsidiary." ] }
Error: Expecting ',' delimiter: line 1 column 97 (char 96)

Content: { "word": "ownership", "explanation": "The state of being the owner of something", "ipa": "/n.rip/", "etymology": { "Original language": "Old French", "Root words": "eigen-" ("own") + "-ship" (possession) }, "contextual_meaning": "The quality of possessing or controlling something", "example_sentences": [ "The company's ownership of the patent was transferred to the government.", "She inherited the ownership of the family business after her father's death." ] }
Error: Expecting ',' delimiter: line 1 column 175 (char 174)

Content: { "word": "approval", "explanation": "The act of giving permission or acceptance of something", "ipa": "/pvren/", "etymology": { "Origin": "Middle English", "Root word": "approve" (Old French) }, "contextual_meaning": "The process of formally accepting or endorsing a proposed action or transaction", "example_sentences": [ "The project received unanimous approval from the board.", "Her application for a scholarship was approved last week." ] }
Error: Expecting ',' delimiter: line 1 column 181 (char 180)

Content: { "word": "bid", "explanation": "A formal offer or attempt to buy something at a certain price.", "ipa": "/bd/", "etymology": { "Origin": "Middle English", "Root Word": "bidean" (Old Norse "bia") }, "contextual_meaning": "In the given sentence, 'bid' refers to a formal offer to purchase something at a specific price, in this case, investments.", "example_sentences": [ "The company made a bid for the acquisition of the rival firm.", "The artist submitted a bid for the commission of a new painting." ] }
Error: Expecting ',' delimiter: line 1 column 179 (char 178)

Content: { "word": "ownership", "explanation": "The state of being the owner of something", "ipa": "/wnp/", "etymology": { "Origin": "Middle English", "Root word": "owner" (Old French: "owneir", Latin: " possessio") }, "contextual_meaning": "The condition of having legal title to and control over an asset", "example_sentences": [ "She relinquished all ownership of the company after her divorce.", "The government has increased regulations on foreign ownership of agricultural land." ] }
Error: Expecting ',' delimiter: line 1 column 164 (char 163)

Content: { "word": "parties", "explanation": "A gathering of two or more people for a specific purpose.", "ipa": "/prtz/", "etymology": { "Origin": "Middle English", "Root word": "parti", "meaning 'to share'" }, "contextual_meaning": "A group of individuals involved in a transaction or agreement.", "example_sentences": [ "The political party announced plans to hold a rally next week.", "The investors agreed to join the negotiations with the four parties involved in the dispute." ] }
Error: Expecting ':' delimiter: line 1 column 201 (char 200)

Content: {"summary": "The Trustee authorized a transaction with Aquila, despite a substantial offer. Several parties evaluated Canoo's assets before the sale. A lawyer revealed that only a small group of potential bidders were close to a bid, with one group raising concerns about foreign ownership. The trustee¡¯s bid is currently unknown."}
Error: Weird Unicode characters found in JSON response for chunk '"Despite a clearly superior offer being practically thrown at him, the Trustee determined to seek Court approval of a transaction" with Aquila, the filing reads. A lawyer for Aquila did not respond to a request for comment. As many as eight parties signed NDAs and evaluated Canoo's assets prior to the sale, a lawyer for the bankrupt startup revealed earlier this month. He said only a few of those came close to making a bid, including one group that the bankruptcy trustee said could raise concerns with the Committee on Foreign Investment in the United States because of its (unspecified) "foreign ownership." It's not clear if Garson's bid is what the trustee was referring to.'

Content: {"summary": "The Trustee authorized a transaction with Aquila, despite a substantial offer. Several parties evaluated Canoo's assets before the sale. A lawyer revealed that only a small group of potential bidders were close to a bid, with one group raising concerns about foreign ownership. The trustee¡¯s bid is currently unknown."}
Error: Weird Unicode characters found in JSON response for chunk '"Despite a clearly superior offer being practically thrown at him, the Trustee determined to seek Court approval of a transaction" with Aquila, the filing reads. A lawyer for Aquila did not respond to a request for comment. As many as eight parties signed NDAs and evaluated Canoo's assets prior to the sale, a lawyer for the bankrupt startup revealed earlier this month. He said only a few of those came close to making a bid, including one group that the bankruptcy trustee said could raise concerns with the Committee on Foreign Investment in the United States because of its (unspecified) "foreign ownership." It's not clear if Garson's bid is what the trustee was referring to.'

Content: {"summary": "The Trustee authorized a transaction with Aquila, despite a substantial offer. Several parties evaluated Canoo's assets before the sale. A lawyer revealed that only a small group of potential bidders were close to a bid, with one group raising concerns about foreign ownership. The trustee¡¯s bid is currently unknown."}
Error: Weird Unicode characters found in JSON response for chunk '"Despite a clearly superior offer being practically thrown at him, the Trustee determined to seek Court approval of a transaction" with Aquila, the filing reads. A lawyer for Aquila did not respond to a request for comment. As many as eight parties signed NDAs and evaluated Canoo's assets prior to the sale, a lawyer for the bankrupt startup revealed earlier this month. He said only a few of those came close to making a bid, including one group that the bankruptcy trustee said could raise concerns with the Committee on Foreign Investment in the United States because of its (unspecified) "foreign ownership." It's not clear if Garson's bid is what the trustee was referring to.'

Content: {"summary": "The Trustee authorized a transaction with Aquila, despite a substantial offer. Several parties evaluated Canoo's assets before the sale, with one group raising concerns about potential foreign ownership. The trustee¡¯s bid is currently being reviewed by the Committee on Foreign Investment."}
Error: Weird Unicode characters found in JSON response for chunk '"Despite a clearly superior offer being practically thrown at him, the Trustee determined to seek Court approval of a transaction" with Aquila, the filing reads. A lawyer for Aquila did not respond to a request for comment. As many as eight parties signed NDAs and evaluated Canoo's assets prior to the sale, a lawyer for the bankrupt startup revealed earlier this month. He said only a few of those came close to making a bid, including one group that the bankruptcy trustee said could raise concerns with the Committee on Foreign Investment in the United States because of its (unspecified) "foreign ownership." It's not clear if Garson's bid is what the trustee was referring to.'

Content: { "word": "transaction", "explanation": "A financial or business deal involving the exchange of goods or services", "ipa": "/trnkn/", "etymology": { "Origin": "Early 19th century", "Root word": "transactionis" (Latin, "a dealing, exchange") }, "contextual_meaning": "An action or event that involves the transfer of something of value", "example_sentences": [ "The company completed the transaction by issuing shares to the investors.", "The lawyer reviewed the transaction documents before closing the deal." ] }
Error: Expecting ',' delimiter: line 1 column 211 (char 210)

Content: { "word": "superior", "explanation": "Being better or more valuable than others in quality or quantity.", "ipa": "/sprir/", "etymology": { "Origin": "Latin", "Root Word": "superus" ("above, beyond") }, "contextual_meaning": "In the given sentence, 'superior' refers to an offer that is clearly better than others in terms of its quality or value.", "example_sentences": [ "The company boasts a superior workforce, with employees who consistently exceed expectations.", "The new product offers a superior battery life compared to previous models." ] }
Error: Expecting ',' delimiter: line 1 column 182 (char 181)

Content: { "word": "transaction", "explanation": "A transaction is the complete process of exchanging something of value for something else of value.", "ipa": "/trnkn/", "etymology": { "Origin": "Late 19th century", "Root Word": "Transaction" (Latin) }, "contextual_meaning": "In the given sentence, 'transaction' refers to the process of seeking court approval for an agreement or exchange involving the filing with Aquila.", "example_sentences": [ "The company finalized the transaction by issuing shares to the new investors.", "The lawyer is handling a complex transaction involving the sale of a large property." ] }
Error: Expecting ',' delimiter: line 1 column 235 (char 234)

Content: { "word": "parties", "explanation": "A gathering of two or more people for a social, business, or official purpose.", "ipa": "/ptiz/", "etymology": { "Origin": "Old French partier", "Root Word": "partire" (to divide) }, "contextual_meaning": "Refers to multiple groups that have signed non-disclosure agreements and evaluated Canoo's assets before the startup's sale.", "example_sentences": [ "The political party held a rally to celebrate their recent victory.", "The investors proposed forming a new party dedicated to promoting financial transparency." ] }
Error: Expecting ',' delimiter: line 1 column 206 (char 205)

Content: { "word": "superior", "explanation": "Being better than others in quality or ability", "ipa": "/suprir/", "etymology": { "Origin": "Latin superioris", "Root Word": "superus" (above, beyond) }, "contextual_meaning": "In the given sentence, 'superior' refers to an offer that is objectively better than others in terms of its quality or value.", "example_sentences": [ "The new product line boasts superior performance compared to previous models.", "The company's reputation is built on superior customer service." ] }
Error: Expecting ',' delimiter: line 1 column 175 (char 174)

Content: { "word": "parties", "explanation": "A gathering of two or more people for a social or business event.", "ipa": "/prtz/", "etymology": { "Origin": "Middle English", "Root Word": "parti" meaning "to share" (Latin) }, "contextual_meaning": "In the given sentence, 'parties' refers to groups of people who have signed non-disclosure agreements (NDAs) and evaluated Canoo's assets before the company's sale.", "example_sentences": [ "The political party held a rally to celebrate their recent victory.", "The investors are planning a party to celebrate the successful launch of their new product." ] }
Error: Expecting ',' delimiter: line 1 column 187 (char 186)

Content: { "word": "bid", "explanation": "A formal offer or attempt to buy something at a price", "ipa": "/bd/", "etymology": { "Origin": "Middle English", "Root Word": "biddan" (Old Norse) }, "contextual_meaning": "In the given sentence, 'bid' refers to a formal offer to purchase something at a specified price", "example_sentences": [ "The company put in a high bid for the property.", "The artist submitted a bid for the commission." ] }
Error: Expecting ',' delimiter: line 1 column 170 (char 169)

Content: { "word": "approval", "explanation": "Formal consent or acceptance of something", "ipa": "/prpn/", "etymology": { "Origin": "Middle English", "Root Word": "aprove" (Old French, "to approve") }, "contextual_meaning": "In the given sentence, approval refers to the official permission required for a transaction involving a specific organization.", "example_sentences": [ "The final approval of the project was delayed due to bureaucratic hurdles.", "She sought approval from her supervisor before making any changes to the proposal." ] }
Error: Expecting ',' delimiter: line 1 column 165 (char 164)

Content: { "word": "parties", "explanation": "A gathering of people for a social or business event.", "ipa": "/pti z/", "etymology": { "Origin": "Middle English", "Root Word": "parti" (Latin: "a sharing, a portion") }, "contextual_meaning": "In the given sentence, 'parties' refers to groups of people who have signed non-disclosure agreements (NDAs) and evaluated Canoo's assets before the company's sale.", "example_sentences": [ "The annual awards ceremony attracted a large party of guests.", "The peace talks resulted in a tentative agreement between the two warring parties." ] }
Error: Expecting ',' delimiter: line 1 column 176 (char 175)

Content: { "word": "Committee", "explanation": "A group of people appointed to deal with a specific issue or task.", "ipa": "/kmt//, "etymology": { "Original language": "Old French", "Root word": "comitatus" }, "contextual_meaning": "An official body responsible for reviewing and making recommendations on foreign investment in the United States.", "example_sentences": [ "The ethics committee reviewed the proposed research project.", "The board of directors formed a committee to investigate the company's financial practices." ] }
Error: Expecting ',' delimiter: line 1 column 126 (char 125)

Content: { "word": "bid", "explanation": "A bid is an offer to buy something at a certain price.", "ipa": "/bd/", "etymology": { "Origin": "Middle English", "Root word": "bide" (to make a offer) }, "contextual_meaning": "In the given sentence, 'bid' refers to an offer to buy something at a certain price, in this case, shares of a company.", "example_sentences": [ "The company received several bids for the property.", "She made a bid for the contract, but she was outbid by another bidder." ] }
Error: Expecting ',' delimiter: line 1 column 169 (char 168)

Content: { "word": "Foreign", "explanation": "Belonging to a foreign country or people", "ipa": "/frn/", "etymology": { "Origin": "Middle English", "Root Word": "foreigner" }, "contextual_meaning": "In the given sentence, 'foreign' refers to ownership that originates outside the United States." "example_sentences": [ "The company is considering foreign investment opportunities in emerging markets.", "The government has imposed restrictions on foreign ownership of land in certain areas." ] }
Error: Expecting ',' delimiter: line 1 column 288 (char 287)

Content: { "word": "bid", "explanation": "An offer or attempt to win something in a competition or auction.", "ipa": "/bd/", "etymology": { "Origin": "Middle English", "Root word": "bidean" (Old Norse: "to offer, bid, undertake") }, "contextual_meaning": "A formal proposal or attempt to acquire something in a competitive setting.", "example_sentences": [ "The artist's latest bid for the painting was significantly higher than the previous one.", "The company's bid for the contract was accepted, despite several other interested parties." ] }
Error: Expecting ',' delimiter: line 1 column 182 (char 181)

Content: { "word": "ownership", "explanation": "The state of being an owner of something", "ipa": "/wnp/", "etymology": { "Original language": "Old French", "Root word": "eigen-" ("own") }, "contextual_meaning": "The legal or personal right to control and use something", "example_sentences": [ "The company's ownership of the patent was transferred to the new investors.", "She inherited the ownership of the family home after her parents died." ] }
Error: Expecting ',' delimiter: line 1 column 171 (char 170)

Content: { "word": "bid", "explanation": "A bid is an offer to buy something at a certain price.", "ipa": "/bd/", "etymology": { "Origin": "Middle English", "Root Word": "bidean" (Old English meaning "to offer, petition") }, "contextual_meaning": "In the given sentence, 'bid' refers to an offer to purchase something (in this case, an investment) at a specific price.", "example_sentences": [ "The company made a bid for the acquisition of the rival firm.", "The artist submitted a bid for the commission, but unfortunately was not selected." ] }
Error: Expecting ',' delimiter: line 1 column 171 (char 170)

Content: {"summary": "The Trustee authorized a transaction with Aquila, despite a substantial offer. Several parties evaluated Canoo's assets before the sale. A lawyer revealed that only a small group of potential bidders were close to a bid, with one group raising concerns about foreign ownership. The trustee¡¯s bid is currently unknown."}
Error: Weird Unicode characters found in JSON response for chunk '"Despite a clearly superior offer being practically thrown at him, the Trustee determined to seek Court approval of a transaction" with Aquila, the filing reads. A lawyer for Aquila did not respond to a request for comment. As many as eight parties signed NDAs and evaluated Canoo's assets prior to the sale, a lawyer for the bankrupt startup revealed earlier this month. He said only a few of those came close to making a bid, including one group that the bankruptcy trustee said could raise concerns with the Committee on Foreign Investment in the United States because of its (unspecified) "foreign ownership." It's not clear if Garson's bid is what the trustee was referring to.'

Content: {"summary": "The Trustee authorized a transaction with Aquila, despite a substantial offer. Several parties evaluated Canoo's assets before the sale. A lawyer revealed that only a small group of potential bidders were close to a bid, with one group raising concerns about foreign ownership. The trustee¡¯s bid is currently unknown."}
Error: Weird Unicode characters found in JSON response for chunk '"Despite a clearly superior offer being practically thrown at him, the Trustee determined to seek Court approval of a transaction" with Aquila, the filing reads. A lawyer for Aquila did not respond to a request for comment. As many as eight parties signed NDAs and evaluated Canoo's assets prior to the sale, a lawyer for the bankrupt startup revealed earlier this month. He said only a few of those came close to making a bid, including one group that the bankruptcy trustee said could raise concerns with the Committee on Foreign Investment in the United States because of its (unspecified) "foreign ownership." It's not clear if Garson's bid is what the trustee was referring to.'

Content: {"summary": "The Trustee authorized a transaction with Aquila, despite a substantial offer. Several parties evaluated Canoo's assets before the sale. A lawyer revealed that only a small group of potential bidders were close to a bid, with one group raising concerns about foreign ownership. The trustee¡¯s bid is currently unknown."}
Error: Weird Unicode characters found in JSON response for chunk '"Despite a clearly superior offer being practically thrown at him, the Trustee determined to seek Court approval of a transaction" with Aquila, the filing reads. A lawyer for Aquila did not respond to a request for comment. As many as eight parties signed NDAs and evaluated Canoo's assets prior to the sale, a lawyer for the bankrupt startup revealed earlier this month. He said only a few of those came close to making a bid, including one group that the bankruptcy trustee said could raise concerns with the Committee on Foreign Investment in the United States because of its (unspecified) "foreign ownership." It's not clear if Garson's bid is what the trustee was referring to.'

Content: {"summary": "The Trustee authorized a transaction with Aquila, despite a substantial offer. Several parties evaluated Canoo's assets before the sale, with one group raising concerns about potential foreign ownership. The trustee¡¯s bid is currently being reviewed by the Committee on Foreign Investment."}
Error: Weird Unicode characters found in JSON response for chunk '"Despite a clearly superior offer being practically thrown at him, the Trustee determined to seek Court approval of a transaction" with Aquila, the filing reads. A lawyer for Aquila did not respond to a request for comment. As many as eight parties signed NDAs and evaluated Canoo's assets prior to the sale, a lawyer for the bankrupt startup revealed earlier this month. He said only a few of those came close to making a bid, including one group that the bankruptcy trustee said could raise concerns with the Committee on Foreign Investment in the United States because of its (unspecified) "foreign ownership." It's not clear if Garson's bid is what the trustee was referring to.'

Content: { "word": "superior", "explanation": "Meaning better in quality or quantity; outstanding", "ipa": "/sprr/", "etymology": { "Origin": "Latin superius", "Root word": "superus" ("above, beyond") }, "contextual_meaning": "In the given sentence, 'superior' refers to an offer that is significantly better than others in terms of its quality or value.", "example_sentences": [ "The new product is clearly superior to its predecessor in terms of performance and features.", "The surgeon's skill and experience make her superior to most other doctors in the field." ] }
Error: Expecting ',' delimiter: line 1 column 175 (char 174)

Content: { "word": "ownership", "explanation": "The state of being an owner of something", "ipa": "/wnp/", "etymology": { "Origin": "Middle English", "Root word": "own" (Old Norse: nnari, aunnr)" }, "contextual_meaning": "The quality of possessing or controlling something", "example_sentences": [ "The company's ownership structure is complex, involving several different investors.", "She has a legal ownership of the property through her inheritance from her grandmother." ] }
Error: Expecting ',' delimiter: line 1 column 161 (char 160)

Content: { "word": "superior", "explanation": "Meaning better in quality or value", "ipa": "/sjupr/", "etymology": { "Origin": "Latin", "Root word": "superus", "meaning 'above'" }, "contextual_meaning": "In the given sentence, 'superior' refers to an offer that is demonstrably better than others in terms of quality or value.", "example_sentences": [ "The new product is superior to its predecessors in every way.", "The judge ruled that the defendant's claims were superior to the plaintiff's." ] }
Error: Expecting ':' delimiter: line 1 column 170 (char 169)

Content: { "word": "approval", "explanation": "The act of giving permission or acceptance of something", "ipa": "/prvl/", "etymology": { "Origin": Latin, "Root words": "approbare" (to approve) }, "contextual_meaning": "In this sentence, approval refers to the formal permission required from a court before a transaction can be finalized", "example_sentences": [ "The company received approval for their new product design from the regulatory board.", "She needed approval from her parents before she could travel abroad." ] }
Error: Expecting value: line 1 column 139 (char 138)

Content: {"summary": "The Trustee authorized a transaction with Aquila, despite a substantial offer. Several parties evaluated Canoo's assets before the sale. A lawyer revealed that only a small group of potential bidders were close to a bid, with one group raising concerns about foreign ownership. The trustee¡¯s bid is currently unknown."}
Error: Weird Unicode characters found in JSON response for chunk '"Despite a clearly superior offer being practically thrown at him, the Trustee determined to seek Court approval of a transaction" with Aquila, the filing reads. A lawyer for Aquila did not respond to a request for comment. As many as eight parties signed NDAs and evaluated Canoo's assets prior to the sale, a lawyer for the bankrupt startup revealed earlier this month. He said only a few of those came close to making a bid, including one group that the bankruptcy trustee said could raise concerns with the Committee on Foreign Investment in the United States because of its (unspecified) "foreign ownership." It's not clear if Garson's bid is what the trustee was referring to.'

Content: {"summary": "The Trustee authorized a transaction with Aquila, despite a substantial offer. Several parties evaluated Canoo's assets before the sale. A lawyer revealed that only a small group of potential bidders were close to a bid, with one group raising concerns about foreign ownership. The trustee¡¯s bid is currently unknown."}
Error: Weird Unicode characters found in JSON response for chunk '"Despite a clearly superior offer being practically thrown at him, the Trustee determined to seek Court approval of a transaction" with Aquila, the filing reads. A lawyer for Aquila did not respond to a request for comment. As many as eight parties signed NDAs and evaluated Canoo's assets prior to the sale, a lawyer for the bankrupt startup revealed earlier this month. He said only a few of those came close to making a bid, including one group that the bankruptcy trustee said could raise concerns with the Committee on Foreign Investment in the United States because of its (unspecified) "foreign ownership." It's not clear if Garson's bid is what the trustee was referring to.'

Content: {"summary": "The Trustee authorized a transaction with Aquila, despite a substantial offer. Several parties evaluated Canoo's assets before the sale, with one group raising concerns about potential foreign ownership. The trustee¡¯s bid is currently being reviewed by the Committee on Foreign Investment."}
Error: Weird Unicode characters found in JSON response for chunk '"Despite a clearly superior offer being practically thrown at him, the Trustee determined to seek Court approval of a transaction" with Aquila, the filing reads. A lawyer for Aquila did not respond to a request for comment. As many as eight parties signed NDAs and evaluated Canoo's assets prior to the sale, a lawyer for the bankrupt startup revealed earlier this month. He said only a few of those came close to making a bid, including one group that the bankruptcy trustee said could raise concerns with the Committee on Foreign Investment in the United States because of its (unspecified) "foreign ownership." It's not clear if Garson's bid is what the trustee was referring to.'

Content: {"summary": "The Trustee authorized a transaction with Aquila, despite a substantial offer. Several parties evaluated Canoo's assets before the sale. A lawyer revealed that only a small group of potential bidders were close to a bid, with one group raising concerns about foreign ownership. The trustee¡¯s bid is currently unknown."}
Error: Weird Unicode characters found in JSON response for chunk '"Despite a clearly superior offer being practically thrown at him, the Trustee determined to seek Court approval of a transaction" with Aquila, the filing reads. A lawyer for Aquila did not respond to a request for comment. As many as eight parties signed NDAs and evaluated Canoo's assets prior to the sale, a lawyer for the bankrupt startup revealed earlier this month. He said only a few of those came close to making a bid, including one group that the bankruptcy trustee said could raise concerns with the Committee on Foreign Investment in the United States because of its (unspecified) "foreign ownership." It's not clear if Garson's bid is what the trustee was referring to.'

Content: { "word": "parties", "explanation": "A group of two or more people who agree to do something together", "ipa": "/prtz/", "etymology": { "Origin": "Middle English", "Root words": "party" (Old French) }, "contextual_meaning": "A gathering of people who have signed non-disclosure agreements to evaluate a company's assets before a sale", "example_sentences": [ "The negotiations between the two political parties resulted in a compromise.", "The children were excited to go to the party with their friends." ] }
Error: Expecting ',' delimiter: line 1 column 187 (char 186)

Content: { "word": "parties", "explanation": "A gathering of people for a specific purpose.", "ipa": "/prtz/", "etymology": { "Origin": "Middle English", "Root Word": "parti" (meaning "part") }, "contextual_meaning": "A group of individuals who have agreed to participate in a confidential discussion or negotiation.", "example_sentences": [ "The political party held a fundraiser to raise money for their campaign.", "The investors proposed forming a new party to take control of the company." ] }
Error: Expecting ',' delimiter: line 1 column 167 (char 166)

Content: { "word": "superior", "explanation": "Something that is better or more impressive than others in quality or ability", "ipa": "/sprir/", "etymology": { "Origin": "Latin superioris", "Root Word": "superus" ("above, beyond") }, "contextual_meaning": "Refers to an offer or performance that is significantly better than others", "example_sentences": [ "The new manager presented a superior plan for improving efficiency.", "The scientists developed a superior vaccine that proved more effective than previous treatments." ] }
Error: Expecting ',' delimiter: line 1 column 205 (char 204)

Content: { "word": "parties", "explanation": "A gathering of two or more people for a social or business purpose.", "ipa": "/prtz/", "etymology": { "Origin": "Middle English", "Root Word": "parti" (meaning "a share, portion") }, "contextual_meaning": "A group of individuals who have formed an agreement or partnership.", "example_sentences": [ "The political party held a fundraiser to raise money for their campaign.", "The investors agreed to form a party to invest in the new technology startup." ] }
Error: Expecting ',' delimiter: line 1 column 189 (char 188)

Content: { "word": "parties", "explanation": "A gathering of people for a social or business event.", "ipa": "/prtz/", "etymology": { "Origin": "Middle English", "Root": "parti" ("a sharing") }, "contextual_meaning": "A group of people who have agreed to sign non-disclosure agreements and assess the assets of a startup before it was sold.", "example_sentences": [ "The political party held a fundraising dinner to celebrate their recent victory.", "The lawyers argued that the company should settle the lawsuit with a small group of key parties involved." ] }
Error: Expecting ',' delimiter: line 1 column 170 (char 169)

Content: { "word": "ownership", "explanation": "The state of being an owner of something", "ipa": "/wnp/", "etymology": { "Origin": "Middle English", "Root words": "own" (Old Norse) + "-ship" (Old French) }, "contextual_meaning": "The act of having and controlling something, including legal or economic rights", "example_sentences": [ "The company's ownership structure is complex, involving several layers of holding companies.", "She inherited a large ownership of shares in the family business after her father's death." ] }
Error: Expecting ',' delimiter: line 1 column 162 (char 161)

Content: { "word": "parties", "explanation": "A gathering of people for a specific purpose", "ipa": "/prtz/", "etymology": { "Original language": "Middle English", "Root word": "parti" meaning "part" }, "contextual_meaning": "A group of people who have agreed to keep confidential information about a transaction", "example_sentences": [ "The negotiations ended in several parties reaching an agreement.", "The company is planning several parties to celebrate their new product launch." ] }
Error: Expecting ',' delimiter: line 1 column 177 (char 176)

Content: { "word": "ownership", "explanation": "The state of being the owner of something", "ipa": "/wnp/ or /nwnp/", "etymology": { "Origin": "Middle English", "Root Word": "OWN", meaning "possessing, claiming" (Old Norse) }, "contextual_meaning": "The state of having legal or proprietary control of an asset or investment", "example_sentences": [ "She attributed her success to the strong ownership of her company.", "The government plans to increase regulations on foreign ownership of agricultural land." ] }
Error: Expecting property name enclosed in double quotes: line 1 column 173 (char 172)

Content: { "word": "bid", "explanation": "An offer or attempt to obtain something through competition or negotiation.", "ipa": "/bd/", "etymology": { "Origin": "Middle English", "Root Word": "bidean" (Old Norse 'bita', 'to strive, bid') }, "contextual_meaning": "A formal proposal or offer made in response to a request for bids, indicating a willingness to undertake a specific task or provide a particular item at a specified price.", "example_sentences": [ "The company issued a bid for the contract to develop the new software.", "She made a bid for the leading role in the play." ] }
Error: Expecting ',' delimiter: line 1 column 192 (char 191)

Content: { "word": "ownership", "explanation": "The state of being the owner of something", "ipa": "/wnp/", "etymology": { "Original language": "Old French", "Root word": "eigen-" ("own") }, "contextual_meaning": "The legal right and responsibility to control and use something", "example_sentences": [ "The company announced plans to increase shareholder ownership of the subsidiary.", "He argued that the government should increase public ownership of infrastructure." ] }
Error: Expecting ',' delimiter: line 1 column 172 (char 171)

Content: {"summary": "The Trustee authorized a transaction with Aquila, despite a substantial offer. Several parties evaluated Canoo's assets before the sale. A lawyer revealed that only a small group of potential bidders were close to a bid, with one group raising concerns about foreign ownership. The trustee¡¯s bid is currently unknown."}
Error: Weird Unicode characters found in JSON response for chunk '"Despite a clearly superior offer being practically thrown at him, the Trustee determined to seek Court approval of a transaction" with Aquila, the filing reads. A lawyer for Aquila did not respond to a request for comment. As many as eight parties signed NDAs and evaluated Canoo's assets prior to the sale, a lawyer for the bankrupt startup revealed earlier this month. He said only a few of those came close to making a bid, including one group that the bankruptcy trustee said could raise concerns with the Committee on Foreign Investment in the United States because of its (unspecified) "foreign ownership." It's not clear if Garson's bid is what the trustee was referring to.'

Content: perspicacious
Error: "Input to ChatPromptTemplate is missing variables {'word'}.  Expected: ['word'] Received: ['words']\nNote: if you intended {word} to be part of the string and not a variable, please escape it with double curly braces like: '{{word}}'.\nFor troubleshooting, visit: https://python.langchain.com/docs/troubleshooting/errors/INVALID_PROMPT_INPUT "

Content: capitulate
Error: "Input to ChatPromptTemplate is missing variables {'word'}.  Expected: ['word'] Received: ['words']\nNote: if you intended {word} to be part of the string and not a variable, please escape it with double curly braces like: '{{word}}'.\nFor troubleshooting, visit: https://python.langchain.com/docs/troubleshooting/errors/INVALID_PROMPT_INPUT "

Content: inimical
Error: "Input to ChatPromptTemplate is missing variables {'word'}.  Expected: ['word'] Received: ['words']\nNote: if you intended {word} to be part of the string and not a variable, please escape it with double curly braces like: '{{word}}'.\nFor troubleshooting, visit: https://python.langchain.com/docs/troubleshooting/errors/INVALID_PROMPT_INPUT "

Content: enervate
Error: "Input to ChatPromptTemplate is missing variables {'word'}.  Expected: ['word'] Received: ['words']\nNote: if you intended {word} to be part of the string and not a variable, please escape it with double curly braces like: '{{word}}'.\nFor troubleshooting, visit: https://python.langchain.com/docs/troubleshooting/errors/INVALID_PROMPT_INPUT "

Content: perspicacious
Error: "Input to ChatPromptTemplate is missing variables {'word'}.  Expected: ['word'] Received: ['words']\nNote: if you intended {word} to be part of the string and not a variable, please escape it with double curly braces like: '{{word}}'.\nFor troubleshooting, visit: https://python.langchain.com/docs/troubleshooting/errors/INVALID_PROMPT_INPUT "

Content: fastidious
Error: "Input to ChatPromptTemplate is missing variables {'word'}.  Expected: ['word'] Received: ['words']\nNote: if you intended {word} to be part of the string and not a variable, please escape it with double curly braces like: '{{word}}'.\nFor troubleshooting, visit: https://python.langchain.com/docs/troubleshooting/errors/INVALID_PROMPT_INPUT "

Content: vociferous
Error: "Input to ChatPromptTemplate is missing variables {'word'}.  Expected: ['word'] Received: ['words']\nNote: if you intended {word} to be part of the string and not a variable, please escape it with double curly braces like: '{{word}}'.\nFor troubleshooting, visit: https://python.langchain.com/docs/troubleshooting/errors/INVALID_PROMPT_INPUT "

Content: temerity
Error: "Input to ChatPromptTemplate is missing variables {'word'}.  Expected: ['word'] Received: ['words']\nNote: if you intended {word} to be part of the string and not a variable, please escape it with double curly braces like: '{{word}}'.\nFor troubleshooting, visit: https://python.langchain.com/docs/troubleshooting/errors/INVALID_PROMPT_INPUT "

Content: bombastic
Error: "Input to ChatPromptTemplate is missing variables {'word'}.  Expected: ['word'] Received: ['words']\nNote: if you intended {word} to be part of the string and not a variable, please escape it with double curly braces like: '{{word}}'.\nFor troubleshooting, visit: https://python.langchain.com/docs/troubleshooting/errors/INVALID_PROMPT_INPUT "

Content: effervescent
Error: "Input to ChatPromptTemplate is missing variables {'word'}.  Expected: ['word'] Received: ['words']\nNote: if you intended {word} to be part of the string and not a variable, please escape it with double curly braces like: '{{word}}'.\nFor troubleshooting, visit: https://python.langchain.com/docs/troubleshooting/errors/INVALID_PROMPT_INPUT "

Content: demagogue
Error: "Input to ChatPromptTemplate is missing variables {'word'}.  Expected: ['word'] Received: ['words']\nNote: if you intended {word} to be part of the string and not a variable, please escape it with double curly braces like: '{{word}}'.\nFor troubleshooting, visit: https://python.langchain.com/docs/troubleshooting/errors/INVALID_PROMPT_INPUT "

Content: recalcitrant
Error: "Input to ChatPromptTemplate is missing variables {'word'}.  Expected: ['word'] Received: ['words']\nNote: if you intended {word} to be part of the string and not a variable, please escape it with double curly braces like: '{{word}}'.\nFor troubleshooting, visit: https://python.langchain.com/docs/troubleshooting/errors/INVALID_PROMPT_INPUT "

Content: iconoclast
Error: "Input to ChatPromptTemplate is missing variables {'word'}.  Expected: ['word'] Received: ['words']\nNote: if you intended {word} to be part of the string and not a variable, please escape it with double curly braces like: '{{word}}'.\nFor troubleshooting, visit: https://python.langchain.com/docs/troubleshooting/errors/INVALID_PROMPT_INPUT "

Content: inchoate
Error: "Input to ChatPromptTemplate is missing variables {'word'}.  Expected: ['word'] Received: ['words']\nNote: if you intended {word} to be part of the string and not a variable, please escape it with double curly braces like: '{{word}}'.\nFor troubleshooting, visit: https://python.langchain.com/docs/troubleshooting/errors/INVALID_PROMPT_INPUT "

Content: perspicacious
Error: "Input to ChatPromptTemplate is missing variables {'word'}.  Expected: ['word'] Received: ['words']\nNote: if you intended {word} to be part of the string and not a variable, please escape it with double curly braces like: '{{word}}'.\nFor troubleshooting, visit: https://python.langchain.com/docs/troubleshooting/errors/INVALID_PROMPT_INPUT "

Content: iconoclast
Error: "Input to ChatPromptTemplate is missing variables {'word'}.  Expected: ['word'] Received: ['words']\nNote: if you intended {word} to be part of the string and not a variable, please escape it with double curly braces like: '{{word}}'.\nFor troubleshooting, visit: https://python.langchain.com/docs/troubleshooting/errors/INVALID_PROMPT_INPUT "

Content: loquacious
Error: "Input to ChatPromptTemplate is missing variables {'word'}.  Expected: ['word'] Received: ['words']\nNote: if you intended {word} to be part of the string and not a variable, please escape it with double curly braces like: '{{word}}'.\nFor troubleshooting, visit: https://python.langchain.com/docs/troubleshooting/errors/INVALID_PROMPT_INPUT "

Content: sanguine
Error: "Input to ChatPromptTemplate is missing variables {'word'}.  Expected: ['word'] Received: ['words']\nNote: if you intended {word} to be part of the string and not a variable, please escape it with double curly braces like: '{{word}}'.\nFor troubleshooting, visit: https://python.langchain.com/docs/troubleshooting/errors/INVALID_PROMPT_INPUT "

Content: staid
Error: "Input to ChatPromptTemplate is missing variables {'word'}.  Expected: ['word'] Received: ['words']\nNote: if you intended {word} to be part of the string and not a variable, please escape it with double curly braces like: '{{word}}'.\nFor troubleshooting, visit: https://python.langchain.com/docs/troubleshooting/errors/INVALID_PROMPT_INPUT "

Content: inchoate
Error: "Input to ChatPromptTemplate is missing variables {'word'}.  Expected: ['word'] Received: ['words']\nNote: if you intended {word} to be part of the string and not a variable, please escape it with double curly braces like: '{{word}}'.\nFor troubleshooting, visit: https://python.langchain.com/docs/troubleshooting/errors/INVALID_PROMPT_INPUT "

Content: staid
Error: "Input to ChatPromptTemplate is missing variables {'word'}.  Expected: ['word'] Received: ['words']\nNote: if you intended {word} to be part of the string and not a variable, please escape it with double curly braces like: '{{word}}'.\nFor troubleshooting, visit: https://python.langchain.com/docs/troubleshooting/errors/INVALID_PROMPT_INPUT "

Content: anathema
Error: "Input to ChatPromptTemplate is missing variables {'word'}.  Expected: ['word'] Received: ['words']\nNote: if you intended {word} to be part of the string and not a variable, please escape it with double curly braces like: '{{word}}'.\nFor troubleshooting, visit: https://python.langchain.com/docs/troubleshooting/errors/INVALID_PROMPT_INPUT "

Content: archetype
Error: "Input to ChatPromptTemplate is missing variables {'word'}.  Expected: ['word'] Received: ['words']\nNote: if you intended {word} to be part of the string and not a variable, please escape it with double curly braces like: '{{word}}'.\nFor troubleshooting, visit: https://python.langchain.com/docs/troubleshooting/errors/INVALID_PROMPT_INPUT "

Content: beguile
Error: "Input to ChatPromptTemplate is missing variables {'word'}.  Expected: ['word'] Received: ['words']\nNote: if you intended {word} to be part of the string and not a variable, please escape it with double curly braces like: '{{word}}'.\nFor troubleshooting, visit: https://python.langchain.com/docs/troubleshooting/errors/INVALID_PROMPT_INPUT "

Content: phlegmatic
Error: "Input to ChatPromptTemplate is missing variables {'word'}.  Expected: ['word'] Received: ['words']\nNote: if you intended {word} to be part of the string and not a variable, please escape it with double curly braces like: '{{word}}'.\nFor troubleshooting, visit: https://python.langchain.com/docs/troubleshooting/errors/INVALID_PROMPT_INPUT "

Content: redolent
Error: "Input to ChatPromptTemplate is missing variables {'word'}.  Expected: ['word'] Received: ['words']\nNote: if you intended {word} to be part of the string and not a variable, please escape it with double curly braces like: '{{word}}'.\nFor troubleshooting, visit: https://python.langchain.com/docs/troubleshooting/errors/INVALID_PROMPT_INPUT "

Content: capitulate
Error: "Input to ChatPromptTemplate is missing variables {'word'}.  Expected: ['word'] Received: ['words']\nNote: if you intended {word} to be part of the string and not a variable, please escape it with double curly braces like: '{{word}}'.\nFor troubleshooting, visit: https://python.langchain.com/docs/troubleshooting/errors/INVALID_PROMPT_INPUT "

Content: impecunious
Error: "Input to ChatPromptTemplate is missing variables {'word'}.  Expected: ['word'] Received: ['words']\nNote: if you intended {word} to be part of the string and not a variable, please escape it with double curly braces like: '{{word}}'.\nFor troubleshooting, visit: https://python.langchain.com/docs/troubleshooting/errors/INVALID_PROMPT_INPUT "

Content: sagacious
Error: "Input to ChatPromptTemplate is missing variables {'word'}.  Expected: ['word'] Received: ['words']\nNote: if you intended {word} to be part of the string and not a variable, please escape it with double curly braces like: '{{word}}'.\nFor troubleshooting, visit: https://python.langchain.com/docs/troubleshooting/errors/INVALID_PROMPT_INPUT "

Content: precocious
Error: "Input to ChatPromptTemplate is missing variables {'word'}.  Expected: ['word'] Received: ['words']\nNote: if you intended {word} to be part of the string and not a variable, please escape it with double curly braces like: '{{word}}'.\nFor troubleshooting, visit: https://python.langchain.com/docs/troubleshooting/errors/INVALID_PROMPT_INPUT "

Content: acquiesce
Error: "Input to ChatPromptTemplate is missing variables {'word'}.  Expected: ['word'] Received: ['words']\nNote: if you intended {word} to be part of the string and not a variable, please escape it with double curly braces like: '{{word}}'.\nFor troubleshooting, visit: https://python.langchain.com/docs/troubleshooting/errors/INVALID_PROMPT_INPUT "

Content: obdurate
Error: "Input to ChatPromptTemplate is missing variables {'word'}.  Expected: ['word'] Received: ['words']\nNote: if you intended {word} to be part of the string and not a variable, please escape it with double curly braces like: '{{word}}'.\nFor troubleshooting, visit: https://python.langchain.com/docs/troubleshooting/errors/INVALID_PROMPT_INPUT "

Content: acquiesce
Error: "Input to ChatPromptTemplate is missing variables {'word'}.  Expected: ['word'] Received: ['words']\nNote: if you intended {word} to be part of the string and not a variable, please escape it with double curly braces like: '{{word}}'.\nFor troubleshooting, visit: https://python.langchain.com/docs/troubleshooting/errors/INVALID_PROMPT_INPUT "

Content: iconoclast
Error: "Input to ChatPromptTemplate is missing variables {'word'}.  Expected: ['word'] Received: ['words']\nNote: if you intended {word} to be part of the string and not a variable, please escape it with double curly braces like: '{{word}}'.\nFor troubleshooting, visit: https://python.langchain.com/docs/troubleshooting/errors/INVALID_PROMPT_INPUT "

Content: approbation
Error: "Input to ChatPromptTemplate is missing variables {'word'}.  Expected: ['word'] Received: ['words']\nNote: if you intended {word} to be part of the string and not a variable, please escape it with double curly braces like: '{{word}}'.\nFor troubleshooting, visit: https://python.langchain.com/docs/troubleshooting/errors/INVALID_PROMPT_INPUT "

Content: avarice
Error: "Input to ChatPromptTemplate is missing variables {'word'}.  Expected: ['word'] Received: ['words']\nNote: if you intended {word} to be part of the string and not a variable, please escape it with double curly braces like: '{{word}}'.\nFor troubleshooting, visit: https://python.langchain.com/docs/troubleshooting/errors/INVALID_PROMPT_INPUT "

Content: strident
Error: "Input to ChatPromptTemplate is missing variables {'word'}.  Expected: ['word'] Received: ['words']\nNote: if you intended {word} to be part of the string and not a variable, please escape it with double curly braces like: '{{word}}'.\nFor troubleshooting, visit: https://python.langchain.com/docs/troubleshooting/errors/INVALID_PROMPT_INPUT "

Content: temerity
Error: "Input to ChatPromptTemplate is missing variables {'word'}.  Expected: ['word'] Received: ['words']\nNote: if you intended {word} to be part of the string and not a variable, please escape it with double curly braces like: '{{word}}'.\nFor troubleshooting, visit: https://python.langchain.com/docs/troubleshooting/errors/INVALID_PROMPT_INPUT "

Content: egregious
Error: "Input to ChatPromptTemplate is missing variables {'word'}.  Expected: ['word'] Received: ['words']\nNote: if you intended {word} to be part of the string and not a variable, please escape it with double curly braces like: '{{word}}'.\nFor troubleshooting, visit: https://python.langchain.com/docs/troubleshooting/errors/INVALID_PROMPT_INPUT "

Content: munificent
Error: "Input to ChatPromptTemplate is missing variables {'word'}.  Expected: ['word'] Received: ['words']\nNote: if you intended {word} to be part of the string and not a variable, please escape it with double curly braces like: '{{word}}'.\nFor troubleshooting, visit: https://python.langchain.com/docs/troubleshooting/errors/INVALID_PROMPT_INPUT "

Content: equanimity
Error: "Input to ChatPromptTemplate is missing variables {'word'}.  Expected: ['word'] Received: ['words']\nNote: if you intended {word} to be part of the string and not a variable, please escape it with double curly braces like: '{{word}}'.\nFor troubleshooting, visit: https://python.langchain.com/docs/troubleshooting/errors/INVALID_PROMPT_INPUT "

Content: reprobate
Error: "Input to ChatPromptTemplate is missing variables {'word'}.  Expected: ['word'] Received: ['words']\nNote: if you intended {word} to be part of the string and not a variable, please escape it with double curly braces like: '{{word}}'.\nFor troubleshooting, visit: https://python.langchain.com/docs/troubleshooting/errors/INVALID_PROMPT_INPUT "

Content: unctuous
Error: "Input to ChatPromptTemplate is missing variables {'word'}.  Expected: ['word'] Received: ['words']\nNote: if you intended {word} to be part of the string and not a variable, please escape it with double curly braces like: '{{word}}'.\nFor troubleshooting, visit: https://python.langchain.com/docs/troubleshooting/errors/INVALID_PROMPT_INPUT "

Content: scurrilous
Error: "Input to ChatPromptTemplate is missing variables {'word'}.  Expected: ['word'] Received: ['words']\nNote: if you intended {word} to be part of the string and not a variable, please escape it with double curly braces like: '{{word}}'.\nFor troubleshooting, visit: https://python.langchain.com/docs/troubleshooting/errors/INVALID_PROMPT_INPUT "

Content: exculpate
Error: "Input to ChatPromptTemplate is missing variables {'word'}.  Expected: ['word'] Received: ['words']\nNote: if you intended {word} to be part of the string and not a variable, please escape it with double curly braces like: '{{word}}'.\nFor troubleshooting, visit: https://python.langchain.com/docs/troubleshooting/errors/INVALID_PROMPT_INPUT "

Content: diatribe
Error: "Input to ChatPromptTemplate is missing variables {'word'}.  Expected: ['word'] Received: ['words']\nNote: if you intended {word} to be part of the string and not a variable, please escape it with double curly braces like: '{{word}}'.\nFor troubleshooting, visit: https://python.langchain.com/docs/troubleshooting/errors/INVALID_PROMPT_INPUT "

Content: approbation
Error: "Input to ChatPromptTemplate is missing variables {'word'}.  Expected: ['word'] Received: ['words']\nNote: if you intended {word} to be part of the string and not a variable, please escape it with double curly braces like: '{{word}}'.\nFor troubleshooting, visit: https://python.langchain.com/docs/troubleshooting/errors/INVALID_PROMPT_INPUT "

Content: reprobate
Error: "Input to ChatPromptTemplate is missing variables {'word'}.  Expected: ['word'] Received: ['words']\nNote: if you intended {word} to be part of the string and not a variable, please escape it with double curly braces like: '{{word}}'.\nFor troubleshooting, visit: https://python.langchain.com/docs/troubleshooting/errors/INVALID_PROMPT_INPUT "

Content: indefatigable
Error: "Input to ChatPromptTemplate is missing variables {'word'}.  Expected: ['word'] Received: ['words']\nNote: if you intended {word} to be part of the string and not a variable, please escape it with double curly braces like: '{{word}}'.\nFor troubleshooting, visit: https://python.langchain.com/docs/troubleshooting/errors/INVALID_PROMPT_INPUT "

Content: assiduous
Error: "Input to ChatPromptTemplate is missing variables {'word'}.  Expected: ['word'] Received: ['words']\nNote: if you intended {word} to be part of the string and not a variable, please escape it with double curly braces like: '{{word}}'.\nFor troubleshooting, visit: https://python.langchain.com/docs/troubleshooting/errors/INVALID_PROMPT_INPUT "

Content: ubiquitous
Error: "Input to ChatPromptTemplate is missing variables {'word'}.  Expected: ['word'] Received: ['words']\nNote: if you intended {word} to be part of the string and not a variable, please escape it with double curly braces like: '{{word}}'.\nFor troubleshooting, visit: https://python.langchain.com/docs/troubleshooting/errors/INVALID_PROMPT_INPUT "

Content: tantamount
Error: "Input to ChatPromptTemplate is missing variables {'word'}.  Expected: ['word'] Received: ['words']\nNote: if you intended {word} to be part of the string and not a variable, please escape it with double curly braces like: '{{word}}'.\nFor troubleshooting, visit: https://python.langchain.com/docs/troubleshooting/errors/INVALID_PROMPT_INPUT "

Content: effervescent
Error: "Input to ChatPromptTemplate is missing variables {'word'}.  Expected: ['word'] Received: ['words']\nNote: if you intended {word} to be part of the string and not a variable, please escape it with double curly braces like: '{{word}}'.\nFor troubleshooting, visit: https://python.langchain.com/docs/troubleshooting/errors/INVALID_PROMPT_INPUT "

Content: ephemeral
Error: "Input to ChatPromptTemplate is missing variables {'word'}.  Expected: ['word'] Received: ['words']\nNote: if you intended {word} to be part of the string and not a variable, please escape it with double curly braces like: '{{word}}'.\nFor troubleshooting, visit: https://python.langchain.com/docs/troubleshooting/errors/INVALID_PROMPT_INPUT "

Content: grandiloquent
Error: "Input to ChatPromptTemplate is missing variables {'word'}.  Expected: ['word'] Received: ['words']\nNote: if you intended {word} to be part of the string and not a variable, please escape it with double curly braces like: '{{word}}'.\nFor troubleshooting, visit: https://python.langchain.com/docs/troubleshooting/errors/INVALID_PROMPT_INPUT "

Content: munificent
Error: "Input to ChatPromptTemplate is missing variables {'word'}.  Expected: ['word'] Received: ['words']\nNote: if you intended {word} to be part of the string and not a variable, please escape it with double curly braces like: '{{word}}'.\nFor troubleshooting, visit: https://python.langchain.com/docs/troubleshooting/errors/INVALID_PROMPT_INPUT "

Content: parsimony
Error: "Input to ChatPromptTemplate is missing variables {'word'}.  Expected: ['word'] Received: ['words']\nNote: if you intended {word} to be part of the string and not a variable, please escape it with double curly braces like: '{{word}}'.\nFor troubleshooting, visit: https://python.langchain.com/docs/troubleshooting/errors/INVALID_PROMPT_INPUT "

Content: lachrymose
Error: "Input to ChatPromptTemplate is missing variables {'word'}.  Expected: ['word'] Received: ['words']\nNote: if you intended {word} to be part of the string and not a variable, please escape it with double curly braces like: '{{word}}'.\nFor troubleshooting, visit: https://python.langchain.com/docs/troubleshooting/errors/INVALID_PROMPT_INPUT "

Content: ascetic
Error: "Input to ChatPromptTemplate is missing variables {'word'}.  Expected: ['word'] Received: ['words']\nNote: if you intended {word} to be part of the string and not a variable, please escape it with double curly braces like: '{{word}}'.\nFor troubleshooting, visit: https://python.langchain.com/docs/troubleshooting/errors/INVALID_PROMPT_INPUT "

Content: turgid
Error: "Input to ChatPromptTemplate is missing variables {'word'}.  Expected: ['word'] Received: ['words']\nNote: if you intended {word} to be part of the string and not a variable, please escape it with double curly braces like: '{{word}}'.\nFor troubleshooting, visit: https://python.langchain.com/docs/troubleshooting/errors/INVALID_PROMPT_INPUT "

Content: salubrious
Error: "Input to ChatPromptTemplate is missing variables {'word'}.  Expected: ['word'] Received: ['words']\nNote: if you intended {word} to be part of the string and not a variable, please escape it with double curly braces like: '{{word}}'.\nFor troubleshooting, visit: https://python.langchain.com/docs/troubleshooting/errors/INVALID_PROMPT_INPUT "

Content: anathema
Error: "Input to ChatPromptTemplate is missing variables {'word'}.  Expected: ['word'] Received: ['words']\nNote: if you intended {word} to be part of the string and not a variable, please escape it with double curly braces like: '{{word}}'.\nFor troubleshooting, visit: https://python.langchain.com/docs/troubleshooting/errors/INVALID_PROMPT_INPUT "

Content: cogent
Error: "Input to ChatPromptTemplate is missing variables {'word'}.  Expected: ['word'] Received: ['words']\nNote: if you intended {word} to be part of the string and not a variable, please escape it with double curly braces like: '{{word}}'.\nFor troubleshooting, visit: https://python.langchain.com/docs/troubleshooting/errors/INVALID_PROMPT_INPUT "

Content: iconoclast
Error: "Input to ChatPromptTemplate is missing variables {'word'}.  Expected: ['word'] Received: ['words']\nNote: if you intended {word} to be part of the string and not a variable, please escape it with double curly braces like: '{{word}}'.\nFor troubleshooting, visit: https://python.langchain.com/docs/troubleshooting/errors/INVALID_PROMPT_INPUT "

Content: perspicacious
Error: "Input to ChatPromptTemplate is missing variables {'word'}.  Expected: ['word'] Received: ['words']\nNote: if you intended {word} to be part of the string and not a variable, please escape it with double curly braces like: '{{word}}'.\nFor troubleshooting, visit: https://python.langchain.com/docs/troubleshooting/errors/INVALID_PROMPT_INPUT "

Content: aplomb
Error: "Input to ChatPromptTemplate is missing variables {'word'}.  Expected: ['word'] Received: ['words']\nNote: if you intended {word} to be part of the string and not a variable, please escape it with double curly braces like: '{{word}}'.\nFor troubleshooting, visit: https://python.langchain.com/docs/troubleshooting/errors/INVALID_PROMPT_INPUT "

Content: loquacious
Error: "Input to ChatPromptTemplate is missing variables {'word'}.  Expected: ['word'] Received: ['words']\nNote: if you intended {word} to be part of the string and not a variable, please escape it with double curly braces like: '{{word}}'.\nFor troubleshooting, visit: https://python.langchain.com/docs/troubleshooting/errors/INVALID_PROMPT_INPUT "

Content: conflagration
Error: "Input to ChatPromptTemplate is missing variables {'word'}.  Expected: ['word'] Received: ['words']\nNote: if you intended {word} to be part of the string and not a variable, please escape it with double curly braces like: '{{word}}'.\nFor troubleshooting, visit: https://python.langchain.com/docs/troubleshooting/errors/INVALID_PROMPT_INPUT "

Content: effervescent
Error: "Input to ChatPromptTemplate is missing variables {'word'}.  Expected: ['word'] Received: ['words']\nNote: if you intended {word} to be part of the string and not a variable, please escape it with double curly braces like: '{{word}}'.\nFor troubleshooting, visit: https://python.langchain.com/docs/troubleshooting/errors/INVALID_PROMPT_INPUT "

Content: precocious
Error: "Input to ChatPromptTemplate is missing variables {'word'}.  Expected: ['word'] Received: ['words']\nNote: if you intended {word} to be part of the string and not a variable, please escape it with double curly braces like: '{{word}}'.\nFor troubleshooting, visit: https://python.langchain.com/docs/troubleshooting/errors/INVALID_PROMPT_INPUT "

Content: upbraid
Error: "Input to ChatPromptTemplate is missing variables {'word'}.  Expected: ['word'] Received: ['words']\nNote: if you intended {word} to be part of the string and not a variable, please escape it with double curly braces like: '{{word}}'.\nFor troubleshooting, visit: https://python.langchain.com/docs/troubleshooting/errors/INVALID_PROMPT_INPUT "

Content: proclivity
Error: "Input to ChatPromptTemplate is missing variables {'word'}.  Expected: ['word'] Received: ['words']\nNote: if you intended {word} to be part of the string and not a variable, please escape it with double curly braces like: '{{word}}'.\nFor troubleshooting, visit: https://python.langchain.com/docs/troubleshooting/errors/INVALID_PROMPT_INPUT "

Content: turgid
Error: "Input to ChatPromptTemplate is missing variables {'word'}.  Expected: ['word'] Received: ['words']\nNote: if you intended {word} to be part of the string and not a variable, please escape it with double curly braces like: '{{word}}'.\nFor troubleshooting, visit: https://python.langchain.com/docs/troubleshooting/errors/INVALID_PROMPT_INPUT "

Content: staid
Error: "Input to ChatPromptTemplate is missing variables {'word'}.  Expected: ['word'] Received: ['words']\nNote: if you intended {word} to be part of the string and not a variable, please escape it with double curly braces like: '{{word}}'.\nFor troubleshooting, visit: https://python.langchain.com/docs/troubleshooting/errors/INVALID_PROMPT_INPUT "

Content: iconoclast
Error: "Input to ChatPromptTemplate is missing variables {'word'}.  Expected: ['word'] Received: ['words']\nNote: if you intended {word} to be part of the string and not a variable, please escape it with double curly braces like: '{{word}}'.\nFor troubleshooting, visit: https://python.langchain.com/docs/troubleshooting/errors/INVALID_PROMPT_INPUT "

Content: beguile
Error: "Input to ChatPromptTemplate is missing variables {'word'}.  Expected: ['word'] Received: ['words']\nNote: if you intended {word} to be part of the string and not a variable, please escape it with double curly braces like: '{{word}}'.\nFor troubleshooting, visit: https://python.langchain.com/docs/troubleshooting/errors/INVALID_PROMPT_INPUT "

Content: tantamount
Error: "Input to ChatPromptTemplate is missing variables {'word'}.  Expected: ['word'] Received: ['words']\nNote: if you intended {word} to be part of the string and not a variable, please escape it with double curly braces like: '{{word}}'.\nFor troubleshooting, visit: https://python.langchain.com/docs/troubleshooting/errors/INVALID_PROMPT_INPUT "

Content: invective
Error: "Input to ChatPromptTemplate is missing variables {'word'}.  Expected: ['word'] Received: ['words']\nNote: if you intended {word} to be part of the string and not a variable, please escape it with double curly braces like: '{{word}}'.\nFor troubleshooting, visit: https://python.langchain.com/docs/troubleshooting/errors/INVALID_PROMPT_INPUT "

Content: vicarious
Error: "Input to ChatPromptTemplate is missing variables {'word'}.  Expected: ['word'] Received: ['words']\nNote: if you intended {word} to be part of the string and not a variable, please escape it with double curly braces like: '{{word}}'.\nFor troubleshooting, visit: https://python.langchain.com/docs/troubleshooting/errors/INVALID_PROMPT_INPUT "

Content: aberration
Error: "Input to ChatPromptTemplate is missing variables {'word'}.  Expected: ['word'] Received: ['words']\nNote: if you intended {word} to be part of the string and not a variable, please escape it with double curly braces like: '{{word}}'.\nFor troubleshooting, visit: https://python.langchain.com/docs/troubleshooting/errors/INVALID_PROMPT_INPUT "

Content: inchoate
Error: "Input to ChatPromptTemplate is missing variables {'word'}.  Expected: ['word'] Received: ['words']\nNote: if you intended {word} to be part of the string and not a variable, please escape it with double curly braces like: '{{word}}'.\nFor troubleshooting, visit: https://python.langchain.com/docs/troubleshooting/errors/INVALID_PROMPT_INPUT "

Content: obfuscate
Error: "Input to ChatPromptTemplate is missing variables {'word'}.  Expected: ['word'] Received: ['words']\nNote: if you intended {word} to be part of the string and not a variable, please escape it with double curly braces like: '{{word}}'.\nFor troubleshooting, visit: https://python.langchain.com/docs/troubleshooting/errors/INVALID_PROMPT_INPUT "

Content: grandiloquent
Error: "Input to ChatPromptTemplate is missing variables {'word'}.  Expected: ['word'] Received: ['words']\nNote: if you intended {word} to be part of the string and not a variable, please escape it with double curly braces like: '{{word}}'.\nFor troubleshooting, visit: https://python.langchain.com/docs/troubleshooting/errors/INVALID_PROMPT_INPUT "

Content: bombastic
Error: "Input to ChatPromptTemplate is missing variables {'word'}.  Expected: ['word'] Received: ['words']\nNote: if you intended {word} to be part of the string and not a variable, please escape it with double curly braces like: '{{word}}'.\nFor troubleshooting, visit: https://python.langchain.com/docs/troubleshooting/errors/INVALID_PROMPT_INPUT "

Content: apocryphal
Error: "Input to ChatPromptTemplate is missing variables {'word'}.  Expected: ['word'] Received: ['words']\nNote: if you intended {word} to be part of the string and not a variable, please escape it with double curly braces like: '{{word}}'.\nFor troubleshooting, visit: https://python.langchain.com/docs/troubleshooting/errors/INVALID_PROMPT_INPUT "

Content: evanescent
Error: "Input to ChatPromptTemplate is missing variables {'word'}.  Expected: ['word'] Received: ['words']\nNote: if you intended {word} to be part of the string and not a variable, please escape it with double curly braces like: '{{word}}'.\nFor troubleshooting, visit: https://python.langchain.com/docs/troubleshooting/errors/INVALID_PROMPT_INPUT "

Content: parsimony
Error: "Input to ChatPromptTemplate is missing variables {'word'}.  Expected: ['word'] Received: ['words']\nNote: if you intended {word} to be part of the string and not a variable, please escape it with double curly braces like: '{{word}}'.\nFor troubleshooting, visit: https://python.langchain.com/docs/troubleshooting/errors/INVALID_PROMPT_INPUT "

Content: loquacious
Error: "Input to ChatPromptTemplate is missing variables {'word'}.  Expected: ['word'] Received: ['words']\nNote: if you intended {word} to be part of the string and not a variable, please escape it with double curly braces like: '{{word}}'.\nFor troubleshooting, visit: https://python.langchain.com/docs/troubleshooting/errors/INVALID_PROMPT_INPUT "

Content: precocious
Error: "Input to ChatPromptTemplate is missing variables {'word'}.  Expected: ['word'] Received: ['words']\nNote: if you intended {word} to be part of the string and not a variable, please escape it with double curly braces like: '{{word}}'.\nFor troubleshooting, visit: https://python.langchain.com/docs/troubleshooting/errors/INVALID_PROMPT_INPUT "

Content: obdurate
Error: "Input to ChatPromptTemplate is missing variables {'word'}.  Expected: ['word'] Received: ['words']\nNote: if you intended {word} to be part of the string and not a variable, please escape it with double curly braces like: '{{word}}'.\nFor troubleshooting, visit: https://python.langchain.com/docs/troubleshooting/errors/INVALID_PROMPT_INPUT "

Content: invective
Error: "Input to ChatPromptTemplate is missing variables {'word'}.  Expected: ['word'] Received: ['words']\nNote: if you intended {word} to be part of the string and not a variable, please escape it with double curly braces like: '{{word}}'.\nFor troubleshooting, visit: https://python.langchain.com/docs/troubleshooting/errors/INVALID_PROMPT_INPUT "

Content: supercilious
Error: "Input to ChatPromptTemplate is missing variables {'word'}.  Expected: ['word'] Received: ['words']\nNote: if you intended {word} to be part of the string and not a variable, please escape it with double curly braces like: '{{word}}'.\nFor troubleshooting, visit: https://python.langchain.com/docs/troubleshooting/errors/INVALID_PROMPT_INPUT "

Content: invective
Error: "Input to ChatPromptTemplate is missing variables {'word'}.  Expected: ['word'] Received: ['words']\nNote: if you intended {word} to be part of the string and not a variable, please escape it with double curly braces like: '{{word}}'.\nFor troubleshooting, visit: https://python.langchain.com/docs/troubleshooting/errors/INVALID_PROMPT_INPUT "

Content: obdurate
Error: "Input to ChatPromptTemplate is missing variables {'word'}.  Expected: ['word'] Received: ['words']\nNote: if you intended {word} to be part of the string and not a variable, please escape it with double curly braces like: '{{word}}'.\nFor troubleshooting, visit: https://python.langchain.com/docs/troubleshooting/errors/INVALID_PROMPT_INPUT "

Content: assiduous
Error: "Input to ChatPromptTemplate is missing variables {'word'}.  Expected: ['word'] Received: ['words']\nNote: if you intended {word} to be part of the string and not a variable, please escape it with double curly braces like: '{{word}}'.\nFor troubleshooting, visit: https://python.langchain.com/docs/troubleshooting/errors/INVALID_PROMPT_INPUT "

Content: ascetic
Error: "Input to ChatPromptTemplate is missing variables {'word'}.  Expected: ['word'] Received: ['words']\nNote: if you intended {word} to be part of the string and not a variable, please escape it with double curly braces like: '{{word}}'.\nFor troubleshooting, visit: https://python.langchain.com/docs/troubleshooting/errors/INVALID_PROMPT_INPUT "

Content: assiduous
Error: "Input to ChatPromptTemplate is missing variables {'word'}.  Expected: ['word'] Received: ['words']\nNote: if you intended {word} to be part of the string and not a variable, please escape it with double curly braces like: '{{word}}'.\nFor troubleshooting, visit: https://python.langchain.com/docs/troubleshooting/errors/INVALID_PROMPT_INPUT "

Content: aberration
Error: "Input to ChatPromptTemplate is missing variables {'word'}.  Expected: ['word'] Received: ['words']\nNote: if you intended {word} to be part of the string and not a variable, please escape it with double curly braces like: '{{word}}'.\nFor troubleshooting, visit: https://python.langchain.com/docs/troubleshooting/errors/INVALID_PROMPT_INPUT "

Content: loquacious
Error: "Input to ChatPromptTemplate is missing variables {'word'}.  Expected: ['word'] Received: ['words']\nNote: if you intended {word} to be part of the string and not a variable, please escape it with double curly braces like: '{{word}}'.\nFor troubleshooting, visit: https://python.langchain.com/docs/troubleshooting/errors/INVALID_PROMPT_INPUT "

Content: nefarious
Error: "Input to ChatPromptTemplate is missing variables {'word'}.  Expected: ['word'] Received: ['words']\nNote: if you intended {word} to be part of the string and not a variable, please escape it with double curly braces like: '{{word}}'.\nFor troubleshooting, visit: https://python.langchain.com/docs/troubleshooting/errors/INVALID_PROMPT_INPUT "

Content: capitulate
Error: "Input to ChatPromptTemplate is missing variables {'word'}.  Expected: ['word'] Received: ['words']\nNote: if you intended {word} to be part of the string and not a variable, please escape it with double curly braces like: '{{word}}'.\nFor troubleshooting, visit: https://python.langchain.com/docs/troubleshooting/errors/INVALID_PROMPT_INPUT "

Content: panacea
Error: "Input to ChatPromptTemplate is missing variables {'word'}.  Expected: ['word'] Received: ['words']\nNote: if you intended {word} to be part of the string and not a variable, please escape it with double curly braces like: '{{word}}'.\nFor troubleshooting, visit: https://python.langchain.com/docs/troubleshooting/errors/INVALID_PROMPT_INPUT "

Content: anathema
Error: "Input to ChatPromptTemplate is missing variables {'word'}.  Expected: ['word'] Received: ['words']\nNote: if you intended {word} to be part of the string and not a variable, please escape it with double curly braces like: '{{word}}'.\nFor troubleshooting, visit: https://python.langchain.com/docs/troubleshooting/errors/INVALID_PROMPT_INPUT "

Content: penurious
Error: "Input to ChatPromptTemplate is missing variables {'word'}.  Expected: ['word'] Received: ['words']\nNote: if you intended {word} to be part of the string and not a variable, please escape it with double curly braces like: '{{word}}'.\nFor troubleshooting, visit: https://python.langchain.com/docs/troubleshooting/errors/INVALID_PROMPT_INPUT "

Content: obdurate
Error: "Input to ChatPromptTemplate is missing variables {'word'}.  Expected: ['word'] Received: ['words']\nNote: if you intended {word} to be part of the string and not a variable, please escape it with double curly braces like: '{{word}}'.\nFor troubleshooting, visit: https://python.langchain.com/docs/troubleshooting/errors/INVALID_PROMPT_INPUT "

Content: ascetic
Error: "Input to ChatPromptTemplate is missing variables {'word'}.  Expected: ['word'] Received: ['words']\nNote: if you intended {word} to be part of the string and not a variable, please escape it with double curly braces like: '{{word}}'.\nFor troubleshooting, visit: https://python.langchain.com/docs/troubleshooting/errors/INVALID_PROMPT_INPUT "

Content: invective
Error: "Input to ChatPromptTemplate is missing variables {'word'}.  Expected: ['word'] Received: ['words']\nNote: if you intended {word} to be part of the string and not a variable, please escape it with double curly braces like: '{{word}}'.\nFor troubleshooting, visit: https://python.langchain.com/docs/troubleshooting/errors/INVALID_PROMPT_INPUT "

Content: winsome
Error: "Input to ChatPromptTemplate is missing variables {'word'}.  Expected: ['word'] Received: ['words']\nNote: if you intended {word} to be part of the string and not a variable, please escape it with double curly braces like: '{{word}}'.\nFor troubleshooting, visit: https://python.langchain.com/docs/troubleshooting/errors/INVALID_PROMPT_INPUT "

Content: antediluvian
Error: "Input to ChatPromptTemplate is missing variables {'word'}.  Expected: ['word'] Received: ['words']\nNote: if you intended {word} to be part of the string and not a variable, please escape it with double curly braces like: '{{word}}'.\nFor troubleshooting, visit: https://python.langchain.com/docs/troubleshooting/errors/INVALID_PROMPT_INPUT "

Content: effervescent
Error: "Input to ChatPromptTemplate is missing variables {'word'}.  Expected: ['word'] Received: ['words']\nNote: if you intended {word} to be part of the string and not a variable, please escape it with double curly braces like: '{{word}}'.\nFor troubleshooting, visit: https://python.langchain.com/docs/troubleshooting/errors/INVALID_PROMPT_INPUT "

Content: fatuous
Error: "Input to ChatPromptTemplate is missing variables {'word'}.  Expected: ['word'] Received: ['words']\nNote: if you intended {word} to be part of the string and not a variable, please escape it with double curly braces like: '{{word}}'.\nFor troubleshooting, visit: https://python.langchain.com/docs/troubleshooting/errors/INVALID_PROMPT_INPUT "

Content: effervescent
Error: "Input to ChatPromptTemplate is missing variables {'word'}.  Expected: ['word'] Received: ['words']\nNote: if you intended {word} to be part of the string and not a variable, please escape it with double curly braces like: '{{word}}'.\nFor troubleshooting, visit: https://python.langchain.com/docs/troubleshooting/errors/INVALID_PROMPT_INPUT "

Content: parsimony
Error: "Input to ChatPromptTemplate is missing variables {'word'}.  Expected: ['word'] Received: ['words']\nNote: if you intended {word} to be part of the string and not a variable, please escape it with double curly braces like: '{{word}}'.\nFor troubleshooting, visit: https://python.langchain.com/docs/troubleshooting/errors/INVALID_PROMPT_INPUT "

Content: nefarious
Error: "Input to ChatPromptTemplate is missing variables {'word'}.  Expected: ['word'] Received: ['words']\nNote: if you intended {word} to be part of the string and not a variable, please escape it with double curly braces like: '{{word}}'.\nFor troubleshooting, visit: https://python.langchain.com/docs/troubleshooting/errors/INVALID_PROMPT_INPUT "

Content: obdurate
Error: "Input to ChatPromptTemplate is missing variables {'word'}.  Expected: ['word'] Received: ['words']\nNote: if you intended {word} to be part of the string and not a variable, please escape it with double curly braces like: '{{word}}'.\nFor troubleshooting, visit: https://python.langchain.com/docs/troubleshooting/errors/INVALID_PROMPT_INPUT "

Content: hapless
Error: "Input to ChatPromptTemplate is missing variables {'word'}.  Expected: ['word'] Received: ['words']\nNote: if you intended {word} to be part of the string and not a variable, please escape it with double curly braces like: '{{word}}'.\nFor troubleshooting, visit: https://python.langchain.com/docs/troubleshooting/errors/INVALID_PROMPT_INPUT "

Content: iconoclast
Error: "Input to ChatPromptTemplate is missing variables {'word'}.  Expected: ['word'] Received: ['words']\nNote: if you intended {word} to be part of the string and not a variable, please escape it with double curly braces like: '{{word}}'.\nFor troubleshooting, visit: https://python.langchain.com/docs/troubleshooting/errors/INVALID_PROMPT_INPUT "

Content: antediluvian
Error: "Input to ChatPromptTemplate is missing variables {'word'}.  Expected: ['word'] Received: ['words']\nNote: if you intended {word} to be part of the string and not a variable, please escape it with double curly braces like: '{{word}}'.\nFor troubleshooting, visit: https://python.langchain.com/docs/troubleshooting/errors/INVALID_PROMPT_INPUT "

Content: exculpate
Error: "Input to ChatPromptTemplate is missing variables {'word'}.  Expected: ['word'] Received: ['words']\nNote: if you intended {word} to be part of the string and not a variable, please escape it with double curly braces like: '{{word}}'.\nFor troubleshooting, visit: https://python.langchain.com/docs/troubleshooting/errors/INVALID_PROMPT_INPUT "

Content: garrulous
Error: "Input to ChatPromptTemplate is missing variables {'word'}.  Expected: ['word'] Received: ['words']\nNote: if you intended {word} to be part of the string and not a variable, please escape it with double curly braces like: '{{word}}'.\nFor troubleshooting, visit: https://python.langchain.com/docs/troubleshooting/errors/INVALID_PROMPT_INPUT "

Content: nefarious
Error: "Input to ChatPromptTemplate is missing variables {'word'}.  Expected: ['word'] Received: ['words']\nNote: if you intended {word} to be part of the string and not a variable, please escape it with double curly braces like: '{{word}}'.\nFor troubleshooting, visit: https://python.langchain.com/docs/troubleshooting/errors/INVALID_PROMPT_INPUT "

Content: precocious
Error: "Input to ChatPromptTemplate is missing variables {'word'}.  Expected: ['word'] Received: ['words']\nNote: if you intended {word} to be part of the string and not a variable, please escape it with double curly braces like: '{{word}}'.\nFor troubleshooting, visit: https://python.langchain.com/docs/troubleshooting/errors/INVALID_PROMPT_INPUT "

Content: redolent
Error: "Input to ChatPromptTemplate is missing variables {'word'}.  Expected: ['word'] Received: ['words']\nNote: if you intended {word} to be part of the string and not a variable, please escape it with double curly braces like: '{{word}}'.\nFor troubleshooting, visit: https://python.langchain.com/docs/troubleshooting/errors/INVALID_PROMPT_INPUT "

Content: hapless
Error: "Input to ChatPromptTemplate is missing variables {'word'}.  Expected: ['word'] Received: ['words']\nNote: if you intended {word} to be part of the string and not a variable, please escape it with double curly braces like: '{{word}}'.\nFor troubleshooting, visit: https://python.langchain.com/docs/troubleshooting/errors/INVALID_PROMPT_INPUT "

Content: upbraid
Error: "Input to ChatPromptTemplate is missing variables {'word'}.  Expected: ['word'] Received: ['words']\nNote: if you intended {word} to be part of the string and not a variable, please escape it with double curly braces like: '{{word}}'.\nFor troubleshooting, visit: https://python.langchain.com/docs/troubleshooting/errors/INVALID_PROMPT_INPUT "

Content: obdurate
Error: "Input to ChatPromptTemplate is missing variables {'word'}.  Expected: ['word'] Received: ['words']\nNote: if you intended {word} to be part of the string and not a variable, please escape it with double curly braces like: '{{word}}'.\nFor troubleshooting, visit: https://python.langchain.com/docs/troubleshooting/errors/INVALID_PROMPT_INPUT "

Content: diatribe
Error: "Input to ChatPromptTemplate is missing variables {'word'}.  Expected: ['word'] Received: ['words']\nNote: if you intended {word} to be part of the string and not a variable, please escape it with double curly braces like: '{{word}}'.\nFor troubleshooting, visit: https://python.langchain.com/docs/troubleshooting/errors/INVALID_PROMPT_INPUT "

Content: perspicacious
Error: "Input to ChatPromptTemplate is missing variables {'word'}.  Expected: ['word'] Received: ['words']\nNote: if you intended {word} to be part of the string and not a variable, please escape it with double curly braces like: '{{word}}'.\nFor troubleshooting, visit: https://python.langchain.com/docs/troubleshooting/errors/INVALID_PROMPT_INPUT "

Content: bellicose
Error: "Input to ChatPromptTemplate is missing variables {'word'}.  Expected: ['word'] Received: ['words']\nNote: if you intended {word} to be part of the string and not a variable, please escape it with double curly braces like: '{{word}}'.\nFor troubleshooting, visit: https://python.langchain.com/docs/troubleshooting/errors/INVALID_PROMPT_INPUT "

Content: unctuous
Error: "Input to ChatPromptTemplate is missing variables {'word'}.  Expected: ['word'] Received: ['words']\nNote: if you intended {word} to be part of the string and not a variable, please escape it with double curly braces like: '{{word}}'.\nFor troubleshooting, visit: https://python.langchain.com/docs/troubleshooting/errors/INVALID_PROMPT_INPUT "

Content: equanimity
Error: "Input to ChatPromptTemplate is missing variables {'word'}.  Expected: ['word'] Received: ['words']\nNote: if you intended {word} to be part of the string and not a variable, please escape it with double curly braces like: '{{word}}'.\nFor troubleshooting, visit: https://python.langchain.com/docs/troubleshooting/errors/INVALID_PROMPT_INPUT "

Content: surreptitious
Error: "Input to ChatPromptTemplate is missing variables {'word'}.  Expected: ['word'] Received: ['words']\nNote: if you intended {word} to be part of the string and not a variable, please escape it with double curly braces like: '{{word}}'.\nFor troubleshooting, visit: https://python.langchain.com/docs/troubleshooting/errors/INVALID_PROMPT_INPUT "

Content: proclivity
Error: "Input to ChatPromptTemplate is missing variables {'word'}.  Expected: ['word'] Received: ['words']\nNote: if you intended {word} to be part of the string and not a variable, please escape it with double curly braces like: '{{word}}'.\nFor troubleshooting, visit: https://python.langchain.com/docs/troubleshooting/errors/INVALID_PROMPT_INPUT "

Content: panacea
Error: "Input to ChatPromptTemplate is missing variables {'word'}.  Expected: ['word'] Received: ['words']\nNote: if you intended {word} to be part of the string and not a variable, please escape it with double curly braces like: '{{word}}'.\nFor troubleshooting, visit: https://python.langchain.com/docs/troubleshooting/errors/INVALID_PROMPT_INPUT "

Content: vicarious
Error: "Input to ChatPromptTemplate is missing variables {'word'}.  Expected: ['word'] Received: ['words']\nNote: if you intended {word} to be part of the string and not a variable, please escape it with double curly braces like: '{{word}}'.\nFor troubleshooting, visit: https://python.langchain.com/docs/troubleshooting/errors/INVALID_PROMPT_INPUT "

Content: aberration
Error: "Input to ChatPromptTemplate is missing variables {'word'}.  Expected: ['word'] Received: ['words']\nNote: if you intended {word} to be part of the string and not a variable, please escape it with double curly braces like: '{{word}}'.\nFor troubleshooting, visit: https://python.langchain.com/docs/troubleshooting/errors/INVALID_PROMPT_INPUT "

Content: proclivity
Error: "Input to ChatPromptTemplate is missing variables {'word'}.  Expected: ['word'] Received: ['words']\nNote: if you intended {word} to be part of the string and not a variable, please escape it with double curly braces like: '{{word}}'.\nFor troubleshooting, visit: https://python.langchain.com/docs/troubleshooting/errors/INVALID_PROMPT_INPUT "

Content: proclivity
Error: "Input to ChatPromptTemplate is missing variables {'word'}.  Expected: ['word'] Received: ['words']\nNote: if you intended {word} to be part of the string and not a variable, please escape it with double curly braces like: '{{word}}'.\nFor troubleshooting, visit: https://python.langchain.com/docs/troubleshooting/errors/INVALID_PROMPT_INPUT "

Content: egregious
Error: "Input to ChatPromptTemplate is missing variables {'word'}.  Expected: ['word'] Received: ['words']\nNote: if you intended {word} to be part of the string and not a variable, please escape it with double curly braces like: '{{word}}'.\nFor troubleshooting, visit: https://python.langchain.com/docs/troubleshooting/errors/INVALID_PROMPT_INPUT "

Content: diatribe
Error: "Input to ChatPromptTemplate is missing variables {'word'}.  Expected: ['word'] Received: ['words']\nNote: if you intended {word} to be part of the string and not a variable, please escape it with double curly braces like: '{{word}}'.\nFor troubleshooting, visit: https://python.langchain.com/docs/troubleshooting/errors/INVALID_PROMPT_INPUT "

Content: ubiquitous
Error: "Input to ChatPromptTemplate is missing variables {'word'}.  Expected: ['word'] Received: ['words']\nNote: if you intended {word} to be part of the string and not a variable, please escape it with double curly braces like: '{{word}}'.\nFor troubleshooting, visit: https://python.langchain.com/docs/troubleshooting/errors/INVALID_PROMPT_INPUT "

Content: hapless
Error: "Input to ChatPromptTemplate is missing variables {'word'}.  Expected: ['word'] Received: ['words']\nNote: if you intended {word} to be part of the string and not a variable, please escape it with double curly braces like: '{{word}}'.\nFor troubleshooting, visit: https://python.langchain.com/docs/troubleshooting/errors/INVALID_PROMPT_INPUT "

Content: anathema
Error: "Input to ChatPromptTemplate is missing variables {'word'}.  Expected: ['word'] Received: ['words']\nNote: if you intended {word} to be part of the string and not a variable, please escape it with double curly braces like: '{{word}}'.\nFor troubleshooting, visit: https://python.langchain.com/docs/troubleshooting/errors/INVALID_PROMPT_INPUT "

Content: demagogue
Error: "Input to ChatPromptTemplate is missing variables {'word'}.  Expected: ['word'] Received: ['words']\nNote: if you intended {word} to be part of the string and not a variable, please escape it with double curly braces like: '{{word}}'.\nFor troubleshooting, visit: https://python.langchain.com/docs/troubleshooting/errors/INVALID_PROMPT_INPUT "

Content: impecunious
Error: "Input to ChatPromptTemplate is missing variables {'word'}.  Expected: ['word'] Received: ['words']\nNote: if you intended {word} to be part of the string and not a variable, please escape it with double curly braces like: '{{word}}'.\nFor troubleshooting, visit: https://python.langchain.com/docs/troubleshooting/errors/INVALID_PROMPT_INPUT "

Content: cacophony
Error: "Input to ChatPromptTemplate is missing variables {'word'}.  Expected: ['word'] Received: ['words']\nNote: if you intended {word} to be part of the string and not a variable, please escape it with double curly braces like: '{{word}}'.\nFor troubleshooting, visit: https://python.langchain.com/docs/troubleshooting/errors/INVALID_PROMPT_INPUT "

Content: reprobate
Error: "Input to ChatPromptTemplate is missing variables {'word'}.  Expected: ['word'] Received: ['words']\nNote: if you intended {word} to be part of the string and not a variable, please escape it with double curly braces like: '{{word}}'.\nFor troubleshooting, visit: https://python.langchain.com/docs/troubleshooting/errors/INVALID_PROMPT_INPUT "

Content: enervate
Error: "Input to ChatPromptTemplate is missing variables {'word'}.  Expected: ['word'] Received: ['words']\nNote: if you intended {word} to be part of the string and not a variable, please escape it with double curly braces like: '{{word}}'.\nFor troubleshooting, visit: https://python.langchain.com/docs/troubleshooting/errors/INVALID_PROMPT_INPUT "

Content: sagacious
Error: "Input to ChatPromptTemplate is missing variables {'word'}.  Expected: ['word'] Received: ['words']\nNote: if you intended {word} to be part of the string and not a variable, please escape it with double curly braces like: '{{word}}'.\nFor troubleshooting, visit: https://python.langchain.com/docs/troubleshooting/errors/INVALID_PROMPT_INPUT "

Content: ascetic
Error: "Input to ChatPromptTemplate is missing variables {'word'}.  Expected: ['word'] Received: ['words']\nNote: if you intended {word} to be part of the string and not a variable, please escape it with double curly braces like: '{{word}}'.\nFor troubleshooting, visit: https://python.langchain.com/docs/troubleshooting/errors/INVALID_PROMPT_INPUT "

Content: hapless
Error: "Input to ChatPromptTemplate is missing variables {'word'}.  Expected: ['word'] Received: ['words']\nNote: if you intended {word} to be part of the string and not a variable, please escape it with double curly braces like: '{{word}}'.\nFor troubleshooting, visit: https://python.langchain.com/docs/troubleshooting/errors/INVALID_PROMPT_INPUT "

Content: aberration
Error: "Input to ChatPromptTemplate is missing variables {'word'}.  Expected: ['word'] Received: ['words']\nNote: if you intended {word} to be part of the string and not a variable, please escape it with double curly braces like: '{{word}}'.\nFor troubleshooting, visit: https://python.langchain.com/docs/troubleshooting/errors/INVALID_PROMPT_INPUT "

Content: egregious
Error: "Input to ChatPromptTemplate is missing variables {'word'}.  Expected: ['word'] Received: ['words']\nNote: if you intended {word} to be part of the string and not a variable, please escape it with double curly braces like: '{{word}}'.\nFor troubleshooting, visit: https://python.langchain.com/docs/troubleshooting/errors/INVALID_PROMPT_INPUT "

Content: cogent
Error: "Input to ChatPromptTemplate is missing variables {'word'}.  Expected: ['word'] Received: ['words']\nNote: if you intended {word} to be part of the string and not a variable, please escape it with double curly braces like: '{{word}}'.\nFor troubleshooting, visit: https://python.langchain.com/docs/troubleshooting/errors/INVALID_PROMPT_INPUT "

Content: beguile
Error: "Input to ChatPromptTemplate is missing variables {'word'}.  Expected: ['word'] Received: ['words']\nNote: if you intended {word} to be part of the string and not a variable, please escape it with double curly braces like: '{{word}}'.\nFor troubleshooting, visit: https://python.langchain.com/docs/troubleshooting/errors/INVALID_PROMPT_INPUT "

Content: precocious
Error: "Input to ChatPromptTemplate is missing variables {'word'}.  Expected: ['word'] Received: ['words']\nNote: if you intended {word} to be part of the string and not a variable, please escape it with double curly braces like: '{{word}}'.\nFor troubleshooting, visit: https://python.langchain.com/docs/troubleshooting/errors/INVALID_PROMPT_INPUT "

Content: inscrutable
Error: "Input to ChatPromptTemplate is missing variables {'word'}.  Expected: ['word'] Received: ['words']\nNote: if you intended {word} to be part of the string and not a variable, please escape it with double curly braces like: '{{word}}'.\nFor troubleshooting, visit: https://python.langchain.com/docs/troubleshooting/errors/INVALID_PROMPT_INPUT "

Content: conflagration
Error: "Input to ChatPromptTemplate is missing variables {'word'}.  Expected: ['word'] Received: ['words']\nNote: if you intended {word} to be part of the string and not a variable, please escape it with double curly braces like: '{{word}}'.\nFor troubleshooting, visit: https://python.langchain.com/docs/troubleshooting/errors/INVALID_PROMPT_INPUT "

Content: fractious
Error: "Input to ChatPromptTemplate is missing variables {'word'}.  Expected: ['word'] Received: ['words']\nNote: if you intended {word} to be part of the string and not a variable, please escape it with double curly braces like: '{{word}}'.\nFor troubleshooting, visit: https://python.langchain.com/docs/troubleshooting/errors/INVALID_PROMPT_INPUT "

Content: turgid
Error: "Input to ChatPromptTemplate is missing variables {'word'}.  Expected: ['word'] Received: ['words']\nNote: if you intended {word} to be part of the string and not a variable, please escape it with double curly braces like: '{{word}}'.\nFor troubleshooting, visit: https://python.langchain.com/docs/troubleshooting/errors/INVALID_PROMPT_INPUT "

Content: precocious
Error: "Input to ChatPromptTemplate is missing variables {'word'}.  Expected: ['word'] Received: ['words']\nNote: if you intended {word} to be part of the string and not a variable, please escape it with double curly braces like: '{{word}}'.\nFor troubleshooting, visit: https://python.langchain.com/docs/troubleshooting/errors/INVALID_PROMPT_INPUT "

Content: approbation
Error: "Input to ChatPromptTemplate is missing variables {'word'}.  Expected: ['word'] Received: ['words']\nNote: if you intended {word} to be part of the string and not a variable, please escape it with double curly braces like: '{{word}}'.\nFor troubleshooting, visit: https://python.langchain.com/docs/troubleshooting/errors/INVALID_PROMPT_INPUT "

Content: didactic
Error: "Input to ChatPromptTemplate is missing variables {'word'}.  Expected: ['word'] Received: ['words']\nNote: if you intended {word} to be part of the string and not a variable, please escape it with double curly braces like: '{{word}}'.\nFor troubleshooting, visit: https://python.langchain.com/docs/troubleshooting/errors/INVALID_PROMPT_INPUT "

Content: fastidious
Error: "Input to ChatPromptTemplate is missing variables {'word'}.  Expected: ['word'] Received: ['words']\nNote: if you intended {word} to be part of the string and not a variable, please escape it with double curly braces like: '{{word}}'.\nFor troubleshooting, visit: https://python.langchain.com/docs/troubleshooting/errors/INVALID_PROMPT_INPUT "

Content: parsimony
Error: "Input to ChatPromptTemplate is missing variables {'word'}.  Expected: ['word'] Received: ['words']\nNote: if you intended {word} to be part of the string and not a variable, please escape it with double curly braces like: '{{word}}'.\nFor troubleshooting, visit: https://python.langchain.com/docs/troubleshooting/errors/INVALID_PROMPT_INPUT "

Content: spurious
Error: "Input to ChatPromptTemplate is missing variables {'word'}.  Expected: ['word'] Received: ['words']\nNote: if you intended {word} to be part of the string and not a variable, please escape it with double curly braces like: '{{word}}'.\nFor troubleshooting, visit: https://python.langchain.com/docs/troubleshooting/errors/INVALID_PROMPT_INPUT "

Content: impecunious
Error: "Input to ChatPromptTemplate is missing variables {'word'}.  Expected: ['word'] Received: ['words']\nNote: if you intended {word} to be part of the string and not a variable, please escape it with double curly braces like: '{{word}}'.\nFor troubleshooting, visit: https://python.langchain.com/docs/troubleshooting/errors/INVALID_PROMPT_INPUT "

Content: penurious
Error: "Input to ChatPromptTemplate is missing variables {'word'}.  Expected: ['word'] Received: ['words']\nNote: if you intended {word} to be part of the string and not a variable, please escape it with double curly braces like: '{{word}}'.\nFor troubleshooting, visit: https://python.langchain.com/docs/troubleshooting/errors/INVALID_PROMPT_INPUT "

Content: indefatigable
Error: "Input to ChatPromptTemplate is missing variables {'word'}.  Expected: ['word'] Received: ['words']\nNote: if you intended {word} to be part of the string and not a variable, please escape it with double curly braces like: '{{word}}'.\nFor troubleshooting, visit: https://python.langchain.com/docs/troubleshooting/errors/INVALID_PROMPT_INPUT "

Content: didactic
Error: "Input to ChatPromptTemplate is missing variables {'word'}.  Expected: ['word'] Received: ['words']\nNote: if you intended {word} to be part of the string and not a variable, please escape it with double curly braces like: '{{word}}'.\nFor troubleshooting, visit: https://python.langchain.com/docs/troubleshooting/errors/INVALID_PROMPT_INPUT "

Content: fastidious
Error: "Input to ChatPromptTemplate is missing variables {'word'}.  Expected: ['word'] Received: ['words']\nNote: if you intended {word} to be part of the string and not a variable, please escape it with double curly braces like: '{{word}}'.\nFor troubleshooting, visit: https://python.langchain.com/docs/troubleshooting/errors/INVALID_PROMPT_INPUT "

Content: sanguine
Error: "Input to ChatPromptTemplate is missing variables {'word'}.  Expected: ['word'] Received: ['words']\nNote: if you intended {word} to be part of the string and not a variable, please escape it with double curly braces like: '{{word}}'.\nFor troubleshooting, visit: https://python.langchain.com/docs/troubleshooting/errors/INVALID_PROMPT_INPUT "

Content: lachrymose
Error: "Input to ChatPromptTemplate is missing variables {'word'}.  Expected: ['word'] Received: ['words']\nNote: if you intended {word} to be part of the string and not a variable, please escape it with double curly braces like: '{{word}}'.\nFor troubleshooting, visit: https://python.langchain.com/docs/troubleshooting/errors/INVALID_PROMPT_INPUT "

Content: avarice
Error: "Input to ChatPromptTemplate is missing variables {'word'}.  Expected: ['word'] Received: ['words']\nNote: if you intended {word} to be part of the string and not a variable, please escape it with double curly braces like: '{{word}}'.\nFor troubleshooting, visit: https://python.langchain.com/docs/troubleshooting/errors/INVALID_PROMPT_INPUT "

Content: obsequious
Error: "Input to ChatPromptTemplate is missing variables {'word'}.  Expected: ['word'] Received: ['words']\nNote: if you intended {word} to be part of the string and not a variable, please escape it with double curly braces like: '{{word}}'.\nFor troubleshooting, visit: https://python.langchain.com/docs/troubleshooting/errors/INVALID_PROMPT_INPUT "

Content: proclivity
Error: "Input to ChatPromptTemplate is missing variables {'word'}.  Expected: ['word'] Received: ['words']\nNote: if you intended {word} to be part of the string and not a variable, please escape it with double curly braces like: '{{word}}'.\nFor troubleshooting, visit: https://python.langchain.com/docs/troubleshooting/errors/INVALID_PROMPT_INPUT "

Content: vicissitude
Error: "Input to ChatPromptTemplate is missing variables {'word'}.  Expected: ['word'] Received: ['words']\nNote: if you intended {word} to be part of the string and not a variable, please escape it with double curly braces like: '{{word}}'.\nFor troubleshooting, visit: https://python.langchain.com/docs/troubleshooting/errors/INVALID_PROMPT_INPUT "

Content: ephemeral
Error: "Input to ChatPromptTemplate is missing variables {'word'}.  Expected: ['word'] Received: ['words']\nNote: if you intended {word} to be part of the string and not a variable, please escape it with double curly braces like: '{{word}}'.\nFor troubleshooting, visit: https://python.langchain.com/docs/troubleshooting/errors/INVALID_PROMPT_INPUT "

Content: alacrity
Error: "Input to ChatPromptTemplate is missing variables {'word'}.  Expected: ['word'] Received: ['words']\nNote: if you intended {word} to be part of the string and not a variable, please escape it with double curly braces like: '{{word}}'.\nFor troubleshooting, visit: https://python.langchain.com/docs/troubleshooting/errors/INVALID_PROMPT_INPUT "

Content: perfidious
Error: "Input to ChatPromptTemplate is missing variables {'word'}.  Expected: ['word'] Received: ['words']\nNote: if you intended {word} to be part of the string and not a variable, please escape it with double curly braces like: '{{word}}'.\nFor troubleshooting, visit: https://python.langchain.com/docs/troubleshooting/errors/INVALID_PROMPT_INPUT "

Content: precocious
Error: "Input to ChatPromptTemplate is missing variables {'word'}.  Expected: ['word'] Received: ['words']\nNote: if you intended {word} to be part of the string and not a variable, please escape it with double curly braces like: '{{word}}'.\nFor troubleshooting, visit: https://python.langchain.com/docs/troubleshooting/errors/INVALID_PROMPT_INPUT "

Content: precocious
Error: "Input to ChatPromptTemplate is missing variables {'word'}.  Expected: ['word'] Received: ['words']\nNote: if you intended {word} to be part of the string and not a variable, please escape it with double curly braces like: '{{word}}'.\nFor troubleshooting, visit: https://python.langchain.com/docs/troubleshooting/errors/INVALID_PROMPT_INPUT "

Content: avarice
Error: "Input to ChatPromptTemplate is missing variables {'word'}.  Expected: ['word'] Received: ['words']\nNote: if you intended {word} to be part of the string and not a variable, please escape it with double curly braces like: '{{word}}'.\nFor troubleshooting, visit: https://python.langchain.com/docs/troubleshooting/errors/INVALID_PROMPT_INPUT "

Content: inimical
Error: "Input to ChatPromptTemplate is missing variables {'word'}.  Expected: ['word'] Received: ['words']\nNote: if you intended {word} to be part of the string and not a variable, please escape it with double curly braces like: '{{word}}'.\nFor troubleshooting, visit: https://python.langchain.com/docs/troubleshooting/errors/INVALID_PROMPT_INPUT "

Content: perfidious
Error: "Input to ChatPromptTemplate is missing variables {'word'}.  Expected: ['word'] Received: ['words']\nNote: if you intended {word} to be part of the string and not a variable, please escape it with double curly braces like: '{{word}}'.\nFor troubleshooting, visit: https://python.langchain.com/docs/troubleshooting/errors/INVALID_PROMPT_INPUT "

Content: bombastic
Error: "Input to ChatPromptTemplate is missing variables {'word'}.  Expected: ['word'] Received: ['words']\nNote: if you intended {word} to be part of the string and not a variable, please escape it with double curly braces like: '{{word}}'.\nFor troubleshooting, visit: https://python.langchain.com/docs/troubleshooting/errors/INVALID_PROMPT_INPUT "

Content: vicissitude
Error: "Input to ChatPromptTemplate is missing variables {'word'}.  Expected: ['word'] Received: ['words']\nNote: if you intended {word} to be part of the string and not a variable, please escape it with double curly braces like: '{{word}}'.\nFor troubleshooting, visit: https://python.langchain.com/docs/troubleshooting/errors/INVALID_PROMPT_INPUT "

Content: salubrious
Error: "Input to ChatPromptTemplate is missing variables {'word'}.  Expected: ['word'] Received: ['words']\nNote: if you intended {word} to be part of the string and not a variable, please escape it with double curly braces like: '{{word}}'.\nFor troubleshooting, visit: https://python.langchain.com/docs/troubleshooting/errors/INVALID_PROMPT_INPUT "

Content: florid
Error: "Input to ChatPromptTemplate is missing variables {'word'}.  Expected: ['word'] Received: ['words']\nNote: if you intended {word} to be part of the string and not a variable, please escape it with double curly braces like: '{{word}}'.\nFor troubleshooting, visit: https://python.langchain.com/docs/troubleshooting/errors/INVALID_PROMPT_INPUT "

Content: redolent
Error: "Input to ChatPromptTemplate is missing variables {'word'}.  Expected: ['word'] Received: ['words']\nNote: if you intended {word} to be part of the string and not a variable, please escape it with double curly braces like: '{{word}}'.\nFor troubleshooting, visit: https://python.langchain.com/docs/troubleshooting/errors/INVALID_PROMPT_INPUT "

Content: diatribe
Error: "Input to ChatPromptTemplate is missing variables {'word'}.  Expected: ['word'] Received: ['words']\nNote: if you intended {word} to be part of the string and not a variable, please escape it with double curly braces like: '{{word}}'.\nFor troubleshooting, visit: https://python.langchain.com/docs/troubleshooting/errors/INVALID_PROMPT_INPUT "

Content: sagacious
Error: "Input to ChatPromptTemplate is missing variables {'word'}.  Expected: ['word'] Received: ['words']\nNote: if you intended {word} to be part of the string and not a variable, please escape it with double curly braces like: '{{word}}'.\nFor troubleshooting, visit: https://python.langchain.com/docs/troubleshooting/errors/INVALID_PROMPT_INPUT "

Content: bellicose
Error: "Input to ChatPromptTemplate is missing variables {'word'}.  Expected: ['word'] Received: ['words']\nNote: if you intended {word} to be part of the string and not a variable, please escape it with double curly braces like: '{{word}}'.\nFor troubleshooting, visit: https://python.langchain.com/docs/troubleshooting/errors/INVALID_PROMPT_INPUT "

Content: tantamount
Error: "Input to ChatPromptTemplate is missing variables {'word'}.  Expected: ['word'] Received: ['words']\nNote: if you intended {word} to be part of the string and not a variable, please escape it with double curly braces like: '{{word}}'.\nFor troubleshooting, visit: https://python.langchain.com/docs/troubleshooting/errors/INVALID_PROMPT_INPUT "

Content: legerdemain
Error: "Input to ChatPromptTemplate is missing variables {'word'}.  Expected: ['word'] Received: ['words']\nNote: if you intended {word} to be part of the string and not a variable, please escape it with double curly braces like: '{{word}}'.\nFor troubleshooting, visit: https://python.langchain.com/docs/troubleshooting/errors/INVALID_PROMPT_INPUT "

Content: inimical
Error: "Input to ChatPromptTemplate is missing variables {'word'}.  Expected: ['word'] Received: ['words']\nNote: if you intended {word} to be part of the string and not a variable, please escape it with double curly braces like: '{{word}}'.\nFor troubleshooting, visit: https://python.langchain.com/docs/troubleshooting/errors/INVALID_PROMPT_INPUT "

Content: esoteric
Error: "Input to ChatPromptTemplate is missing variables {'word'}.  Expected: ['word'] Received: ['words']\nNote: if you intended {word} to be part of the string and not a variable, please escape it with double curly braces like: '{{word}}'.\nFor troubleshooting, visit: https://python.langchain.com/docs/troubleshooting/errors/INVALID_PROMPT_INPUT "

Content: bellicose
Error: "Input to ChatPromptTemplate is missing variables {'word'}.  Expected: ['word'] Received: ['words']\nNote: if you intended {word} to be part of the string and not a variable, please escape it with double curly braces like: '{{word}}'.\nFor troubleshooting, visit: https://python.langchain.com/docs/troubleshooting/errors/INVALID_PROMPT_INPUT "

Content: didactic
Error: "Input to ChatPromptTemplate is missing variables {'word'}.  Expected: ['word'] Received: ['words']\nNote: if you intended {word} to be part of the string and not a variable, please escape it with double curly braces like: '{{word}}'.\nFor troubleshooting, visit: https://python.langchain.com/docs/troubleshooting/errors/INVALID_PROMPT_INPUT "

Content: deleterious
Error: "Input to ChatPromptTemplate is missing variables {'word'}.  Expected: ['word'] Received: ['words']\nNote: if you intended {word} to be part of the string and not a variable, please escape it with double curly braces like: '{{word}}'.\nFor troubleshooting, visit: https://python.langchain.com/docs/troubleshooting/errors/INVALID_PROMPT_INPUT "

Content: cacophony
Error: "Input to ChatPromptTemplate is missing variables {'word'}.  Expected: ['word'] Received: ['words']\nNote: if you intended {word} to be part of the string and not a variable, please escape it with double curly braces like: '{{word}}'.\nFor troubleshooting, visit: https://python.langchain.com/docs/troubleshooting/errors/INVALID_PROMPT_INPUT "

Content: unctuous
Error: "Input to ChatPromptTemplate is missing variables {'word'}.  Expected: ['word'] Received: ['words']\nNote: if you intended {word} to be part of the string and not a variable, please escape it with double curly braces like: '{{word}}'.\nFor troubleshooting, visit: https://python.langchain.com/docs/troubleshooting/errors/INVALID_PROMPT_INPUT "

Content: egregious
Error: "Input to ChatPromptTemplate is missing variables {'word'}.  Expected: ['word'] Received: ['words']\nNote: if you intended {word} to be part of the string and not a variable, please escape it with double curly braces like: '{{word}}'.\nFor troubleshooting, visit: https://python.langchain.com/docs/troubleshooting/errors/INVALID_PROMPT_INPUT "

Content: obdurate
Error: "Input to ChatPromptTemplate is missing variables {'word'}.  Expected: ['word'] Received: ['words']\nNote: if you intended {word} to be part of the string and not a variable, please escape it with double curly braces like: '{{word}}'.\nFor troubleshooting, visit: https://python.langchain.com/docs/troubleshooting/errors/INVALID_PROMPT_INPUT "

Content: cacophony
Error: "Input to ChatPromptTemplate is missing variables {'word'}.  Expected: ['word'] Received: ['words']\nNote: if you intended {word} to be part of the string and not a variable, please escape it with double curly braces like: '{{word}}'.\nFor troubleshooting, visit: https://python.langchain.com/docs/troubleshooting/errors/INVALID_PROMPT_INPUT "

Content: nefarious
Error: "Input to ChatPromptTemplate is missing variables {'word'}.  Expected: ['word'] Received: ['words']\nNote: if you intended {word} to be part of the string and not a variable, please escape it with double curly braces like: '{{word}}'.\nFor troubleshooting, visit: https://python.langchain.com/docs/troubleshooting/errors/INVALID_PROMPT_INPUT "

Content: iconoclast
Error: "Input to ChatPromptTemplate is missing variables {'word'}.  Expected: ['word'] Received: ['words']\nNote: if you intended {word} to be part of the string and not a variable, please escape it with double curly braces like: '{{word}}'.\nFor troubleshooting, visit: https://python.langchain.com/docs/troubleshooting/errors/INVALID_PROMPT_INPUT "

Content: conflagration
Error: "Input to ChatPromptTemplate is missing variables {'word'}.  Expected: ['word'] Received: ['words']\nNote: if you intended {word} to be part of the string and not a variable, please escape it with double curly braces like: '{{word}}'.\nFor troubleshooting, visit: https://python.langchain.com/docs/troubleshooting/errors/INVALID_PROMPT_INPUT "

Content: vociferous
Error: "Input to ChatPromptTemplate is missing variables {'word'}.  Expected: ['word'] Received: ['words']\nNote: if you intended {word} to be part of the string and not a variable, please escape it with double curly braces like: '{{word}}'.\nFor troubleshooting, visit: https://python.langchain.com/docs/troubleshooting/errors/INVALID_PROMPT_INPUT "

Content: approbation
Error: "Input to ChatPromptTemplate is missing variables {'word'}.  Expected: ['word'] Received: ['words']\nNote: if you intended {word} to be part of the string and not a variable, please escape it with double curly braces like: '{{word}}'.\nFor troubleshooting, visit: https://python.langchain.com/docs/troubleshooting/errors/INVALID_PROMPT_INPUT "

Content: scurrilous
Error: "Input to ChatPromptTemplate is missing variables {'word'}.  Expected: ['word'] Received: ['words']\nNote: if you intended {word} to be part of the string and not a variable, please escape it with double curly braces like: '{{word}}'.\nFor troubleshooting, visit: https://python.langchain.com/docs/troubleshooting/errors/INVALID_PROMPT_INPUT "

Content: inscrutable
Error: "Input to ChatPromptTemplate is missing variables {'word'}.  Expected: ['word'] Received: ['words']\nNote: if you intended {word} to be part of the string and not a variable, please escape it with double curly braces like: '{{word}}'.\nFor troubleshooting, visit: https://python.langchain.com/docs/troubleshooting/errors/INVALID_PROMPT_INPUT "

Content: vicissitude
Error: "Input to ChatPromptTemplate is missing variables {'word'}.  Expected: ['word'] Received: ['words']\nNote: if you intended {word} to be part of the string and not a variable, please escape it with double curly braces like: '{{word}}'.\nFor troubleshooting, visit: https://python.langchain.com/docs/troubleshooting/errors/INVALID_PROMPT_INPUT "

Content: aplomb
Error: "Input to ChatPromptTemplate is missing variables {'word'}.  Expected: ['word'] Received: ['words']\nNote: if you intended {word} to be part of the string and not a variable, please escape it with double curly braces like: '{{word}}'.\nFor troubleshooting, visit: https://python.langchain.com/docs/troubleshooting/errors/INVALID_PROMPT_INPUT "

Content: effervescent
Error: "Input to ChatPromptTemplate is missing variables {'word'}.  Expected: ['word'] Received: ['words']\nNote: if you intended {word} to be part of the string and not a variable, please escape it with double curly braces like: '{{word}}'.\nFor troubleshooting, visit: https://python.langchain.com/docs/troubleshooting/errors/INVALID_PROMPT_INPUT "

Content: taciturn
Error: "Input to ChatPromptTemplate is missing variables {'word'}.  Expected: ['word'] Received: ['words']\nNote: if you intended {word} to be part of the string and not a variable, please escape it with double curly braces like: '{{word}}'.\nFor troubleshooting, visit: https://python.langchain.com/docs/troubleshooting/errors/INVALID_PROMPT_INPUT "

Content: invective
Error: "Input to ChatPromptTemplate is missing variables {'word'}.  Expected: ['word'] Received: ['words']\nNote: if you intended {word} to be part of the string and not a variable, please escape it with double curly braces like: '{{word}}'.\nFor troubleshooting, visit: https://python.langchain.com/docs/troubleshooting/errors/INVALID_PROMPT_INPUT "

Content: loquacious
Error: "Input to ChatPromptTemplate is missing variables {'word'}.  Expected: ['word'] Received: ['words']\nNote: if you intended {word} to be part of the string and not a variable, please escape it with double curly braces like: '{{word}}'.\nFor troubleshooting, visit: https://python.langchain.com/docs/troubleshooting/errors/INVALID_PROMPT_INPUT "

Content: unctuous
Error: "Input to ChatPromptTemplate is missing variables {'word'}.  Expected: ['word'] Received: ['words']\nNote: if you intended {word} to be part of the string and not a variable, please escape it with double curly braces like: '{{word}}'.\nFor troubleshooting, visit: https://python.langchain.com/docs/troubleshooting/errors/INVALID_PROMPT_INPUT "

Content: fastidious
Error: "Input to ChatPromptTemplate is missing variables {'word'}.  Expected: ['word'] Received: ['words']\nNote: if you intended {word} to be part of the string and not a variable, please escape it with double curly braces like: '{{word}}'.\nFor troubleshooting, visit: https://python.langchain.com/docs/troubleshooting/errors/INVALID_PROMPT_INPUT "

Content: inchoate
Error: "Input to ChatPromptTemplate is missing variables {'word'}.  Expected: ['word'] Received: ['words']\nNote: if you intended {word} to be part of the string and not a variable, please escape it with double curly braces like: '{{word}}'.\nFor troubleshooting, visit: https://python.langchain.com/docs/troubleshooting/errors/INVALID_PROMPT_INPUT "

Content: redolent
Error: "Input to ChatPromptTemplate is missing variables {'word'}.  Expected: ['word'] Received: ['words']\nNote: if you intended {word} to be part of the string and not a variable, please escape it with double curly braces like: '{{word}}'.\nFor troubleshooting, visit: https://python.langchain.com/docs/troubleshooting/errors/INVALID_PROMPT_INPUT "

Content: temerity
Error: "Input to ChatPromptTemplate is missing variables {'word'}.  Expected: ['word'] Received: ['words']\nNote: if you intended {word} to be part of the string and not a variable, please escape it with double curly braces like: '{{word}}'.\nFor troubleshooting, visit: https://python.langchain.com/docs/troubleshooting/errors/INVALID_PROMPT_INPUT "

Content: inchoate
Error: "Input to ChatPromptTemplate is missing variables {'word'}.  Expected: ['word'] Received: ['words']\nNote: if you intended {word} to be part of the string and not a variable, please escape it with double curly braces like: '{{word}}'.\nFor troubleshooting, visit: https://python.langchain.com/docs/troubleshooting/errors/INVALID_PROMPT_INPUT "

Content: aplomb
Error: "Input to ChatPromptTemplate is missing variables {'word'}.  Expected: ['word'] Received: ['words']\nNote: if you intended {word} to be part of the string and not a variable, please escape it with double curly braces like: '{{word}}'.\nFor troubleshooting, visit: https://python.langchain.com/docs/troubleshooting/errors/INVALID_PROMPT_INPUT "

Content: panacea
Error: "Input to ChatPromptTemplate is missing variables {'word'}.  Expected: ['word'] Received: ['words']\nNote: if you intended {word} to be part of the string and not a variable, please escape it with double curly braces like: '{{word}}'.\nFor troubleshooting, visit: https://python.langchain.com/docs/troubleshooting/errors/INVALID_PROMPT_INPUT "

Content: proclivity
Error: "Input to ChatPromptTemplate is missing variables {'word'}.  Expected: ['word'] Received: ['words']\nNote: if you intended {word} to be part of the string and not a variable, please escape it with double curly braces like: '{{word}}'.\nFor troubleshooting, visit: https://python.langchain.com/docs/troubleshooting/errors/INVALID_PROMPT_INPUT "

Content: equanimity
Error: "Input to ChatPromptTemplate is missing variables {'word'}.  Expected: ['word'] Received: ['words']\nNote: if you intended {word} to be part of the string and not a variable, please escape it with double curly braces like: '{{word}}'.\nFor troubleshooting, visit: https://python.langchain.com/docs/troubleshooting/errors/INVALID_PROMPT_INPUT "

Content: evanescent
Error: "Input to ChatPromptTemplate is missing variables {'word'}.  Expected: ['word'] Received: ['words']\nNote: if you intended {word} to be part of the string and not a variable, please escape it with double curly braces like: '{{word}}'.\nFor troubleshooting, visit: https://python.langchain.com/docs/troubleshooting/errors/INVALID_PROMPT_INPUT "

Content: staid
Error: "Input to ChatPromptTemplate is missing variables {'word'}.  Expected: ['word'] Received: ['words']\nNote: if you intended {word} to be part of the string and not a variable, please escape it with double curly braces like: '{{word}}'.\nFor troubleshooting, visit: https://python.langchain.com/docs/troubleshooting/errors/INVALID_PROMPT_INPUT "

Content: upbraid
Error: "Input to ChatPromptTemplate is missing variables {'word'}.  Expected: ['word'] Received: ['words']\nNote: if you intended {word} to be part of the string and not a variable, please escape it with double curly braces like: '{{word}}'.\nFor troubleshooting, visit: https://python.langchain.com/docs/troubleshooting/errors/INVALID_PROMPT_INPUT "

Content: bombastic
Error: "Input to ChatPromptTemplate is missing variables {'word'}.  Expected: ['word'] Received: ['words']\nNote: if you intended {word} to be part of the string and not a variable, please escape it with double curly braces like: '{{word}}'.\nFor troubleshooting, visit: https://python.langchain.com/docs/troubleshooting/errors/INVALID_PROMPT_INPUT "

Content: anathema
Error: "Input to ChatPromptTemplate is missing variables {'word'}.  Expected: ['word'] Received: ['words']\nNote: if you intended {word} to be part of the string and not a variable, please escape it with double curly braces like: '{{word}}'.\nFor troubleshooting, visit: https://python.langchain.com/docs/troubleshooting/errors/INVALID_PROMPT_INPUT "

Content: cacophony
Error: "Input to ChatPromptTemplate is missing variables {'word'}.  Expected: ['word'] Received: ['words']\nNote: if you intended {word} to be part of the string and not a variable, please escape it with double curly braces like: '{{word}}'.\nFor troubleshooting, visit: https://python.langchain.com/docs/troubleshooting/errors/INVALID_PROMPT_INPUT "

Content: ascetic
Error: "Input to ChatPromptTemplate is missing variables {'word'}.  Expected: ['word'] Received: ['words']\nNote: if you intended {word} to be part of the string and not a variable, please escape it with double curly braces like: '{{word}}'.\nFor troubleshooting, visit: https://python.langchain.com/docs/troubleshooting/errors/INVALID_PROMPT_INPUT "

Content: winsome
Error: "Input to ChatPromptTemplate is missing variables {'word'}.  Expected: ['word'] Received: ['words']\nNote: if you intended {word} to be part of the string and not a variable, please escape it with double curly braces like: '{{word}}'.\nFor troubleshooting, visit: https://python.langchain.com/docs/troubleshooting/errors/INVALID_PROMPT_INPUT "

Content: enervate
Error: "Input to ChatPromptTemplate is missing variables {'word'}.  Expected: ['word'] Received: ['words']\nNote: if you intended {word} to be part of the string and not a variable, please escape it with double curly braces like: '{{word}}'.\nFor troubleshooting, visit: https://python.langchain.com/docs/troubleshooting/errors/INVALID_PROMPT_INPUT "

Content: conflagration
Error: "Input to ChatPromptTemplate is missing variables {'word'}.  Expected: ['word'] Received: ['words']\nNote: if you intended {word} to be part of the string and not a variable, please escape it with double curly braces like: '{{word}}'.\nFor troubleshooting, visit: https://python.langchain.com/docs/troubleshooting/errors/INVALID_PROMPT_INPUT "

Content: munificent
Error: "Input to ChatPromptTemplate is missing variables {'word'}.  Expected: ['word'] Received: ['words']\nNote: if you intended {word} to be part of the string and not a variable, please escape it with double curly braces like: '{{word}}'.\nFor troubleshooting, visit: https://python.langchain.com/docs/troubleshooting/errors/INVALID_PROMPT_INPUT "

Content: conflagration
Error: "Input to ChatPromptTemplate is missing variables {'word'}.  Expected: ['word'] Received: ['words']\nNote: if you intended {word} to be part of the string and not a variable, please escape it with double curly braces like: '{{word}}'.\nFor troubleshooting, visit: https://python.langchain.com/docs/troubleshooting/errors/INVALID_PROMPT_INPUT "

Content: demagogue
Error: "Input to ChatPromptTemplate is missing variables {'word'}.  Expected: ['word'] Received: ['words']\nNote: if you intended {word} to be part of the string and not a variable, please escape it with double curly braces like: '{{word}}'.\nFor troubleshooting, visit: https://python.langchain.com/docs/troubleshooting/errors/INVALID_PROMPT_INPUT "

Content: precocious
Error: "Input to ChatPromptTemplate is missing variables {'word'}.  Expected: ['word'] Received: ['words']\nNote: if you intended {word} to be part of the string and not a variable, please escape it with double curly braces like: '{{word}}'.\nFor troubleshooting, visit: https://python.langchain.com/docs/troubleshooting/errors/INVALID_PROMPT_INPUT "

Content: capitulate
Error: "Input to ChatPromptTemplate is missing variables {'word'}.  Expected: ['word'] Received: ['words']\nNote: if you intended {word} to be part of the string and not a variable, please escape it with double curly braces like: '{{word}}'.\nFor troubleshooting, visit: https://python.langchain.com/docs/troubleshooting/errors/INVALID_PROMPT_INPUT "

Content: sagacious
Error: "Input to ChatPromptTemplate is missing variables {'word'}.  Expected: ['word'] Received: ['words']\nNote: if you intended {word} to be part of the string and not a variable, please escape it with double curly braces like: '{{word}}'.\nFor troubleshooting, visit: https://python.langchain.com/docs/troubleshooting/errors/INVALID_PROMPT_INPUT "

Content: disparate
Error: "Input to ChatPromptTemplate is missing variables {'word'}.  Expected: ['word'] Received: ['words']\nNote: if you intended {word} to be part of the string and not a variable, please escape it with double curly braces like: '{{word}}'.\nFor troubleshooting, visit: https://python.langchain.com/docs/troubleshooting/errors/INVALID_PROMPT_INPUT "

Content: beguile
Error: "Input to ChatPromptTemplate is missing variables {'word'}.  Expected: ['word'] Received: ['words']\nNote: if you intended {word} to be part of the string and not a variable, please escape it with double curly braces like: '{{word}}'.\nFor troubleshooting, visit: https://python.langchain.com/docs/troubleshooting/errors/INVALID_PROMPT_INPUT "

Content: grandiloquent
Error: "Input to ChatPromptTemplate is missing variables {'word'}.  Expected: ['word'] Received: ['words']\nNote: if you intended {word} to be part of the string and not a variable, please escape it with double curly braces like: '{{word}}'.\nFor troubleshooting, visit: https://python.langchain.com/docs/troubleshooting/errors/INVALID_PROMPT_INPUT "

Content: demagogue
Error: "Input to ChatPromptTemplate is missing variables {'word'}.  Expected: ['word'] Received: ['words']\nNote: if you intended {word} to be part of the string and not a variable, please escape it with double curly braces like: '{{word}}'.\nFor troubleshooting, visit: https://python.langchain.com/docs/troubleshooting/errors/INVALID_PROMPT_INPUT "

Content: mendacious
Error: "Input to ChatPromptTemplate is missing variables {'word'}.  Expected: ['word'] Received: ['words']\nNote: if you intended {word} to be part of the string and not a variable, please escape it with double curly braces like: '{{word}}'.\nFor troubleshooting, visit: https://python.langchain.com/docs/troubleshooting/errors/INVALID_PROMPT_INPUT "

Content: enervate
Error: "Input to ChatPromptTemplate is missing variables {'word'}.  Expected: ['word'] Received: ['words']\nNote: if you intended {word} to be part of the string and not a variable, please escape it with double curly braces like: '{{word}}'.\nFor troubleshooting, visit: https://python.langchain.com/docs/troubleshooting/errors/INVALID_PROMPT_INPUT "

Content: precocious
Error: "Input to ChatPromptTemplate is missing variables {'word'}.  Expected: ['word'] Received: ['words']\nNote: if you intended {word} to be part of the string and not a variable, please escape it with double curly braces like: '{{word}}'.\nFor troubleshooting, visit: https://python.langchain.com/docs/troubleshooting/errors/INVALID_PROMPT_INPUT "

Content: anathema
Error: "Input to ChatPromptTemplate is missing variables {'word'}.  Expected: ['word'] Received: ['words']\nNote: if you intended {word} to be part of the string and not a variable, please escape it with double curly braces like: '{{word}}'.\nFor troubleshooting, visit: https://python.langchain.com/docs/troubleshooting/errors/INVALID_PROMPT_INPUT "

Content: equanimity
Error: "Input to ChatPromptTemplate is missing variables {'word'}.  Expected: ['word'] Received: ['words']\nNote: if you intended {word} to be part of the string and not a variable, please escape it with double curly braces like: '{{word}}'.\nFor troubleshooting, visit: https://python.langchain.com/docs/troubleshooting/errors/INVALID_PROMPT_INPUT "

Content: perspicacious
Error: "Input to ChatPromptTemplate is missing variables {'word'}.  Expected: ['word'] Received: ['words']\nNote: if you intended {word} to be part of the string and not a variable, please escape it with double curly braces like: '{{word}}'.\nFor troubleshooting, visit: https://python.langchain.com/docs/troubleshooting/errors/INVALID_PROMPT_INPUT "

Content: ubiquitous
Error: "Input to ChatPromptTemplate is missing variables {'word'}.  Expected: ['word'] Received: ['words']\nNote: if you intended {word} to be part of the string and not a variable, please escape it with double curly braces like: '{{word}}'.\nFor troubleshooting, visit: https://python.langchain.com/docs/troubleshooting/errors/INVALID_PROMPT_INPUT "

Content: evanescent
Error: "Input to ChatPromptTemplate is missing variables {'word'}.  Expected: ['word'] Received: ['words']\nNote: if you intended {word} to be part of the string and not a variable, please escape it with double curly braces like: '{{word}}'.\nFor troubleshooting, visit: https://python.langchain.com/docs/troubleshooting/errors/INVALID_PROMPT_INPUT "

Content: winsome
Error: "Input to ChatPromptTemplate is missing variables {'word'}.  Expected: ['word'] Received: ['words']\nNote: if you intended {word} to be part of the string and not a variable, please escape it with double curly braces like: '{{word}}'.\nFor troubleshooting, visit: https://python.langchain.com/docs/troubleshooting/errors/INVALID_PROMPT_INPUT "

Content: inimical
Error: "Input to ChatPromptTemplate is missing variables {'word'}.  Expected: ['word'] Received: ['words']\nNote: if you intended {word} to be part of the string and not a variable, please escape it with double curly braces like: '{{word}}'.\nFor troubleshooting, visit: https://python.langchain.com/docs/troubleshooting/errors/INVALID_PROMPT_INPUT "

Content: staid
Error: "Input to ChatPromptTemplate is missing variables {'word'}.  Expected: ['word'] Received: ['words']\nNote: if you intended {word} to be part of the string and not a variable, please escape it with double curly braces like: '{{word}}'.\nFor troubleshooting, visit: https://python.langchain.com/docs/troubleshooting/errors/INVALID_PROMPT_INPUT "

Content: salubrious
Error: "Input to ChatPromptTemplate is missing variables {'word'}.  Expected: ['word'] Received: ['words']\nNote: if you intended {word} to be part of the string and not a variable, please escape it with double curly braces like: '{{word}}'.\nFor troubleshooting, visit: https://python.langchain.com/docs/troubleshooting/errors/INVALID_PROMPT_INPUT "

Content: scurrilous
Error: "Input to ChatPromptTemplate is missing variables {'word'}.  Expected: ['word'] Received: ['words']\nNote: if you intended {word} to be part of the string and not a variable, please escape it with double curly braces like: '{{word}}'.\nFor troubleshooting, visit: https://python.langchain.com/docs/troubleshooting/errors/INVALID_PROMPT_INPUT "

Content: perspicacious
Error: "Input to ChatPromptTemplate is missing variables {'word'}.  Expected: ['word'] Received: ['words']\nNote: if you intended {word} to be part of the string and not a variable, please escape it with double curly braces like: '{{word}}'.\nFor troubleshooting, visit: https://python.langchain.com/docs/troubleshooting/errors/INVALID_PROMPT_INPUT "

Content: strident
Error: "Input to ChatPromptTemplate is missing variables {'word'}.  Expected: ['word'] Received: ['words']\nNote: if you intended {word} to be part of the string and not a variable, please escape it with double curly braces like: '{{word}}'.\nFor troubleshooting, visit: https://python.langchain.com/docs/troubleshooting/errors/INVALID_PROMPT_INPUT "

Content: impecunious
Error: "Input to ChatPromptTemplate is missing variables {'word'}.  Expected: ['word'] Received: ['words']\nNote: if you intended {word} to be part of the string and not a variable, please escape it with double curly braces like: '{{word}}'.\nFor troubleshooting, visit: https://python.langchain.com/docs/troubleshooting/errors/INVALID_PROMPT_INPUT "

Content: evanescent
Error: "Input to ChatPromptTemplate is missing variables {'word'}.  Expected: ['word'] Received: ['words']\nNote: if you intended {word} to be part of the string and not a variable, please escape it with double curly braces like: '{{word}}'.\nFor troubleshooting, visit: https://python.langchain.com/docs/troubleshooting/errors/INVALID_PROMPT_INPUT "

Content: inimical
Error: "Input to ChatPromptTemplate is missing variables {'word'}.  Expected: ['word'] Received: ['words']\nNote: if you intended {word} to be part of the string and not a variable, please escape it with double curly braces like: '{{word}}'.\nFor troubleshooting, visit: https://python.langchain.com/docs/troubleshooting/errors/INVALID_PROMPT_INPUT "

Content: turgid
Error: "Input to ChatPromptTemplate is missing variables {'word'}.  Expected: ['word'] Received: ['words']\nNote: if you intended {word} to be part of the string and not a variable, please escape it with double curly braces like: '{{word}}'.\nFor troubleshooting, visit: https://python.langchain.com/docs/troubleshooting/errors/INVALID_PROMPT_INPUT "

Content: vociferous
Error: "Input to ChatPromptTemplate is missing variables {'word'}.  Expected: ['word'] Received: ['words']\nNote: if you intended {word} to be part of the string and not a variable, please escape it with double curly braces like: '{{word}}'.\nFor troubleshooting, visit: https://python.langchain.com/docs/troubleshooting/errors/INVALID_PROMPT_INPUT "

Content: salubrious
Error: "Input to ChatPromptTemplate is missing variables {'word'}.  Expected: ['word'] Received: ['words']\nNote: if you intended {word} to be part of the string and not a variable, please escape it with double curly braces like: '{{word}}'.\nFor troubleshooting, visit: https://python.langchain.com/docs/troubleshooting/errors/INVALID_PROMPT_INPUT "

Content: disparate
Error: "Input to ChatPromptTemplate is missing variables {'word'}.  Expected: ['word'] Received: ['words']\nNote: if you intended {word} to be part of the string and not a variable, please escape it with double curly braces like: '{{word}}'.\nFor troubleshooting, visit: https://python.langchain.com/docs/troubleshooting/errors/INVALID_PROMPT_INPUT "

Content: capitulate
Error: "Input to ChatPromptTemplate is missing variables {'word'}.  Expected: ['word'] Received: ['words']\nNote: if you intended {word} to be part of the string and not a variable, please escape it with double curly braces like: '{{word}}'.\nFor troubleshooting, visit: https://python.langchain.com/docs/troubleshooting/errors/INVALID_PROMPT_INPUT "

Content: fractious
Error: "Input to ChatPromptTemplate is missing variables {'word'}.  Expected: ['word'] Received: ['words']\nNote: if you intended {word} to be part of the string and not a variable, please escape it with double curly braces like: '{{word}}'.\nFor troubleshooting, visit: https://python.langchain.com/docs/troubleshooting/errors/INVALID_PROMPT_INPUT "

Content: effervescent
Error: "Input to ChatPromptTemplate is missing variables {'word'}.  Expected: ['word'] Received: ['words']\nNote: if you intended {word} to be part of the string and not a variable, please escape it with double curly braces like: '{{word}}'.\nFor troubleshooting, visit: https://python.langchain.com/docs/troubleshooting/errors/INVALID_PROMPT_INPUT "

Content: assiduous
Error: "Input to ChatPromptTemplate is missing variables {'word'}.  Expected: ['word'] Received: ['words']\nNote: if you intended {word} to be part of the string and not a variable, please escape it with double curly braces like: '{{word}}'.\nFor troubleshooting, visit: https://python.langchain.com/docs/troubleshooting/errors/INVALID_PROMPT_INPUT "

Content: aplomb
Error: "Input to ChatPromptTemplate is missing variables {'word'}.  Expected: ['word'] Received: ['words']\nNote: if you intended {word} to be part of the string and not a variable, please escape it with double curly braces like: '{{word}}'.\nFor troubleshooting, visit: https://python.langchain.com/docs/troubleshooting/errors/INVALID_PROMPT_INPUT "

Content: effervescent
Error: "Input to ChatPromptTemplate is missing variables {'word'}.  Expected: ['word'] Received: ['words']\nNote: if you intended {word} to be part of the string and not a variable, please escape it with double curly braces like: '{{word}}'.\nFor troubleshooting, visit: https://python.langchain.com/docs/troubleshooting/errors/INVALID_PROMPT_INPUT "

Content: egregious
Error: "Input to ChatPromptTemplate is missing variables {'word'}.  Expected: ['word'] Received: ['words']\nNote: if you intended {word} to be part of the string and not a variable, please escape it with double curly braces like: '{{word}}'.\nFor troubleshooting, visit: https://python.langchain.com/docs/troubleshooting/errors/INVALID_PROMPT_INPUT "

Content: temerity
Error: "Input to ChatPromptTemplate is missing variables {'word'}.  Expected: ['word'] Received: ['words']\nNote: if you intended {word} to be part of the string and not a variable, please escape it with double curly braces like: '{{word}}'.\nFor troubleshooting, visit: https://python.langchain.com/docs/troubleshooting/errors/INVALID_PROMPT_INPUT "

Content: lachrymose
Error: "Input to ChatPromptTemplate is missing variables {'word'}.  Expected: ['word'] Received: ['words']\nNote: if you intended {word} to be part of the string and not a variable, please escape it with double curly braces like: '{{word}}'.\nFor troubleshooting, visit: https://python.langchain.com/docs/troubleshooting/errors/INVALID_PROMPT_INPUT "

Content: loquacious
Error: "Input to ChatPromptTemplate is missing variables {'word'}.  Expected: ['word'] Received: ['words']\nNote: if you intended {word} to be part of the string and not a variable, please escape it with double curly braces like: '{{word}}'.\nFor troubleshooting, visit: https://python.langchain.com/docs/troubleshooting/errors/INVALID_PROMPT_INPUT "

Content: obsequious
Error: "Input to ChatPromptTemplate is missing variables {'word'}.  Expected: ['word'] Received: ['words']\nNote: if you intended {word} to be part of the string and not a variable, please escape it with double curly braces like: '{{word}}'.\nFor troubleshooting, visit: https://python.langchain.com/docs/troubleshooting/errors/INVALID_PROMPT_INPUT "

Content: supercilious
Error: "Input to ChatPromptTemplate is missing variables {'word'}.  Expected: ['word'] Received: ['words']\nNote: if you intended {word} to be part of the string and not a variable, please escape it with double curly braces like: '{{word}}'.\nFor troubleshooting, visit: https://python.langchain.com/docs/troubleshooting/errors/INVALID_PROMPT_INPUT "

Content: sanguine
Error: "Input to ChatPromptTemplate is missing variables {'word'}.  Expected: ['word'] Received: ['words']\nNote: if you intended {word} to be part of the string and not a variable, please escape it with double curly braces like: '{{word}}'.\nFor troubleshooting, visit: https://python.langchain.com/docs/troubleshooting/errors/INVALID_PROMPT_INPUT "

Content: nefarious
Error: "Input to ChatPromptTemplate is missing variables {'word'}.  Expected: ['word'] Received: ['words']\nNote: if you intended {word} to be part of the string and not a variable, please escape it with double curly braces like: '{{word}}'.\nFor troubleshooting, visit: https://python.langchain.com/docs/troubleshooting/errors/INVALID_PROMPT_INPUT "

Content: tantamount
Error: "Input to ChatPromptTemplate is missing variables {'word'}.  Expected: ['word'] Received: ['words']\nNote: if you intended {word} to be part of the string and not a variable, please escape it with double curly braces like: '{{word}}'.\nFor troubleshooting, visit: https://python.langchain.com/docs/troubleshooting/errors/INVALID_PROMPT_INPUT "

Content: evanescent
Error: "Input to ChatPromptTemplate is missing variables {'word'}.  Expected: ['word'] Received: ['words']\nNote: if you intended {word} to be part of the string and not a variable, please escape it with double curly braces like: '{{word}}'.\nFor troubleshooting, visit: https://python.langchain.com/docs/troubleshooting/errors/INVALID_PROMPT_INPUT "

Content: grandiloquent
Error: "Input to ChatPromptTemplate is missing variables {'word'}.  Expected: ['word'] Received: ['words']\nNote: if you intended {word} to be part of the string and not a variable, please escape it with double curly braces like: '{{word}}'.\nFor troubleshooting, visit: https://python.langchain.com/docs/troubleshooting/errors/INVALID_PROMPT_INPUT "

Content: obsequious
Error: "Input to ChatPromptTemplate is missing variables {'word'}.  Expected: ['word'] Received: ['words']\nNote: if you intended {word} to be part of the string and not a variable, please escape it with double curly braces like: '{{word}}'.\nFor troubleshooting, visit: https://python.langchain.com/docs/troubleshooting/errors/INVALID_PROMPT_INPUT "

Content: vicarious
Error: "Input to ChatPromptTemplate is missing variables {'word'}.  Expected: ['word'] Received: ['words']\nNote: if you intended {word} to be part of the string and not a variable, please escape it with double curly braces like: '{{word}}'.\nFor troubleshooting, visit: https://python.langchain.com/docs/troubleshooting/errors/INVALID_PROMPT_INPUT "

Content: ascetic
Error: "Input to ChatPromptTemplate is missing variables {'word'}.  Expected: ['word'] Received: ['words']\nNote: if you intended {word} to be part of the string and not a variable, please escape it with double curly braces like: '{{word}}'.\nFor troubleshooting, visit: https://python.langchain.com/docs/troubleshooting/errors/INVALID_PROMPT_INPUT "

Content: garrulous
Error: "Input to ChatPromptTemplate is missing variables {'word'}.  Expected: ['word'] Received: ['words']\nNote: if you intended {word} to be part of the string and not a variable, please escape it with double curly braces like: '{{word}}'.\nFor troubleshooting, visit: https://python.langchain.com/docs/troubleshooting/errors/INVALID_PROMPT_INPUT "

Content: panacea
Error: "Input to ChatPromptTemplate is missing variables {'word'}.  Expected: ['word'] Received: ['words']\nNote: if you intended {word} to be part of the string and not a variable, please escape it with double curly braces like: '{{word}}'.\nFor troubleshooting, visit: https://python.langchain.com/docs/troubleshooting/errors/INVALID_PROMPT_INPUT "

Content: beguile
Error: "Input to ChatPromptTemplate is missing variables {'word'}.  Expected: ['word'] Received: ['words']\nNote: if you intended {word} to be part of the string and not a variable, please escape it with double curly braces like: '{{word}}'.\nFor troubleshooting, visit: https://python.langchain.com/docs/troubleshooting/errors/INVALID_PROMPT_INPUT "

Content: vicarious
Error: "Input to ChatPromptTemplate is missing variables {'word'}.  Expected: ['word'] Received: ['words']\nNote: if you intended {word} to be part of the string and not a variable, please escape it with double curly braces like: '{{word}}'.\nFor troubleshooting, visit: https://python.langchain.com/docs/troubleshooting/errors/INVALID_PROMPT_INPUT "

Content: aplomb
Error: "Input to ChatPromptTemplate is missing variables {'word'}.  Expected: ['word'] Received: ['words']\nNote: if you intended {word} to be part of the string and not a variable, please escape it with double curly braces like: '{{word}}'.\nFor troubleshooting, visit: https://python.langchain.com/docs/troubleshooting/errors/INVALID_PROMPT_INPUT "

Content: conflagration
Error: "Input to ChatPromptTemplate is missing variables {'word'}.  Expected: ['word'] Received: ['words']\nNote: if you intended {word} to be part of the string and not a variable, please escape it with double curly braces like: '{{word}}'.\nFor troubleshooting, visit: https://python.langchain.com/docs/troubleshooting/errors/INVALID_PROMPT_INPUT "

Content: avarice
Error: "Input to ChatPromptTemplate is missing variables {'word'}.  Expected: ['word'] Received: ['words']\nNote: if you intended {word} to be part of the string and not a variable, please escape it with double curly braces like: '{{word}}'.\nFor troubleshooting, visit: https://python.langchain.com/docs/troubleshooting/errors/INVALID_PROMPT_INPUT "

Content: aberration
Error: "Input to ChatPromptTemplate is missing variables {'word'}.  Expected: ['word'] Received: ['words']\nNote: if you intended {word} to be part of the string and not a variable, please escape it with double curly braces like: '{{word}}'.\nFor troubleshooting, visit: https://python.langchain.com/docs/troubleshooting/errors/INVALID_PROMPT_INPUT "

Content: garrulous
Error: "Input to ChatPromptTemplate is missing variables {'word'}.  Expected: ['word'] Received: ['words']\nNote: if you intended {word} to be part of the string and not a variable, please escape it with double curly braces like: '{{word}}'.\nFor troubleshooting, visit: https://python.langchain.com/docs/troubleshooting/errors/INVALID_PROMPT_INPUT "

Content: unctuous
Error: "Input to ChatPromptTemplate is missing variables {'word'}.  Expected: ['word'] Received: ['words']\nNote: if you intended {word} to be part of the string and not a variable, please escape it with double curly braces like: '{{word}}'.\nFor troubleshooting, visit: https://python.langchain.com/docs/troubleshooting/errors/INVALID_PROMPT_INPUT "

Content: supercilious
Error: "Input to ChatPromptTemplate is missing variables {'word'}.  Expected: ['word'] Received: ['words']\nNote: if you intended {word} to be part of the string and not a variable, please escape it with double curly braces like: '{{word}}'.\nFor troubleshooting, visit: https://python.langchain.com/docs/troubleshooting/errors/INVALID_PROMPT_INPUT "

Content: precocious
Error: "Input to ChatPromptTemplate is missing variables {'word'}.  Expected: ['word'] Received: ['words']\nNote: if you intended {word} to be part of the string and not a variable, please escape it with double curly braces like: '{{word}}'.\nFor troubleshooting, visit: https://python.langchain.com/docs/troubleshooting/errors/INVALID_PROMPT_INPUT "

Content: inscrutable
Error: "Input to ChatPromptTemplate is missing variables {'word'}.  Expected: ['word'] Received: ['words']\nNote: if you intended {word} to be part of the string and not a variable, please escape it with double curly braces like: '{{word}}'.\nFor troubleshooting, visit: https://python.langchain.com/docs/troubleshooting/errors/INVALID_PROMPT_INPUT "

Content: vociferous
Error: "Input to ChatPromptTemplate is missing variables {'word'}.  Expected: ['word'] Received: ['words']\nNote: if you intended {word} to be part of the string and not a variable, please escape it with double curly braces like: '{{word}}'.\nFor troubleshooting, visit: https://python.langchain.com/docs/troubleshooting/errors/INVALID_PROMPT_INPUT "

Content: equanimity
Error: "Input to ChatPromptTemplate is missing variables {'word'}.  Expected: ['word'] Received: ['words']\nNote: if you intended {word} to be part of the string and not a variable, please escape it with double curly braces like: '{{word}}'.\nFor troubleshooting, visit: https://python.langchain.com/docs/troubleshooting/errors/INVALID_PROMPT_INPUT "

Content: legerdemain
Error: "Input to ChatPromptTemplate is missing variables {'word'}.  Expected: ['word'] Received: ['words']\nNote: if you intended {word} to be part of the string and not a variable, please escape it with double curly braces like: '{{word}}'.\nFor troubleshooting, visit: https://python.langchain.com/docs/troubleshooting/errors/INVALID_PROMPT_INPUT "

Content: lachrymose
Error: "Input to ChatPromptTemplate is missing variables {'word'}.  Expected: ['word'] Received: ['words']\nNote: if you intended {word} to be part of the string and not a variable, please escape it with double curly braces like: '{{word}}'.\nFor troubleshooting, visit: https://python.langchain.com/docs/troubleshooting/errors/INVALID_PROMPT_INPUT "

Content: florid
Error: "Input to ChatPromptTemplate is missing variables {'word'}.  Expected: ['word'] Received: ['words']\nNote: if you intended {word} to be part of the string and not a variable, please escape it with double curly braces like: '{{word}}'.\nFor troubleshooting, visit: https://python.langchain.com/docs/troubleshooting/errors/INVALID_PROMPT_INPUT "

Content: anathema
Error: "Input to ChatPromptTemplate is missing variables {'word'}.  Expected: ['word'] Received: ['words']\nNote: if you intended {word} to be part of the string and not a variable, please escape it with double curly braces like: '{{word}}'.\nFor troubleshooting, visit: https://python.langchain.com/docs/troubleshooting/errors/INVALID_PROMPT_INPUT "

Content: indefatigable
Error: "Input to ChatPromptTemplate is missing variables {'word'}.  Expected: ['word'] Received: ['words']\nNote: if you intended {word} to be part of the string and not a variable, please escape it with double curly braces like: '{{word}}'.\nFor troubleshooting, visit: https://python.langchain.com/docs/troubleshooting/errors/INVALID_PROMPT_INPUT "

Content: iconoclast
Error: "Input to ChatPromptTemplate is missing variables {'word'}.  Expected: ['word'] Received: ['words']\nNote: if you intended {word} to be part of the string and not a variable, please escape it with double curly braces like: '{{word}}'.\nFor troubleshooting, visit: https://python.langchain.com/docs/troubleshooting/errors/INVALID_PROMPT_INPUT "

Content: sagacious
Error: "Input to ChatPromptTemplate is missing variables {'word'}.  Expected: ['word'] Received: ['words']\nNote: if you intended {word} to be part of the string and not a variable, please escape it with double curly braces like: '{{word}}'.\nFor troubleshooting, visit: https://python.langchain.com/docs/troubleshooting/errors/INVALID_PROMPT_INPUT "

Content: parsimony
Error: "Input to ChatPromptTemplate is missing variables {'word'}.  Expected: ['word'] Received: ['words']\nNote: if you intended {word} to be part of the string and not a variable, please escape it with double curly braces like: '{{word}}'.\nFor troubleshooting, visit: https://python.langchain.com/docs/troubleshooting/errors/INVALID_PROMPT_INPUT "

Content: ascetic
Error: "Input to ChatPromptTemplate is missing variables {'word'}.  Expected: ['word'] Received: ['words']\nNote: if you intended {word} to be part of the string and not a variable, please escape it with double curly braces like: '{{word}}'.\nFor troubleshooting, visit: https://python.langchain.com/docs/troubleshooting/errors/INVALID_PROMPT_INPUT "

Content: florid
Error: "Input to ChatPromptTemplate is missing variables {'word'}.  Expected: ['word'] Received: ['words']\nNote: if you intended {word} to be part of the string and not a variable, please escape it with double curly braces like: '{{word}}'.\nFor troubleshooting, visit: https://python.langchain.com/docs/troubleshooting/errors/INVALID_PROMPT_INPUT "

Content: garrulous
Error: "Input to ChatPromptTemplate is missing variables {'word'}.  Expected: ['word'] Received: ['words']\nNote: if you intended {word} to be part of the string and not a variable, please escape it with double curly braces like: '{{word}}'.\nFor troubleshooting, visit: https://python.langchain.com/docs/troubleshooting/errors/INVALID_PROMPT_INPUT "

Content: salubrious
Error: "Input to ChatPromptTemplate is missing variables {'word'}.  Expected: ['word'] Received: ['words']\nNote: if you intended {word} to be part of the string and not a variable, please escape it with double curly braces like: '{{word}}'.\nFor troubleshooting, visit: https://python.langchain.com/docs/troubleshooting/errors/INVALID_PROMPT_INPUT "

Content: perspicacious
Error: "Input to ChatPromptTemplate is missing variables {'word'}.  Expected: ['word'] Received: ['words']\nNote: if you intended {word} to be part of the string and not a variable, please escape it with double curly braces like: '{{word}}'.\nFor troubleshooting, visit: https://python.langchain.com/docs/troubleshooting/errors/INVALID_PROMPT_INPUT "

Content: salubrious
Error: "Input to ChatPromptTemplate is missing variables {'word'}.  Expected: ['word'] Received: ['words']\nNote: if you intended {word} to be part of the string and not a variable, please escape it with double curly braces like: '{{word}}'.\nFor troubleshooting, visit: https://python.langchain.com/docs/troubleshooting/errors/INVALID_PROMPT_INPUT "

Content: perspicacious
Error: "Input to ChatPromptTemplate is missing variables {'word'}.  Expected: ['word'] Received: ['words']\nNote: if you intended {word} to be part of the string and not a variable, please escape it with double curly braces like: '{{word}}'.\nFor troubleshooting, visit: https://python.langchain.com/docs/troubleshooting/errors/INVALID_PROMPT_INPUT "

Content: evanescent
Error: "Input to ChatPromptTemplate is missing variables {'word'}.  Expected: ['word'] Received: ['words']\nNote: if you intended {word} to be part of the string and not a variable, please escape it with double curly braces like: '{{word}}'.\nFor troubleshooting, visit: https://python.langchain.com/docs/troubleshooting/errors/INVALID_PROMPT_INPUT "

Content: mendacious
Error: "Input to ChatPromptTemplate is missing variables {'word'}.  Expected: ['word'] Received: ['words']\nNote: if you intended {word} to be part of the string and not a variable, please escape it with double curly braces like: '{{word}}'.\nFor troubleshooting, visit: https://python.langchain.com/docs/troubleshooting/errors/INVALID_PROMPT_INPUT "

Content: supercilious
Error: "Input to ChatPromptTemplate is missing variables {'word'}.  Expected: ['word'] Received: ['words']\nNote: if you intended {word} to be part of the string and not a variable, please escape it with double curly braces like: '{{word}}'.\nFor troubleshooting, visit: https://python.langchain.com/docs/troubleshooting/errors/INVALID_PROMPT_INPUT "

Content: zealous
Error: "Input to ChatPromptTemplate is missing variables {'word'}.  Expected: ['word'] Received: ['words']\nNote: if you intended {word} to be part of the string and not a variable, please escape it with double curly braces like: '{{word}}'.\nFor troubleshooting, visit: https://python.langchain.com/docs/troubleshooting/errors/INVALID_PROMPT_INPUT "

Content: hapless
Error: "Input to ChatPromptTemplate is missing variables {'word'}.  Expected: ['word'] Received: ['words']\nNote: if you intended {word} to be part of the string and not a variable, please escape it with double curly braces like: '{{word}}'.\nFor troubleshooting, visit: https://python.langchain.com/docs/troubleshooting/errors/INVALID_PROMPT_INPUT "

Content: demagogue
Error: "Input to ChatPromptTemplate is missing variables {'word'}.  Expected: ['word'] Received: ['words']\nNote: if you intended {word} to be part of the string and not a variable, please escape it with double curly braces like: '{{word}}'.\nFor troubleshooting, visit: https://python.langchain.com/docs/troubleshooting/errors/INVALID_PROMPT_INPUT "

Content: vicissitude
Error: "Input to ChatPromptTemplate is missing variables {'word'}.  Expected: ['word'] Received: ['words']\nNote: if you intended {word} to be part of the string and not a variable, please escape it with double curly braces like: '{{word}}'.\nFor troubleshooting, visit: https://python.langchain.com/docs/troubleshooting/errors/INVALID_PROMPT_INPUT "

Content: aplomb
Error: "Input to ChatPromptTemplate is missing variables {'word'}.  Expected: ['word'] Received: ['words']\nNote: if you intended {word} to be part of the string and not a variable, please escape it with double curly braces like: '{{word}}'.\nFor troubleshooting, visit: https://python.langchain.com/docs/troubleshooting/errors/INVALID_PROMPT_INPUT "

Content: penurious
Error: "Input to ChatPromptTemplate is missing variables {'word'}.  Expected: ['word'] Received: ['words']\nNote: if you intended {word} to be part of the string and not a variable, please escape it with double curly braces like: '{{word}}'.\nFor troubleshooting, visit: https://python.langchain.com/docs/troubleshooting/errors/INVALID_PROMPT_INPUT "

Content: phlegmatic
Error: "Input to ChatPromptTemplate is missing variables {'word'}.  Expected: ['word'] Received: ['words']\nNote: if you intended {word} to be part of the string and not a variable, please escape it with double curly braces like: '{{word}}'.\nFor troubleshooting, visit: https://python.langchain.com/docs/troubleshooting/errors/INVALID_PROMPT_INPUT "

Content: temerity
Error: "Input to ChatPromptTemplate is missing variables {'word'}.  Expected: ['word'] Received: ['words']\nNote: if you intended {word} to be part of the string and not a variable, please escape it with double curly braces like: '{{word}}'.\nFor troubleshooting, visit: https://python.langchain.com/docs/troubleshooting/errors/INVALID_PROMPT_INPUT "

Content: supercilious
Error: "Input to ChatPromptTemplate is missing variables {'word'}.  Expected: ['word'] Received: ['words']\nNote: if you intended {word} to be part of the string and not a variable, please escape it with double curly braces like: '{{word}}'.\nFor troubleshooting, visit: https://python.langchain.com/docs/troubleshooting/errors/INVALID_PROMPT_INPUT "

Content: obsequious
Error: "Input to ChatPromptTemplate is missing variables {'word'}.  Expected: ['word'] Received: ['words']\nNote: if you intended {word} to be part of the string and not a variable, please escape it with double curly braces like: '{{word}}'.\nFor troubleshooting, visit: https://python.langchain.com/docs/troubleshooting/errors/INVALID_PROMPT_INPUT "

Content: munificent
Error: "Input to ChatPromptTemplate is missing variables {'word'}.  Expected: ['word'] Received: ['words']\nNote: if you intended {word} to be part of the string and not a variable, please escape it with double curly braces like: '{{word}}'.\nFor troubleshooting, visit: https://python.langchain.com/docs/troubleshooting/errors/INVALID_PROMPT_INPUT "

Content: vicissitude
Error: "Input to ChatPromptTemplate is missing variables {'word'}.  Expected: ['word'] Received: ['words']\nNote: if you intended {word} to be part of the string and not a variable, please escape it with double curly braces like: '{{word}}'.\nFor troubleshooting, visit: https://python.langchain.com/docs/troubleshooting/errors/INVALID_PROMPT_INPUT "

Content: nefarious
Error: "Input to ChatPromptTemplate is missing variables {'word'}.  Expected: ['word'] Received: ['words']\nNote: if you intended {word} to be part of the string and not a variable, please escape it with double curly braces like: '{{word}}'.\nFor troubleshooting, visit: https://python.langchain.com/docs/troubleshooting/errors/INVALID_PROMPT_INPUT "

Content: acquiesce
Error: "Input to ChatPromptTemplate is missing variables {'word'}.  Expected: ['word'] Received: ['words']\nNote: if you intended {word} to be part of the string and not a variable, please escape it with double curly braces like: '{{word}}'.\nFor troubleshooting, visit: https://python.langchain.com/docs/troubleshooting/errors/INVALID_PROMPT_INPUT "

Content: assiduous
Error: "Input to ChatPromptTemplate is missing variables {'word'}.  Expected: ['word'] Received: ['words']\nNote: if you intended {word} to be part of the string and not a variable, please escape it with double curly braces like: '{{word}}'.\nFor troubleshooting, visit: https://python.langchain.com/docs/troubleshooting/errors/INVALID_PROMPT_INPUT "

Content: loquacious
Error: "Input to ChatPromptTemplate is missing variables {'word'}.  Expected: ['word'] Received: ['words']\nNote: if you intended {word} to be part of the string and not a variable, please escape it with double curly braces like: '{{word}}'.\nFor troubleshooting, visit: https://python.langchain.com/docs/troubleshooting/errors/INVALID_PROMPT_INPUT "

Content: fractious
Error: "Input to ChatPromptTemplate is missing variables {'word'}.  Expected: ['word'] Received: ['words']\nNote: if you intended {word} to be part of the string and not a variable, please escape it with double curly braces like: '{{word}}'.\nFor troubleshooting, visit: https://python.langchain.com/docs/troubleshooting/errors/INVALID_PROMPT_INPUT "

Content: legerdemain
Error: "Input to ChatPromptTemplate is missing variables {'word'}.  Expected: ['word'] Received: ['words']\nNote: if you intended {word} to be part of the string and not a variable, please escape it with double curly braces like: '{{word}}'.\nFor troubleshooting, visit: https://python.langchain.com/docs/troubleshooting/errors/INVALID_PROMPT_INPUT "

Content: sagacious
Error: "Input to ChatPromptTemplate is missing variables {'word'}.  Expected: ['word'] Received: ['words']\nNote: if you intended {word} to be part of the string and not a variable, please escape it with double curly braces like: '{{word}}'.\nFor troubleshooting, visit: https://python.langchain.com/docs/troubleshooting/errors/INVALID_PROMPT_INPUT "

Content: exculpate
Error: "Input to ChatPromptTemplate is missing variables {'word'}.  Expected: ['word'] Received: ['words']\nNote: if you intended {word} to be part of the string and not a variable, please escape it with double curly braces like: '{{word}}'.\nFor troubleshooting, visit: https://python.langchain.com/docs/troubleshooting/errors/INVALID_PROMPT_INPUT "

Content: surreptitious
Error: "Input to ChatPromptTemplate is missing variables {'word'}.  Expected: ['word'] Received: ['words']\nNote: if you intended {word} to be part of the string and not a variable, please escape it with double curly braces like: '{{word}}'.\nFor troubleshooting, visit: https://python.langchain.com/docs/troubleshooting/errors/INVALID_PROMPT_INPUT "

Content: equanimity
Error: "Input to ChatPromptTemplate is missing variables {'word'}.  Expected: ['word'] Received: ['words']\nNote: if you intended {word} to be part of the string and not a variable, please escape it with double curly braces like: '{{word}}'.\nFor troubleshooting, visit: https://python.langchain.com/docs/troubleshooting/errors/INVALID_PROMPT_INPUT "

Content: taciturn
Error: "Input to ChatPromptTemplate is missing variables {'word'}.  Expected: ['word'] Received: ['words']\nNote: if you intended {word} to be part of the string and not a variable, please escape it with double curly braces like: '{{word}}'.\nFor troubleshooting, visit: https://python.langchain.com/docs/troubleshooting/errors/INVALID_PROMPT_INPUT "

Content: vociferous
Error: "Input to ChatPromptTemplate is missing variables {'word'}.  Expected: ['word'] Received: ['words']\nNote: if you intended {word} to be part of the string and not a variable, please escape it with double curly braces like: '{{word}}'.\nFor troubleshooting, visit: https://python.langchain.com/docs/troubleshooting/errors/INVALID_PROMPT_INPUT "

Content: beguile
Error: "Input to ChatPromptTemplate is missing variables {'word'}.  Expected: ['word'] Received: ['words']\nNote: if you intended {word} to be part of the string and not a variable, please escape it with double curly braces like: '{{word}}'.\nFor troubleshooting, visit: https://python.langchain.com/docs/troubleshooting/errors/INVALID_PROMPT_INPUT "

Content: cacophony
Error: "Input to ChatPromptTemplate is missing variables {'word'}.  Expected: ['word'] Received: ['words']\nNote: if you intended {word} to be part of the string and not a variable, please escape it with double curly braces like: '{{word}}'.\nFor troubleshooting, visit: https://python.langchain.com/docs/troubleshooting/errors/INVALID_PROMPT_INPUT "

Content: staid
Error: "Input to ChatPromptTemplate is missing variables {'word'}.  Expected: ['word'] Received: ['words']\nNote: if you intended {word} to be part of the string and not a variable, please escape it with double curly braces like: '{{word}}'.\nFor troubleshooting, visit: https://python.langchain.com/docs/troubleshooting/errors/INVALID_PROMPT_INPUT "

Content: salubrious
Error: "Input to ChatPromptTemplate is missing variables {'word'}.  Expected: ['word'] Received: ['words']\nNote: if you intended {word} to be part of the string and not a variable, please escape it with double curly braces like: '{{word}}'.\nFor troubleshooting, visit: https://python.langchain.com/docs/troubleshooting/errors/INVALID_PROMPT_INPUT "

Content: indefatigable
Error: "Input to ChatPromptTemplate is missing variables {'word'}.  Expected: ['word'] Received: ['words']\nNote: if you intended {word} to be part of the string and not a variable, please escape it with double curly braces like: '{{word}}'.\nFor troubleshooting, visit: https://python.langchain.com/docs/troubleshooting/errors/INVALID_PROMPT_INPUT "

Content: disparate
Error: "Input to ChatPromptTemplate is missing variables {'word'}.  Expected: ['word'] Received: ['words']\nNote: if you intended {word} to be part of the string and not a variable, please escape it with double curly braces like: '{{word}}'.\nFor troubleshooting, visit: https://python.langchain.com/docs/troubleshooting/errors/INVALID_PROMPT_INPUT "

Content: sagacious
Error: "Input to ChatPromptTemplate is missing variables {'word'}.  Expected: ['word'] Received: ['words']\nNote: if you intended {word} to be part of the string and not a variable, please escape it with double curly braces like: '{{word}}'.\nFor troubleshooting, visit: https://python.langchain.com/docs/troubleshooting/errors/INVALID_PROMPT_INPUT "

Content: antediluvian
Error: "Input to ChatPromptTemplate is missing variables {'word'}.  Expected: ['word'] Received: ['words']\nNote: if you intended {word} to be part of the string and not a variable, please escape it with double curly braces like: '{{word}}'.\nFor troubleshooting, visit: https://python.langchain.com/docs/troubleshooting/errors/INVALID_PROMPT_INPUT "

Content: surreptitious
Error: "Input to ChatPromptTemplate is missing variables {'word'}.  Expected: ['word'] Received: ['words']\nNote: if you intended {word} to be part of the string and not a variable, please escape it with double curly braces like: '{{word}}'.\nFor troubleshooting, visit: https://python.langchain.com/docs/troubleshooting/errors/INVALID_PROMPT_INPUT "

Content: phlegmatic
Error: "Input to ChatPromptTemplate is missing variables {'word'}.  Expected: ['word'] Received: ['words']\nNote: if you intended {word} to be part of the string and not a variable, please escape it with double curly braces like: '{{word}}'.\nFor troubleshooting, visit: https://python.langchain.com/docs/troubleshooting/errors/INVALID_PROMPT_INPUT "

Content: deleterious
Error: "Input to ChatPromptTemplate is missing variables {'word'}.  Expected: ['word'] Received: ['words']\nNote: if you intended {word} to be part of the string and not a variable, please escape it with double curly braces like: '{{word}}'.\nFor troubleshooting, visit: https://python.langchain.com/docs/troubleshooting/errors/INVALID_PROMPT_INPUT "

Content: supercilious
Error: "Input to ChatPromptTemplate is missing variables {'word'}.  Expected: ['word'] Received: ['words']\nNote: if you intended {word} to be part of the string and not a variable, please escape it with double curly braces like: '{{word}}'.\nFor troubleshooting, visit: https://python.langchain.com/docs/troubleshooting/errors/INVALID_PROMPT_INPUT "

Content: indefatigable
Error: "Input to ChatPromptTemplate is missing variables {'word'}.  Expected: ['word'] Received: ['words']\nNote: if you intended {word} to be part of the string and not a variable, please escape it with double curly braces like: '{{word}}'.\nFor troubleshooting, visit: https://python.langchain.com/docs/troubleshooting/errors/INVALID_PROMPT_INPUT "

Content: surreptitious
Error: "Input to ChatPromptTemplate is missing variables {'word'}.  Expected: ['word'] Received: ['words']\nNote: if you intended {word} to be part of the string and not a variable, please escape it with double curly braces like: '{{word}}'.\nFor troubleshooting, visit: https://python.langchain.com/docs/troubleshooting/errors/INVALID_PROMPT_INPUT "

Content: aberration
Error: "Input to ChatPromptTemplate is missing variables {'word'}.  Expected: ['word'] Received: ['words']\nNote: if you intended {word} to be part of the string and not a variable, please escape it with double curly braces like: '{{word}}'.\nFor troubleshooting, visit: https://python.langchain.com/docs/troubleshooting/errors/INVALID_PROMPT_INPUT "

Content: aplomb
Error: "Input to ChatPromptTemplate is missing variables {'word'}.  Expected: ['word'] Received: ['words']\nNote: if you intended {word} to be part of the string and not a variable, please escape it with double curly braces like: '{{word}}'.\nFor troubleshooting, visit: https://python.langchain.com/docs/troubleshooting/errors/INVALID_PROMPT_INPUT "

Content: indefatigable
Error: "Input to ChatPromptTemplate is missing variables {'word'}.  Expected: ['word'] Received: ['words']\nNote: if you intended {word} to be part of the string and not a variable, please escape it with double curly braces like: '{{word}}'.\nFor troubleshooting, visit: https://python.langchain.com/docs/troubleshooting/errors/INVALID_PROMPT_INPUT "

Content: penurious
Error: "Input to ChatPromptTemplate is missing variables {'word'}.  Expected: ['word'] Received: ['words']\nNote: if you intended {word} to be part of the string and not a variable, please escape it with double curly braces like: '{{word}}'.\nFor troubleshooting, visit: https://python.langchain.com/docs/troubleshooting/errors/INVALID_PROMPT_INPUT "

Content: scurrilous
Error: "Input to ChatPromptTemplate is missing variables {'word'}.  Expected: ['word'] Received: ['words']\nNote: if you intended {word} to be part of the string and not a variable, please escape it with double curly braces like: '{{word}}'.\nFor troubleshooting, visit: https://python.langchain.com/docs/troubleshooting/errors/INVALID_PROMPT_INPUT "

Content: lachrymose
Error: "Input to ChatPromptTemplate is missing variables {'word'}.  Expected: ['word'] Received: ['words']\nNote: if you intended {word} to be part of the string and not a variable, please escape it with double curly braces like: '{{word}}'.\nFor troubleshooting, visit: https://python.langchain.com/docs/troubleshooting/errors/INVALID_PROMPT_INPUT "

Content: sanguine
Error: "Input to ChatPromptTemplate is missing variables {'word'}.  Expected: ['word'] Received: ['words']\nNote: if you intended {word} to be part of the string and not a variable, please escape it with double curly braces like: '{{word}}'.\nFor troubleshooting, visit: https://python.langchain.com/docs/troubleshooting/errors/INVALID_PROMPT_INPUT "

Content: acquiesce
Error: "Input to ChatPromptTemplate is missing variables {'word'}.  Expected: ['word'] Received: ['words']\nNote: if you intended {word} to be part of the string and not a variable, please escape it with double curly braces like: '{{word}}'.\nFor troubleshooting, visit: https://python.langchain.com/docs/troubleshooting/errors/INVALID_PROMPT_INPUT "

Content: inimical
Error: "Input to ChatPromptTemplate is missing variables {'word'}.  Expected: ['word'] Received: ['words']\nNote: if you intended {word} to be part of the string and not a variable, please escape it with double curly braces like: '{{word}}'.\nFor troubleshooting, visit: https://python.langchain.com/docs/troubleshooting/errors/INVALID_PROMPT_INPUT "

Content: scurrilous
Error: "Input to ChatPromptTemplate is missing variables {'word'}.  Expected: ['word'] Received: ['words']\nNote: if you intended {word} to be part of the string and not a variable, please escape it with double curly braces like: '{{word}}'.\nFor troubleshooting, visit: https://python.langchain.com/docs/troubleshooting/errors/INVALID_PROMPT_INPUT "

Content: antediluvian
Error: "Input to ChatPromptTemplate is missing variables {'word'}.  Expected: ['word'] Received: ['words']\nNote: if you intended {word} to be part of the string and not a variable, please escape it with double curly braces like: '{{word}}'.\nFor troubleshooting, visit: https://python.langchain.com/docs/troubleshooting/errors/INVALID_PROMPT_INPUT "

Content: cogent
Error: "Input to ChatPromptTemplate is missing variables {'word'}.  Expected: ['word'] Received: ['words']\nNote: if you intended {word} to be part of the string and not a variable, please escape it with double curly braces like: '{{word}}'.\nFor troubleshooting, visit: https://python.langchain.com/docs/troubleshooting/errors/INVALID_PROMPT_INPUT "

Content: sanguine
Error: "Input to ChatPromptTemplate is missing variables {'word'}.  Expected: ['word'] Received: ['words']\nNote: if you intended {word} to be part of the string and not a variable, please escape it with double curly braces like: '{{word}}'.\nFor troubleshooting, visit: https://python.langchain.com/docs/troubleshooting/errors/INVALID_PROMPT_INPUT "

Content: invective
Error: "Input to ChatPromptTemplate is missing variables {'word'}.  Expected: ['word'] Received: ['words']\nNote: if you intended {word} to be part of the string and not a variable, please escape it with double curly braces like: '{{word}}'.\nFor troubleshooting, visit: https://python.langchain.com/docs/troubleshooting/errors/INVALID_PROMPT_INPUT "

Content: aberration
Error: "Input to ChatPromptTemplate is missing variables {'word'}.  Expected: ['word'] Received: ['words']\nNote: if you intended {word} to be part of the string and not a variable, please escape it with double curly braces like: '{{word}}'.\nFor troubleshooting, visit: https://python.langchain.com/docs/troubleshooting/errors/INVALID_PROMPT_INPUT "

Content: redolent
Error: "Input to ChatPromptTemplate is missing variables {'word'}.  Expected: ['word'] Received: ['words']\nNote: if you intended {word} to be part of the string and not a variable, please escape it with double curly braces like: '{{word}}'.\nFor troubleshooting, visit: https://python.langchain.com/docs/troubleshooting/errors/INVALID_PROMPT_INPUT "

Content: aplomb
Error: "Input to ChatPromptTemplate is missing variables {'word'}.  Expected: ['word'] Received: ['words']\nNote: if you intended {word} to be part of the string and not a variable, please escape it with double curly braces like: '{{word}}'.\nFor troubleshooting, visit: https://python.langchain.com/docs/troubleshooting/errors/INVALID_PROMPT_INPUT "

Content: apocryphal
Error: "Input to ChatPromptTemplate is missing variables {'word'}.  Expected: ['word'] Received: ['words']\nNote: if you intended {word} to be part of the string and not a variable, please escape it with double curly braces like: '{{word}}'.\nFor troubleshooting, visit: https://python.langchain.com/docs/troubleshooting/errors/INVALID_PROMPT_INPUT "

Content: sagacious
Error: "Input to ChatPromptTemplate is missing variables {'word'}.  Expected: ['word'] Received: ['words']\nNote: if you intended {word} to be part of the string and not a variable, please escape it with double curly braces like: '{{word}}'.\nFor troubleshooting, visit: https://python.langchain.com/docs/troubleshooting/errors/INVALID_PROMPT_INPUT "

Content: exculpate
Error: "Input to ChatPromptTemplate is missing variables {'word'}.  Expected: ['word'] Received: ['words']\nNote: if you intended {word} to be part of the string and not a variable, please escape it with double curly braces like: '{{word}}'.\nFor troubleshooting, visit: https://python.langchain.com/docs/troubleshooting/errors/INVALID_PROMPT_INPUT "

Content: temerity
Error: "Input to ChatPromptTemplate is missing variables {'word'}.  Expected: ['word'] Received: ['words']\nNote: if you intended {word} to be part of the string and not a variable, please escape it with double curly braces like: '{{word}}'.\nFor troubleshooting, visit: https://python.langchain.com/docs/troubleshooting/errors/INVALID_PROMPT_INPUT "

Content: cogent
Error: "Input to ChatPromptTemplate is missing variables {'word'}.  Expected: ['word'] Received: ['words']\nNote: if you intended {word} to be part of the string and not a variable, please escape it with double curly braces like: '{{word}}'.\nFor troubleshooting, visit: https://python.langchain.com/docs/troubleshooting/errors/INVALID_PROMPT_INPUT "

Content: vociferous
Error: "Input to ChatPromptTemplate is missing variables {'word'}.  Expected: ['word'] Received: ['words']\nNote: if you intended {word} to be part of the string and not a variable, please escape it with double curly braces like: '{{word}}'.\nFor troubleshooting, visit: https://python.langchain.com/docs/troubleshooting/errors/INVALID_PROMPT_INPUT "

Content: approbation
Error: "Input to ChatPromptTemplate is missing variables {'word'}.  Expected: ['word'] Received: ['words']\nNote: if you intended {word} to be part of the string and not a variable, please escape it with double curly braces like: '{{word}}'.\nFor troubleshooting, visit: https://python.langchain.com/docs/troubleshooting/errors/INVALID_PROMPT_INPUT "

Content: approbation
Error: "Input to ChatPromptTemplate is missing variables {'word'}.  Expected: ['word'] Received: ['words']\nNote: if you intended {word} to be part of the string and not a variable, please escape it with double curly braces like: '{{word}}'.\nFor troubleshooting, visit: https://python.langchain.com/docs/troubleshooting/errors/INVALID_PROMPT_INPUT "

Content: turgid
Error: "Input to ChatPromptTemplate is missing variables {'word'}.  Expected: ['word'] Received: ['words']\nNote: if you intended {word} to be part of the string and not a variable, please escape it with double curly braces like: '{{word}}'.\nFor troubleshooting, visit: https://python.langchain.com/docs/troubleshooting/errors/INVALID_PROMPT_INPUT "

Content: effervescent
Error: "Input to ChatPromptTemplate is missing variables {'word'}.  Expected: ['word'] Received: ['words']\nNote: if you intended {word} to be part of the string and not a variable, please escape it with double curly braces like: '{{word}}'.\nFor troubleshooting, visit: https://python.langchain.com/docs/troubleshooting/errors/INVALID_PROMPT_INPUT "

Content: enervate
Error: "Input to ChatPromptTemplate is missing variables {'word'}.  Expected: ['word'] Received: ['words']\nNote: if you intended {word} to be part of the string and not a variable, please escape it with double curly braces like: '{{word}}'.\nFor troubleshooting, visit: https://python.langchain.com/docs/troubleshooting/errors/INVALID_PROMPT_INPUT "

Content: deleterious
Error: "Input to ChatPromptTemplate is missing variables {'word'}.  Expected: ['word'] Received: ['words']\nNote: if you intended {word} to be part of the string and not a variable, please escape it with double curly braces like: '{{word}}'.\nFor troubleshooting, visit: https://python.langchain.com/docs/troubleshooting/errors/INVALID_PROMPT_INPUT "

Content: recalcitrant
Error: "Input to ChatPromptTemplate is missing variables {'word'}.  Expected: ['word'] Received: ['words']\nNote: if you intended {word} to be part of the string and not a variable, please escape it with double curly braces like: '{{word}}'.\nFor troubleshooting, visit: https://python.langchain.com/docs/troubleshooting/errors/INVALID_PROMPT_INPUT "

Content: legerdemain
Error: "Input to ChatPromptTemplate is missing variables {'word'}.  Expected: ['word'] Received: ['words']\nNote: if you intended {word} to be part of the string and not a variable, please escape it with double curly braces like: '{{word}}'.\nFor troubleshooting, visit: https://python.langchain.com/docs/troubleshooting/errors/INVALID_PROMPT_INPUT "

Content: phlegmatic
Error: "Input to ChatPromptTemplate is missing variables {'word'}.  Expected: ['word'] Received: ['words']\nNote: if you intended {word} to be part of the string and not a variable, please escape it with double curly braces like: '{{word}}'.\nFor troubleshooting, visit: https://python.langchain.com/docs/troubleshooting/errors/INVALID_PROMPT_INPUT "

Content: panacea
Error: "Input to ChatPromptTemplate is missing variables {'word'}.  Expected: ['word'] Received: ['words']\nNote: if you intended {word} to be part of the string and not a variable, please escape it with double curly braces like: '{{word}}'.\nFor troubleshooting, visit: https://python.langchain.com/docs/troubleshooting/errors/INVALID_PROMPT_INPUT "

Content: apocryphal
Error: "Input to ChatPromptTemplate is missing variables {'word'}.  Expected: ['word'] Received: ['words']\nNote: if you intended {word} to be part of the string and not a variable, please escape it with double curly braces like: '{{word}}'.\nFor troubleshooting, visit: https://python.langchain.com/docs/troubleshooting/errors/INVALID_PROMPT_INPUT "

Content: reprobate
Error: "Input to ChatPromptTemplate is missing variables {'word'}.  Expected: ['word'] Received: ['words']\nNote: if you intended {word} to be part of the string and not a variable, please escape it with double curly braces like: '{{word}}'.\nFor troubleshooting, visit: https://python.langchain.com/docs/troubleshooting/errors/INVALID_PROMPT_INPUT "

Content: cacophony
Error: "Input to ChatPromptTemplate is missing variables {'word'}.  Expected: ['word'] Received: ['words']\nNote: if you intended {word} to be part of the string and not a variable, please escape it with double curly braces like: '{{word}}'.\nFor troubleshooting, visit: https://python.langchain.com/docs/troubleshooting/errors/INVALID_PROMPT_INPUT "

Content: spurious
Error: "Input to ChatPromptTemplate is missing variables {'word'}.  Expected: ['word'] Received: ['words']\nNote: if you intended {word} to be part of the string and not a variable, please escape it with double curly braces like: '{{word}}'.\nFor troubleshooting, visit: https://python.langchain.com/docs/troubleshooting/errors/INVALID_PROMPT_INPUT "

Content: salubrious
Error: "Input to ChatPromptTemplate is missing variables {'word'}.  Expected: ['word'] Received: ['words']\nNote: if you intended {word} to be part of the string and not a variable, please escape it with double curly braces like: '{{word}}'.\nFor troubleshooting, visit: https://python.langchain.com/docs/troubleshooting/errors/INVALID_PROMPT_INPUT "

Content: obfuscate
Error: "Input to ChatPromptTemplate is missing variables {'word'}.  Expected: ['word'] Received: ['words']\nNote: if you intended {word} to be part of the string and not a variable, please escape it with double curly braces like: '{{word}}'.\nFor troubleshooting, visit: https://python.langchain.com/docs/troubleshooting/errors/INVALID_PROMPT_INPUT "

Content: precocious
Error: "Input to ChatPromptTemplate is missing variables {'word'}.  Expected: ['word'] Received: ['words']\nNote: if you intended {word} to be part of the string and not a variable, please escape it with double curly braces like: '{{word}}'.\nFor troubleshooting, visit: https://python.langchain.com/docs/troubleshooting/errors/INVALID_PROMPT_INPUT "

Content: alacrity
Error: "Input to ChatPromptTemplate is missing variables {'word'}.  Expected: ['word'] Received: ['words']\nNote: if you intended {word} to be part of the string and not a variable, please escape it with double curly braces like: '{{word}}'.\nFor troubleshooting, visit: https://python.langchain.com/docs/troubleshooting/errors/INVALID_PROMPT_INPUT "

Content: strident
Error: "Input to ChatPromptTemplate is missing variables {'word'}.  Expected: ['word'] Received: ['words']\nNote: if you intended {word} to be part of the string and not a variable, please escape it with double curly braces like: '{{word}}'.\nFor troubleshooting, visit: https://python.langchain.com/docs/troubleshooting/errors/INVALID_PROMPT_INPUT "

Content: cogent
Error: "Input to ChatPromptTemplate is missing variables {'word'}.  Expected: ['word'] Received: ['words']\nNote: if you intended {word} to be part of the string and not a variable, please escape it with double curly braces like: '{{word}}'.\nFor troubleshooting, visit: https://python.langchain.com/docs/troubleshooting/errors/INVALID_PROMPT_INPUT "

Content: acquiesce
Error: "Input to ChatPromptTemplate is missing variables {'word'}.  Expected: ['word'] Received: ['words']\nNote: if you intended {word} to be part of the string and not a variable, please escape it with double curly braces like: '{{word}}'.\nFor troubleshooting, visit: https://python.langchain.com/docs/troubleshooting/errors/INVALID_PROMPT_INPUT "

Content: invective
Error: "Input to ChatPromptTemplate is missing variables {'word'}.  Expected: ['word'] Received: ['words']\nNote: if you intended {word} to be part of the string and not a variable, please escape it with double curly braces like: '{{word}}'.\nFor troubleshooting, visit: https://python.langchain.com/docs/troubleshooting/errors/INVALID_PROMPT_INPUT "

Content: supercilious
Error: "Input to ChatPromptTemplate is missing variables {'word'}.  Expected: ['word'] Received: ['words']\nNote: if you intended {word} to be part of the string and not a variable, please escape it with double curly braces like: '{{word}}'.\nFor troubleshooting, visit: https://python.langchain.com/docs/troubleshooting/errors/INVALID_PROMPT_INPUT "

Content: diatribe
Error: "Input to ChatPromptTemplate is missing variables {'word'}.  Expected: ['word'] Received: ['words']\nNote: if you intended {word} to be part of the string and not a variable, please escape it with double curly braces like: '{{word}}'.\nFor troubleshooting, visit: https://python.langchain.com/docs/troubleshooting/errors/INVALID_PROMPT_INPUT "

Content: salubrious
Error: "Input to ChatPromptTemplate is missing variables {'word'}.  Expected: ['word'] Received: ['words']\nNote: if you intended {word} to be part of the string and not a variable, please escape it with double curly braces like: '{{word}}'.\nFor troubleshooting, visit: https://python.langchain.com/docs/troubleshooting/errors/INVALID_PROMPT_INPUT "

Content: surreptitious
Error: "Input to ChatPromptTemplate is missing variables {'word'}.  Expected: ['word'] Received: ['words']\nNote: if you intended {word} to be part of the string and not a variable, please escape it with double curly braces like: '{{word}}'.\nFor troubleshooting, visit: https://python.langchain.com/docs/troubleshooting/errors/INVALID_PROMPT_INPUT "

Content: obdurate
Error: "Input to ChatPromptTemplate is missing variables {'word'}.  Expected: ['word'] Received: ['words']\nNote: if you intended {word} to be part of the string and not a variable, please escape it with double curly braces like: '{{word}}'.\nFor troubleshooting, visit: https://python.langchain.com/docs/troubleshooting/errors/INVALID_PROMPT_INPUT "

Content: supercilious
Error: "Input to ChatPromptTemplate is missing variables {'word'}.  Expected: ['word'] Received: ['words']\nNote: if you intended {word} to be part of the string and not a variable, please escape it with double curly braces like: '{{word}}'.\nFor troubleshooting, visit: https://python.langchain.com/docs/troubleshooting/errors/INVALID_PROMPT_INPUT "

Content: obsequious
Error: "Input to ChatPromptTemplate is missing variables {'word'}.  Expected: ['word'] Received: ['words']\nNote: if you intended {word} to be part of the string and not a variable, please escape it with double curly braces like: '{{word}}'.\nFor troubleshooting, visit: https://python.langchain.com/docs/troubleshooting/errors/INVALID_PROMPT_INPUT "

Content: exculpate
Error: "Input to ChatPromptTemplate is missing variables {'word'}.  Expected: ['word'] Received: ['words']\nNote: if you intended {word} to be part of the string and not a variable, please escape it with double curly braces like: '{{word}}'.\nFor troubleshooting, visit: https://python.langchain.com/docs/troubleshooting/errors/INVALID_PROMPT_INPUT "

Content: aplomb
Error: "Input to ChatPromptTemplate is missing variables {'word'}.  Expected: ['word'] Received: ['words']\nNote: if you intended {word} to be part of the string and not a variable, please escape it with double curly braces like: '{{word}}'.\nFor troubleshooting, visit: https://python.langchain.com/docs/troubleshooting/errors/INVALID_PROMPT_INPUT "

Content: taciturn
Error: "Input to ChatPromptTemplate is missing variables {'word'}.  Expected: ['word'] Received: ['words']\nNote: if you intended {word} to be part of the string and not a variable, please escape it with double curly braces like: '{{word}}'.\nFor troubleshooting, visit: https://python.langchain.com/docs/troubleshooting/errors/INVALID_PROMPT_INPUT "

Content: fastidious
Error: "Input to ChatPromptTemplate is missing variables {'word'}.  Expected: ['word'] Received: ['words']\nNote: if you intended {word} to be part of the string and not a variable, please escape it with double curly braces like: '{{word}}'.\nFor troubleshooting, visit: https://python.langchain.com/docs/troubleshooting/errors/INVALID_PROMPT_INPUT "

Content: phlegmatic
Error: "Input to ChatPromptTemplate is missing variables {'word'}.  Expected: ['word'] Received: ['words']\nNote: if you intended {word} to be part of the string and not a variable, please escape it with double curly braces like: '{{word}}'.\nFor troubleshooting, visit: https://python.langchain.com/docs/troubleshooting/errors/INVALID_PROMPT_INPUT "

Content: legerdemain
Error: "Input to ChatPromptTemplate is missing variables {'word'}.  Expected: ['word'] Received: ['words']\nNote: if you intended {word} to be part of the string and not a variable, please escape it with double curly braces like: '{{word}}'.\nFor troubleshooting, visit: https://python.langchain.com/docs/troubleshooting/errors/INVALID_PROMPT_INPUT "

Content: equanimity
Error: "Input to ChatPromptTemplate is missing variables {'word'}.  Expected: ['word'] Received: ['words']\nNote: if you intended {word} to be part of the string and not a variable, please escape it with double curly braces like: '{{word}}'.\nFor troubleshooting, visit: https://python.langchain.com/docs/troubleshooting/errors/INVALID_PROMPT_INPUT "

Content: unctuous
Error: "Input to ChatPromptTemplate is missing variables {'word'}.  Expected: ['word'] Received: ['words']\nNote: if you intended {word} to be part of the string and not a variable, please escape it with double curly braces like: '{{word}}'.\nFor troubleshooting, visit: https://python.langchain.com/docs/troubleshooting/errors/INVALID_PROMPT_INPUT "

Content: recalcitrant
Error: "Input to ChatPromptTemplate is missing variables {'word'}.  Expected: ['word'] Received: ['words']\nNote: if you intended {word} to be part of the string and not a variable, please escape it with double curly braces like: '{{word}}'.\nFor troubleshooting, visit: https://python.langchain.com/docs/troubleshooting/errors/INVALID_PROMPT_INPUT "

Content: ascetic
Error: "Input to ChatPromptTemplate is missing variables {'word'}.  Expected: ['word'] Received: ['words']\nNote: if you intended {word} to be part of the string and not a variable, please escape it with double curly braces like: '{{word}}'.\nFor troubleshooting, visit: https://python.langchain.com/docs/troubleshooting/errors/INVALID_PROMPT_INPUT "

Content: inimical
Error: "Input to ChatPromptTemplate is missing variables {'word'}.  Expected: ['word'] Received: ['words']\nNote: if you intended {word} to be part of the string and not a variable, please escape it with double curly braces like: '{{word}}'.\nFor troubleshooting, visit: https://python.langchain.com/docs/troubleshooting/errors/INVALID_PROMPT_INPUT "

Content: disparate
Error: "Input to ChatPromptTemplate is missing variables {'word'}.  Expected: ['word'] Received: ['words']\nNote: if you intended {word} to be part of the string and not a variable, please escape it with double curly braces like: '{{word}}'.\nFor troubleshooting, visit: https://python.langchain.com/docs/troubleshooting/errors/INVALID_PROMPT_INPUT "

Content: cacophony
Error: "Input to ChatPromptTemplate is missing variables {'word'}.  Expected: ['word'] Received: ['words']\nNote: if you intended {word} to be part of the string and not a variable, please escape it with double curly braces like: '{{word}}'.\nFor troubleshooting, visit: https://python.langchain.com/docs/troubleshooting/errors/INVALID_PROMPT_INPUT "

Content: florid
Error: "Input to ChatPromptTemplate is missing variables {'word'}.  Expected: ['word'] Received: ['words']\nNote: if you intended {word} to be part of the string and not a variable, please escape it with double curly braces like: '{{word}}'.\nFor troubleshooting, visit: https://python.langchain.com/docs/troubleshooting/errors/INVALID_PROMPT_INPUT "

Content: lachrymose
Error: "Input to ChatPromptTemplate is missing variables {'word'}.  Expected: ['word'] Received: ['words']\nNote: if you intended {word} to be part of the string and not a variable, please escape it with double curly braces like: '{{word}}'.\nFor troubleshooting, visit: https://python.langchain.com/docs/troubleshooting/errors/INVALID_PROMPT_INPUT "

Content: acquiesce
Error: "Input to ChatPromptTemplate is missing variables {'word'}.  Expected: ['word'] Received: ['words']\nNote: if you intended {word} to be part of the string and not a variable, please escape it with double curly braces like: '{{word}}'.\nFor troubleshooting, visit: https://python.langchain.com/docs/troubleshooting/errors/INVALID_PROMPT_INPUT "

Content: fatuous
Error: "Input to ChatPromptTemplate is missing variables {'word'}.  Expected: ['word'] Received: ['words']\nNote: if you intended {word} to be part of the string and not a variable, please escape it with double curly braces like: '{{word}}'.\nFor troubleshooting, visit: https://python.langchain.com/docs/troubleshooting/errors/INVALID_PROMPT_INPUT "

Content: perspicacious
Error: 'Input to ChatPromptTemplate is missing variables {\'"word"\'}.  Expected: [\'"word"\', \'words\'] Received: [\'words\']\nNote: if you intended {"word"} to be part of the string and not a variable, please escape it with double curly braces like: \'{{"word"}}\'.\nFor troubleshooting, visit: https://python.langchain.com/docs/troubleshooting/errors/INVALID_PROMPT_INPUT '

Content: capitulate
Error: 'Input to ChatPromptTemplate is missing variables {\'"word"\'}.  Expected: [\'"word"\', \'words\'] Received: [\'words\']\nNote: if you intended {"word"} to be part of the string and not a variable, please escape it with double curly braces like: \'{{"word"}}\'.\nFor troubleshooting, visit: https://python.langchain.com/docs/troubleshooting/errors/INVALID_PROMPT_INPUT '

Content: inimical
Error: 'Input to ChatPromptTemplate is missing variables {\'"word"\'}.  Expected: [\'"word"\', \'words\'] Received: [\'words\']\nNote: if you intended {"word"} to be part of the string and not a variable, please escape it with double curly braces like: \'{{"word"}}\'.\nFor troubleshooting, visit: https://python.langchain.com/docs/troubleshooting/errors/INVALID_PROMPT_INPUT '

Content: enervate
Error: 'Input to ChatPromptTemplate is missing variables {\'"word"\'}.  Expected: [\'"word"\', \'words\'] Received: [\'words\']\nNote: if you intended {"word"} to be part of the string and not a variable, please escape it with double curly braces like: \'{{"word"}}\'.\nFor troubleshooting, visit: https://python.langchain.com/docs/troubleshooting/errors/INVALID_PROMPT_INPUT '

Content: perspicacious
Error: 'Input to ChatPromptTemplate is missing variables {\'"word"\'}.  Expected: [\'"word"\', \'words\'] Received: [\'words\']\nNote: if you intended {"word"} to be part of the string and not a variable, please escape it with double curly braces like: \'{{"word"}}\'.\nFor troubleshooting, visit: https://python.langchain.com/docs/troubleshooting/errors/INVALID_PROMPT_INPUT '

Content: fastidious
Error: 'Input to ChatPromptTemplate is missing variables {\'"word"\'}.  Expected: [\'"word"\', \'words\'] Received: [\'words\']\nNote: if you intended {"word"} to be part of the string and not a variable, please escape it with double curly braces like: \'{{"word"}}\'.\nFor troubleshooting, visit: https://python.langchain.com/docs/troubleshooting/errors/INVALID_PROMPT_INPUT '

Content: vociferous
Error: 'Input to ChatPromptTemplate is missing variables {\'"word"\'}.  Expected: [\'"word"\', \'words\'] Received: [\'words\']\nNote: if you intended {"word"} to be part of the string and not a variable, please escape it with double curly braces like: \'{{"word"}}\'.\nFor troubleshooting, visit: https://python.langchain.com/docs/troubleshooting/errors/INVALID_PROMPT_INPUT '

Content: temerity
Error: 'Input to ChatPromptTemplate is missing variables {\'"word"\'}.  Expected: [\'"word"\', \'words\'] Received: [\'words\']\nNote: if you intended {"word"} to be part of the string and not a variable, please escape it with double curly braces like: \'{{"word"}}\'.\nFor troubleshooting, visit: https://python.langchain.com/docs/troubleshooting/errors/INVALID_PROMPT_INPUT '

Content: bombastic
Error: 'Input to ChatPromptTemplate is missing variables {\'"word"\'}.  Expected: [\'"word"\', \'words\'] Received: [\'words\']\nNote: if you intended {"word"} to be part of the string and not a variable, please escape it with double curly braces like: \'{{"word"}}\'.\nFor troubleshooting, visit: https://python.langchain.com/docs/troubleshooting/errors/INVALID_PROMPT_INPUT '

Content: effervescent
Error: 'Input to ChatPromptTemplate is missing variables {\'"word"\'}.  Expected: [\'"word"\', \'words\'] Received: [\'words\']\nNote: if you intended {"word"} to be part of the string and not a variable, please escape it with double curly braces like: \'{{"word"}}\'.\nFor troubleshooting, visit: https://python.langchain.com/docs/troubleshooting/errors/INVALID_PROMPT_INPUT '

Content: demagogue
Error: 'Input to ChatPromptTemplate is missing variables {\'"word"\'}.  Expected: [\'"word"\', \'words\'] Received: [\'words\']\nNote: if you intended {"word"} to be part of the string and not a variable, please escape it with double curly braces like: \'{{"word"}}\'.\nFor troubleshooting, visit: https://python.langchain.com/docs/troubleshooting/errors/INVALID_PROMPT_INPUT '

Content: recalcitrant
Error: 'Input to ChatPromptTemplate is missing variables {\'"word"\'}.  Expected: [\'"word"\', \'words\'] Received: [\'words\']\nNote: if you intended {"word"} to be part of the string and not a variable, please escape it with double curly braces like: \'{{"word"}}\'.\nFor troubleshooting, visit: https://python.langchain.com/docs/troubleshooting/errors/INVALID_PROMPT_INPUT '

Content: iconoclast
Error: 'Input to ChatPromptTemplate is missing variables {\'"word"\'}.  Expected: [\'"word"\', \'words\'] Received: [\'words\']\nNote: if you intended {"word"} to be part of the string and not a variable, please escape it with double curly braces like: \'{{"word"}}\'.\nFor troubleshooting, visit: https://python.langchain.com/docs/troubleshooting/errors/INVALID_PROMPT_INPUT '

Content: inchoate
Error: 'Input to ChatPromptTemplate is missing variables {\'"word"\'}.  Expected: [\'"word"\', \'words\'] Received: [\'words\']\nNote: if you intended {"word"} to be part of the string and not a variable, please escape it with double curly braces like: \'{{"word"}}\'.\nFor troubleshooting, visit: https://python.langchain.com/docs/troubleshooting/errors/INVALID_PROMPT_INPUT '

Content: perspicacious
Error: 'Input to ChatPromptTemplate is missing variables {\'"word"\'}.  Expected: [\'"word"\', \'words\'] Received: [\'words\']\nNote: if you intended {"word"} to be part of the string and not a variable, please escape it with double curly braces like: \'{{"word"}}\'.\nFor troubleshooting, visit: https://python.langchain.com/docs/troubleshooting/errors/INVALID_PROMPT_INPUT '

Content: iconoclast
Error: 'Input to ChatPromptTemplate is missing variables {\'"word"\'}.  Expected: [\'"word"\', \'words\'] Received: [\'words\']\nNote: if you intended {"word"} to be part of the string and not a variable, please escape it with double curly braces like: \'{{"word"}}\'.\nFor troubleshooting, visit: https://python.langchain.com/docs/troubleshooting/errors/INVALID_PROMPT_INPUT '

Content: loquacious
Error: 'Input to ChatPromptTemplate is missing variables {\'"word"\'}.  Expected: [\'"word"\', \'words\'] Received: [\'words\']\nNote: if you intended {"word"} to be part of the string and not a variable, please escape it with double curly braces like: \'{{"word"}}\'.\nFor troubleshooting, visit: https://python.langchain.com/docs/troubleshooting/errors/INVALID_PROMPT_INPUT '

Content: sanguine
Error: 'Input to ChatPromptTemplate is missing variables {\'"word"\'}.  Expected: [\'"word"\', \'words\'] Received: [\'words\']\nNote: if you intended {"word"} to be part of the string and not a variable, please escape it with double curly braces like: \'{{"word"}}\'.\nFor troubleshooting, visit: https://python.langchain.com/docs/troubleshooting/errors/INVALID_PROMPT_INPUT '

Content: staid
Error: 'Input to ChatPromptTemplate is missing variables {\'"word"\'}.  Expected: [\'"word"\', \'words\'] Received: [\'words\']\nNote: if you intended {"word"} to be part of the string and not a variable, please escape it with double curly braces like: \'{{"word"}}\'.\nFor troubleshooting, visit: https://python.langchain.com/docs/troubleshooting/errors/INVALID_PROMPT_INPUT '

Content: inchoate
Error: 'Input to ChatPromptTemplate is missing variables {\'"word"\'}.  Expected: [\'"word"\', \'words\'] Received: [\'words\']\nNote: if you intended {"word"} to be part of the string and not a variable, please escape it with double curly braces like: \'{{"word"}}\'.\nFor troubleshooting, visit: https://python.langchain.com/docs/troubleshooting/errors/INVALID_PROMPT_INPUT '

Content: staid
Error: 'Input to ChatPromptTemplate is missing variables {\'"word"\'}.  Expected: [\'"word"\', \'words\'] Received: [\'words\']\nNote: if you intended {"word"} to be part of the string and not a variable, please escape it with double curly braces like: \'{{"word"}}\'.\nFor troubleshooting, visit: https://python.langchain.com/docs/troubleshooting/errors/INVALID_PROMPT_INPUT '

Content: anathema
Error: 'Input to ChatPromptTemplate is missing variables {\'"word"\'}.  Expected: [\'"word"\', \'words\'] Received: [\'words\']\nNote: if you intended {"word"} to be part of the string and not a variable, please escape it with double curly braces like: \'{{"word"}}\'.\nFor troubleshooting, visit: https://python.langchain.com/docs/troubleshooting/errors/INVALID_PROMPT_INPUT '

Content: archetype
Error: 'Input to ChatPromptTemplate is missing variables {\'"word"\'}.  Expected: [\'"word"\', \'words\'] Received: [\'words\']\nNote: if you intended {"word"} to be part of the string and not a variable, please escape it with double curly braces like: \'{{"word"}}\'.\nFor troubleshooting, visit: https://python.langchain.com/docs/troubleshooting/errors/INVALID_PROMPT_INPUT '

Content: beguile
Error: 'Input to ChatPromptTemplate is missing variables {\'"word"\'}.  Expected: [\'"word"\', \'words\'] Received: [\'words\']\nNote: if you intended {"word"} to be part of the string and not a variable, please escape it with double curly braces like: \'{{"word"}}\'.\nFor troubleshooting, visit: https://python.langchain.com/docs/troubleshooting/errors/INVALID_PROMPT_INPUT '

Content: phlegmatic
Error: 'Input to ChatPromptTemplate is missing variables {\'"word"\'}.  Expected: [\'"word"\', \'words\'] Received: [\'words\']\nNote: if you intended {"word"} to be part of the string and not a variable, please escape it with double curly braces like: \'{{"word"}}\'.\nFor troubleshooting, visit: https://python.langchain.com/docs/troubleshooting/errors/INVALID_PROMPT_INPUT '

Content: redolent
Error: 'Input to ChatPromptTemplate is missing variables {\'"word"\'}.  Expected: [\'"word"\', \'words\'] Received: [\'words\']\nNote: if you intended {"word"} to be part of the string and not a variable, please escape it with double curly braces like: \'{{"word"}}\'.\nFor troubleshooting, visit: https://python.langchain.com/docs/troubleshooting/errors/INVALID_PROMPT_INPUT '

Content: capitulate
Error: 'Input to ChatPromptTemplate is missing variables {\'"word"\'}.  Expected: [\'"word"\', \'words\'] Received: [\'words\']\nNote: if you intended {"word"} to be part of the string and not a variable, please escape it with double curly braces like: \'{{"word"}}\'.\nFor troubleshooting, visit: https://python.langchain.com/docs/troubleshooting/errors/INVALID_PROMPT_INPUT '

Content: impecunious
Error: 'Input to ChatPromptTemplate is missing variables {\'"word"\'}.  Expected: [\'"word"\', \'words\'] Received: [\'words\']\nNote: if you intended {"word"} to be part of the string and not a variable, please escape it with double curly braces like: \'{{"word"}}\'.\nFor troubleshooting, visit: https://python.langchain.com/docs/troubleshooting/errors/INVALID_PROMPT_INPUT '

Content: sagacious
Error: 'Input to ChatPromptTemplate is missing variables {\'"word"\'}.  Expected: [\'"word"\', \'words\'] Received: [\'words\']\nNote: if you intended {"word"} to be part of the string and not a variable, please escape it with double curly braces like: \'{{"word"}}\'.\nFor troubleshooting, visit: https://python.langchain.com/docs/troubleshooting/errors/INVALID_PROMPT_INPUT '

Content: precocious
Error: 'Input to ChatPromptTemplate is missing variables {\'"word"\'}.  Expected: [\'"word"\', \'words\'] Received: [\'words\']\nNote: if you intended {"word"} to be part of the string and not a variable, please escape it with double curly braces like: \'{{"word"}}\'.\nFor troubleshooting, visit: https://python.langchain.com/docs/troubleshooting/errors/INVALID_PROMPT_INPUT '

Content: acquiesce
Error: 'Input to ChatPromptTemplate is missing variables {\'"word"\'}.  Expected: [\'"word"\', \'words\'] Received: [\'words\']\nNote: if you intended {"word"} to be part of the string and not a variable, please escape it with double curly braces like: \'{{"word"}}\'.\nFor troubleshooting, visit: https://python.langchain.com/docs/troubleshooting/errors/INVALID_PROMPT_INPUT '

Content: obdurate
Error: 'Input to ChatPromptTemplate is missing variables {\'"word"\'}.  Expected: [\'"word"\', \'words\'] Received: [\'words\']\nNote: if you intended {"word"} to be part of the string and not a variable, please escape it with double curly braces like: \'{{"word"}}\'.\nFor troubleshooting, visit: https://python.langchain.com/docs/troubleshooting/errors/INVALID_PROMPT_INPUT '

Content: acquiesce
Error: 'Input to ChatPromptTemplate is missing variables {\'"word"\'}.  Expected: [\'"word"\', \'words\'] Received: [\'words\']\nNote: if you intended {"word"} to be part of the string and not a variable, please escape it with double curly braces like: \'{{"word"}}\'.\nFor troubleshooting, visit: https://python.langchain.com/docs/troubleshooting/errors/INVALID_PROMPT_INPUT '

Content: iconoclast
Error: 'Input to ChatPromptTemplate is missing variables {\'"word"\'}.  Expected: [\'"word"\', \'words\'] Received: [\'words\']\nNote: if you intended {"word"} to be part of the string and not a variable, please escape it with double curly braces like: \'{{"word"}}\'.\nFor troubleshooting, visit: https://python.langchain.com/docs/troubleshooting/errors/INVALID_PROMPT_INPUT '

Content: approbation
Error: 'Input to ChatPromptTemplate is missing variables {\'"word"\'}.  Expected: [\'"word"\', \'words\'] Received: [\'words\']\nNote: if you intended {"word"} to be part of the string and not a variable, please escape it with double curly braces like: \'{{"word"}}\'.\nFor troubleshooting, visit: https://python.langchain.com/docs/troubleshooting/errors/INVALID_PROMPT_INPUT '

Content: avarice
Error: 'Input to ChatPromptTemplate is missing variables {\'"word"\'}.  Expected: [\'"word"\', \'words\'] Received: [\'words\']\nNote: if you intended {"word"} to be part of the string and not a variable, please escape it with double curly braces like: \'{{"word"}}\'.\nFor troubleshooting, visit: https://python.langchain.com/docs/troubleshooting/errors/INVALID_PROMPT_INPUT '

Content: strident
Error: 'Input to ChatPromptTemplate is missing variables {\'"word"\'}.  Expected: [\'"word"\', \'words\'] Received: [\'words\']\nNote: if you intended {"word"} to be part of the string and not a variable, please escape it with double curly braces like: \'{{"word"}}\'.\nFor troubleshooting, visit: https://python.langchain.com/docs/troubleshooting/errors/INVALID_PROMPT_INPUT '

Content: temerity
Error: 'Input to ChatPromptTemplate is missing variables {\'"word"\'}.  Expected: [\'"word"\', \'words\'] Received: [\'words\']\nNote: if you intended {"word"} to be part of the string and not a variable, please escape it with double curly braces like: \'{{"word"}}\'.\nFor troubleshooting, visit: https://python.langchain.com/docs/troubleshooting/errors/INVALID_PROMPT_INPUT '

Content: egregious
Error: 'Input to ChatPromptTemplate is missing variables {\'"word"\'}.  Expected: [\'"word"\', \'words\'] Received: [\'words\']\nNote: if you intended {"word"} to be part of the string and not a variable, please escape it with double curly braces like: \'{{"word"}}\'.\nFor troubleshooting, visit: https://python.langchain.com/docs/troubleshooting/errors/INVALID_PROMPT_INPUT '

Content: munificent
Error: 'Input to ChatPromptTemplate is missing variables {\'"word"\'}.  Expected: [\'"word"\', \'words\'] Received: [\'words\']\nNote: if you intended {"word"} to be part of the string and not a variable, please escape it with double curly braces like: \'{{"word"}}\'.\nFor troubleshooting, visit: https://python.langchain.com/docs/troubleshooting/errors/INVALID_PROMPT_INPUT '

Content: equanimity
Error: 'Input to ChatPromptTemplate is missing variables {\'"word"\'}.  Expected: [\'"word"\', \'words\'] Received: [\'words\']\nNote: if you intended {"word"} to be part of the string and not a variable, please escape it with double curly braces like: \'{{"word"}}\'.\nFor troubleshooting, visit: https://python.langchain.com/docs/troubleshooting/errors/INVALID_PROMPT_INPUT '

Content: reprobate
Error: 'Input to ChatPromptTemplate is missing variables {\'"word"\'}.  Expected: [\'"word"\', \'words\'] Received: [\'words\']\nNote: if you intended {"word"} to be part of the string and not a variable, please escape it with double curly braces like: \'{{"word"}}\'.\nFor troubleshooting, visit: https://python.langchain.com/docs/troubleshooting/errors/INVALID_PROMPT_INPUT '

Content: unctuous
Error: 'Input to ChatPromptTemplate is missing variables {\'"word"\'}.  Expected: [\'"word"\', \'words\'] Received: [\'words\']\nNote: if you intended {"word"} to be part of the string and not a variable, please escape it with double curly braces like: \'{{"word"}}\'.\nFor troubleshooting, visit: https://python.langchain.com/docs/troubleshooting/errors/INVALID_PROMPT_INPUT '

Content: scurrilous
Error: 'Input to ChatPromptTemplate is missing variables {\'"word"\'}.  Expected: [\'"word"\', \'words\'] Received: [\'words\']\nNote: if you intended {"word"} to be part of the string and not a variable, please escape it with double curly braces like: \'{{"word"}}\'.\nFor troubleshooting, visit: https://python.langchain.com/docs/troubleshooting/errors/INVALID_PROMPT_INPUT '

Content: exculpate
Error: 'Input to ChatPromptTemplate is missing variables {\'"word"\'}.  Expected: [\'"word"\', \'words\'] Received: [\'words\']\nNote: if you intended {"word"} to be part of the string and not a variable, please escape it with double curly braces like: \'{{"word"}}\'.\nFor troubleshooting, visit: https://python.langchain.com/docs/troubleshooting/errors/INVALID_PROMPT_INPUT '

Content: diatribe
Error: 'Input to ChatPromptTemplate is missing variables {\'"word"\'}.  Expected: [\'"word"\', \'words\'] Received: [\'words\']\nNote: if you intended {"word"} to be part of the string and not a variable, please escape it with double curly braces like: \'{{"word"}}\'.\nFor troubleshooting, visit: https://python.langchain.com/docs/troubleshooting/errors/INVALID_PROMPT_INPUT '

Content: approbation
Error: 'Input to ChatPromptTemplate is missing variables {\'"word"\'}.  Expected: [\'"word"\', \'words\'] Received: [\'words\']\nNote: if you intended {"word"} to be part of the string and not a variable, please escape it with double curly braces like: \'{{"word"}}\'.\nFor troubleshooting, visit: https://python.langchain.com/docs/troubleshooting/errors/INVALID_PROMPT_INPUT '

Content: reprobate
Error: 'Input to ChatPromptTemplate is missing variables {\'"word"\'}.  Expected: [\'"word"\', \'words\'] Received: [\'words\']\nNote: if you intended {"word"} to be part of the string and not a variable, please escape it with double curly braces like: \'{{"word"}}\'.\nFor troubleshooting, visit: https://python.langchain.com/docs/troubleshooting/errors/INVALID_PROMPT_INPUT '

Content: indefatigable
Error: 'Input to ChatPromptTemplate is missing variables {\'"word"\'}.  Expected: [\'"word"\', \'words\'] Received: [\'words\']\nNote: if you intended {"word"} to be part of the string and not a variable, please escape it with double curly braces like: \'{{"word"}}\'.\nFor troubleshooting, visit: https://python.langchain.com/docs/troubleshooting/errors/INVALID_PROMPT_INPUT '

Content: assiduous
Error: 'Input to ChatPromptTemplate is missing variables {\'"word"\'}.  Expected: [\'"word"\', \'words\'] Received: [\'words\']\nNote: if you intended {"word"} to be part of the string and not a variable, please escape it with double curly braces like: \'{{"word"}}\'.\nFor troubleshooting, visit: https://python.langchain.com/docs/troubleshooting/errors/INVALID_PROMPT_INPUT '

Content: ubiquitous
Error: 'Input to ChatPromptTemplate is missing variables {\'"word"\'}.  Expected: [\'"word"\', \'words\'] Received: [\'words\']\nNote: if you intended {"word"} to be part of the string and not a variable, please escape it with double curly braces like: \'{{"word"}}\'.\nFor troubleshooting, visit: https://python.langchain.com/docs/troubleshooting/errors/INVALID_PROMPT_INPUT '

Content: tantamount
Error: 'Input to ChatPromptTemplate is missing variables {\'"word"\'}.  Expected: [\'"word"\', \'words\'] Received: [\'words\']\nNote: if you intended {"word"} to be part of the string and not a variable, please escape it with double curly braces like: \'{{"word"}}\'.\nFor troubleshooting, visit: https://python.langchain.com/docs/troubleshooting/errors/INVALID_PROMPT_INPUT '

Content: effervescent
Error: 'Input to ChatPromptTemplate is missing variables {\'"word"\'}.  Expected: [\'"word"\', \'words\'] Received: [\'words\']\nNote: if you intended {"word"} to be part of the string and not a variable, please escape it with double curly braces like: \'{{"word"}}\'.\nFor troubleshooting, visit: https://python.langchain.com/docs/troubleshooting/errors/INVALID_PROMPT_INPUT '

Content: ephemeral
Error: 'Input to ChatPromptTemplate is missing variables {\'"word"\'}.  Expected: [\'"word"\', \'words\'] Received: [\'words\']\nNote: if you intended {"word"} to be part of the string and not a variable, please escape it with double curly braces like: \'{{"word"}}\'.\nFor troubleshooting, visit: https://python.langchain.com/docs/troubleshooting/errors/INVALID_PROMPT_INPUT '

Content: grandiloquent
Error: 'Input to ChatPromptTemplate is missing variables {\'"word"\'}.  Expected: [\'"word"\', \'words\'] Received: [\'words\']\nNote: if you intended {"word"} to be part of the string and not a variable, please escape it with double curly braces like: \'{{"word"}}\'.\nFor troubleshooting, visit: https://python.langchain.com/docs/troubleshooting/errors/INVALID_PROMPT_INPUT '

Content: munificent
Error: 'Input to ChatPromptTemplate is missing variables {\'"word"\'}.  Expected: [\'"word"\', \'words\'] Received: [\'words\']\nNote: if you intended {"word"} to be part of the string and not a variable, please escape it with double curly braces like: \'{{"word"}}\'.\nFor troubleshooting, visit: https://python.langchain.com/docs/troubleshooting/errors/INVALID_PROMPT_INPUT '

Content: parsimony
Error: 'Input to ChatPromptTemplate is missing variables {\'"word"\'}.  Expected: [\'"word"\', \'words\'] Received: [\'words\']\nNote: if you intended {"word"} to be part of the string and not a variable, please escape it with double curly braces like: \'{{"word"}}\'.\nFor troubleshooting, visit: https://python.langchain.com/docs/troubleshooting/errors/INVALID_PROMPT_INPUT '

Content: lachrymose
Error: 'Input to ChatPromptTemplate is missing variables {\'"word"\'}.  Expected: [\'"word"\', \'words\'] Received: [\'words\']\nNote: if you intended {"word"} to be part of the string and not a variable, please escape it with double curly braces like: \'{{"word"}}\'.\nFor troubleshooting, visit: https://python.langchain.com/docs/troubleshooting/errors/INVALID_PROMPT_INPUT '

Content: ascetic
Error: 'Input to ChatPromptTemplate is missing variables {\'"word"\'}.  Expected: [\'"word"\', \'words\'] Received: [\'words\']\nNote: if you intended {"word"} to be part of the string and not a variable, please escape it with double curly braces like: \'{{"word"}}\'.\nFor troubleshooting, visit: https://python.langchain.com/docs/troubleshooting/errors/INVALID_PROMPT_INPUT '

Content: turgid
Error: 'Input to ChatPromptTemplate is missing variables {\'"word"\'}.  Expected: [\'"word"\', \'words\'] Received: [\'words\']\nNote: if you intended {"word"} to be part of the string and not a variable, please escape it with double curly braces like: \'{{"word"}}\'.\nFor troubleshooting, visit: https://python.langchain.com/docs/troubleshooting/errors/INVALID_PROMPT_INPUT '

Content: perspicacious
Error: 'Input to ChatPromptTemplate is missing variables {\'"word"\'}.  Expected: [\'"word"\', \'words\'] Received: [\'words\']\nNote: if you intended {"word"} to be part of the string and not a variable, please escape it with double curly braces like: \'{{"word"}}\'.\nFor troubleshooting, visit: https://python.langchain.com/docs/troubleshooting/errors/INVALID_PROMPT_INPUT '

Content: capitulate
Error: 'Input to ChatPromptTemplate is missing variables {\'"word"\'}.  Expected: [\'"word"\', \'words\'] Received: [\'words\']\nNote: if you intended {"word"} to be part of the string and not a variable, please escape it with double curly braces like: \'{{"word"}}\'.\nFor troubleshooting, visit: https://python.langchain.com/docs/troubleshooting/errors/INVALID_PROMPT_INPUT '

Content: inimical
Error: 'Input to ChatPromptTemplate is missing variables {\'"word"\'}.  Expected: [\'"word"\', \'words\'] Received: [\'words\']\nNote: if you intended {"word"} to be part of the string and not a variable, please escape it with double curly braces like: \'{{"word"}}\'.\nFor troubleshooting, visit: https://python.langchain.com/docs/troubleshooting/errors/INVALID_PROMPT_INPUT '

Content: enervate
Error: 'Input to ChatPromptTemplate is missing variables {\'"word"\'}.  Expected: [\'"word"\', \'words\'] Received: [\'words\']\nNote: if you intended {"word"} to be part of the string and not a variable, please escape it with double curly braces like: \'{{"word"}}\'.\nFor troubleshooting, visit: https://python.langchain.com/docs/troubleshooting/errors/INVALID_PROMPT_INPUT '

Content: perspicacious
Error: 'Input to ChatPromptTemplate is missing variables {\'"word"\'}.  Expected: [\'"word"\', \'words\'] Received: [\'words\']\nNote: if you intended {"word"} to be part of the string and not a variable, please escape it with double curly braces like: \'{{"word"}}\'.\nFor troubleshooting, visit: https://python.langchain.com/docs/troubleshooting/errors/INVALID_PROMPT_INPUT '

Content: fastidious
Error: 'Input to ChatPromptTemplate is missing variables {\'"word"\'}.  Expected: [\'"word"\', \'words\'] Received: [\'words\']\nNote: if you intended {"word"} to be part of the string and not a variable, please escape it with double curly braces like: \'{{"word"}}\'.\nFor troubleshooting, visit: https://python.langchain.com/docs/troubleshooting/errors/INVALID_PROMPT_INPUT '

Content: vociferous
Error: 'Input to ChatPromptTemplate is missing variables {\'"word"\'}.  Expected: [\'"word"\', \'words\'] Received: [\'words\']\nNote: if you intended {"word"} to be part of the string and not a variable, please escape it with double curly braces like: \'{{"word"}}\'.\nFor troubleshooting, visit: https://python.langchain.com/docs/troubleshooting/errors/INVALID_PROMPT_INPUT '

Content: temerity
Error: 'Input to ChatPromptTemplate is missing variables {\'"word"\'}.  Expected: [\'"word"\', \'words\'] Received: [\'words\']\nNote: if you intended {"word"} to be part of the string and not a variable, please escape it with double curly braces like: \'{{"word"}}\'.\nFor troubleshooting, visit: https://python.langchain.com/docs/troubleshooting/errors/INVALID_PROMPT_INPUT '

Content: bombastic
Error: 'Input to ChatPromptTemplate is missing variables {\'"word"\'}.  Expected: [\'"word"\', \'words\'] Received: [\'words\']\nNote: if you intended {"word"} to be part of the string and not a variable, please escape it with double curly braces like: \'{{"word"}}\'.\nFor troubleshooting, visit: https://python.langchain.com/docs/troubleshooting/errors/INVALID_PROMPT_INPUT '

Content: effervescent
Error: 'Input to ChatPromptTemplate is missing variables {\'"word"\'}.  Expected: [\'"word"\', \'words\'] Received: [\'words\']\nNote: if you intended {"word"} to be part of the string and not a variable, please escape it with double curly braces like: \'{{"word"}}\'.\nFor troubleshooting, visit: https://python.langchain.com/docs/troubleshooting/errors/INVALID_PROMPT_INPUT '

Content: demagogue
Error: 'Input to ChatPromptTemplate is missing variables {\'"word"\'}.  Expected: [\'"word"\', \'words\'] Received: [\'words\']\nNote: if you intended {"word"} to be part of the string and not a variable, please escape it with double curly braces like: \'{{"word"}}\'.\nFor troubleshooting, visit: https://python.langchain.com/docs/troubleshooting/errors/INVALID_PROMPT_INPUT '

Content: recalcitrant
Error: 'Input to ChatPromptTemplate is missing variables {\'"word"\'}.  Expected: [\'"word"\', \'words\'] Received: [\'words\']\nNote: if you intended {"word"} to be part of the string and not a variable, please escape it with double curly braces like: \'{{"word"}}\'.\nFor troubleshooting, visit: https://python.langchain.com/docs/troubleshooting/errors/INVALID_PROMPT_INPUT '

Content: iconoclast
Error: 'Input to ChatPromptTemplate is missing variables {\'"word"\'}.  Expected: [\'"word"\', \'words\'] Received: [\'words\']\nNote: if you intended {"word"} to be part of the string and not a variable, please escape it with double curly braces like: \'{{"word"}}\'.\nFor troubleshooting, visit: https://python.langchain.com/docs/troubleshooting/errors/INVALID_PROMPT_INPUT '

Content: inchoate
Error: 'Input to ChatPromptTemplate is missing variables {\'"word"\'}.  Expected: [\'"word"\', \'words\'] Received: [\'words\']\nNote: if you intended {"word"} to be part of the string and not a variable, please escape it with double curly braces like: \'{{"word"}}\'.\nFor troubleshooting, visit: https://python.langchain.com/docs/troubleshooting/errors/INVALID_PROMPT_INPUT '

Content: perspicacious
Error: 'Input to ChatPromptTemplate is missing variables {\'"word"\'}.  Expected: [\'"word"\', \'words\'] Received: [\'words\']\nNote: if you intended {"word"} to be part of the string and not a variable, please escape it with double curly braces like: \'{{"word"}}\'.\nFor troubleshooting, visit: https://python.langchain.com/docs/troubleshooting/errors/INVALID_PROMPT_INPUT '

Content: iconoclast
Error: 'Input to ChatPromptTemplate is missing variables {\'"word"\'}.  Expected: [\'"word"\', \'words\'] Received: [\'words\']\nNote: if you intended {"word"} to be part of the string and not a variable, please escape it with double curly braces like: \'{{"word"}}\'.\nFor troubleshooting, visit: https://python.langchain.com/docs/troubleshooting/errors/INVALID_PROMPT_INPUT '

Content: loquacious
Error: 'Input to ChatPromptTemplate is missing variables {\'"word"\'}.  Expected: [\'"word"\', \'words\'] Received: [\'words\']\nNote: if you intended {"word"} to be part of the string and not a variable, please escape it with double curly braces like: \'{{"word"}}\'.\nFor troubleshooting, visit: https://python.langchain.com/docs/troubleshooting/errors/INVALID_PROMPT_INPUT '

Content: sanguine
Error: 'Input to ChatPromptTemplate is missing variables {\'"word"\'}.  Expected: [\'"word"\', \'words\'] Received: [\'words\']\nNote: if you intended {"word"} to be part of the string and not a variable, please escape it with double curly braces like: \'{{"word"}}\'.\nFor troubleshooting, visit: https://python.langchain.com/docs/troubleshooting/errors/INVALID_PROMPT_INPUT '

Content: staid
Error: 'Input to ChatPromptTemplate is missing variables {\'"word"\'}.  Expected: [\'"word"\', \'words\'] Received: [\'words\']\nNote: if you intended {"word"} to be part of the string and not a variable, please escape it with double curly braces like: \'{{"word"}}\'.\nFor troubleshooting, visit: https://python.langchain.com/docs/troubleshooting/errors/INVALID_PROMPT_INPUT '

Content: inchoate
Error: 'Input to ChatPromptTemplate is missing variables {\'"word"\'}.  Expected: [\'"word"\', \'words\'] Received: [\'words\']\nNote: if you intended {"word"} to be part of the string and not a variable, please escape it with double curly braces like: \'{{"word"}}\'.\nFor troubleshooting, visit: https://python.langchain.com/docs/troubleshooting/errors/INVALID_PROMPT_INPUT '

Content: staid
Error: 'Input to ChatPromptTemplate is missing variables {\'"word"\'}.  Expected: [\'"word"\', \'words\'] Received: [\'words\']\nNote: if you intended {"word"} to be part of the string and not a variable, please escape it with double curly braces like: \'{{"word"}}\'.\nFor troubleshooting, visit: https://python.langchain.com/docs/troubleshooting/errors/INVALID_PROMPT_INPUT '

Content: anathema
Error: 'Input to ChatPromptTemplate is missing variables {\'"word"\'}.  Expected: [\'"word"\', \'words\'] Received: [\'words\']\nNote: if you intended {"word"} to be part of the string and not a variable, please escape it with double curly braces like: \'{{"word"}}\'.\nFor troubleshooting, visit: https://python.langchain.com/docs/troubleshooting/errors/INVALID_PROMPT_INPUT '

Content: archetype
Error: 'Input to ChatPromptTemplate is missing variables {\'"word"\'}.  Expected: [\'"word"\', \'words\'] Received: [\'words\']\nNote: if you intended {"word"} to be part of the string and not a variable, please escape it with double curly braces like: \'{{"word"}}\'.\nFor troubleshooting, visit: https://python.langchain.com/docs/troubleshooting/errors/INVALID_PROMPT_INPUT '

Content: beguile
Error: 'Input to ChatPromptTemplate is missing variables {\'"word"\'}.  Expected: [\'"word"\', \'words\'] Received: [\'words\']\nNote: if you intended {"word"} to be part of the string and not a variable, please escape it with double curly braces like: \'{{"word"}}\'.\nFor troubleshooting, visit: https://python.langchain.com/docs/troubleshooting/errors/INVALID_PROMPT_INPUT '

Content: phlegmatic
Error: 'Input to ChatPromptTemplate is missing variables {\'"word"\'}.  Expected: [\'"word"\', \'words\'] Received: [\'words\']\nNote: if you intended {"word"} to be part of the string and not a variable, please escape it with double curly braces like: \'{{"word"}}\'.\nFor troubleshooting, visit: https://python.langchain.com/docs/troubleshooting/errors/INVALID_PROMPT_INPUT '

Content: redolent
Error: 'Input to ChatPromptTemplate is missing variables {\'"word"\'}.  Expected: [\'"word"\', \'words\'] Received: [\'words\']\nNote: if you intended {"word"} to be part of the string and not a variable, please escape it with double curly braces like: \'{{"word"}}\'.\nFor troubleshooting, visit: https://python.langchain.com/docs/troubleshooting/errors/INVALID_PROMPT_INPUT '

Content: capitulate
Error: 'Input to ChatPromptTemplate is missing variables {\'"word"\'}.  Expected: [\'"word"\', \'words\'] Received: [\'words\']\nNote: if you intended {"word"} to be part of the string and not a variable, please escape it with double curly braces like: \'{{"word"}}\'.\nFor troubleshooting, visit: https://python.langchain.com/docs/troubleshooting/errors/INVALID_PROMPT_INPUT '

Content: impecunious
Error: 'Input to ChatPromptTemplate is missing variables {\'"word"\'}.  Expected: [\'"word"\', \'words\'] Received: [\'words\']\nNote: if you intended {"word"} to be part of the string and not a variable, please escape it with double curly braces like: \'{{"word"}}\'.\nFor troubleshooting, visit: https://python.langchain.com/docs/troubleshooting/errors/INVALID_PROMPT_INPUT '

Content: sagacious
Error: 'Input to ChatPromptTemplate is missing variables {\'"word"\'}.  Expected: [\'"word"\', \'words\'] Received: [\'words\']\nNote: if you intended {"word"} to be part of the string and not a variable, please escape it with double curly braces like: \'{{"word"}}\'.\nFor troubleshooting, visit: https://python.langchain.com/docs/troubleshooting/errors/INVALID_PROMPT_INPUT '

Content: precocious
Error: 'Input to ChatPromptTemplate is missing variables {\'"word"\'}.  Expected: [\'"word"\', \'words\'] Received: [\'words\']\nNote: if you intended {"word"} to be part of the string and not a variable, please escape it with double curly braces like: \'{{"word"}}\'.\nFor troubleshooting, visit: https://python.langchain.com/docs/troubleshooting/errors/INVALID_PROMPT_INPUT '

Content: acquiesce
Error: 'Input to ChatPromptTemplate is missing variables {\'"word"\'}.  Expected: [\'"word"\', \'words\'] Received: [\'words\']\nNote: if you intended {"word"} to be part of the string and not a variable, please escape it with double curly braces like: \'{{"word"}}\'.\nFor troubleshooting, visit: https://python.langchain.com/docs/troubleshooting/errors/INVALID_PROMPT_INPUT '

Content: obdurate
Error: 'Input to ChatPromptTemplate is missing variables {\'"word"\'}.  Expected: [\'"word"\', \'words\'] Received: [\'words\']\nNote: if you intended {"word"} to be part of the string and not a variable, please escape it with double curly braces like: \'{{"word"}}\'.\nFor troubleshooting, visit: https://python.langchain.com/docs/troubleshooting/errors/INVALID_PROMPT_INPUT '

Content: acquiesce
Error: 'Input to ChatPromptTemplate is missing variables {\'"word"\'}.  Expected: [\'"word"\', \'words\'] Received: [\'words\']\nNote: if you intended {"word"} to be part of the string and not a variable, please escape it with double curly braces like: \'{{"word"}}\'.\nFor troubleshooting, visit: https://python.langchain.com/docs/troubleshooting/errors/INVALID_PROMPT_INPUT '

Content: iconoclast
Error: 'Input to ChatPromptTemplate is missing variables {\'"word"\'}.  Expected: [\'"word"\', \'words\'] Received: [\'words\']\nNote: if you intended {"word"} to be part of the string and not a variable, please escape it with double curly braces like: \'{{"word"}}\'.\nFor troubleshooting, visit: https://python.langchain.com/docs/troubleshooting/errors/INVALID_PROMPT_INPUT '

Content: approbation
Error: 'Input to ChatPromptTemplate is missing variables {\'"word"\'}.  Expected: [\'"word"\', \'words\'] Received: [\'words\']\nNote: if you intended {"word"} to be part of the string and not a variable, please escape it with double curly braces like: \'{{"word"}}\'.\nFor troubleshooting, visit: https://python.langchain.com/docs/troubleshooting/errors/INVALID_PROMPT_INPUT '

Content: avarice
Error: 'Input to ChatPromptTemplate is missing variables {\'"word"\'}.  Expected: [\'"word"\', \'words\'] Received: [\'words\']\nNote: if you intended {"word"} to be part of the string and not a variable, please escape it with double curly braces like: \'{{"word"}}\'.\nFor troubleshooting, visit: https://python.langchain.com/docs/troubleshooting/errors/INVALID_PROMPT_INPUT '

Content: strident
Error: 'Input to ChatPromptTemplate is missing variables {\'"word"\'}.  Expected: [\'"word"\', \'words\'] Received: [\'words\']\nNote: if you intended {"word"} to be part of the string and not a variable, please escape it with double curly braces like: \'{{"word"}}\'.\nFor troubleshooting, visit: https://python.langchain.com/docs/troubleshooting/errors/INVALID_PROMPT_INPUT '

Content: temerity
Error: 'Input to ChatPromptTemplate is missing variables {\'"word"\'}.  Expected: [\'"word"\', \'words\'] Received: [\'words\']\nNote: if you intended {"word"} to be part of the string and not a variable, please escape it with double curly braces like: \'{{"word"}}\'.\nFor troubleshooting, visit: https://python.langchain.com/docs/troubleshooting/errors/INVALID_PROMPT_INPUT '

Content: egregious
Error: 'Input to ChatPromptTemplate is missing variables {\'"word"\'}.  Expected: [\'"word"\', \'words\'] Received: [\'words\']\nNote: if you intended {"word"} to be part of the string and not a variable, please escape it with double curly braces like: \'{{"word"}}\'.\nFor troubleshooting, visit: https://python.langchain.com/docs/troubleshooting/errors/INVALID_PROMPT_INPUT '

Content: munificent
Error: 'Input to ChatPromptTemplate is missing variables {\'"word"\'}.  Expected: [\'"word"\', \'words\'] Received: [\'words\']\nNote: if you intended {"word"} to be part of the string and not a variable, please escape it with double curly braces like: \'{{"word"}}\'.\nFor troubleshooting, visit: https://python.langchain.com/docs/troubleshooting/errors/INVALID_PROMPT_INPUT '

Content: perspicacious
Error: 'ChatPromptValue' object has no attribute 'content'

Content: capitulate
Error: 'ChatPromptValue' object has no attribute 'content'

Content: inimical
Error: 'ChatPromptValue' object has no attribute 'content'

Content: enervate
Error: 'ChatPromptValue' object has no attribute 'content'

Content: perspicacious
Error: 'ChatPromptValue' object has no attribute 'content'

Content: fastidious
Error: 'ChatPromptValue' object has no attribute 'content'

Content: vociferous
Error: 'ChatPromptValue' object has no attribute 'content'

Content: temerity
Error: 'ChatPromptValue' object has no attribute 'content'

Content: bombastic
Error: 'ChatPromptValue' object has no attribute 'content'

Content: effervescent
Error: 'ChatPromptValue' object has no attribute 'content'

Content: demagogue
Error: 'ChatPromptValue' object has no attribute 'content'

Content: recalcitrant
Error: 'ChatPromptValue' object has no attribute 'content'

Content: iconoclast
Error: 'ChatPromptValue' object has no attribute 'content'

Content: inchoate
Error: 'ChatPromptValue' object has no attribute 'content'

Content: perspicacious
Error: 'ChatPromptValue' object has no attribute 'content'

Content: iconoclast
Error: 'ChatPromptValue' object has no attribute 'content'

Content: loquacious
Error: 'ChatPromptValue' object has no attribute 'content'

Content: sanguine
Error: 'ChatPromptValue' object has no attribute 'content'

Content: staid
Error: 'ChatPromptValue' object has no attribute 'content'

Content: inchoate
Error: 'ChatPromptValue' object has no attribute 'content'

Content: staid
Error: 'ChatPromptValue' object has no attribute 'content'

Content: anathema
Error: 'ChatPromptValue' object has no attribute 'content'

Content: archetype
Error: 'ChatPromptValue' object has no attribute 'content'

Content: beguile
Error: 'ChatPromptValue' object has no attribute 'content'

Content: phlegmatic
Error: 'ChatPromptValue' object has no attribute 'content'

Content: redolent
Error: 'ChatPromptValue' object has no attribute 'content'

Content: capitulate
Error: 'ChatPromptValue' object has no attribute 'content'

Content: impecunious
Error: 'ChatPromptValue' object has no attribute 'content'

Content: sagacious
Error: 'ChatPromptValue' object has no attribute 'content'

Content: precocious
Error: 'ChatPromptValue' object has no attribute 'content'

Content: acquiesce
Error: 'ChatPromptValue' object has no attribute 'content'

Content: obdurate
Error: 'ChatPromptValue' object has no attribute 'content'

Content: acquiesce
Error: 'ChatPromptValue' object has no attribute 'content'

Content: iconoclast
Error: 'ChatPromptValue' object has no attribute 'content'

Content: approbation
Error: 'ChatPromptValue' object has no attribute 'content'

Content: avarice
Error: 'ChatPromptValue' object has no attribute 'content'

Content: strident
Error: 'ChatPromptValue' object has no attribute 'content'

Content: temerity
Error: 'ChatPromptValue' object has no attribute 'content'

Content: egregious
Error: 'ChatPromptValue' object has no attribute 'content'

Content: munificent
Error: 'ChatPromptValue' object has no attribute 'content'

Content: { "word": "perspicacious", "ipa": "/pspks/, "etymology": "Middle English persepien, from Latin perspicuus" }, { "word": "capitulate", "ipa": "/kptet/, "etymology": "Latin capitulatus, past participle of capitulari" }, { "word": "inimical", "ipa": "/nmkl/, "etymology": "Latin inimicalis" }, { "word": "enervate", "ipa": "/nvet/, "etymology": "Latin nervatus" }, { "word": "perspicacious", "ipa": "/pspks/, "etymology": "Middle English persepien, from Latin perspicuus" }, { "word": "fastidious", "ipa": "/fstidious/, "etymology": "Latin fastidiousus" }, { "word": "vociferous", "ipa": "/vkrs/, "etymology": "Latin vox, 'voice'" }, { "word": "temerity", "ipa": "/tmrti/, "etymology": "Latin temperantia" }, { "word": "bombastic", "ipa": "/bmbst/, "etymology": "Greek bombos, 'barrel'" }, { "word": "effervescent", "ipa": "/frvsnt/, "etymology": "Latin effervescere, 'to bubble up'" }
Error: Expecting ',' delimiter: line 1 column 46 (char 45)

Content: { "word": "perspicacious", "ipa": "/pspks/, -/", "etymology": "Middle English perspicacious, from Latin perspicax, from per- 'thoroughly' + spicere 'to see'" }, { "word": "capitulate", "ipa": "/kpitlat/, -/", "etymology": "Latin capitulate, from capitulum 'a small head, a surrender'" }, { "word": "inimical", "ipa": "/nmkl/, -l/", "etymology": "Latin inimicus 'enemy'" }, { "word": "enervate", "ipa": "/nvet/, -ate/", "etymology": "Latin enervatus, from en- 'in' + nervus 'a nerve'" }, { "word": "perspicacious", "ipa": "/pspks/, -/", "etymology": "Middle English perspicacious, from Latin perspicax, from per- 'thoroughly' + spicere 'to see'" }, { "word": "fastidious", "ipa": "/fstdious/, -ious/", "etymology": "Latin fastidiousus, from fastidium 'care, attention'" }, { "word": "vociferous", "ipa": "/vkrss/, -us/", "etymology": "Latin vociferus, from vocare 'to call, to cry'" }, { "word": "temerity", "ipa": "/tmrti/, -ty/", "etymology": "Latin temperantia 'balance, control'" }, { "word": "bombastic", "ipa": "/bmbtk/, -ic/", "etymology": "Latin bombasticus, from bombus 'a large ball or sphere, a swelling'" }, { "word": "effervescent", "ipa": "/frsknt/, -ent/", "etymology": "Latin effervescere 'to bubble up, to fizz'" }
Error: Extra data: line 1 column 160 (char 159)

Content: perspicacious
Error: name 'single_word_chain' is not defined

Content: capitulate
Error: name 'single_word_chain' is not defined

Content: inimical
Error: name 'single_word_chain' is not defined

Content: enervate
Error: name 'single_word_chain' is not defined

Content: perspicacious
Error: name 'single_word_chain' is not defined

Content: fastidious
Error: name 'single_word_chain' is not defined

Content: vociferous
Error: name 'single_word_chain' is not defined

Content: temerity
Error: name 'single_word_chain' is not defined

Content: bombastic
Error: name 'single_word_chain' is not defined

Content: effervescent
Error: name 'single_word_chain' is not defined

Content: { "word": "perspicacious", "ipa": "/pspks/", "etymology": "Old French perspicace, from Latin perspicax 'having keen sight, clear'" }, { "word": "capitulate", "ipa": "/kptet/", "etymology": "Latin capitulatus 'surrendered, yielded'" }, { "word": "inimical", "ipa": "/nmkl/", "etymology": "Latin inimica 'enemy'" }, { "word": "enervate", "ipa": "/nvet/", "etymology": "Latin nervatus 'slackened, weakened'" }, { "word": "perspicacious", "ipa": "/pspks/", "etymology": "See first entry" }, { "word": "fastidious", "ipa": "/fstedious/", "etymology": "Latin fastidiousus 'fond of order, meticulous'" }, { "word": "vociferous", "ipa": "/vkrs/", "etymology": "Latin vox 'voice' + reus 'habitual'" }, { "word": "temerity", "ipa": "/trmti/ ", "etymology": "Latin temeritas 'rashness, lack of caution'" }, { "word": "bombastic", "ipa": "/bmbstk/", "etymology": "Greek bombas 'a swelling, tumor' + -ic" }, { "word": "effervescent", "ipa": "/frvsknt/", "etymology": "Latin effervescere 'to bubble up'" }
Error: Extra data: line 1 column 133 (char 132)

Content: { "word": "perspicacious", "ipa": "/pspks/, "etymology": "Latin *perspiccium, from *per- 'forward' + *spc 'eye' or 'perception'" }
Error: Expecting ',' delimiter: line 1 column 46 (char 45)

Content: capitulate
Error: name 'save_word_info' is not defined

Content: { "word": "inimical", "ipa": "/nmkl/, "etymology": "From Latin *inimicus ('hostile, unfriendly')" }
Error: Expecting ',' delimiter: line 1 column 40 (char 39)

Content: { "word": "enervate", "ipa": "/nrvt/, "etymology": "From Latin *enervare, *enervare 'to strengthen, invigorate'" }
Error: Expecting ',' delimiter: line 1 column 40 (char 39)

Content: { "word": "perspicacious", "ipa": "/pspks/, "etymology": "From Latin *perspicacia, from *perspicere 'to perceive distinctly, to see through'" }
Error: Expecting ',' delimiter: line 1 column 46 (char 45)

Content: fastidious
Error: name 'save_word_info' is not defined

Content: vociferous
Error: name 'save_word_info' is not defined

Content: { "word": "temerity", "ipa": "/tmrti/,", "etymology": "From Latin *temperantia, from *tempus 'time' + *are 'to make'. Originally 'control of temper', then 'habitual self-control, composure'.", }
Error: Illegal trailing comma before end of object: line 1 column 192 (char 191)

Content: { "word": "perspicacious", "ipa": "/pspks/, pspkt/", "etymology": "Middle English from Old French perspicace 'having clear insight'" }, { "word": "capitulate", "ipa": "/kptet/, kpitlit/", "etymology": "Latin capitulatus 'capitulated, surrendered'" }, { "word": "inimical", "ipa": "/nmkl/, nmkl/", "etymology": "Latin inimicus 'enemy'" }, { "word": "enervate", "ipa": "/nvet/, nvet/", "etymology": "Latin nervatus 'paralyzed, exhausted'" }, { "word": "perspicacious", "ipa": "/pspks/, pspkt/", "etymology": "Middle English from Old French perspicace 'having clear insight'" }, { "word": "fastidious", "ipa": "/fstdis/, fstdious/", "etymology": "Latin fastidiousus 'fond of order, meticulous'" }, { "word": "vociferous", "ipa": "/vkfs/, vkfrs/, vkfs/", "etymology": "Latin vociferare 'to call out, roar'" }, { "word": "temerity", "ipa": "/tmrti/, tmrti/", "etymology": "Latin temeritas 'rashness, lack of self-control'" }, { "word": "bombastic", "ipa": "/bmbst/, bmbst/", "etymology": "Greek bombas 'a swelling, tumor'" }, { "word": "effervescent", "ipa": "/frvsnt/, ffrvsnt/", "etymology": "Latin effervescere 'to bubble up, foam'" }
Error: Extra data: line 1 column 135 (char 134)

Content: { "word": "perspicacious", "ipa": "/pspks/, "etymology": "Latin *perspicax, from *per- 'thoroughly' + *specere 'to see, perceive'" }
Error: Expecting ',' delimiter: line 1 column 46 (char 45)

Content: capitulate
Error: string indices must be integers, not 'str'

Content: { "word": "inimical", "ipa": "/nmkl/, "etymology": "From Latin *inimicus, from *in- 'not' + *amicus 'friend'", }
Error: Expecting ',' delimiter: line 1 column 40 (char 39)

Content: { "word": "enervate", "ipa": "/nrvt/, "etymology": "From Latin *enervare 'to strengthen, make whole, restore, recover'" }
Error: Expecting ',' delimiter: line 1 column 40 (char 39)

Content: { "word": "perspicacious", "ipa": "/pspks/, "etymology": "Latin *perspicere 'to see through, perceive clearly'" }
Error: Expecting ',' delimiter: line 1 column 46 (char 45)

Content: { "word": "fastidious", "ipa": "/fstes/, "etymology": "From Latin *facere 'to make' + -dious 'doing, habit, custom'" }
Error: Expecting ',' delimiter: line 1 column 43 (char 42)

Content: { "word": "vociferous", "ipa": "/vkfs/, "etymology": "From Latin *vociferare, past participle of *vocari 'to call, cry out'" }
Error: Expecting ',' delimiter: line 1 column 42 (char 41)

Content: { "word": "temerity", "ipa": "/tmrti/, "etymology": "From Middle English *temerit, from Old French *temerit, from Latin *temperantia 'balance, moderation'" }
Error: Expecting ',' delimiter: line 1 column 41 (char 40)

Content: { "word": "perspicacious", "ipa": "/pspks/", "etymology": "Latin perspicax, 'having clear insight'" }, { "word": "capitulate", "ipa": "/kptet/", "etymology": "Latin capitulatus, 'surrendered, surrendered'" }, { "word": "inimical", "ipa": "/nmkl/", "etymology": "Latin inimicalis, 'hostile, unfriendly'" }, { "word": "enervate", "ipa": "/nvet/", "etymology": "Latin nervatus, 'paralyzed, exhausted'" }, { "word": "perspicacious", "ipa": "/pspks/", "etymology": "Latin perspicax, 'having clear insight'" }, { "word": "fastidious", "ipa": "/fstidious/ ", "etymology": "Latin fastidiousus, 'fond of order and cleanliness'" }, { "word": "vociferous", "ipa": "/vkfrs/", "etymology": "Latin vociferous, 'given to uttering sounds'" }, { "word": "temerity", "ipa": "/tmrti/ ", "etymology": "Latin temperantia, 'self-control, moderation'" }, { "word": "bombastic", "ipa": "/bmbstk/", "etymology": "Latin bombasticus, 'pompous, boastful'" }, { "word": "effervescent", "ipa": "/frvsnt/", "etymology": "Latin effervescere, 'to bubble up, foam'" }
Error: Extra data: line 1 column 102 (char 101)

Content: perspicacious
Error: string indices must be integers, not 'str'

Content: {"word": "perspicacious", "ipa": "/prspis/", "etymology": "Late Latin perspicacius, from Latin perspicax, from perspicere to look through"}, {"word": "capitulate", "ipa": "/kptjulet/", "etymology": "Middle English capitulaten, from Old French capituler, from capitule, from Latin capitulum head (of a column)"}, {"word": "inimical", "ipa": "/nmkl/", "etymology": "Late Middle English: from Old French inimicable, from Latin inimicus hostile, adversary"}, {"word": "enervate", "ipa": "/inrvet/", "etymology": "Middle English: from Latin inervatus, past participle of inervare to deprive of sinews or nerve, from in- + nervus nerve"}, {"word": "perspicacious", "ipa": "/prspis/", "etymology": "Late Latin perspicacius, from Latin perspicax, from perspicere to look through"}, {"word": "fastidious", "ipa": "/fstdis/", "etymology": "From French fastideux, from Latin fastidium, from fastus contempt, pride"}, {"word": "vociferous", "ipa": "/vsfrs/", "etymology": "Middle English: from Old French vocifere to cry out loudly, from Late Latin vociferus, from Latin vox voice"}, {"word": "temerity", "ipa": "/tmti/", "etymology": "Early 17th century (in the sense 'recklessness'): from French temrit, from Latin temeritas rashness, imprudence"}, {"word": "bombastic", "ipa": "/bmbstk/", "etymology": "Late 17th century: from French bombastique, from Italian bomba stick of dynamite, from Old French bombe, from Medieval Latin bomba, from Arabic bomba 'a cannonball', literally 'thing thrown'"}, {"word": "effervescent", "ipa": "/fvrsnt/", "etymology": "Middle English (in the sense 'boiling over'): from Old French effaver, from Latin effervescere to boil up, from ex- + fervere to boil"}
Error: Extra data: line 1 column 140 (char 139)

Content: { "word": "enervate", "ipa": "/nrvate/\ ", "etymology": "From Latin 'inervatus', past participle of 'inervare', from 'inter-' (meaning 'between') and 'nerve' (meaning 'sinew, nerve'). The word means to weaken or exhaust the strength or vitality." }
Error: Invalid \escape: line 1 column 39 (char 38)

Content: {"word": "demagogue", "ipa": "/dm/", "etymology": "From Greek dmaggos, from dmos, people + aggos, leader"}, {"word": "recalcitrant", "ipa": "/rkltrnt/", "etymology": "Late Latin recalcitrare, to make hard to move, from calcitus, hard}, {"word": "iconoclast", "ipa": "/aknk last/", "etymology": "From Greek eiknikos klastes, smasher of images"}, {"word": "inchoate", "ipa": "/nht/", "etymology": "From Latin inceptus, past participle of incipere, to begin"}, {"word": "perspicacious", "ipa": "/prspks/", "etymology": "From Latin perspicax, keen-eyed, perceptive}, {"word": "iconoclast", "ipa": "/aknk last/", "etymology": "From Greek eiknikos klastes, smasher of images"}, {"word": "loquacious", "ipa": "/lkws/", "etymology": "From Latin locutius, speaking a lot, from loqui, to speak"}, {"word": "sanguine", "ipa": "/sawn/", "etymology": "From Latin sanguis, blood"}, {"word": "staid", "ipa": "/sted/", "etymology": "Old French stede, standing still, from Old Norse star, position"}
Error: Extra data: line 1 column 107 (char 106)

Content: {"word": "staid", "ipa": "/sted/", "etymology": "From Middle English stable, steady; from Old Norse star position, stand."}, {"word": "anathema", "ipa": "/nm/", "etymology": "From Greek anathemat- (from anathematize, anathematizo to devote, execrate, anathema a thing devoted or consecrated), from ana- + thema a setting, from tithenai to place."}, {"word": "archetype", "ipa": "/rkitap/", "etymology": "From Greek arch arche, beginning, ruler + tpos type, form."}, {"word": "beguile", "ipa": "/biwal/", "etymology": "From Middle English beguilen, from Old French beguiller to cheat, deceive; from be- + guiller to play, trick."}, {"word": "phlegmatic", "ipa": "/fmtk/", "etymology": "From Greek phlgma humor, phlegm (in medicine), fire (in alchemy)." }, {"word": "redolent", "ipa": "/rdlnt/", "etymology": "From Old French redolent, from re- + odorant smelling."}, {"word": "capitulate", "ipa": "/kptjulet/", "etymology": "From Latin capitulum a little head (as the capital of a column), capital letter, chapter; from caput head."}, {"word": "impecunious", "ipa": "/mpkjuns/", "etymology": "From Latin in + pecunia money, wealth."}, {"word": "sagacious", "ipa": "/ses/", "etymology": "From Latin sagax shrewd, from saxum stone, rock (because the shrewd have keen eyes)." }, {"word": "precocious", "ipa": "/prks/", "etymology": "From Latin praecox early-growing, early ripe; from prae- + coxere to ripen, ripe (of plants)." }
Error: Extra data: line 1 column 124 (char 123)

Content: {"word": "acquiesce", "ipa": "/kwzs/", "etymology": "Late Latin acquiescere, from aquiescere to yield, submit oneself - from ad- 'to' + quiescere 'to rest'"}, {"word": "obdurate", "ipa": "/bdrt/", "etymology": "Latin obdrre to make hard or stubborn, from ob- 'against' + drri to be hard - related to durus hard"}, {"word": "acquiesce", "ipa": "/kwzs/", "etymology": "Late Latin acquiescere, from aquiescere to yield, submit oneself - from ad- 'to' + quiescere 'to rest'"}, {"word": "iconoclast", "ipa": "/knklst/", "etymology": "From Greek eikon, image, and klastes, breaker"}, {"word": "approbation", "ipa": "/aprben/", "etymology": "Middle English (in the sense 'approval'): from Old French aprobacion, from Latin approbatio(n-), from approbare to approve"}, {"word": "avarice", "ipa": "/vrs/", "etymology": "From Old French avarice, from Medieval Latin avariitias, from Late Latin avaritia (influenced by Old French avariz) - from Latin avarus greedy"}, {"word": "strident", "ipa": "/strdnt/", "etymology": "From Latin stridere to grate or screech, perhaps originally 'to squeak'"}, {"word": "temerity", "ipa": "/tmrti/", "etymology": "Middle English (in the sense 'impudence'): from Old French temerite, from Latin temeritas rashness, from temerit- (stem of temer) reckless"}, {"word": "egregious", "ipa": "/irs/", "etymology": "Late Latin egregius, outstanding, excellent - from e- 'out' + grex flock"}, {"word": "munificent", "ipa": "/mjunfsnt/", "etymology": "From Latin munificns, generous or liberal, from munus gift, from monere to advise - related to monet money"}
Error: Extra data: line 1 column 158 (char 157)

Content: {"word": "equanimity", "ipa": "/kwnmti/", "etymology": "From Latin aequanimitas, from aequus (equal) + animus (mind or spirit)"}, {"word": "reprobate", "ipa": "/rprbt/", "etymology": "Latin reprobat- (noun), past participle of repudicare, from re- + probari (to test)"}, {"word": "unctuous", "ipa": "/kus/", "etymology": "From Latin unctus (anointed), past participle of ungere (to anoint)"}, {"word": "scurrilous", "ipa": "/skrls/", "etymology": "From Old French escorillos, from Vulgar Latin *scortilis, adjective use of scortum (rag, dirty cloth), from Latin scor foil, peel"}, {"word": "exculpate", "ipa": "/ksklpate/", "etymology": "From Latin exculpare, from ex- + culpare (to blame)"}, {"word": "diatribe", "ipa": "/dtrb/", "etymology": "From Greek diatrib (discourse, argument), from dia- (through) + triboun (judge or accuser)"}, {"word": "approbation", "ipa": "/prbn/", "etymology": "From Latin approbatio (praise, commendation), from aprobare (to praise or commend)"}, {"word": "reprobate", "ipa": "/rprbt/", "etymology": "Latin reprobat- (noun), past participle of repudicare, from re- + probari (to test)"}, {"word": "indefatigable", "ipa": "/ndftab(l)/", "etymology": "From Latin in- + fatigabilis, from fatigare (to tire out)"}, {"word": "assiduous", "ipa": "/sdis/", "etymology": "From Latin assiduus, present participle of assedo (I sit down) or assidere (I sit)"}
Error: Extra data: line 1 column 129 (char 128)

Content: {"word": "ubiquitous", "ipa": "/jubkwts/", "etymology": "Latin ubique and quod, meaning everywhere that which is found"}, {"word": "tantamount", "ipa": "/tan(t)mnt/", "etymology": "Old French tant amont, meaning as much above as below"}, {"word": "effervescent", "ipa": "/ffrvnsnt/", "etymology": "Middle English eferveschance, from Latin effervescere, to boil up and hiss"}, {"word": "ephemeral", "ipa": "/fimrl/", "etymology": "From Greek ephemeros, short-lived"}, {"word": "grandiloquent", "ipa": "/grndlokwnt/", "etymology": "Latin grandis, great + loqui, to speak"}, {"word": "munificent", "ipa": "/mjunfsnt/", "etymology": "From Latin munus, gift or duty + facere, to make"}, {"word": "parsimony", "ipa": "/przmni/", "etymology": "Old French parsimonie, from Latin parcus, small + munus, gift or duty"}, {"word": "lachrymose", "ipa": "/lkrms/", "etymology": "From Latin lacrimosus, tearful"}, {"word": "ascetic", "ipa": "/setk/", "etymology": "Greek asksis, exercise or training"}, {"word": "turgid", "ipa": "/trdd/", "etymology": "Middle English turge, from Old French turger, to swell"}
Error: Extra data: line 1 column 121 (char 120)

Content: {"word": "salubrious", "ipa": "/sljubris/", "etymology": "Latin: conducive to health or the body's well-being"}, {"word": "anathema", "ipa": "/nm/", "etymology": "Greek: a thing accursed, banished, or devoted to the devil"}, {"word": "cogent", "ipa": "/kdnt/", "etymology": "Late Latin: pressing, urgent"}, {"word": "iconoclast", "ipa": "/knklast/", "etymology": "Greek: image breaker"}, {"word": "perspicacious", "ipa": "/pspks/", "etymology": "Late Latin perspicacius: keen-sighted, perceptive"}, {"word": "aplomb", "ipa": "/plm/", "etymology": "French: self-confidence and coolness under pressure"}, {"word": "loquacious", "ipa": "/lkws/", "etymology": "Latin loquax: talkative, chatty"}, {"word": "conflagration", "ipa": "/knflgran/", "etymology": "Middle English: a blazing together, from Old French conflagracion, from Latin concnere: to burn together"}, {"word": "effervescent", "ipa": "/ifvrsnt/", "etymology": "Late Middle English: bursting with bubbles or fizzing, from Old French efaverser: to boil over, from effervescere: to boil up"}, {"word": "precocious", "ipa": "/prkos/", "etymology": "Late Latin praecox: early ripe, precocious: prematurely developed"}
Error: Extra data: line 1 column 112 (char 111)

Content: {"word": "upbraid", "ipa": "/pbrd/", "etymology": "Middle English (denoting a reproach): from Old Norse upp-breia, from upp- 'up' + breia 'to scold'"}, {"word": "proclivity", "ipa": "/prklvti/", "etymology": "Middle English (in the sense 'leaning or inclination'): from Old French proclivit, from Latin prclvit- (stem of prclvis) 'incline, slope', from prclvis 'declining, falling forward'"}, {"word": "turgid", "ipa": "/trd/", "etymology": "Late Middle English: via Latin turgidus, from turgescere 'to swell', from the verb turis 'swelling'"}, {"word": "staid", "ipa": "/sted/", "etymology": "Old English std 'steady'; related to steadfast"}, {"word": "iconoclast", "ipa": "/aknklst/", "etymology": "Late Latin conocltus, from Greek eikn 'image' + klssein 'to break'"}, {"word": "beguile", "ipa": "/bwal/", "etymology": "Middle English (in the sense 'deceive'): from Old French beguiler, based on Latin beguilare, frequentative of beguilare 'to lead astray', from beguere 'to entice'"}, {"word": "tantamount", "ipa": "/tan(t)mnt/", "etymology": "Middle English (in the sense 'equal'): from Old French tant 'as much' + amount 'sum, value'"}, {"word": "invective", "ipa": "/nvktv/", "etymology": "Late Middle English: via Latin invectva, from invectus, past participle of invehere 'to throw at', from in- 'in' + vehere 'to carry'"}, {"word": "vicarious", "ipa": "/vkrrs/", "etymology": "Late Latin vicrius, from Latin vcis 'district'"}, {"word": "aberration", "ipa": "/bran/", "etymology": "Middle English: via Old French aberration, from Late Latin aberratio(n-), from aberrare 'to wander away', from ab- 'away' + errare 'wander'"}
Error: Extra data: line 1 column 151 (char 150)

Content: {"word": "inchoate", "ipa": "/ntoet/", "etymology": "Latin inchoare, to begin"}, {"word": "obfuscate", "ipa": "/bfskete/", "etymology": "Late Latin obfuscare, from Latin ob- + fuscare to smoke, obscure"}, {"word": "grandiloquent", "ipa": "/grndlkwnt/", "etymology": "Latin grandis, great + loqui, to speak"}, {"word": "bombastic", "ipa": "/bmbstk/", "etymology": "From Italian bombastico, from French bombaste, from Italian bomba, bomb (cannon), perhaps influenced by Old French bombace, a kind of cloth,"}, {"word": "apocryphal", "ipa": "/pkrfl/", "etymology": "From Greek apokryphos, hidden, secret"}, {"word": "evanescent", "ipa": "/vnsnt/", "etymology": "Middle English evanescen(t), from Old French evanescer to vanish (from Latin evanescere, from e- + vana + scre to know)"}, {"word": "parsimony", "ipa": "/prsmni/", "etymology": "From Latin parsimonia, prudence in spending or saving (from pars part + monee, warning), from parsimonius, sparing"}, {"word": "loquacious", "ipa": "/lkws/", "etymology": "Latin loquax, talkative (from loqui to speak)"}, {"word": "precocious", "ipa": "/prkos/", "etymology": "From Latin praecox, early ripe (from prae- + cx, grain), from praecoce, prematurely grown"}, {"word": "obdurate", "ipa": "/bdret/", "etymology": "Latin obstinatus, obstinate, from ob- + stnre to stick or adhere"}
Error: Extra data: line 1 column 80 (char 79)

Content: {"word": "invective", "ipa": "/nvktiv/", "etymology": "From Latin invectiva, from in- + vectus past participle of vehere to throw"}, {"word": "supercilious", "ipa": "/sjuprslis/", "etymology": "Latin supercilium brow, eyebrow + -ious indicating state or quality"}, {"word": "invective", "ipa": "/nvktiv/", "etymology": "From Latin invectiva, from in- + vectus past participle of vehere to throw"}, {"word": "obdurate", "ipa": "/bdrt/", "etymology": "Latin obduratus, past participle of obdrare, from ob- + durre to make hard or obstinate"}, {"word": "assiduous", "ipa": "/sus/", "etymology": "From Latin assiduus, present participle of assequi to follow or attend to attentively"}, {"word": "ascetic", "ipa": "/setk/", "etymology": "Greek asktikos, from asksis training, asceticism"}, {"word": "assiduous", "ipa": "/sus/", "etymology": "From Latin assiduus, present participle of assequi to follow or attend to attentively"}, {"word": "aberration", "ipa": "/brn/", "etymology": "Latin aberratio wandering, departure from a normal course"}, {"word": "loquacious", "ipa": "/lkws/", "etymology": "From Latin loquax talkative, chattering, speaking much"}, {"word": "nefarious", "ipa": "/nfris/", "etymology": "Latin nefas impiety + -eous indicating state or quality"}
Error: Extra data: line 1 column 132 (char 131)

Content: [{"word": "compensate", "ipa": "/kmpnset/", "etymology": "Late Middle English (in the sense 'pay compensation'): from Latin compensre, from com- 'together' + pensus 'thought out'"}, {"word": "compensation", "ipa": "/kmpnsen/", "etymology": "Late Middle English (in the sense 'payment of money as compensation'): from Latin compenstion- (stem of compensre)"}, {"word": "competence", "ipa": "/kmptns/", "etymology": "From Old French competance, from competant 'capable', present participle of competer 'contend, compete'",}, {"word": "competent", "ipa": "/kmpet()nt/", "etymology": "From Old French competant 'capable', present participle of competer 'contend, compete'"}, {"word": "compile", "ipa": "/kmpl/", "etymology": "Late Middle English (in the sense 'put together'): from Old French compiler, from Latin compilre 'pack up'",}, {"word": "composition", "ipa": "/kmpztn/", "etymology": "From Old French composiciona, from Latin compositio 'an arrangement, putting together,' from com- (combine) + positio (placement), feminine of posito (putted)"}, {"word": "compound", "ipa": "/kmpaund/", "etymology": "From Old French compowndre 'assemble, enclose in a container,' from Latin combinare, combinare 'bind together', from com- + bindere 'to tie'"}, {"word": "comprehensive", "ipa": "/kmprihenv/", "etymology": "Late Middle English (in the sense 'grasped by the mind'): from Latin comprehensivus, present participle of comprensre 'to grasp thoroughly,' from comprehendere 'seize completely'"}, {"word": "comprise", "ipa": "/kmprz/", "etymology": "From Old French compris, past participle of comprendre, from Latin comprehensivus 'grasped by the mind,' present participle of comprehendere 'seize completely'"}, {"word": "compromise", "ipa": "/kmprazm/", "etymology": "From Old French compromis, from Latin compromissum, neuter past participle of comprimere, from com- (together) + premere (press)"}]
Error: Illegal trailing comma before end of object: line 1 column 520 (char 519)

Content: [{"word": "conversion", "ipa": "/knvn/", "etymology": "From Old French convertioun, from Latin conversio(n-), from convertere"}, {"word": "conviction", "ipa": "/knvikn/", "etymology": "Middle English (in the sense 'judgment'): from Old French conviction, from Latin convictionem (nominative convictio), noun of action from past participle of con- (intensive prefix) + vincire, from Latin vinci to vanquish"}, {"word": "cooperate", "ipa": "/kprt/", "etymology": "From Old French cooperer, from copir (to copy), from Latin com- (together) + petire (ask, strive after, seek)"}, {"word": "cooperative", "ipa": "/kprtv/", "etymology": "From Old French cooperatif, from Late Latin cooperatus, present participle of cooperare (to work together), from com- + petire (to strive after)"}, {"word": "coordinate", "ipa": "/kordnet/", "etymology": "From Old French coordonner, from Late Latin coordinatus, present participle of coordinare, from com- + ordino (I arrange)"}, {"word": "coordination", "ipa": "/krdnen/", "etymology": "From Old French coordonnacion, from Late Latin coordinatio(n-), from coordinare"}, {"word": "coordinator", "ipa": "/krdnetr/", "etymology": "From Old French coordonnateur, from coordonner"}, {"word": "cop", "ipa": "/kp/", "etymology": "From Middle English coppe, copy; see cope"}, {"word": "cope", "ipa": "/kp/", "etymology": "From Old English copa; related to German kappe, Danish kap"), {"word": "copper", "ipa": "/kpr/", "etymology": "From Middle English copur, from Old English copor, of Germanic origin; related to Dutch koper, German Kupfer"}]
Error: Expecting ',' delimiter: line 1 column 1406 (char 1405)

Content: [{"word": "corrupt", "ipa": "/krpt/", "etymology": "From Latin corruptus, past participle of corrumpere, to break up, destroy, to bribe"}, {"word": "corruption", "ipa": "/krpn/", "etymology": "From Latin corruptionem (nominative corruptio), noun of action from corruptus"}, {"word": "costly", "ipa": "/kstl/", "etymology": "Old English costlic; related to cystan, to cost"}, {"word": "counter", "ipa": "/kantr/", "etymology": "From Old French contre, from Latin contra, against"}, {"word": "craft", "ipa": "/krft/", "etymology": "Old English craft; related to crftear, craftsman"}, {"word": "crawl", "ipa": "/kraul/", "etymology": "From Old English creawlan; akin to Old Norse krofla, Gothic kreuflan"}, {"word": "creativity", "ipa": "/kratvti/", "etymology": "Late Latin creativus, from creatus, past participle of creare, to create"}, {"word": "credibility", "ipa": "/kridblti/", "etymology": "From Latin credibilis, believable, trustworthy"}, {"word": "critique", "ipa": "/krtik/", "etymology": "French critique, from critiquer, to judge"} ] {"word": "crown", "ipa": "/kran/", "etymology": "Old English crw; akin to Old Norse krkr, Greek kraugma, Lithuanian karas"}]
Error: Extra data: line 1 column 1046 (char 1045)

Content: [{"word": "evolution", "ipa": "/vljun/", "etymology": "From Latin evolvo, from volvere to roll, unroll"}, {"word": "evolve", "ipa": "/vlv/", "etymology": "From Old French evoluir, from Latin evolvo"}, {"word": "exceed", "ipa": "/ksd/", "etymology": "From Old English excedan"}, {"word": "exception", "ipa": "/iksepn/", "etymology": "From Latin exceptionem, from exceptio"}, {"word": "exceptional", "ipa": "/ksepnl/", "etymology": "From Late Latin exceptionlis, from exception- + -alis suffix of quality"}, {"word": "excess", "ipa": "/kses/", "etymology": "From Old French excess, from Latin excedere to exceed, go outside"}, {"word": "excessive", "ipa": "/ksv/", "etymology": "From Late Latin excessvus, from excess- + -vus suffix of quality"}, {"word": "exclusion", "ipa": "/kskljun/", "etymology": "From Latin excludere to shut out, exclude"}, {"word": "exclusive", "ipa": "/gzksv/", "etymology": "From Latin exclusus, past participle of excludo to shut out"}, {"word": "execution", "ipa": "/iksekjun/", "etymology": "From Old French executioun, from Latin executionem (nominative executio), from ex- 'out' + cutio 'a cutting'}]
Error: Unterminated string starting at: line 1 column 1020 (char 1019)

Content: [{"word": "immense", "ipa": "/mns/", "etymology": "From Latin immensum, from im- + mensura measurement"}, {"word": "immigration", "ipa": "/mrn/", "etymology": "From Old French emigrer, from Latin migrare 'to move,' from movere 'to move'"}, {"word": "imminent", "ipa": "/mnnt/", "etymology": "From Latin imminere 'to stand over, hang over'}, {"word": "immune", "ipa": "/mjun/", "etymology": "From Latin immnis 'unconquerable, invincible,' from in- + mna goddess of fertility"}, {"word": "imprison", "ipa": "/mprzn/", "etymology": "Middle English, from Old French en prison 'in prison,' from prison"}, {"word": "imprisonment", "ipa": "/mprznmnt/", "etymology": "From imprison + -ment"}, {"word": "inability", "ipa": "/nblti/", "etymology": "From in- + able + -ity"}, {"word": "inappropriate", "ipa": "/nprprit/", "etymology": "Middle English, from Old French inaproprie, from Latin in- + approprire 'to take to oneself, arrogate to oneself,' from proprius 'one's own, proper'"}, {"word": "incidence", "ipa": "/ndns/", "etymology": "From Latin incidere 'fall upon,' from in- + cadere 'to fall'}]
Error: Expecting ',' delimiter: line 1 column 344 (char 343)

Content: [{"word": "incorporate", "ipa": "/nkrpret/", "etymology": "From Latin incorporatus, from incorporare - to make a body, combine, from in- + corpus - body"}, {"word": "independence", "ipa": "/ndpendns/", "etymology": "From Old French independance, from Latin independentia, from independentiaem (nominative independentia) - freedom, exemptness"}, {"word": "indication", "ipa": "/ndkn/", "etymology": "From Old French indiquation, from Latin indicatio, from indicare - show, point out, from in- + dico (I say)"}, {"word": "indicator", "ipa": "/ndktr/", "etymology": "From Latin indicator, from indicare - show, point out, from in- + dico (I say)"}, {"word": "indictment", "ipa": "/ndktmnt/", "etymology": "From Old French indictement, from Latin indictio - a listing, accusation, from in- + dicere (to say, speak out)"}, {"word": "induce", "ipa": "/ndjus/", "etymology": "From Latin induco - to lead in, introduce, from in- + ducere (I lead)"}, {"word": "indulge", "ipa": "/ndl/", "etymology": "From Old French indole, from Latin indulgentia - kindness, leniency, from indulgere - to spare, gratify, from in- + ulgo (openly)"}, {"word": "inevitable", "ipa": "/nvtbl/", "etymology": "From Old French enevtuel, from Latin inevitabilis - unavoidable, from in- + evadere - to escape"}, {"word": "inevitably", "ipa": "/nvtbli/", "etymology": "From Old French enevtuelement, from Latin inevitabiliem (accusative of inevitabilis), from in- + evadere - to escape"} ] For infant: {"word": "infant", "ipa": "/nfnt/", "etymology": "From Latin infans - incapable of speech, from in- + fari (to speak)"}]
Error: Extra data: line 1 column 1457 (char 1456)

Content: [{"word": "ownership", "ipa": "/nanp/", "etymology": "From Old English anaweonhscipe"}, {"word": "peak", "ipa": "/pik/", "etymology": "Old English beacen, from Proto-Germanic *bak-, from Proto-Indo-European *bheg-"}, {"word": "peasant", "ipa": "/psnt/", "etymology": "From Old French pesant, from Latin pescus, past participle of pescare 'to fish'"}, {"word": "peculiar", "ipa": "/pikjlr/", "etymology": "Latin particularis, from particula 'part'"}, {"word": "peer", "ipa": "/pr/", "etymology": "Old English pyrre, from Proto-Germanic *fir-, from Proto-Indo-European *pher- 'to strike'"}, {"word": "penalty", "ipa": "/pen()lti/", "etymology": "From Old French peine, from Latin poena 'punishment'"}, {"word": "perceive", "ipa": "/psp/", "etymology": "From Middle English perceiven, from Old French perceevre, from Latin percipere 'to seize, grasp'"}, {"word": "perception", "ipa": "/prsepn/", "etymology": "From Middle English perception, from Old French perceivance, from Latin perceptio(n-) 'comprehension, knowledge gained by the senses, understanding'"}, {"word": "permanently", "ipa": "/prmnmntli/", "etymology": "From Late Latin permanens, present participle of permanere, from per- 'through' + manere 'to remain'"}, {"word": "persist", "ipa": "/prsst/", "etymology": "From Old French persister, from Latin persistere, from per- 'through' + sistere 'to stand'}]
Error: Unterminated string starting at: line 1 column 1275 (char 1274)

Content: [{"word": "riot", "ipa": "/raot/", "etymology": "Middle English (in the sense 'rebellion, uprising'): from Old French rioter 'to disturb, tumultuous assembly', of Germanic origin; related to ride 'to roam'"}, {"word": "rip", "ipa": "/rp/", "etymology": "Old English ripian 'to tear'"}, {"word": "risky", "ipa": "/rski/", "etymology": "Early 17th century: from obsolete risk 'danger, peril', of Scandinavian origin; related to reyskja 'to shake'"}, {"word": "ritual", "ipa": "/rtl/", "etymology": "Late Middle English: via Latin ritus from Greek hrikos ritual, from hrs hero (in the sense 'divine being')"}, {"word": "rival", "ipa": "/ravl/", "etymology": "Middle English (in the sense 'contend with in rivalry; contestant, adversary'): from Old French rivau 'companion', of Germanic origin; related to rewe 'friend, companion'"}, {"word": "rob", "ipa": "/rb/", "etymology": "Old English robbian 'to steal or plunder'"}, {"word": "robbery", "ipa": "/rbri/", "etymology": "Middle English: from Old French robere, based on Latin rapina 'theft', from rapere 'seize by force'"}, {"word": "rock", "ipa": "/rk/", "etymology": "Old English rocc; related to rock (v.)"}, {"word": "rocket", "ipa": "/rkt/", "etymology": "Middle English: from Anglo-French roquete, from Old French rochet 'rod or stick', of Germanic origin"} ] {"word": "rod", "ipa": "/rd/", "etymology": "Old English hro 'a staff'"}]
Error: Extra data: line 1 column 1317 (char 1316)

Content: [{"word": "shrink", "ipa": "/rk/", "etymology": "Old English hryccan, from hraw (a hollow), probably imitative"}, {"word": "shrug", "ipa": "/r/", "etymology": "Origin unknown, perhaps a copying of the sound of shrugging the shoulders"}, {"word": "si", "ipa": "/sa/", "etymology": "English name Si, short for Silas, from Greek Silas (from Hebrew Shlomo), meaning 'asked-for' or 'rewarded'"}, {"word": "signature", "ipa": "/sntr/", "etymology": "Late Middle English: from Latin signatura, from signare 'to mark'"}, {"word": "simulate", "ipa": "/smlte/", "etymology": "Early 17th century (in the sense 'counterfeit'): from Latin simulatus, past participle of simulare 'represent', from similis 'like' + ulus 'particle indicating action'"}, {"word": "simulation", "ipa": "/smjlen/", "etymology": "Early 17th century: from Latin simulationem (accusative of simulatio), from the verb simulare 'represent'"}, {"word": "sitivity", "ipa": "/svtti/", "etymology": "Mid 16th century: from Late Latin sensitivitas, from Latin sensitivus 'sensitive', from the verb sentire 'feel'"}, {"word": "situated", "ipa": "/stjuetid/", "etymology": "Mid 16th century: from Latin situs 'place, position', from sedere 'to sit'"}, {"word": "sketch", "ipa": "/skt/", "etymology": "Early 17th century: shortening of French esquisse, from Italian disegno 'drawing'"} ] {"word": "skilled", "ipa": "/skld/", "etymology": "Old English scylfian, from skil 'skill', past participle of sculan 'to be able to do something'" }]
Error: Extra data: line 1 column 1340 (char 1339)

Content: [{"word": "stark", "ipa": "/strk/", "etymology": "From Old English stearc, from Proto-Germanic *starkaz, from Proto-Indo-European *sterg-, *ster- 'firm, strong'"}, {"word": "starve", "ipa": "/strv/", "etymology": "From Old English sterian; related to stearth 'food', steorfan 'die'"}, {"word": "steadily", "ipa": "/stidli/", "etymology": "From Middle English stedeliche, from Old English steadlice, from steadig + -lic; akin to Old Norse stillr 'stable'"}, {"word": "steam", "ipa": "/stim/", "etymology": "From Old English steman; related to steamos 'fume'"}, {"word": "steer", "ipa": "/str/", "etymology": "From Old English stearan, from Proto-Germanic *stairjanan, from Proto-Indo-European *ster-, base of words for 'push'"}, {"word": "stem", "ipa": "/stm/", "etymology": "From Old English stemm; related to steorfan 'die', stearth 'food'"}, {"word": "stereotype", "ipa": "/stritp/", "etymology": "1898, from stereoscopic + -type"}, {"word": "stimulate", "ipa": "/stmjulet/", "etymology": "From Latin stimulare 'to stir up, excite'"}, {"word": "stimulus", "ipa": "/stmjls/", "etymology": "From Latin stimulus 'goad, spur'}]
Error: Unterminated string starting at: line 1 column 1091 (char 1090)

Content: [{"word": "storage", "ipa": "/strdd/", "etymology": "Middle English (in the sense 'cask, barrel'): from Old French estoire 'to store', from Latin staticare 'set in place'"}, {"word": "straightforward", "ipa": "/strtfrd/", "etymology": "Mid 16th century: from straight + forward"}, {"word": "strain", "ipa": "/stren/", "etymology": "Old English strean; related to Old Norse straeinn, German Strahne 'hair, mane'"}, {"word": "strand", "ipa": "/strnd/", "etymology": "Old English strand (from streond) 'beach, coastline'"}, {"word": "strategic", "ipa": "/strtdk/", "etymology": "Early 17th century: from French stratgique, from Latin strategicus, from Greek stratgikos 'of a general', from strategia 'generalship'"}, {"word": "strengthen", "ipa": "/strkn/", "etymology": "Middle English (in the sense 'strengthen, make strong'): from Old French estrencier; related to German strken"}, {"word": "strictly", "ipa": "/striktli/", "etymology": "Early 15th century: from Latin strictus 'tightened', past participle of stringere 'to draw tight'"}, {"word": "strip", "ipa": "/strp/", "etymology": "Old English strippan; related to Old Norse stripra 'to tear off pieces', German streifen 'to stroke, rub'"}, {"word": "strive", "ipa": "/striv/", "etymology": "Middle English (in the sense 'contend, struggle'): from Old French estriver, based on Latin stringere 'to draw tight'}]
Error: Unterminated string starting at: line 1 column 1248 (char 1247)

Content: [{"word": "testing", "ipa": "/tes.t/", "etymology": "From Old English tostian, from tost meaning proof"}, {"word": "textbook", "ipa": "/tekstbuk/", "etymology": "From Middle French livre de texte and from Latin liber textus"}, {"word": "texture", "ipa": "/tek.r/", "etymology": "From French texture, from Late Latin textura"}, {"word": "thankfully", "ipa": "/kfl/", "etymology": "From Old English encan (to thank) + -ful (meaning 'full of')"}, {"word": "theatrical", "ipa": "/i.tri.kl/", "etymology": "From Greek theatrikos, from theatron (place for viewing plays)"}, {"word": "theft", "ipa": "/f t/", "etymology": "Old English of (from Proto-Germanic *thaupam), from Proto-Indo-European *dheu-, to steal"}, {"word": "theology", "ipa": "/il..ji/", "etymology": "From Greek theologia, from theos (god) + -logia"}, {"word": "therapist", "ipa": "/r.pst/", "etymology": "From French thrapeute and from Late Latin therapeuticus}, {"word": "thereafter", "ipa": "/ir.f.r/", "etymology": "Old English r after + fter (after)"}, {"word": "thereby", "ipa": "/i.bi/", "etymology": "Old English r after + be (from Proto-Germanic *baih, by) + why"}]
Error: Expecting ',' delimiter: line 1 column 928 (char 927)

Content: [{"word": "beneficiary", "ipa": "/bnfi ri/", "etymology": "Latin: beneficium, from bene (well) + facere (to do)"}, {"word": "beside", "ipa": "/bisad/", "etymology": "Old English biscan, from be- + scieden (to divide)"}, {"word": "bind", "ipa": "/bnd/", "etymology": "Old English bindan"}, {"word": "bishop", "ipa": "/bp/", "etymology": "Old English bisceop, from biscopian (to oversee) + scop (ship)"}, {"word": "bizarre", "ipa": "/bizr/", "etymology": "French: from bizarro, altered form of Spanish extrao, from Late Latin bysarrus, from Greek bisarros, diminutive of bisarron (twice armed)"}, {"word": "blade", "ipa": "/bled/", "etymology": "Old English blde"}, {"word": "blanket", "ipa": "/blkt/", "etymology": "Middle English blanchet, from Old French blanchet, from bleu blanche (white cloth)"}, {"word": "blast", "ipa": "/blst/", "etymology": "Old English blast, from Proto-Germanic *blastanan"}, {"word": "blend", "ipa": "/blnd/", "etymology": "Old English blendan"} ] "bless" is misspelled in the original list. The correct word should be: [ ..., {"word": "bless", "ipa": "/bles/", "etymology": "Old English blosian (to pray for well-being)"}]
Error: Extra data: line 1 column 977 (char 976)

Content: { "word": "bizarre", "ipa": "/bzrz/", "etymology": "From French *bizzarrerie*, from Italian *bizzarria*, from Latin *bizarrius* (\u{02113}*\u{02115}*-\u{02116}*\u{02115}*), from Latin *bizarrus*, from Greek \u{03C7}\u{03B4}\u{03C3}\u{03B1}\u{03BA\u{0301}\u{0303}, meaning 'odd, queer'" }
Error: Invalid \uXXXX escape: line 1 column 131 (char 130)

Content: [{"word": "briefly", "ipa": "/brifli/", "etymology": "From Middle English briefe, from Old French bref, from Latin brevis"}, {"word": "broadband", "ipa": "/brdbnd/", "etymology": "From broad (wide) + band (strip or band of material)"}, {"word": "broadcaster", "ipa": "/brdkasta/", "etymology": "From Old English brecan 'break' + castere 'to cast'"}, {"word": "broadly", "ipa": "/brldi/", "etymology": "From Old English brad, from Proto-Germanic *brathaz, from Proto-Indo-European *brd- 'flat, wide'"}, {"word": "browser", "ipa": "/bruzr/", "etymology": "From Old French brunir, to browne (meaning: to burn), from Middle Dutch bruynen, from Proto-Germanic *brnn- }, {"word": "buck", "ipa": "/bk/", "etymology": "Old English bucca, from Proto-Germanic *bukkon, from Proto-Indo-European *bhegw- 'stag'"}, {"word": "buddy", "ipa": "/budi/", "etymology": "From American English, originally an abbreviation of buddy-buddy, a term for someone who is a friend or ally."}, {"word": "buffer", "ipa": "/bfr/", "etymology": "From Middle Dutch bufeeren, from Old French bofier, from Medieval Latin bufanda (a kerchief), from Arabic  (bfyah)"}, {"word": "bug", "ipa": "/bg/", "etymology": "From Old English beg, beog, from Proto-Germanic *bakuz, from Proto-Indo-European *bhag-, *bhau- 'to move'"}, {"word": "bulk", "ipa": "/blk/", "etymology": "Old English bullucu, from Proto-Germanic *buhlukiz (from Old Norse bulkr), from Proto-Indo-European *bhleg-, to swell"}]
Error: Expecting ',' delimiter: line 1 column 668 (char 667)

Content: [{"word": "consciousness", "ipa": "/knnss/", "etymology": "From Old French consciencia, from Latin consciousia, from con- 'with' + scire 'to know'"}, {"word": "considerable", "ipa": "/knsdrbl/", "etymology": "Middle English: from Old French considerer, from Latin considerare 'look up, ponder', from stem of considerare 'to weigh together', from ad- 'up' + consider 'to look at'"}, {"word": "considerably", "ipa": "/knsdrbli/", "etymology": "From Old French considerer, from Latin considerare 'to consider, reflect on'"}, {"word": "consistency", "ipa": "/ksstnsi/", "etymology": "Middle English (in the sense 'agreement of parts'): from Latin consistentia, from consistentem (present participle of consistere), from con- 'with' + stare 'stand'",}, {"word": "consolidate", "ipa": "/knslsdet/", "etymology": "Middle English: from Latin consolidatus, past participle of consolidare, from consil-, stem of silire 'to stick together' + solidus 'solid'" }, {"word": "conspiracy", "ipa": "/knsprsi/", "etymology": "Middle English: from Old French conspiracie, from Latin con- (expressing union) + spirare 'to breathe'" }, {"word": "constitution", "ipa": "/knsttjun/", "etymology": "From Latin constituere, from com- + stare 'to stand'"}, {"word": "continually", "ipa": "/kntnuli/", "etymology": "Middle English (in the sense 'without interruption'): from Old French continuellement, from continuel, from Latin continuus 'uninterrupted'" }, {"word": "contributor", "ipa": "/kntrbjutr/", "etymology": "Middle English: from Old French contribuer, from Latin contributus, past participle of contribuere, from com- 'with' + tribuere 'to give a third'"}, {"word": "convey", "ipa": "/knve/", "etymology": "From Anglo-Norman French convoier, from Old North French convoyer, from Latin com- (expressing union) + vehere 'to carry'" }]
Error: Illegal trailing comma before end of object: line 1 column 745 (char 744)

Content: [{"word": "graphics", "ipa": "/rfks/", "etymology": "From Greek graphein, graph (to write)"}, {"word": "grasp", "ipa": "/rsp/", "etymology": "Old English graspen, from gras (grass), probably imitative of the sound of seizing"}, {"word": "grocery", "ipa": "/rs()ri/", "etymology": "From French grosserie, from Italian grossaria (provision shop), probably from grossus (big, heavy, coarse)}, {"word": "guidance", "ipa": "/wdns/", "etymology": "Middle English guiden, from Old French guidier (to guide)"}, {"word": "guideline", "ipa": "/wdlnan/", "etymology": "From Old French guiderie, from guidier (to guide) + lign(e) (line)"}, {"word": "handful", "ipa": "/hndfl/", "etymology": "Old English handful, hand-full"}, {"word": "handling", "ipa": "/hndli/", "etymology": "From Old English handlian (to handle)"}, {"word": "harbour", "ipa": "/hbr/", "etymology": "From Middle English harbour, from Old French harbour, from Late Latin portus herbarum (grass-port), perhaps in reference to grass growing at the mouth of a river"}, {"word": "hazard", "ipa": "/hezrd/", "etymology": "From Old French hasard, from Vulgar Latin sortis partitio (division of lots)"}, {"word": "heal", "ipa": "/hil/", "etymology": "Old English healan, healin, from Proto-Germanic *kailjan, from PIE *gwel- (to be whole)"}]
Error: Expecting ',' delimiter: line 1 column 393 (char 392)

Content: [{"word": "mathematical", "ipa": "/mmakl/", "etymology": "From Greek mathematikos, from mathema - learning, knowledge, study, from mathes - that which is learned; a thing known, doctrine; from manthanein - learn, learn by experience, get knowledge of, educate oneself"}, {"word": "meaningful", "ipa": "/minifl/", "etymology": "Old English myningfull; a blend of myn (Middle English: meaning) + full (Old English full); full of or having meaning"}, {"word": "mechanical", "ipa": "/mknkl/", "etymology": "From Late Latin mechanicus, from Greek tekhne ton mechanon - the art of working with one's hands, especially in the making of tools and machines; mechanical workmanship or skill"}, {"word": "medieval", "ipa": "/mdvl/", "etymology": "From French medieval - Middle Ages, from Latin medium evum - middle period of time, middle age, from medius (genitive medi) - mid, and em - life; lasting for a lifetime"}, {"word": "mere", "ipa": "/mr/", "etymology": "Old English mere, mre - lake, pool, pond, sea, ocean; akin to German meer, Dutch meer, Gothic mari, Old Norse mer, Lithuanian maris"}, {"word": "merely", "ipa": "/mrli/", "etymology": "Old English merelec - simply, only, merely, just; akin to Old Frisian merlaga - to be sufficient, Old High German merilahti - sufficiency"}, {"word": "merge", "ipa": "/mr/", "etymology": "From Latin mergere - to plunge or dip wholly, from merge-, merx - a mass}, {"word": "merger", "ipa": "/mrdr/", "etymology": "Blend of merge + suffix -er"}, {"word": "mining", "ipa": "/man/", "etymology": "Old English mning; akin to Old Norse mineja, Middle Dutch minen - to dig, mine"}, {"word": "miracle", "ipa": "/mrkl/", "etymology": "From Latin miraculum - wonderful thing, something marvellous, from mirari - to wonder at, be amazed; akin to Middle Dutch mercken - mark, notice"}]
Error: Expecting ',' delimiter: line 1 column 1405 (char 1404)

Content: [{"word": "occasional", "ipa": "/knl/", "etymology": "From Old French ocasion, from Latin occasio 'opportunity, chance'"}, {"word": "occupy", "ipa": "/kp/", "etymology": "From Middle English occuperen, from Old French occuper, from Latin occupare 'to take up, to hold, to seize'"}, {"word": "occurrence", "ipa": "/krns/", "etymology": "From Old French occurrens 'coming to pass, happening', from present participle of occurer 'to happen', from Latin occurrere 'happen upon, meet'"}, {"word": "offender", "ipa": "/fendr/", "etymology": "From Old English ofendsian 'to offend; to do wrong; to sin'",}, {"word": "offering", "ipa": "/frin/", "etymology": "From Old English fferian 'to offer, present, bring', from ffer 'price'"}, {"word": "offspring", "ipa": "/fsprk/", "etymology": "Middle English offspring, from Old English ofsprengan (from of- + sprengan 'to burst forth'), from the verb spawn (see spawn1)"}, {"word": "ongoing", "ipa": "/n/", "etymology": "From on (from Old Norse yfir, from Proto-Germanic *ana-, from PIE *on-, from Greek , en 'in') + going"}, {"word": "optical", "ipa": "/ptkl/", "etymology": "From Latin opticus 'eye', from optare 'to choose'"}, {"word": "oral", "ipa": "/rl/", "etymology": "From Old English earel, eorl (from Proto-Germanic *auralaz 'ear'), from Proto-Indo-European *h2ar- 'to hear'" }, {"word": "organizational", "ipa": "/rnzenl/", "etymology": "From Latin organizare 'arrange, adjust', from organum 'instrument, tool'"}]
Error: Illegal trailing comma before end of object: line 1 column 597 (char 596)

Content: [{"word": "originate", "ipa": "/rdnt/", "etymology": "Latin originare"}, {"word": "outbreak", "ipa": "/autbrk/", "etymology": "Old English ut brecan, from ut 'out' + brecan 'to break'"}, {"word": "outfit", "ipa": "/atft/", "etymology": "Middle English outen (in the sense 'equip') + fitte 'suit of clothes'"}, {"word": "outlet", "ipa": "/autlt/", "etymology": "From Old French uitlet, from ut- 'out' + liaut 'hole or opening'"}, {"word": "outlook", "ipa": "/atlk/", "etymology": "Middle English outen (from out) + looken (to look)"}, {"word": "output", "ipa": "/ptt/", "etymology": "From Old French out- 'out' + pute 'put'"}, {"word": "outrage", "ipa": "/atrd/", "etymology": "From Middle English outrage, from Old French outrages, from Latin outrage, from ex (out) + agere (to act)"}, {"word": "outstanding", "ipa": "/autstnd/", "etymology": "Middle English out-standen, from out (from) + standen (to stand)"}, {"word": "overwhelming", "ipa": "/ovrhwlm/", "etymology": "From Middle English overwelminge, from Old English oferhwelme, from over- + hwelme 'surge'"}, {"word": "oxygen", "ipa": "/ksdn/", "etymology": "Greek oxys (sharp) + genos (kind)}]
Error: Unterminated string starting at: line 1 column 1115 (char 1114)

Content: { "word": "happy", "ipa": "/hpi/", "etymology": "Old English *hppian*, from Proto-Germanic **hapizan* (source also of Dutch *gelukkig* and German *glcklich*), from the root **hap-, *to seize, take, luck*." }, { "word": "example", "ipa": "/ksmpl/", "etymology": "Latin *exemplum*, a taking out, exemplar, specimen, model. From Latin *ex-* 'out' + *emplare* 'to fill, furnish'. The root of *emplare* is the Proto-Indo-European *mel- 'fill', also seen in words like *ample*, *amplexus*" }, { "word": "fruit", "ipa": "/frjut/", "etymology": "Old English *fruhtu*, from Proto-Germanic **fruxtuz* (source also of Dutch *vrucht* and German *Frucht*), from Latin *fructus*, from the Proto-Indo-European *bhreu- 'bearing, producing'." }, { "word": "language", "ipa": "/lwd/", "etymology": "Old French *langage* (Modern French *langage*), from Latin *lingua* 'tongue', from Proto-Indo-European **glengwa-* 'tongue'." }, { "word": "difficult", "ipa": "/dfklt/", "etymology": "Old French *difficile* (Modern French *difficile*), from Latin *difficilis*, from *dis-* 'apart, asunder' + *facilis* 'easy, capable of being done'. The roots are Proto-Indo-European *dhe- 'apart, asunder', and **paH-s-, *easy, capable of being done*." }, { "word": "grace", "ipa": "/rs/", "etymology": "Old English *grce*, from Proto-Germanic **krazjo* (source also of Dutch *gracieus* and German *grazis*), borrowed from Latin *gratia* 'pleasure, will, favor', from Proto-Indo-European **ghes-lo- 'pleasing, attractive'." }, { "word": "crazy", "ipa": "/kreyz/", "etymology": "From Middle English *kraies* (Modern English 'mad, foolish'), from Old Norse *krka* 'to crow', from Proto-Germanic **hreiwo-* (source also of Dutch *kraakje* and German *Krhe* 'raven'). The idea is that a person who has gone mad is like a crow, cawing wildly." }
Error: Extra data: line 1 column 208 (char 207)

Content: [{"word": "racism", "ipa": "/rszm/", "etymology": "From Old French racisme, from Latin racemus a race + -ism"}, {"word": "racist", "ipa": "/resst/", "etymology": "From racisme or racially prejudiced}, {"word": "radical", "ipa": "/rdkl/", "etymology": "From Latin radicalis, from radix root"}, {"word": "rage", "ipa": "/rd/", "etymology": "From Old Norse hraegja to tear, break in pieces, shatter"}, {"word": "rally", "ipa": "/rli/", "etymology": "From Italian radare, to gather together}, {"word": "ranking", "ipa": "/rk/", "etymology": "From rank + -ing"}, {"word": "rating", "ipa": "/rtit/", "etymology": "From rate + -ing"}, {"word": "realization", "ipa": "/rilzen/", "etymology": "From real + -ization"}, {"word": "realm", "ipa": "/rilm/", "etymology": "From Old English rihhalm, from rih- royal + halm region"}, {"word": "reasonably", "ipa": "/riznbli/", "etymology": "From reason + -able + -ly"}]
Error: Expecting ',' delimiter: line 1 column 204 (char 203)

Content: [{"word": "revive", "ipa": "/rivaiv/", "etymology": "From Old French revivre, from Latin revivere"}, {"word": "ridiculous", "ipa": "/rdkjuls/", "etymology": "Late Middle English: from Old French ridicol, based on Latin ridiculus 'laughable'"}, {"word": "rifle", "ipa": "/rifl/", "etymology": "Middle English riffel, of Scandinavian origin; related to the Swedish riffel 'rifle', a diminutive of riff 'rake'"}, {"word": "robust", "ipa": "/rbst/", "etymology": "From French robuste, from Late Latin robustus 'strong, vigorous'"}, {"word": "roughly", "ipa": "/rfli/", "etymology": "Old English ruflan, of Germanic origin; related to Dutch ruw and German roh"}, {"word": "ruling", "ipa": "/rul/", "etymology": "From Old English reolian, from reol, variant of reolian (cognate with Old Norse reila), related to run 'to flow'"}, {"word": "rumour", "ipa": "/rmr/", "etymology": "Middle English rumoure, from Old French rumor, from Latin rumor 'a noise, rumor, murmur'"}, {"word": "sack", "ipa": "/sk/", "etymology": "From Middle Dutch sakke, of Germanic origin; related to the Dutch zak and German Sack"}, {"word": "sacred", "ipa": "/skrd/", "etymology": "From Old English secred 'secret', from Latin sacer 'holy'"}, {"word": "sacrifice", "ipa": "/skrfs/", "etymology": "From Old French sacrificier, from Late Latin sacrificium 'a religious offering', noun use of neuter of Latin sacrificius 'of a sacrifice'",}]
Error: Illegal trailing comma before end of object: line 1 column 1403 (char 1402)

Content: [{"word": "allergy", "ipa": "/lri/", "etymology": "From French allergie, from Latin allergi- + -ie"}, {"word": "allot", "ipa": "/lt/", "etymology": "Old English altan"}, {"word": "almond", "ipa": "/lmnd/", "etymology": "Middle English almend, from Old French amande, from Latin amygdala"}, {"word": "alpine", "ipa": "/lpin/", "etymology": "From French alpin, from Italian alpino, from Alpe + -ino"}, {"word": "alternate", "ipa": "/ltrnet/", "etymology": "Middle English, from Old French alterner, from Latin alternatus, past participle of alternare, to interchange places or roles; see alternate in Indo-European roots"}, {"word": "alternative", "ipa": "/ltrnetv/", "etymology": "Middle English (in the sense 'interchanged'): via Latin from alternus, another + -ative"}, {"word": "ambiguous", "ipa": "/mbjs/", "etymology": "From Latin ambiguus, from amb- ('on both sides') + agere ('to lead'), literally 'doubly leading', hence unclear"}, {"word": "amenity", "ipa": "/meniti/", "etymology": "Early 16th century: from French amenit, from Latin humanitat-, from humana (see human) + -itas"}, {"word": "ammonia", "ipa": "/mni/", "etymology": "From New Latin ammonia, from Greek , from  ammonium salt, from Ammon, the Egyptian sun god (whose sacred animal, the jackal, was thought to urinate alkali), from Akkadian A-man-anu 'fertile one'"}, {"word": "amorphous", "ipa": "/mrfs/", "etymology": "Early 17th century: from Greek - 'not' +  'shape', from morphe 'form', from PIE root *mer- 'to form, shape, see measure'}]
Error: Unterminated string starting at: line 1 column 1391 (char 1390)

Content: [{"word": "aural", "ipa": "/rl/", "etymology": "From Latin auris ear"}, {"word": "authority", "ipa": "/oraur.i.ti/", "etymology": "From Old French autorite, from Medieval Latin auctorits, from auctor author, agent or cause"}, {"word": "available", "ipa": "/v.bl/", "etymology": "From Anglo-Norman avelables, present participle of avelir to be able, from Old French aveller, from Latin habere to have"}, {"word": "averse", "ipa": "/vrs/", "etymology": "From Old French averser to turn away, from Latin avertere"}, {"word": "aviation", "ipa": "/ve.n/", "etymology": "From French aviation, from Italian aviazione, from avia flying}, {"word": "baffle", "ipa": "/bf.l/", "etymology": "From Old English beofel a perplexity"}, {"word": "balk", "ipa": "/bk/", "etymology": "From Old English bael a bar or beam"}, {"word": "bamboo", "ipa": "/bm.bu/", "etymology": "From Malay bambu, from Malayan Malayambam}, {"word": "barbecue", "ipa": "/brbk.ju/", "etymology": "From Spanish barbacoa a framework of sticks used for roasting meat over fire"}, {"word": "bargain", "ipa": "/br.en/", "etymology": "From Old French bargaine, from Vulgar Latin bargana, from Late Latin barganus bargain, from Medieval Latin bargainio a bargaining, from barganian to haggle, from Arabic barganian to discuss price"}]
Error: Expecting ',' delimiter: line 1 column 633 (char 632)

Content: [{"word": "bulb", "ipa": "/blb/", "etymology": "From Middle English bulbe, from Old French bulbe, from Latin bulbus, of Greek origin"}, {"word": "bulky", "ipa": "/blki/", "etymology": "From bulk + -y"}, {"word": "bungalow", "ipa": "/bl/", "etymology": "Hindustani bangla-ghar, from Hindi bangala 'Bengali house'"}, {"word": "burrow", "ipa": "/br/", "etymology": "From Old English burh 'fortified place', of Germanic origin"}, {"word": "bush", "ipa": "/b/", "etymology": "From Middle English bwesh, bush, from Old English bosc or busc}, {"word": "buzz", "ipa": "/bz/", "etymology": "From Old English busian, of Germanic origin"}, {"word": "calcium", "ipa": "/klsm/", "etymology": "From Latin calx, 'lime, chalk', from Greek khalkos"}, {"word": "calibre", "ipa": "/kalbr/", "etymology": "From French calibre, from Medieval Latin caliber, of Arabic origin (qal'ibr al-nr 'gunpowder measure')"}, {"word": "campaign", "ipa": "/kmpen/", "etymology": "From Middle French campagne, from Old French champagne, from Medieval Latin campus 'open country', of Latin origin"}, {"word": "campus", "ipa": "/kmps/", "etymology": "From Latin campus 'open country'"}]
Error: Expecting ',' delimiter: line 1 column 539 (char 538)

Content: [{"word": "flip", "ipa": "/flp/", "etymology": "Old English flieppan"}, {"word": "flora", "ipa": "/flr/", "etymology": "Latin flos (flower) + -a (feminine noun suffix)"}, {"word": "fluctuate", "ipa": "/flktjuet/", "etymology": "From Latin fluctuare, from fluidus 'flowing'"}, {"word": "forestry", "ipa": "/frstri/", "etymology": "From French foresterie"}, {"word": "foul", "ipa": "/fal/", "etymology": "Old English fl"}, {"word": "fragrant", "ipa": "/frrnt/", "etymology": "From Latin fragrans, present participle of frangere (to break), from fractus, past participle of frangere, to break; ultimately from Proto-Indo-European *bhergh-, to burn"}, {"word": "friction", "ipa": "/frkn/", "etymology": "From French friction, from Latin fricare (to rub), from fractus, past participle of frangere, to break; ultimately from Proto-Indo-European *bhergh-, to burn"}, {"word": "froth", "ipa": "/fr/", "etymology": "Old English froth}, {"word": "frustrate", "ipa": "/frstrstet/", "etymology": "From Latin frustratus (exasperated, worn out), from frustra (in vain, to no purpose)"}, {"word": "fulfill", "ipa": "/flfl/", "etymology": "Old English fulfilian"}]
Error: Expecting ',' delimiter: line 1 column 931 (char 930)

Content: [{"word": "irritate", "ipa": "/rrade/", "etymology": "From Old French irriter, from Latin irritare, from in- + irratus, past participle of rre to be angry"}, {"word": "irritation", "ipa": "/rtn/", "etymology": "From Latin irritatio(nem), from irritare"}, {"word": "issue", "ipa": "/u/", "etymology": "From Old English scan, from s 'water outlet', from Proto-Germanic *ausizan, from PIE root *au- 'up, out'"}, {"word": "italics", "ipa": "/tlks/", "etymology": "From Italian italico, derivative of Italy"}, {"word": "itemize", "ipa": "/tamzen/", "etymology": "From Latin item 'each, single'"}, {"word": "lack", "ipa": "/lk/", "etymology": "From Old English lacan, from Proto-Germanic *laikan, from Proto-Indo-European *h2leigh- 'be short, be lacking'"}, {"word": "landfill", "ipa": "/lndfl/", "etymology": "From land + fill"}, {"word": "landscape", "ipa": "/lndskps/", "etymology": "From Old Norse landskapr, from lond 'land' + skapr 'image, shape'"}, {"word": "lather", "ipa": "/lr/", "etymology": "From Old English laeer, from Proto-Germanic *lahtra-, from PIE root *leip- 'wash, lather'"}, {"word": "leather", "ipa": "/lir/", "etymology": "From Old English hlther, from Proto-Germanic *hlaithraz, from PIE root *kay- 'hide, bark, fur'}]
Error: Unterminated string starting at: line 1 column 1141 (char 1140)

Content: [{"word": "prime", "ipa": "/prm/", "etymology": "From Latin primus, meaning first"}, {"word": "principally", "ipa": "/prnspl/", "etymology": "From Latin principalis, meaning principal or chief"}, {"word": "procedure", "ipa": "/prkur/", "etymology": "From French procder, from Latin procedere, to go forward"}, {"word": "prolusion", "ipa": "/prlun/", "etymology": "From Latin prolusio, a flow or running on}, {"word": "property", "ipa": "/prprti/", "etymology": "From Old French propriete, from Latin proprietas, quality of being one's own"}, {"word": "prospect", "ipa": "/prspkt/", "etymology": "From Old French prospect, from Latin prospectus, a looking forth"}, {"word": "prosthetist", "ipa": "/prsttst/", "etymology": "From Greek prosthesis, addition + -ist, one who adds"}, {"word": "protrude", "ipa": "/prtrud/", "etymology": "From Old French protruder, from Latin protrahere, to drag forth"}, {"word": "provenance", "ipa": "/prvnns/", "etymology": "From French provenir, to come from or originate"} ] {"word": "psychology", "ipa": "/sakldi/", "etymology": "From Greek psychiks, psychological, from psyche, soul + -logy, study of"}]
Error: Expecting ',' delimiter: line 1 column 411 (char 410)

Content: [{"word": "puff", "ipa": "/pf/", "etymology": "Old English pufian"}, {"word": "punctuality", "ipa": "/pnkalti/", "etymology": "From Latin punctualis, from punctus a point"}, {"word": "pyramid", "ipa": "/parmd/", "etymology": "From Greek piramis"}, {"word": "pyrite", "ipa": "/part/", "etymology": "From Greek pyrites meaning 'of fire'"}, {"word": "range", "ipa": "/rend/", "etymology": "Old English hrang}, {"word": "recommendation", "ipa": "/rkmndmnt/", "etymology": "From Latin recommandare, from re- + mandare to hand over"}, {"word": "recreation", "ipa": "/rkrn/", "etymology": "Middle English recreation, from Old French recreacion, from re- + creation}, {"word": "refundable", "ipa": "/rifndb()l/", "etymology": "From Latin refundare, from re- + fundus a bottom or base"}, {"word": "regional", "ipa": "/rdnl/", "etymology": "From Late Latin regionalis, from regio region"}, {"word": "reject", "ipa": "/rjekt/", "etymology": "Old English reccian}]
Error: Expecting ',' delimiter: line 1 column 410 (char 409)

Content: [{"word": "temperature", "ipa": "/tmpertr/", "etymology": "From Latin temperatura, from temperare 'to regulate, adjust'"}, {"word": "topics", "ipa": "/tpiks/", "etymology": "From Greek topos 'place' + -ikos 'pertaining to'"}, {"word": "tourism", "ipa": "/trzm/", "etymology": "From French tourisme, from Old Italian turismo, from Latin trus 'journey', past participle of tornre 'to turn'",}, {"word": "tourist", "ipa": "/turit/", "etymology": "From French tourist, from Old Italian turista, alteration (influenced by tournoi 'tournament') of Turkish tr 'local inhabitant'"}, {"word": "tradition", "ipa": "/trdin/", "etymology": "From Latin traditio(n-) 'something handed over, a teaching', from tradere 'to hand over'"}, {"word": "transfer", "ipa": "/trnsfr/", "etymology": "From Old French transfarre, alteration of Old North French trasferer, from Latin translatre, from trans- 'across' + latre 'to carry'",}, {"word": "transform", "ipa": "/trnzfrm/", "etymology": "From Latin transformare, from trans- 'across' + formare 'to shape'"}, {"word": "typescripts", "ipa": "/taptskripts/", "etymology": "Blend of type 'type' + script 'handwriting'"}, {"word": "undisguised", "ipa": "/ndswazd/", "etymology": "From Old French desguiser, from de- 'off' + gusier 'mask'"}, {"word": "unemployed", "ipa": "/nmplid/", "etymology": "From Old English on- + empleoda 'to provide with work or employment'" }]
Error: Illegal trailing comma before end of object: line 1 column 389 (char 388)

Content: [{"word": "athlete", "ipa": "/lt/", "etymology": "From Greek athlon, prize (from athhein, to contend for a prize) + -lete, suffix forming nouns denoting a person who engages in an activity"}, {"word": "atmosphere", "ipa": "/tmsfr/", "etymology": "From Greek atmos, vapor + airein, to blow"}, {"word": "atmospheric", "ipa": "/tmSFrk/", "etymology": "From Greek atmos, vapor + sphere, sphere"}, {"word": "atomic", "ipa": "/tmtk/", "etymology": "From Greek atomos, indivisible + -ic, suffix forming adjectives"}, {"word": "attach", "ipa": "/tt/", "etymology": "Old French attacher, from Vulgar Latin adaptare, from ad- + aptare, to fit, from aptus, fit"}, {"word": "attack", "ipa": "/tk/", "etymology": "From Old English ataccan, from Proto-Germanic *atakojan (compare Old Saxon and Old Frisian ataka, Dutch aanvallen, German angreifen), from PIE *atek-, to strike with a blow"}, {"word": "attainable", "ipa": "/tenbl/", "etymology": "From Middle English attainen (from Old French atainer, from Vulgar Latin ad-tangere, from Latin ad- + tangere, to touch), from Old Norse tagna, to take"}, {"word": "attempt", "ipa": "/tempt/", "etymology": "From Old French atemperer (from Late Latin attemptare, from Latin ad- + temptare, to try, to test, from temere, daringly"), {"word": "attend", "ipa": "/tnd/", "etymology": "From Old French atender, from Vulgar Latin adstantare (from Latin ad- + stare, to stand), from Latin ad-, to + stare, to stand"}, {"word": "attention", "ipa": "/tenn/", "etymology": "From Old French atencion, from Latin attentionem (nominative attentio), noun of action from past participle of attendere, to stretch towards"}]
Error: Expecting ',' delimiter: line 1 column 1261 (char 1260)

Content: [{"word": "avoid", "ipa": "/vaod/", "etymology": "From Anglo-French avoier, from Old North French avoider; see avoid}, {"word": "award", "ipa": "/wrd/", "etymology": "Old English weard, wage for service; akin to German Wage and Gothic waurd}, {"word": "aware", "ipa": "/wer/", "etymology": "Middle English aware, from Anglo-Norman awar(e) (Modern French tre averti), present participle of avoir, to have + -ware; see ware"}, {"word": "awful", "ipa": "/fl/", "etymology": "Middle English awel, from Old Norse augr; akin to Old English eofor 'boar'"}, {"word": "bachelor", "ipa": "/btr/", "etymology": "From Anglo-French bachelier (modern French bacheliers), from Medieval Latin baccalarius, from Late Latin baccala 'cadet', of uncertain origin"}, {"word": "backbone", "ipa": "/bkbon/", "etymology": "Old English beacan hw, akin to Dutch ruggenwervel and German Wirbelkrper}, {"word": "background", "ipa": "/bakgrnd/", "etymology": "Middle English bakgrond, back ground; see back + ground"}, {"word": "bacterial", "ipa": "/bktrl/", "etymology": "From Modern Latin bacterile (from Greek bacterion 'small staff or rod', neuter of bacteria, diminutive of bakteria), from bacterium"}, {"word": "balance", "ipa": "/blns/", "etymology": "Middle English balaunce (noun), balaunce (verb), from Old French balaunz (noun) and balancer (verb); see balance"}]
Error: Expecting ',' delimiter: line 1 column 122 (char 121)

Content: [{"word": "bent", "ipa": "/bent/", "etymology": "Old English bent, from bencan to bend"}, {"word": "bereave", "ipa": "/briv/", "etymology": "From Old English bereafian, from bereaf- akin to reave"}, {"word": "bet", "ipa": "/bt/", "etymology": "Old English bettan to strive or challenge; akin to beet-}, {"word": "beware", "ipa": "/bjur/", "etymology": "From Old English be gewran, from be- + gewr, watchful; akin to German wachsen, Dutch waken"}, {"word": "bewilder", "ipa": "/biwldr/", "etymology": "Middle English bewildren (verb); Old English bewidran, from be- + wide (widor) and the base of weadan to lead, guide"}, {"word": "biased", "ipa": "/bast/", "etymology": "From Middle English biasen, from Old French biaiser, from Latin biasare, from biasus oblique"}, {"word": "bibliography", "ipa": "/bblirfi/", "etymology": "From Greek biblion (book) + graphein (writing)"}, {"word": "bilingual", "ipa": "/blwl/", "etymology": "From Latin binlinguis, from bin- + lingua tongue"}, {"word": "binoculars", "ipa": "/bnkjlrz/", "etymology": "From Latin binocularis, from bino- (two) + ocularis (of the eye)"}, {"word": "biodiversity", "ipa": "/bodivrsti/", "etymology": "From bio- (life) + diversitas (diversity)"}]
Error: Expecting ',' delimiter: line 1 column 306 (char 305)

Content: [{"word": "centigrade", "ipa": "/sntrd/", "etymology": "From French centigrade, from Latin centum, hundred + grade"}, {"word": "cereal", "ipa": "/sril/", "etymology": "From Latin cerealis, from cereale, feminine of cereus, wheat"}, {"word": "ceremonial", "ipa": "/srmnl/", "etymology": "From Latin ceremonialis, from ceremonia, ceremony"}, {"word": "certify", "ipa": "/srtfa/", "etymology": "From Old French certifier, from Latin certificare, from certus, certain + facere, to make"}, {"word": "cervical", "ipa": "/srvikl/", "etymology": "From Latin cervicalis, of the neck, from cervix, neck (female genital organ)"}, {"word": "chain", "ipa": "/en/", "etymology": "From Old English cean, chan; akin to Old Frisian chaen, Dutch keten, Old Norse kjgn, Gothic hahain"}, {"word": "challenge", "ipa": "/lnd/", "etymology": "From Anglo-French challenger, from Old French deschalengier, from Vulgar Latin *discalare (dis- + calare, to call), from Latin calare, to shout"}, {"word": "chancellor", "ipa": "/nslr/", "etymology": "From Old French chancelier, from Latin cancellarius, from Latin cancellus, lattice (from a screen with horizontal and vertical bars)"}, {"word": "channel", "ipa": "/nl/", "etymology": "From Old English cenel, canal, from Latin canalis, channel"} ] {"word": "chapel", "ipa": "/tpl/", "etymology": "From Anglo-French chapele, from Old French chappelle, from Latin capella, little house (diminutive of caput, head), from a chaplain's dwelling or place for religious services"}]
Error: Extra data: line 1 column 1270 (char 1269)

Content: [{"word": "decay", "ipa": "/dke/", "etymology": "From Old French decaier, from Latin deterere to rub away, wear off"}, {"word": "deceive", "ipa": "/disiv/", "etymology": "From Old English deofolcian 'to lead astray', from deofol 'demon'"}, {"word": "decent", "ipa": "/dsnt/", "etymology": "From Anglo-Norman desente, from Old French desenter 'be suitable, proper'",}, {"word": "deception", "ipa": "/dssepn/", "etymology": "From Latin deceptio(n-), from deceptus 'deceived'"}, {"word": "decibel", "ipa": "/ds.bl/", "etymology": "Named after Alexander Graham Bell, from the French decibel 'tenth part of the bel', after Jean Baptiste Joseph Fourier's assistant Jean Alfred Vrot Bel, who was called 'Bel'"}, {"word": "decipher", "ipa": "/dsfr/", "etymology": "From Latin ciphere 'to fold together'"}, {"word": "declare", "ipa": "/dklr/", "etymology": "From Old French declaver, from late Latin declarare, from de- + clarus 'clear'"}, {"word": "decompose", "ipa": "/dikmpoz/", "etymology": "From Middle English decompenen (verb), from Old French descomposer (verb), from Latin decomponere 'to break into pieces', from de- + compositus 'put together'"}, {"word": "decompression", "ipa": "/dkmpreshn/", "etymology": "From Late Latin compressio(n-), from compressus 'pressed', past participle of comprimere 'to press together'"}]
Error: Illegal trailing comma before end of object: line 1 column 365 (char 364)

Content: [{"word": "deflect", "ipa": "/dflekt/", "etymology": "From Latin deflectere, from de- + ferire to turn away"}, {"word": "degenerate", "ipa": "/dijedrgt/", "etymology": "From Latin degeneratus, past participle of degenerare to beget offspring that are inferior in quality or character; figuratively, to decline, deteriorate"}, {"word": "degrade", "ipa": "/dgrd/", "etymology": "From Old French desgraader, from grader to grade + de-}, {"word": "delay", "ipa": "/dle/", "etymology": "From Old English delagian; akin to delian to protract"}, {"word": "deliberate", "ipa": "/dlibrt/", "etymology": "From Latin deliberatus, past participle of deliberare to weigh carefully"}, {"word": "delinquency", "ipa": "/dlkwens/", "etymology": "From Latin delinquentia, from delinquere to be remiss, neglect, shirk"}, {"word": "delinquent", "ipa": "/dlkwnt/", "etymology": "From Latin delinquens, present participle of delinquere to be remiss, neglect, shirk"}, {"word": "deliver", "ipa": "/dlivr/", "etymology": "From Old English de-lfan; akin to Old Frisian deilien, Middle Dutch doelen to let go, Dutch delven to dig, Swedish dala to lay bare"}, {"word": "delivery", "ipa": "/dlivr/", "etymology": "From Old French livrer, from Latin libera, feminine of liberus free; see liberty"} ] {"word": "delta", "ipa": "/dlt/", "etymology": "From Greek delta, letter D; akin to Latin dexter right"}]
Error: Expecting ',' delimiter: line 1 column 437 (char 436)

Content: [{"word": "devastating", "ipa": "/dvstt/", "etymology": "From Middle French devaster, from Old French desastro-, from Latin devastre, from de- +asta, past participle of devastare, to lay waste, destroy, from Latin ad- + stre, to stand, stay"}, {"word": "develop", "ipa": "/dvlp/", "etymology": "From Old French evoloper, from Latin evolutionem (nominative evolutio), noun of action from past participle of evolvere 'to roll out, unfurl'", {"word": "deviance", "ipa": "/dvans/", "etymology": "From Latin deviare, to turn away, diverge, from de- + via 'a way'"}, {"word": "deviate", "ipa": "/dvat/", "etymology": "From Latin deviare, to turn away, diverge, from de- + via 'a way'"}, {"word": "device", "ipa": "/dvaist/", "etymology": "From Old French device 'plan, strategy', from Latin deceptio(n-), noun of action from decepcionem (nominative deceptio) 'deception'"}, {"word": "devoid", "ipa": "/dvd/", "etymology": "From Old French devoit, past participle of devoir 'to owe'"}, {"word": "diagram", "ipa": "/daagrm/", "etymology": "From Greek diagramma 'figure drawn through', from dia- + graphein 'to write'"}, {"word": "dialect", "ipa": "/dalkt/", "etymology": "From Latin dialectus, from Greek dialektos 'conversation', from dialegesthai 'converse (with)'"}, {"word": "diameter", "ipa": "/diamtr/", "etymology": "From Latin diametrus, from Ancient Greek  (dimetros), neuter of - +  (mtron) 'measure'"}, {"word": "dictation", "ipa": "/dkten/", "etymology": "From Latin dictio, fem. of dictus, past participle of dicere 'say', frequentative of dicare 'make known, announce'"}]
Error: Expecting property name enclosed in double quotes: line 1 column 440 (char 439)

Content: [{"word": "entrepreneurial", "ipa": "/entreprinrl/", "etymology": "From French entrepreneur, from entre prendre and ne take + cheval horse; figuratively: to undertake, to carry on a business"}, {"word": "entrust", "ipa": "/ntrst/", "etymology": "Old English on trusten; akin to Old Norse trusta, Gothic trautsan to believe, Dutch trusteren to trust"}, {"word": "entwine", "ipa": "/ntwn/", "etymology": "Old English entwinan, from en in + twynan to twist"}, {"word": "environment", "ipa": "/nvrnmnt/", "etymology": "From Latin environmentem (accusative of environ mentem), from in- within + versare to turn"}, {"word": "envisage", "ipa": "/nvzd/", "etymology": "Middle English envisagen, from Old French envisager, from en + visage face}, {"word": "episodic", "ipa": "/psdk/", "etymology": "From Greek episdos episode, from epi- + histr story"}, {"word": "epitomise", "ipa": "/ptmz/", "etymology": "Late Middle English (in the sense 'make a brief statement of'): via French epitomiser from Latin epitom abridged summary, from epi- + tome book"}, {"word": "equal", "ipa": "/izwl/", "etymology": "Old English ecgwealan; related to Old Norse jafnagr equal and German gleichen same"}, {"word": "equator", "ipa": "/kwtr/", "etymology": "From Latin aequator (from Greek aikatr level, evenly-distributed), from aikanai to make equal"}, {"word": "equipment", "ipa": "/kwpmnt/", "etymology": "Middle English equipage, from Old French equiper, from ecu horse + piaje equipment"}]
Error: Expecting ',' delimiter: line 1 column 741 (char 740)

Content: [{"word": "fascinating", "ipa": "/fnt/", "etymology": "From Latin fascinare, meaning to bewitch"}, {"word": "fashion", "ipa": "/fan/", "etymology": "From Old French faisson, from Latin fabricatio, from facere, to make"}, {"word": "fasten", "ipa": "/fstn/", "etymology": "Old English fstian; related to fast (adj.)}, {"word": "fault", "ipa": "/flt/", "etymology": "From Old English fealt, from Proto-Germanic *fealtija-}, {"word": "faulty", "ipa": "/flti/", "etymology": "From Old English fealtig; related to fault (adj.)"}, {"word": "favour", "ipa": "/favr/", "etymology": "Old French faveur, from Latin favor, favor, favor (from faith and love)"}, {"word": "favourite", "ipa": "/fvrit/", "etymology": "From Old French favoret, from Latin favoritus (meaning loved or valued)"}, {"word": "feasible", "ipa": "/fizbl/", "etymology": "From Middle English fecibil, from Anglo-French feasible, from Latin factibilis (capable of being done)"}, {"word": "feeble", "ipa": "/fibl/", "etymology": "Old English feo(h)bel; akin to Dutch gevoel, German Gefhl (feeling)"}, {"word": "feed", "ipa": "/fid/", "etymology": "From Old English fedan; related to Middle Dutch vidan (to know) and Dutch vieden (to offer)}]
Error: Expecting ',' delimiter: line 1 column 319 (char 318)

Content: [{"word": "foetus", "ipa": "/fts/", "etymology": "Latin foetus, from Latin fetus meaning offspring, from femella femur offspring (female) + -etus suffix of condition or origin"}, {"word": "foil", "ipa": "/fal/", "etymology": "From Old French foil, from Vulgar Latin *fulla 'leaf, feather'",}, {"word": "fold", "ipa": "/fld/", "etymology": "Old English fold, from Proto-Germanic *fultho, from Proto-Indo-European *bhel(e)-dh-, from bhel- (to speak) + root of dheigh- (to set, put), on the notion of 'putting down or together'"}, {"word": "force", "ipa": "/frs/", "etymology": "From Old French fors, from Latin fortis 'strong, powerful'",}, {"word": "foreland", "ipa": "/frlnd/", "etymology": "Old English fore land 'fore part of the land', from fore- 'before' + land"}, {"word": "foremost", "ipa": "/frmst/", "etymology": "Middle English, from Old English foremost 'most forward', from fore 'forward' + most 'most'"}, {"word": "foresee", "ipa": "/frsi/", "etymology": "From Old French forsie-, from Latin praevidere, from prae- 'before' + videre 'to see'"}, {"word": "foreseeable", "ipa": "/frsabl/", "etymology": "Formed by the addition of -able to foresee"}, {"word": "forfeit", "ipa": "/ffsit/", "etymology": "From Anglo-French forfait, from Latin forfectus 'done away with', past participle of forficare, from for- (away) + facere (to do)",}, {"word": "forgo", "ipa": "/fro/", "etymology": "Old English forgan, from for-, a variant of foren 'past' + gan 'to go'"}]
Error: Illegal trailing comma before end of object: line 1 column 290 (char 289)

Content: [{"word": "hinge", "ipa": "/hnd/", "etymology": "From Old English hincg, hing, from Proto-Germanic *hankijan (cognate with Dutch hangen and German hngen)"}, {"word": "hinterland", "ipa": "/hantrlnd/", "etymology": "From German Hinterland"}, {"word": "hire", "ipa": "/hr/", "etymology": "Old English hyr, from Proto-Germanic *kuiro-, from Proto-Indo-European *kei- (to buy)"}, {"word": "historical", "ipa": "/hstrkl/", "etymology": "From Latin historicus, from historia (story, narrative)"}, {"word": "hitherto", "ipa": "/har tu/", "etymology": "Old English hider to this place + to + (pronoun) that; akin to German hierzu 'herefor'"}, {"word": "holistic", "ipa": "/hlstk/", "etymology": "From Greek holikos, from holos whole + -ikos -ic"}, {"word": "holistically", "ipa": "/hlstkl/", "etymology": "See holistic"}, {"word": "hollow", "ipa": "/hl/", "etymology": "From Old English hw, from Proto-Germanic *hauja (cognate with Dutch heuvel and German Hgel)"}, {"word": "homesick", "ipa": "/homzk/", "etymology": "Old English hamsceac, from hama home + sceac sickness or ailment"}, {"word": "homestay", "ipa": "/hmst/", "etymology": "From Old English ham (home) + stay (to remain)}]
Error: Unterminated string starting at: line 1 column 1130 (char 1129)

Content: [{"word": "internist", "ipa": "/ntrnst/", "etymology": "From French interniste, from Latin interniere, to be inside; akin to English interior"}, {"word": "internship", "ipa": "/ntrndp/", "etymology": "From French internat, from Latin interneatus, past participle of interniecere, to be enclosed within"}, {"word": "interpret", "ipa": "/ntpt/", "etymology": "From Latin interpretari, from inter- + preter- 'beyond' + pateo 'to speak'"}, {"word": "interrelationship", "ipa": "/ntrrilenship/", "etymology": "From Latin relatio 'connection,' from re-, re- + laticare 'bind together'"}, {"word": "interrupt", "ipa": "/ntpt/", "etymology": "From Latin interrupere, from inter- + rumpere, to break"}, {"word": "intersection", "ipa": "/ntrsekn/", "etymology": "From Latin sectio 'cutting,' from secare 'to cut'"}, {"word": "interweave", "ipa": "/ntrwv/", "etymology": "From Old French entreveir, from entremescler 'to interlace or intertwine,' from entre- + mescler 'to mix'"}, {"word": "intestine", "ipa": "/ntstn/", "etymology": "From Latin intestinum, from integumentum 'membrane, envelope,' from integere 'to cover'"}, {"word": "intricate", "ipa": "/ntrkt/", "etymology": "From Latin intricatus, past participle of intricare, to twist or intertwine; from intorquere 'to twist, entwist'"}, {"word": "intrigue", "ipa": "/ntrwi/", "etymology": "From French intrigue, from Italian intruffare 'to trick,' from Latin inter- + sufferre 'to bear up under'}]
Error: Unterminated string starting at: line 1 column 1338 (char 1337)

Content: [{"word": "miscellaneous", "ipa": "/msljns/", "etymology": "From Latin miscellaneus, from miscere to mix"}, {"word": "mishandle", "ipa": "/mhan(d)l/", "etymology": "Old English mishandlan, from hand, hand + handle"}, {"word": "misjudge", "ipa": "/ms dud/", "etymology": "From Old English misesihtian; see judge + -s-}, {"word": "mission", "ipa": "/mn/", "etymology": "From French mission, from Latin missio, from mittere to send"}, {"word": "mite", "ipa": "/mat/", "etymology": "From Old English mta, from Proto-Germanic *mita-}, {"word": "mitigate", "ipa": "/mteit/", "etymology": "From Latin mitigare, from mitis gentle + agere to drive"}, {"word": "mixture", "ipa": "/mur/", "etymology": "From Old French mesclure, from Latin mixtus mixed"}, {"word": "mock", "ipa": "/mk/", "etymology": "From Old English maccan; see make"}, {"word": "moderately", "ipa": "/modratli/", "etymology": "From Middle English moderatly, from moderate}, {"word": "modernism", "ipa": "/mdrnz()m/", "etymology": "From modern + -ism"}]
Error: Expecting ',' delimiter: line 1 column 322 (char 321)

Content: [{"word": "multiply", "ipa": "/mltpla/", "etymology": "From Latin multiplicare"}, {"word": "mundane", "ipa": "/mnden/", "etymology": "From Latin mundanus, from mundus 'world'"}, {"word": "murder", "ipa": "/mrdr/", "etymology": "From Old English murdran"}, {"word": "murky", "ipa": "/mrki/", "etymology": "From Old English myrcan, from Proto-Germanic *murgon-, from Proto-Indo-European *merg- 'dark'"}, {"word": "muscle", "ipa": "/mskl/", "etymology": "From Latin musculus"}, {"word": "mushroom", "ipa": "/murum/", "etymology": "From Old English moscrum"}, {"word": "mutate", "ipa": "/mjutet/", "etymology": "From Latin mutare"}, {"word": "mysterious", "ipa": "/mstris/", "etymology": "From Old French mister, from Latin mysterium"}, {"word": "narrative", "ipa": "/nrdiv/", "etymology": "From Latin narrativus 'speaking of a story'"}, {"word": "narrator", "ipa": "/nrtr/", "etymology": "From Old French narre, from Latin narrare 'to relate or tell'}]
Error: Unterminated string starting at: line 1 column 886 (char 885)

Content: [{"word": "observatory", "ipa": "/bzrvtri/", "etymology": "From Latin observtorium"}, {"word": "observe", "ipa": "/bzrv/", "etymology": "From Middle English observen, from Old French observer, from Late Latin observre}, {"word": "obstruct", "ipa": "/bstrkt/", "etymology": "From Latin obstruct- (stem of obstringere), from ob- + stringere 'bind'"}, {"word": "occasion", "ipa": "/ksen/", "etymology": "From Old French occasion, from Latin occasionem, accusative of occurrence,"}, {"word": "odd", "ipa": "/d/", "etymology": "From Old English de, from Proto-Germanic *auja-"}, {"word": "odour", "ipa": "/odr/", "etymology": "From Middle English odour, from Old French odor, from Latin odores"}, {"word": "offend", "ipa": "/fend/", "etymology": "From Old French ofender, from Latin offendere 'hurt, outrage'"}, {"word": "offensive", "ipa": "/fndesv/", "etymology": "From Middle English offensif, from Old French offensif, from offensive"}, {"word": "offset", "ipa": "/fst/", "etymology": "From Latin ob- 'off' + fodere 'to strike'"}, {"word": "onslaught", "ipa": "/nsltt/", "etymology": "Middle English, from Anglo-French enslaugt, from Old North French en slaut ('a rushing'), from en 'in' + slaut, variant of French eslaut ('dashing down'), from Vulgar Latin *in soltum, from Latin in salto ('leaping')."}]
Error: Expecting ',' delimiter: line 1 column 223 (char 222)

Content: [{"word": "outward", "ipa": "/atwrd/", "etymology": "From Old English utweard"}, {"word": "outweigh", "ipa": "/atwa/", "etymology": "Middle English (in the sense 'be greater in weight or amount'): from out- + weigh"}, {"word": "overdraft", "ipa": "/vrdrft/", "etymology": "Early 17th century: from over + draft + -age"}, {"word": "overdue", "ipa": "/vrdu/", "etymology": "Mid 16th century: from over- + the noun du (from Old French due, from Latin debitum)"}, {"word": "overestimate", "ipa": "/ovrstmet/", "etymology": "Late Middle English (in the sense 'exceed an estimate'): from over- + estimate"}, {"word": "overexploit", "ipa": "/ovreksplot/", "etymology": "1870-75; over- + exploit"}, {"word": "overfill", "ipa": "/ovrfl/", "etymology": "Middle English (in the sense 'go beyond what is necessary or proper'): from over- + fill"}, {"word": "overgraze", "ipa": "/ovrgrz/", "etymology": "1795-1805; over- + graze"}, {"word": "overhead", "ipa": "/ovrhd/", "etymology": "Middle English: from Old Norse haugr 'mountain, mound'"}, {"word": "overlap", "ipa": "/vrlp/", "etymology": "1630s, of Scandinavian origin; related to the Low German word berlappen, from over- + lappen 'flap'}]
Error: Unterminated string starting at: line 1 column 1081 (char 1080)

Content: [{"word": "overlapping", "ipa": "/verlapped/", "etymology": "Middle English (in the sense 'covering closely'): from Anglo-Norman French overlaper, from Old Norse ulfr-leypa, from ulfr wolf + leypa to leap over"}, {"word": "overlie", "ipa": "/uvrl/", "etymology": "Middle English: from Anglo-Norman French overlier, from the verb lier 'to lie'"}, {"word": "overrate", "ipa": "/vrt/", "etymology": "Middle English: from Old French overrat, from Latin superscndere, from super- 'above' + -scndere, combining form of ascendere 'ascend'}, {"word": "overrun", "ipa": "/uvrrn/", "etymology": "Middle English: from Old French overerun, from Latin super- 'above' + currere 'to run"}, {"word": "overshadow", "ipa": "/uvrd/", "etymology": "Middle English: from Old French overschadwe, based on Latin umbra shadow, from Proto-Indo-European *wer- 'cover'"}, {"word": "overview", "ipa": "/uvrvju/", "etymology": "Middle English (in the sense 'opinion'): from Old French en vue, literally 'in view', from Late Latin in- + Latin visa 'sight'"}, {"word": "overweight", "ipa": "/uvrwat/", "etymology": "Middle English: from Old French overweit, from Latin super- 'above' + pondus weight"}, {"word": "overwork", "ipa": "/uvrwk/", "etymology": "Middle English: from Old French overwerk, from Latin super- 'above' + operare 'to work at'}, {"word": "owe", "ipa": "//", "etymology": "Old English gan; related to Old Norse yggja 'be in debt', German eilen 'urge on, drive'} ] {"word": "oxide", "ipa": "/ksd/", "etymology": "From Greek oxys 'sharp, acid' + -idos a suffix denoting a substance that is produced by the action of a verb"}]
Error: Expecting ',' delimiter: line 1 column 537 (char 536)

Content: [{"word": "priority", "ipa": "/prriti/", "etymology": "From Latin prioritas, from prior, first"}, {"word": "privacy", "ipa": "/prvasi/", "etymology": "From Old French privat, from privatus, private, from Latin privatus, from privus, apart, alone"}, {"word": "private", "ipa": "/prvt/", "etymology": "From Old French privat, from privatus, private, from Latin privatus, from privus, apart, alone"}, {"word": "probation", "ipa": "/prbn/", "etymology": "From Old French probacione, from Latin probatio, examination, test, from probare, to prove"}, {"word": "process", "ipa": "/prses/", "etymology": "From Old French proces, from Latin processus, a proceeding, going forward, from pro- + cadere, to fall"}, {"word": "procession", "ipa": "/prsn/", "etymology": "From Old French procesion, from Late Latin processio, from Latin processus, a proceeding, going forward, from pro- + cadere, to fall"}, {"word": "procrastinate", "ipa": "/prkrstnet/", "etymology": "From Latin procrastinare, from pro- + cras, tomorrow; akin to crassus, fat}, {"word": "profession", "ipa": "/prfn/", "etymology": "From Old French profession, from Latin professio, from profiteri, to confess"}, {"word": "professional", "ipa": "/prfnl/", "etymology": "From Latin professor, teacher, from professus, past participle of professus, to declare openly"}]
Error: Expecting ',' delimiter: line 1 column 1035 (char 1034)

Content: [{"word": "profit", "ipa": "/prft/", "etymology": "From Anglo-French profite, from Latin profitus, past participle of proferre to carry or bring forward, from adverb pro- + ferre to bear"}, {"word": "programme", "ipa": "/prgrm/", "etymology": "From French programme, from Late Latin programma, from Greek pragma, neuter of pragmatikon, nominative plural pragmata, thing done, affair, matter"}, {"word": "prohibitive", "ipa": "/prhbtv/", "etymology": "From Latin prohibitivus, from prohibere to forbid"}, {"word": "project", "ipa": "/prdekt/", "etymology": "From Old French proiect (noun), from Latin projectus, past participle of proicere to throw forward, from pro- + icere to cast or throw"}, {"word": "proliferate", "ipa": "/prlfrt/", "etymology": "From Latin proles offspring, descendants, from prolis, plural of progenies offspring, descendant"}, {"word": "prolonged", "ipa": "/prlgd/", "etymology": "From Anglo-French prolonge, from Old French proloncier to prolong, from Latin prolongare to lengthen"}, {"word": "prominence", "ipa": "/prmnns/", "etymology": "From Old French prominance, from Latin prominere to project, from pro- + minere to thrust out"}, {"word": "promise", "ipa": "/prms/", "etymology": "From Old English prfestnys, from prfedan to vow faithfully"}, {"word": "promote", "ipa": "/prmt/", "etymology": "From Anglo-French promouvoir, from Latin promotus, past participle of promovere to move forward"}, {"word": "prone", "ipa": "/prn/", "etymology": "From Old English pron, from pronian to bend, lean, be inclined, from pr- + -on- (akin to Latin proclinare to bend towards)}]
Error: Unterminated string starting at: line 1 column 1474 (char 1473)

Content: [{"word": "remove", "ipa": "/rmov/", "etymology": "Old English reafan, from reo- + ofan"}, {"word": "remuneration", "ipa": "/rmjunren/", "etymology": "Late Latin remuneratio(n-), from Latin remunerare, from re- + munus 'gift'"}, {"word": "renaissance", "ipa": "/rnsns/", "etymology": "French, from Old French renaissancel, from re- 'again' + naissance 'birth'"}, {"word": "rendition", "ipa": "/rndin/", "etymology": "Middle English (in the sense 'delivery'): from Latin renditio(n-), from renderre, from re- + reddere 'to give back'"}, {"word": "renewable", "ipa": "/rnub()l/", "etymology": "From Old French renovable, from novell, past participle of nouvel 'new', from Latin novus 'new'"}, {"word": "renewal", "ipa": "/rinjuwl/", "etymology": "Middle English renewel, from Old French renovel, from re- + nouvel 'new'"}, {"word": "rent", "ipa": "/rnt/", "etymology": "Before 900; Middle English; Old English rente; cognate with Dutch rent, German Miete, Old Norse hjort, Gothic haita"}, {"word": "reorient", "ipa": "/rirnt/", "etymology": "Middle English: from Latin reoriente, from re- + oriens 'rising' (from oriri 'rise')"}, {"word": "repack", "ipa": "/ripk/", "etymology": "From re- + pack (verb)"}, {"word": "repaint", "ipa": "/ripent/", "etymology": "Middle English: from Old French repainter, based on Latin repingere, from re- + pangere 'fasten'}]
Error: Unterminated string starting at: line 1 column 1257 (char 1256)

Content: [{"word": "seasonal", "ipa": "/sznl/", "etymology": "Middle English: from Old French saison, based on Latin season- (from the verb sae, meaning 'to sow'), via the verb saire, from Old French seizo 'harvest'"}, {"word": "seclude", "ipa": "/skljud/", "etymology": "From Latin secludere 'to shut off, separate, hide', from sequi 'follow' + claudere 'shut'"}, {"word": "secondary", "ipa": "/sknderi/", "etymology": "Middle English: from Old French secondaire 'subordinate', from Latin secundrius, from secundus 'next following, second'"}, {"word": "secrete", "ipa": "/skrit/", "etymology": "From Latin secreto, present active indicative of secretum 'I keep hidden', from secessio 'a going out or off, a flight or retirement; withdrawal, seclusion, privacy, secrecy'"}, {"word": "sector", "ipa": "/sk.tr/", "etymology": "From Latin sectus 'cut off, separated', past participle of secare 'to cut'",}, {"word": "secure", "ipa": "/skjur/", "etymology": "From Old French secur, from Latin securus 'carefree, safe, unharmed'"}, {"word": "sedentary", "ipa": "/sdn.t()ri/", "etymology": "From Latin sedere 'to sit', present active infinitive of sedre"}, {"word": "sediment", "ipa": "/sdmnt/", "etymology": "From Old French sediment, from Latin sedimentum 'a settling or deposit', noun use of neuter singular of the present participle of sedere 'to sit'"}, {"word": "seduce", "ipa": "/sdus/", "etymology": "From Old French seducer, from Latin sedcre, from sedx 'alluring woman'",}, {"word": "seek", "ipa": "/sik/", "etymology": "From Old English sican, from Proto-Germanic *sigojan, from Proto-Indo-European *seegh-, from *seih- 'to find'"}]
Error: Illegal trailing comma before end of object: line 1 column 892 (char 891)

Content: [{"word": "stain", "ipa": "/sten/", "etymology": "Old English stin"}, {"word": "stainless", "ipa": "/stenls/", "etymology": "From Middle English stainles, from stain (noun) + -less"}, {"word": "stale", "ipa": "/stl/", "etymology": "Old English stlan"}, {"word": "stammer", "ipa": "/stmr/", "etymology": "From Old English stamor; related to Dutch stammeren and German stammeln"}, {"word": "standard", "ipa": "/stdnrd/", "etymology": "Middle English standart, from Anglo-French estandart, from Medieval Latin (insignia) standardium, from Latin (insigne) standards (a flag or military unit's emblem)"}, {"word": "standpoint", "ipa": "/standpoint/", "etymology": "Middle English standen, stande + point"}, {"word": "standstill", "ipa": "/stan(d)stl/", "etymology": "Middle English stansten, from Old Norse stastilla; stan (a place) + stilla (to be still)"}, {"word": "starchy", "ipa": "/starchi/", "etymology": "From Middle English starchie, from Old French estarchier, from Latin starchium"}, {"word": "stare", "ipa": "/str/", "etymology": "Old English stran"}, {"word": "stash", "ipa": "/st/", "etymology": "Dutch stoksaai, from Middle Dutch staecke sai 'wood pile'}]
Error: Unterminated string starting at: line 1 column 1106 (char 1105)

Content: [{"word": "suppression", "ipa": "/sprn/", "etymology": "From French suppression, from Latin suppressio- (stem of suppressio)"}, {"word": "surf", "ipa": "/sf/", "etymology": "From Old English surfian, from Old Norse surfja, from Proto-Germanic *sfurbijan, from Proto-Indo-European *ser(w)- (to flow) + *bhau- (to strike, to swell)"}, {"word": "surface", "ipa": "/srfrs/", "etymology": "From Old French surfacie, from Latin superficies, from super (above) + facies (appearance, aspect)"}, {"word": "surge", "ipa": "/sd/", "etymology": "From Middle English surgeien, from Anglo-Norman surgie, from Old French surger, from Latin surgere, from sub- (up from) + ergere (to raise)"}, {"word": "surgery", "ipa": "/sr()r/", "etymology": "From Old French chirurgie, from Late Latin chirurgia, from Greek kheirourgia (operation of hands)"}, {"word": "surpass", "ipa": "/srps/", "etymology": "From Old French surpasser, from passer, from Latin passus (past participle of pango, to strike, to step)"}, {"word": "surround", "ipa": "/srand/", "etymology": "From Old English syranian (to surround), from Proto-Germanic *serwadzan, from Proto-Indo-European *ser(w)- (to flow) + redu (back, back to the place from which one came)"}, {"word": "surroundings", "ipa": "/srandz/", "etymology": "From Old French surrondance, from surrounder (to encompass)"}, {"word": "survey", "ipa": "/srvi/", "etymology": "From Old French surveie, from Latin supervia (oversight), from super (above) + via (way)"}, {"word": "survive", "ipa": "/svav/", "etymology": "From Old English syrfan on lif, from syrfian (to live) + on + lif (life)}]
Error: Unterminated string starting at: line 1 column 1529 (char 1528)

Content: [{"word": "tanker", "ipa": "/takr/", "etymology": "From Dutch tanker, from Middle Dutch tank, tanken to contain, hold; see tank"}, {"word": "target", "ipa": "/tat/", "etymology": "Old English tacart, from Old Norse tak-hart, from tak 'mark' + hart 'heart'"}, {"word": "tariff", "ipa": "/terf/", "etymology": "Middle English tarif, from Anglo-French tarif, from Medieval Latin tabulare tariam 'table of rates', from Late Latin taria, from Greek tar, from tara 'kind of ship's timber used for measuring"}, {"word": "taunt", "ipa": "/tnt/", "etymology": "Old English tunden; akin to Old Norse tunthrn 'reproach', Gothic tankjan 'to be vexed, annoy'",}, {"word": "teamwork", "ipa": "/timwrk/", "etymology": "From team + work"}, {"word": "tease", "ipa": "/tiz/", "etymology": "Old English tosian; akin to Old Norse tasa 'to tease, torment', Gothic taisjan 'torment, vex'",}, {"word": "technical", "ipa": "/teknikl/", "etymology": "From Latin technicalis 'of or pertaining to art or craft'"}, {"word": "technician", "ipa": "/tknn/", "etymology": "From French technique + -ien"}, {"word": "technique", "ipa": "/tekniik/", "etymology": "French technique, from Latin technica 'art, craft', from Greek tekhn 'art, skill, craft'"}, {"word": "tedious", "ipa": "/tidis/", "etymology": "From Old French tedieus, from Latin tedium 'weariness, ennui'"}]
Error: Illegal trailing comma before end of object: line 1 column 647 (char 646)

Content: [{"word": "unaware", "ipa": "/newr/", "etymology": "Old English anawearfod"}, {"word": "unbeatable", "ipa": "/nbitb()l/", "etymology": "Old English unbeatale"}, {"word": "unbiased", "ipa": "/nbast/", "etymology": "From Latin in- + bias, literally, leaning"}, {"word": "unblemished", "ipa": "/nblmt/", "etymology": "Middle English unbleme, from Old English unbloem"), {"word": "unconcerned", "ipa": "/nknsrn/", "etymology": "Old French enconforte"}, {"word": "unconquerable", "ipa": "/nknkwrb()l/", "etymology": "Old English uncanweorce"}, {"word": "underestimate", "ipa": "/ndresmt/", "etymology": "Middle English undreestimaten, from Old French underestimer, from Latin sub + estimare"}, {"word": "underground", "ipa": "/ndrgraund/", "etymology": "From Middle English under ground, from under + ground"}, {"word": "underlie", "ipa": "/ndrla/", "etymology": "Middle English underlen, from Old French enlier, from Latin super- + lego, to bind or lay"}, {"word": "underline", "ipa": "/ndrlrand/", "etymology": "From under + line"}]
Error: Expecting ',' delimiter: line 1 column 365 (char 364)

Content: [{"word": "awl", "ipa": "/l/", "etymology": "Old English eol, from Proto-Germanic *auwelaz"}, {"word": "awry", "ipa": "/r/", "etymology": "Middle English awre, from Old Norse aura (twisted)"}, {"word": "azure", "ipa": "/zr/", "etymology": "From Arabic lazr(azul), ultimately from Persian laward, of uncertain origin, perhaps connected to the Persian word for lapis lazuli, lajvard"}, {"word": "babble", "ipa": "/babl/", "etymology": "Old English bebbian (to talk rapidly and senselessly), from bibbian (to bubble)"}, {"word": "bacchanalian", "ipa": "/bknlin/", "etymology": "From Latin Bacchus, the Roman god of wine and fertility, from Greek Dionysos"}, {"word": "badger", "ipa": "/bdr/", "etymology": "Old English baddor, akin to Old Norse badri (ferret), of Celtic origin; related to Welsh badwr (badger)"}, {"word": "badinage", "ipa": "/bdn/", "etymology": "1620s, French badiner (to joke or trifle), from Old French badine (joke, jest), of uncertain origin"}, {"word": "bait", "ipa": "/bet/", "etymology": "Old English beatan (to beat, strike, attack)"}, {"word": "baleful", "ipa": "/balfl/", "etymology": "Middle English balefeulle, from Old French balifuel (a charm or spell), from Latin malefactum (bad deed), from maleficium"}, {"word": "ballast", "ipa": "/blst/", "etymology": "Middle English ballaste, from Anglo-French baillast, from Old North French balastre, of Germanic origin; related to Dutch balsa (load) and Gothic balasjan (to carry)}]
Error: Unterminated string starting at: line 1 column 1288 (char 1287)

Content: [{"word": "bilious", "ipa": "/bls/", "etymology": "From Latin bilis, gall bladder bile"}, {"word": "bilk", "ipa": "/bk/", "etymology": "Origin unknown"}, {"word": "bivouac", "ipa": "/bvwk/", "etymology": "French, from Old French bivoc 'half a cowl', from Medieval Latin byfocale, diminutive of byfoca 'cowl', from Byzantine Greek , from Ancient Greek ,  'cowl' + , -, 'tent cover'"}, {"word": "blanch", "ipa": "/blnt/", "etymology": "From Old French blanchir 'to whiten', from blanque 'white'"}, {"word": "bland", "ipa": "/blnd/", "etymology": "From Old English bland 'smooth, sweet, gentle, mild'; akin to Gothic blinds 'soft, meek, mild'",}, {"word": "blandishment", "ipa": "/blndmnt/", "etymology": "Middle English (in the sense 'fondness, love'): from Old French blanchement 'whiteness', from the verb blanchir 'to whiten', from blanc 'white'; reinforced in Middle English by association with bland 'smooth'"}, {"word": "blase", "ipa": "/blz/", "etymology": "From French blas, from Latin blasias 'dribbling or draining pustule', from Greek blasion 'bubo' (in Medieval Latin used for the glandular swellings of syphilis), from blazein 'to bubble up'"}, {"word": "blasphemous", "ipa": "/blspfms/", "etymology": "From Late Latin blasfemus, from Greek blasphema 'curse directed against a god', from blasphm 'speaking ill of God', from blasphmein 'to speak evil of God'"}]
Error: Illegal trailing comma before end of object: line 1 column 641 (char 640)

Content: [{"word": "bloated", "ipa": "/bltd/", "etymology": "Old English blad-, from Proto-Germanic *bladaz, from Proto-Indo-European *bheid- 'to break, burst'"}, {"word": "blowhard", "ipa": "/blohrd/", "etymology": "Origin unknown; first attested in the mid-19th century. It is usually considered a combination of blow and hard."}, {"word": "bludgeon", "ipa": "/bldn/", "etymology": "Middle English, from Old Norse bluggr 'a club'"}, {"word": "bluff", "ipa": "/blf/", "etymology": "Old English bluffian; akin to Dutch blufken 'to bluff', bluff 'deception'"}, {"word": "blunder", "ipa": "/blndr/", "etymology": "Middle English, from Old Norse blundra, from Proto-Germanic *blundrn 'to stagger, stumble'"}, {"word": "blurt", "ipa": "/blrt/", "etymology": "Early 17th century (in the sense 'utter hastily or inadvertently'): perhaps related to Dutch blaren 'to bellow', from Old Norse bljta 'to burst out'"}, {"word": "bode", "ipa": "/bod/", "etymology": "Old English bdian; related to beode 'command, order'"}, {"word": "bogus", "ipa": "/bs/", "etymology": "Early 19th century: shortening of bogusserel 'nonsense, trick', a term used in the early 1800s by gold miners in California to describe pieces of fool's gold"}, {"word": "boisterous", "ipa": "/bstrs/", "etymology": "Middle English, from Old French bostere, of Germanic origin; related to Dutch boestier 'fierce'"}, {"word": "bombast", "ipa": "/bmbst/", "etymology": "1520s, "bombastic," from Latin bombasticus, from Greek bombasticos, "full of wind, inflated," from bombastsis, noun use of feminine past participle of bombastein "to puff up" (see bombastic). Originally a term for stuffing or padding with paper."}]
Error: Expecting ',' delimiter: line 1 column 1424 (char 1423)

Content: [{"word": "boon", "ipa": "/bun/", "etymology": "Old English bn, from Middle Dutch boone"}, {"word": "boorish", "ipa": "/br/", "etymology": "From Old Norse bjr, a peasant"}, {"word": "bourgeois", "ipa": "/brwa z/", "etymology": "French bourgeois, from Middle French bourgeis, from Old French burgeis (citizen), ultimately from Vulgar Latin burgessia, from Late Latin burgessus, from burgus (town)"}, {"word": "bovine", "ipa": "/bouvn/", "etymology": "From Latin bos, cow"}, {"word": "bowdlerize", "ipa": "/badlraz/", "etymology": "After Thomas Bowdler (17541825) who edited a bowdlerized edition of Shakespeare's works"}, {"word": "brackish", "ipa": "/brk/", "etymology": "From Old English brac, from Middle Dutch braken, from Proto-Germanic *bregaz-, perhaps imitative of the sound of breaking or cracking"}, {"word": "braggadocio", "ipa": "/brdo/", "etymology": "From Italian bragatozzo, alteration (blend) of bravatizio (boldness, bravado), from bravo (brave)"}, {"word": "braggart", "ipa": "/brrd/", "etymology": "From Middle English braggen, from Old Norse brakka, from Proto-Germanic *bragjan (to boast), from Proto-Indo-European *bhreg-, *bhregh-(to swell, to be proud)"}, {"word": "brawn", "ipa": "/brn/", "etymology": "From Old English bron, from Proto-Germanic *bragan (flesh, meat), from Proto-Indo-European *bher-(to carry)}]
Error: Unterminated string starting at: line 1 column 1227 (char 1226)

Content: [{"word": "carafe", "ipa": "/krf/", "etymology": "French carafe, from Arabic qarafat, from Persian qarfat, from Greek kyathos"}, {"word": "carapace", "ipa": "/krps/", "etymology": "From Latin carapax, from Greek karabax}, {"word": "carat", "ipa": "/krt/", "etymology": "From Arabic qr"}, {"word": "carcinogenic", "ipa": "/karsndnk/", "etymology": "From Latin carcinoma, from Greek karkinos, crab + -ema, suffix forming nouns"}, {"word": "cardinal", "ipa": "/krdnl/", "etymology": "From Old French cardeinal, from Late Latin cardinalis, of or belonging to the church, from cardo hinge; used as a metaphor for a bishop having charge of a district because he was considered the central point of his diocese."}, {"word": "careen", "ipa": "/krin/", "etymology": "From Old English cyrigan, from cyre, keel + -en (verb suffix)"}, {"word": "caricature", "ipa": "/krktr/", "etymology": "From French caricature, from Italian caricatura, from Latin carica to load, carry + Latin pictura painting"}, {"word": "carillon", "ipa": "/krln/", "etymology": "From Middle Dutch carilon, from Old North French carillone, from Medieval Latin carillonemus bell-ringer"}, {"word": "carnage", "ipa": "/krnd/", "etymology": "From Anglo-Norman carnage, from Latin carnagium, butcher's shop, from carne flesh + -gium suffix forming nouns"}, {"word": "carnal", "ipa": "/krnl/", "etymology": "From Middle English, from Old French cornal, from Latin carnis flesh"}]
Error: Expecting ',' delimiter: line 1 column 225 (char 224)

Content: [{"word": "cumbersome", "ipa": "/kmbrsom/", "etymology": "Middle English: from Old French cumbers, from Latin cumbere 'weigh heavily upon'}, {"word": "cupidity", "ipa": "/kjupdti/", "etymology": "From Latin cupiditas, from cupido 'desire'"}, {"word": "curator", "ipa": "/kjrtr/", "etymology": "Latin: caretaker, guardian"}, {"word": "curmudgeon", "ipa": "/krmjdn/", "etymology": "Alteration (influenced by mudge 'moody') of curmogon, from Scottish Gaelic cumha mo ghleann 'my mourning for the glen'"}, {"word": "cursive", "ipa": "/krsiv/", "etymology": "From Latin scriptus 'written'"}, {"word": "cursory", "ipa": "/ksri/", "etymology": "From Latin cursus 'a running, a course'"}, {"word": "cynical", "ipa": "/snkl/", "etymology": "From Greek knikos 'dog-like'"}, {"word": "dais", "ipa": "/dez/", "etymology": "Old English dgesealt, diminutive of dg 'day'"}, {"word": "dally", "ipa": "/dli/", "etymology": "From Old Norse diala 'hang around idly'"}]
Error: Expecting ',' delimiter: line 1 column 144 (char 143)

Content: [{"word": "dappled", "ipa": "/dpld/", "etymology": "From Middle English dapel, from Old North French *dapeler, from Vulgar Latin *dapatellus, from Greek dapallin, equivalent to daps- + -all-, augmentative suffix"}, {"word": "daub", "ipa": "/db/", "etymology": "From Middle English dauben, from Old North French dauber, from Latin fudere"}, {"word": "dauntless", "ipa": "/dntls/", "etymology": "Middle English: from Anglo-Norman dauntelus, present participle of daunter 'discourage', ultimately from Old Norse dautr 'fear'"}, {"word": "dawdle", "ipa": "/ddl/", "etymology": "From Middle English daudelen, probably from Old French esdaudeler, possibly related to Latin decaudare 'cut off a foot', from de- 'off' + cadere 'fall'"}, {"word": "deadlock", "ipa": "/didlk/", "etymology": "Middle English: from Old French desloch, present participle of deslocher, from Latin de- 'undo' + solvre 'loosen'"}, {"word": "deadpan", "ipa": "/didpn/", "etymology": "From dead, intensified by the adjective suffix -pan, from Old English deah, from Proto-Germanic *deudhaz, from PIE *(d)meu- 'swell, swell up'"}, {"word": "debacle", "ipa": "/dbkl/", "etymology": "From French dbcle, from deboucher, literally 'to discharge', from Old French de 'out' + boucher 'to close up'"}, {"word": "debase", "ipa": "/dbes/", "etymology": "Middle English: from Old French desbaisier, from Latin deprehendere 'seize, capture'",}, {"word": "debilitate", "ipa": "/dbltet/", "etymology": "From Late Latin debilitre, from Latin debilis 'weak, powerless'"}, {"word": "debonair", "ipa": "/dbnr/", "etymology": "Early 17th century: French dbonnaire, present participle of dbonnaire, from Italian debbono 'they owe (it)', from Latin debere 'owe', past participle of habere 'have'"}]
Error: Illegal trailing comma before end of object: line 1 column 1396 (char 1395)

Content: [{"word": "defoliate", "ipa": "/dfljet/", "etymology": "Latin: from defolium (autumn leaf)"}, {"word": "defrock", "ipa": "/dfrk/", "etymology": "Middle English: from Old Norse for 'robe'"}, {"word": "deft", "ipa": "/dft/", "etymology": "Old English: from Old Norse dft (agility, nimbleness)"}, {"word": "defunct", "ipa": "/dfkt/", "etymology": "Latin: from fungere (to be in operation)"}, {"word": "degraded", "ipa": "/dgrded/", "etymology": "Middle English: from Old French degrader, from grader (to level)"}, {"word": "dehydrate", "ipa": "/dhradrit/", "etymology": "Latin dehydra (from Greek hydor, water) + -ate suffix"}, {"word": "deify", "ipa": "/difa/", "etymology": "Middle English: from Latin deus (god) + -ify"}, {"word": "deign", "ipa": "/dn/", "etymology": "Old French deigner, from Latin decernere (to decide)"}, {"word": "deleterious", "ipa": "/dltrs/", "etymology": "Latin: from de- (away) + lterius (lettered, written)"}, {"word": "delineate", "ipa": "/dlnjet/", "etymology": "Middle English: from Old French delineer, from Latin delinere (to mark out)}]
Error: Unterminated string starting at: line 1 column 992 (char 991)

Content: [{"word": "eclectic", "ipa": "/klktk/", "etymology": "From Greek ekleg, from eklegomai, to pick out, choose for oneself"}, {"word": "eclipse", "ipa": "/klips/", "etymology": "From Old French eclipse, from Latin eclipsis, from Ancient Greek  (Helikpsis), from helios, sun + kopsis, a turning aside"}, {"word": "ecologist", "ipa": "/kljist/", "etymology": "From French cologiste, from ecologie, from Ancient Greek oikos, house + logia, the study of something}, {"word": "economy", "ipa": "/iknm/", "etymology": "From French conomie, from Greek oikonomia, administration of a household, management, from oikos, house + nomos, custom, law"}, {"word": "ecstasy", "ipa": "/ksstsi/", "etymology": "From Greek ekstasis, standing apart, a trance or transport, from ek, out + histmi, to stand"}, {"word": "eddy", "ipa": "/di/", "etymology": "Old English adge, from dian, to whirl; related to Old Norse yra, a whirlpool"}, {"word": "efface", "ipa": "/fs/", "etymology": "From Old French esfacer, from Latin exfacere, from ex-, out + facere, to make"}, {"word": "effectual", "ipa": "/fektwl/", "etymology": "From Middle English effectuel, from Old French effective, from Latin effctivus, effective, from effctus, past participle of efficere, to bring into being, establish}, {"word": "effeminate", "ipa": "/fmnt/", "etymology": "From Latin femina, woman + -atinus, like a + Old French feminine, referring to females}, {"word": "effete", "ipa": "/feti/", "etymology": "From Latin effuturus, past participle of effundere, to pour out or spend; related to Latin fsus, poured out"}]
Error: Expecting ',' delimiter: line 1 column 462 (char 461)

Content: [{"word": "elegy", "ipa": "/ledi/", "etymology": "From Greek elegeia, from elegos, from elegein to choose, select"}, {"word": "elixir", "ipa": "/lksr/", "etymology": "Middle English eliksir, from Latin elixir, from Greek elixir, probably from elaia oil, from elea (see olive)"}, {"word": "ellipsis", "ipa": "/lpss/", "etymology": "From the Latin ellipsis, from Ancient Greek , from  to leave out, omit"}, {"word": "elliptical", "ipa": "/lptkl/", "etymology": "From the Latin ellipticus, present participle of ellipsis, from Ancient Greek "}, {"word": "eloquence", "ipa": "/lkwns/", "etymology": "Middle English (in the sense 'articulate expression'): from Anglo-French eloquance, from Latin eloquentia, from eloqui to speak well"}, {"word": "elysian", "ipa": "/lin/", "etymology": "From the Greek elysios, from Elysium, the abode of the blessed in Greek mythology"}, {"word": "emaciated", "ipa": "/mietid/", "etymology": "Middle English emaciate, from Old French emacier, from Latin emaciatus, past participle of emaciatus"}, {"word": "emanate", "ipa": "/mnt/", "etymology": "From Middle English emanaten (from Medieval Latin emanare, from Latin ex + manare to bubble forth), from Latin emitere, from ex- + mittere to send"}, {"word": "emancipate", "ipa": "/mnsppet/", "etymology": "From Late Latin emancipatus (past participle of emancipare), from Latin ex + mancipium property, slave"), {"word": "embargo", "ipa": "/mbro/", "etymology": "From Spanish embarco cargo, from barca boat, from Latin bc"}]
Error: Expecting ',' delimiter: line 1 column 1387 (char 1386)

Content: [{"word": "entreat", "ipa": "/ntrt/", "etymology": "From Old French en traite, from en 'in' + traite 'deal'"}, {"word": "entree", "ipa": "/tri/", "etymology": "French, from Latin intro- 'into' + -itium 'a going in, entry'"}, {"word": "enumerate", "ipa": "/nmert/", "etymology": "From Latin numerare 'to count'",}, {"word": "enunciate", "ipa": "/njunset/", "etymology": "From Latin enunicitus, past participle of enunicire, from en- 'in' + unicre 'to make known by a single utterance'"}, {"word": "environ", "ipa": "/nvarn/", "etymology": "From Old French environ, from envaire 'to surround'"}, {"word": "eon", "ipa": "/in/", "etymology": "From Greek aeon 'an age'"}, {"word": "epaulet", "ipa": "/palt/", "etymology": "French paulette, from Old French epaulle 'shoulder'"}, {"word": "epic", "ipa": "/pk/", "etymology": "From Greek epos 'a poem'"}, {"word": "epicure", "ipa": "/pakr/", "etymology": "From French gourmet 'gourmand'"}, {"word": "epilogue", "ipa": "/pl/", "etymology": "From French pilogue, from pi- 'off' + Greek lgos 'speech'"}]
Error: Illegal trailing comma before end of object: line 1 column 311 (char 310)

Content: [{"word": "extricate", "ipa": "/gztrkt/", "etymology": "Middle English: from Old French estraire, from Latin ex- (out) + strait (narrow passage)"}, {"word": "extrude", "ipa": "/ztrud/", "etymology": "Middle English: from Old French estruer, from Latin exstruere (from sub - out and struere - to build)"}, {"word": "exude", "ipa": "/zjud/", "etymology": "Late Middle English: from Latin exudare, from sub - out + udare - to sweat}, {"word": "exult", "ipa": "/gzlt/", "etymology": "Middle English: from Old French esculter, from Latin exsultare (to jump for joy)"}, {"word": "fabricate", "ipa": "/fbrkt/", "etymology": "Late Middle English: from Old French fabriquer, from Latin fabrica (factory or workmanship)"}, {"word": "facetious", "ipa": "/fss/", "etymology": "Mid 16th century: from Latin facetiosus, from facetia (joke), from facere (to do or make)"}, {"word": "facile", "ipa": "/fsli/", "etymology": "Early 15th century: from Old French facile, from Latin facilis, from facere (to do or make)"}, {"word": "factious", "ipa": "/fakts/", "etymology": "Mid 17th century: from Latin factiosus (politically factional), from factio (party or action group)"}, {"word": "fallacious", "ipa": "/flkes/", "etymology": "Early 16th century: from Latin fallaciosus, from fallax (deceitful), from falso (false) + laceo (entrap, ensnare)"}, {"word": "fallible", "ipa": "/flbl/", "etymology": "Early 16th century: from Latin fallibilis, from fallere (to deceive or mislead) + -ibilis (having the quality of something)"}]
Error: Expecting ',' delimiter: line 1 column 434 (char 433)

Content: [{"word": "frigid", "ipa": "/frdd/", "etymology": "From Latin frigidus"}, {"word": "fritter", "ipa": "/frtr/", "etymology": "Old English friter"}, {"word": "frivolous", "ipa": "/frvls/", "etymology": "From Latin frivolus"}, {"word": "frolicsome", "ipa": "/frlksm/", "etymology": "Old English frolic + -some"}, {"word": "fructify", "ipa": "/frktfa/", "etymology": "From Latin fructus (fruit) + -ify"}, {"word": "fruition", "ipa": "/frjun/", "etymology": "From Latin frui (to enjoy)"}, {"word": "fugitive", "ipa": "/fdtv/", "etymology": "From Latin fugitivus"}, {"word": "fulcrum", "ipa": "/flkrum/", "etymology": "Latin fulcra (pole, lever)"}, {"word": "fulminate", "ipa": "/flmnt/", "etymology": "From Latin fulmen (lightning bolt) + -ate"}, {"word": "fulsome", "ipa": "/flsm/", "etymology": "Old English full, from fullan (to fill up)}]
Error: Unterminated string starting at: line 1 column 793 (char 792)

Content: [{"word": "garnish", "ipa": "/rn/", "etymology": "From Middle English garnyshen, from Old French garnir, from Latin garnerare, from garden (see yard) + -erare, combining form of facere 'to make'"}, {"word": "garrulity", "ipa": "/rulti/", "etymology": "From Late Latin garrula 'talkative', from garralis, fem. of garralis 'chattering, noisy', from Latin garrus 'crow'"}, {"word": "gastronomy", "ipa": "/strnomi/", "etymology": "From Modern Latin gastronomia, from Greek gastron, neuter of gastrs 'stomach' + -nomia (see -nomy)"}, {"word": "gauche", "ipa": "/o/", "etymology": "From Old French gauchez, from Frankish *waksch, from Proto-Germanic *wahs 'awkward'"}, {"word": "gaudy", "ipa": "/di/", "etymology": "Middle English, from Old French gaudi, from Latin gaudium 'joy'"}, {"word": "gaunt", "ipa": "/nt/", "etymology": "Old English geowent 'wasting', past participle of geawian 'to waste away'; related to Old High German gaubanta 'famine, hunger'"}, {"word": "gawk", "ipa": "/k/", "etymology": "From Middle English gauken, from Old Norse gokka, imitative"}, {"word": "gazette", "ipa": "/zt/", "etymology": "From Italian Gazetta 'small newspaper', diminutive of gazzetta, perhaps from Arabic azrat al-bahreyn 'island of the two seas' (see Egypt)"}, {"word": "genealogy", "ipa": "/dinildi/", "etymology": "From Latin genealogia, from Greek genos 'race, kind' + logos 'speech, account, discourse'"}, {"word": "generality", "ipa": "/dnralti/", "etymology": "From Old French generalitee, from Latin generalis, from genus (see genus) + -alis (see -al1)}]
Error: Unterminated string starting at: line 1 column 1459 (char 1458)

Content: [{"word": "genesis", "ipa": "/dnss/", "etymology": "From Greek genesis, from ginomai to be born"}, {"word": "genre", "ipa": "/n/", "etymology": "French genre, from Latin genus kind (of art), from gener- to beget, produce"}, {"word": "genteel", "ipa": "/dnti l/", "etymology": "Middle English gentil, gentill, from Old French gentil, from Latin gentilis of noble birth, kindly"}, {"word": "gentility", "ipa": "/dntlti/", "etymology": "From Middle English gentlee, from gentil, from Old French gentilit, from Latin gentilitas, from gentilis, genere"}, {"word": "gentry", "ipa": "/dentri/", "etymology": "Middle English gentrie, from Old French gentrie, from gentil, from Latin gentilis"}, {"word": "genuflect", "ipa": "/dnjuflkt/", "etymology": "From Late Latin genuflexion-, genuflexio, from genuflectere to bend the knee"}, {"word": "germane", "ipa": "/drmn/", "etymology": "Middle English germayne, from Old French germain, from Latin germanus of kin, born in the same family, kindred, from genus to beget"}, {"word": "germinal", "ipa": "/drmnl/", "etymology": "From Latin germen seed, sprout, offspring; budding, growing}, {"word": "gerontocracy", "ipa": "/drntkrsi/", "etymology": "Greek geront-, gerontos old + -kratia rule"}, {"word": "gerrymander", "ipa": "/drmndr/", "etymology": "From the name of Elbridge Gerry, who was a governor of Massachusetts in 1812 and whose signature was on a controversial redistricting plan that resembled a salamander"}]
Error: Expecting ',' delimiter: line 1 column 1128 (char 1127)

Content: [{"word": "grandiose", "ipa": "/rndios/", "etymology": "From Latin grandis 'large' + os 'mouth'"}, {"word": "granulate", "ipa": "/rnjulet/", "etymology": "From Latin granum 'grain' + -ate"}, {"word": "grapple", "ipa": "/grpl/", "etymology": "Old English grapel"}, {"word": "grate", "ipa": "/ret/", "etymology": "From Old English grtan"}, {"word": "gratify", "ipa": "/grtfa/", "etymology": "From Latin gratificare 'to please'"}, {"word": "gratis", "ipa": "/rtss/", "etymology": "Latin 'free of charge'"}, {"word": "gratuitous", "ipa": "/grtuts/", "etymology": "From Latin gratus 'pleasing, grateful' + -itious"}, {"word": "gratuity", "ipa": "/rtti/", "etymology": "From Latin gratuitas 'unconditional generosity'"}, {"word": "grievance", "ipa": "/rivns/", "etymology": "Middle English grevene, from Old French grieve, from Latin gravare 'to burden'}]
Error: Unterminated string starting at: line 1 column 769 (char 768)

Content: [{"word": "idolatry", "ipa": "/dltr/", "etymology": "From Middle English idolatrie, from Old French idolatre, from Latin idola- (stem of idolum) + -atra (feminine noun suffix)"}, {"word": "igneous", "ipa": "/ndus/", "etymology": "From Latin igneus, from ignis fire"}, {"word": "ignite", "ipa": "/gnt/", "etymology": "Old English igenitan; related to Old Norse jegina and German egnen}, {"word": "ignoble", "ipa": "/gnobl/", "etymology": "From Middle English ignobel, from Anglo-Norman, from Latin ignobilis, from in- + nobilis (see noble)"}, {"word": "ignominious", "ipa": "/nmnis/", "etymology": "From Latin ignominius, from ignominus, present participle of ignominare to make infamous"}, {"word": "illicit", "ipa": "/lst/", "etymology": "Late Middle English (in the sense 'illegal'): from Old French illicite, from illecit outside the law, from Latin illicitis outlawed"}, {"word": "illimitable", "ipa": "/lmtbl/", "etymology": "From Latin illimitabilis, from in- + limitare (see limit)"}, {"word": "illusive", "ipa": "/lv/", "etymology": "From Old French illusion, from Latin illusio(n-) (from illudere to deceive), from illudere to play at, joke with"}, {"word": "illusory", "ipa": "/lsr/", "etymology": "From Latin illusorius, present participle of illudere (see illusion) + -ary"}]
Error: Expecting ',' delimiter: line 1 column 389 (char 388)

Content: [{"word": "imprudent", "ipa": "/mprdnt/", "etymology": "From Latin imprudens, from prudent-, prudens, from prae + uidi, knowing, having seen"}, {"word": "impugn", "ipa": "/mpn/", "etymology": "From Old French empuigner, from puign, fist (from Latin pulsare to strike, beat), and en- + pupign-}, {"word": "impuissance", "ipa": "/mpyuzns/", "etymology": "From French impuissance, from impotence"}, {"word": "impunity", "ipa": "/mpjut/", "etymology": "From Latin impunitas (from in- + punire to punish)"}, {"word": "impute", "ipa": "/mpjut/", "etymology": "From Middle English imputen, from Anglo-Norman imputer, from Latin imputare to put upon, blame on, charge with (from in- + putare to make ready)"}, {"word": "inadvertently", "ipa": "/ndvrtnli/", "etymology": "From Latin inadvertere, from in- + advertere to turn towards (from ad-, ad- + vertere to turn)"}, {"word": "inane", "ipa": "/nen/", "etymology": "From French inan, from in- + anim, soul (from Latin anima)"}, {"word": "inanimate", "ipa": "/namt/", "etymology": "From Latin inanimum, from in- + animus, spirit or mind"}, {"word": "inarticulate", "ipa": "/nrtkjulet/", "etymology": "From Latin in- + ars, art (from Greek tekhn) + articulatus, articulate (from articulus, little piece used in speaking)"}, {"word": "incandescent", "ipa": "/nkndsnt/", "etymology": "From Latin incandescere, from in- + candescere to shine brightly (from candere to shine)"}]
Error: Expecting ',' delimiter: line 1 column 298 (char 297)

Content: [{"word": "intersperse", "ipa": "/ntpsrz/", "etymology": "Latin interspersus, from inter- + spersus past participle of spargere to scatter"}, {"word": "intractable", "ipa": "/ntrktb()l/", "etymology": "From Latin intractabilis, from intractare to handle roughly, treat harshly"}, {"word": "intrepid", "ipa": "/ntpd/", "etymology": "From Latin intrepidus, from in- + tremere to shake with fear"}, {"word": "introspective", "ipa": "/ntrspktv/", "etymology": "From Latin introspectus, past participle of intueri to look within"}, {"word": "intrude", "ipa": "/ntrud/", "etymology": "From French intruder, from Latin intrusus, neuter of intrusus, past participle of intrudere"}, {"word": "intuition", "ipa": "/ntjun/", "etymology": "From Latin intuition- (stem of intuitus, present participle of intueri to look within"), {"word": "inured", "ipa": "/nrrd/", "etymology": "From Old French enur, from Latin inuriare to harden"}, {"word": "invalidate", "ipa": "/nvldt/", "etymology": "From Latin invalidus, present participle of invalidare to make weak or useless"}, {"word": "inveigh", "ipa": "/nvi/", "etymology": "From Middle English inveighen, from Old French enveugier, from Latin invective (shout), from in- + vectus carried"), {"word": "inveigle", "ipa": "/nvel/", "etymology": "From Middle English enveiglen, variant of enveigh, from Old French enveugier"}]
Error: Expecting ',' delimiter: line 1 column 815 (char 814)

Content: [{"word": "juncture", "ipa": "/dktr/", "etymology": "Middle English: from Latin junctura, from junctus. Past participle of jungere to join"}, {"word": "junket", "ipa": "/dkt/", "etymology": "Old English jyncete; related to German jagen to hunt}, {"word": "junta", "ipa": "/hjunt/", "etymology": "Spanish junta council, committee"}, {"word": "jurisprudence", "ipa": "/drsprudns/", "etymology": "Middle English (in the sense 'law'): from Latin ius law, right + prudentia foresight, sagacity"}, {"word": "juxtapose", "ipa": "/dkstpz/", "etymology": "Late Middle English (originally in the sense 'place side by side'): from Latin iuxta beside + posui I have placed"}, {"word": "kaleidoscope", "ipa": "/klskp/", "etymology": "From Greek kalos beautiful + eidos form, shape + skopeo I look, examine"}, {"word": "ken", "ipa": "/kn/", "etymology": "Old English cenn; related to German Kunde knowledge"}, {"word": "killjoy", "ipa": "/kld/", "etymology": "Middle English: from Middle Dutch kille, kel(le) joy, merriment + joy 'mournful person'"}, {"word": "kindle", "ipa": "/kndl/", "etymology": "Old English cyn(d)lan; related to Old Norse kynda to stir up, kindle}, {"word": "kindred", "ipa": "/kndrd/", "etymology": "Old English cyne-gereorod; related to Old Norse kinrada, Greek genos race, family"}]
Error: Expecting ',' delimiter: line 1 column 249 (char 248)

Content: [{"word": "nether", "ipa": "/netr/", "etymology": "Old English netor; akin to Middle Dutch netere, German Netz"}, {"word": "nettle", "ipa": "/netl/", "etymology": "Middle English netele, from Old English neotil, from neott, neotel; akin to Old Norse netill, Gothic notilus"}, {"word": "nexus", "ipa": "/nekss/", "etymology": "Latin nxus bond, tie, connection, intersection"}, {"word": "nib", "ipa": "/nb/", "etymology": "Old English nf; akin to Old Norse nifr, Gothic niba"}, {"word": "nicety", "ipa": "/nsti/", "etymology": "From Middle French nichet, from Medieval Latin nicietatem, from Latin nictus a tick, from Greek nikte to scratch (from nix, a flea or tick), from nek-, from Proto-Indo-European *gneidh-}, {"word": "niggardly", "ipa": "/nrdli/", "etymology": "Old English nicorde, nicgore; akin to Old Norse nygrdr, Swedish nygrd, Russian myagkost' stinginess"}, {"word": "nihilism", "ipa": "/nhlzm/", "etymology": "New Latin nihilismus; Latin nihil nil, nothing + -ismus -ism"}, {"word": "noisome", "ipa": "/nsm/", "etymology": "Middle English noysum, from Old French noisum, noizum, noisom, noyse, from Latin nausea, from Greek nausos sickening"}, {"word": "nomadic", "ipa": "/nmdk/", "etymology": "From New Latin nomadicus, from Ancient Greek nomdikos roving, from noms a pasture + adjective suffix -ikos -ic"}]
Error: Expecting ',' delimiter: line 1 column 717 (char 716)

Content: [{"word": "pyre", "ipa": "/pair/", "etymology": "From Old English pyr, from Latin purus"}, {"word": "pyromaniac", "ipa": "/parmanak/", "etymology": "From Greek pyro- 'fire' + mania 'madness'"}, {"word": "quack", "ipa": "/kwk/", "etymology": "From Dutch kwak, probably mimicking a duck's call"}, {"word": "quadruped", "ipa": "/kwodrpd/", "etymology": "From Latin quadrupes 'four-footed creature'"}, {"word": "quaff", "ipa": "/kwaf/", "etymology": "Origin unknown, probably from Old Norse haufa 'to drink eagerly'"}, {"word": "quagmire", "ipa": "/kwmar/", "etymology": "From obsolete English quagg 'a bog or morass' + mire 'morass, swamp'"}, {"word": "quail", "ipa": "/kwel/", "etymology": "From Old English cwalan 'to tremble'"}, {"word": "quaint", "ipa": "/kwnt/", "etymology": "From French quaint, from Latin curiosus 'eager to learn, inquisitive, careful'"}, {"word": "qualified", "ipa": "/kwlfad/", "etymology": "From Latin qualis 'of what kind' + -fied"}, {"word": "quandary", "ipa": "/kwndri/", "etymology": "From Old French quel ennui 'what a trouble'}]
Error: Unterminated string starting at: line 1 column 1014 (char 1013)

Content: [{"word": "rebuttal", "ipa": "/rbtl/", "etymology": "Late Middle English: from French rebuttal, from Latin rebuttlis, present participle of rebuttare 'to knock back'"}, {"word": "recant", "ipa": "/riknt/", "etymology": "From Old French recanter, from Latin recantare 'deny again', from the verb canere 'to sing'"}, {"word": "recapitulate", "ipa": "/rkplat/", "etymology": "Late Middle English: from Old French recapiter, based on Latin recapitulre 'summarize'"}, {"word": "receptive", "ipa": "/rsepv/", "etymology": "Early 17th century: via Latin receptivus from receptus, past participle of recipere 'take, receive'"}, {"word": "recidivism", "ipa": "/rsdvzm/", "etymology": "From Latin recidivismus 'the act of relapsing into vice or crime', from the verb recidere 'relapse, fall back'"}, {"word": "reciprocal", "ipa": "/rspk(r)l/", "etymology": "Early 15th century: via Latin reciprocus, from the verb recipere 'take, receive'"}, {"word": "recluse", "ipa": "/rikluz/", "etymology": "Middle English: from Old French reclus, based on Latin clausus 'enclosed', past participle of claudere 'to shut up'"}, {"word": "reconcile", "ipa": "/rknsl/", "etymology": "From Old French reconcilier, from Latin reconcilire 'make friendly again'",}, {"word": "recondite", "ipa": "/rkndat/", "etymology": "Early 17th century: from Latin reconditus 'hidden', past participle of recondere 'conceal, hide'"}]
Error: Illegal trailing comma before end of object: line 1 column 1233 (char 1232)

Content: [{"word": "roseate", "ipa": "/roztid/", "etymology": "From Latin rosatum, past participle of roseo (to redden)"}, {"word": "roster", "ipa": "/rstr/", "etymology": "Old English hrostor (table or stand for pots), from hrorstan (to bristle, to be covered with prickles)"}, {"word": "rostrum", "ipa": "/rstrm/", "etymology": "Latin rostrum (beak, prow of a ship), from rostra (beak)"}, {"word": "rote", "ipa": "/rt/", "etymology": "From Old English hrota"}, {"word": "rotunda", "ipa": "/rtnd/", "etymology": "Latin rotundus (round)"}, {"word": "rousing", "ipa": "/raz/", "etymology": "From Old French rouser, from Latin radere (to scratch or grate)}, {"word": "rout", "ipa": "/rt/", "etymology": "From Old French rote, from Latin rotata (wheel)"}, {"word": "rubble", "ipa": "/rbl/", "etymology": "Old English hrubel, hrubble"}, {"word": "rubric", "ipa": "/rbrk/", "etymology": "Latin rubricare (to red or redden), from ruber (red) + -icare"}]
Error: Expecting ',' delimiter: line 1 column 650 (char 649)

Content: [{"word": "seedy", "ipa": "/sidi/", "etymology": "From Old English sde, from Proto-Germanic *seda-, from Proto-Indo-European *sod- (compare German Saat)"}, {"word": "seemly", "ipa": "/simli/", "etymology": "From Old English samelic, from seame, proper + like"}, {"word": "seethe", "ipa": "/sit/", "etymology": "From Old English sitan; related to seat (v.)"}, {"word": "seine", "ipa": "/sen/", "etymology": "From French filet de, nets of (fish), from Latin filium, thread, line"}, {"word": "seismic", "ipa": "/sizmik/", "etymology": "From Greek sesmos, a shaking, convulsion"}, {"word": "semblance", "ipa": "/smblns/", "etymology": "From Old French semblaunce, from Latin similitudo, similarity (compare semblant)"}, {"word": "seminal", "ipa": "/smnl/", "etymology": "From Latin semen, seed"}, {"word": "seminary", "ipa": "/smnri/", "etymology": "From Latin schola minor (of deacons)"}, {"word": "senility", "ipa": "/snlti/", "etymology": "From Late Latin senectus, from senex, old man"}, {"word": "sensual", "ipa": "/snl/", "etymology": "From Old French sensuel, from sens, sense + -uel (comparative suffix)}]
Error: Unterminated string starting at: line 1 column 1038 (char 1037)

Content: [{"word": "skimp", "ipa": "/skampt/", "etymology": "Old English scimpan"}, {"word": "skinflint", "ipa": "/sknfllnt/", "etymology": "From Old Norse sknfljtr"}, {"word": "skirmish", "ipa": "/skrm/", "etymology": "Middle English: from Old French escermise, from Latin scirmis 'a conflict or battle'",}, {"word": "skittish", "ipa": "/skat/", "etymology": "From Old Norse skytja 'to shoot'"}, {"word": "skulduggery", "ipa": "/skaldr/", "etymology": "Early 18th century: from Scots dialect Skaldygerie, from Dutch schuldigierij 'trickery'"}, {"word": "skulk", "ipa": "/skilk/", "etymology": "Old English sculcian"}, {"word": "slake", "ipa": "/slk/", "etymology": "Middle English: from Old English slcan"}, {"word": "slapdash", "ipa": "/slpd/", "etymology": "Early 19th century: of uncertain origin, perhaps from a dialectal or regional variation of slack (adjective), with the prefix S- added to denote hastiness or carelessness"}, {"word": "sleazy", "ipa": "/slz/", "etymology": "Early 17th century: probably from Italian slezzia 'a rough blanket, rug'"}, {"word": "sleeper", "ipa": "/slipr/", "etymology": "Middle English: from Old Norse slaper, of Scandinavian origin"}]
Error: Illegal trailing comma before end of object: line 1 column 297 (char 296)

Content: [{"word": "smolder", "ipa": "/smldr/", "etymology": "Old English smoldor"}, {"word": "snicker", "ipa": "/snkr/", "etymology": "From Dutch snikken, from Middle Dutch sniken, from Old Norse snika, from Proto-Germanic *sneikojan"}, {"word": "snivel", "ipa": "/snvl/", "etymology": "Old English snifelan"}, {"word": "sobriety", "ipa": "/sbrti/", "etymology": "From Middle French sobriet, from Latin soberietas, from sober + -etas"}, {"word": "sodden", "ipa": "/sdn/", "etymology": "Old English sdan"}, {"word": "sojourn", "ipa": "/sdurn/", "etymology": "Middle English soiurn, from Old French soiorn, from Latin soiarium, from soiare to stay for a while"}, {"word": "solace", "ipa": "/sls/", "etymology": "From Middle French solatge, from Old French solaz, from Vulgar Latin *salzium (n.), from Latin salre to console, from salus health, safety"}, {"word": "solder", "ipa": "/sldr/", "etymology": "From Old English saldor"}, {"word": "solecism", "ipa": "/slszm/", "etymology": "From Latin solemnis (adj.) 'ritual, religious, formal' + -ism, from Greek hairesis, from hairein to take, choose"}, {"word": "solemnity", "ipa": "/slmnti/", "etymology": "From Middle French solemnit, from Latin solemnis (adj.) 'ritual, religious, formal'}]
Error: Unterminated string starting at: line 1 column 1145 (char 1144)

Content: [{"word": "sportive", "ipa": "/sprtv/", "etymology": "From Middle English sportif, from Anglo-Norman and Old French sportif, present participle of sporter, from Latin spiccus, spicare 'to prick, point, pierce'"}, {"word": "spruce", "ipa": "/sprus/", "etymology": "From Old English sprs, spros, spro; akin to Middle Dutch sprusse 'sprout', Old Norse spirr 'shoot forth'"}, {"word": "spry", "ipa": "/spr/", "etymology": "Origin unknown; perhaps related to sprightly"}, {"word": "spurious", "ipa": "/sprs/", "etymology": "Late Middle English (in the sense 'fraudulent'): from Latin spurius 'born of an adulterous liaison'"}, {"word": "spurn", "ipa": "/sprn/", "etymology": "Old English spyrnian; akin to Old Norse sprjna, Dutch spuwen, German spucken 'to spit'"}, {"word": "squabble", "ipa": "/skwbl/", "etymology": "Early 15th century: from Scandinavian skabbel, of unknown origin"}, {"word": "squalid", "ipa": "/skwld/", "etymology": "Late Middle English: from Latin squalidus 'filthy, shabby', from squama'scale'"}, {"word": "squat", "ipa": "/skwt/", "etymology": "Old English sceatan; related to Old Norse skauta 'to leap, jump'"}, {"word": "staccato", "ipa": "/stkkato/", "etymology": "Italian, from staccare 'to detach, break off'}]
Error: Unterminated string starting at: line 1 column 1188 (char 1187)

Content: [{"word": "stamina", "ipa": "/stmin/", "etymology": "From Latin stamina, from past participle of stamare, to last a long time"}, {"word": "stanch", "ipa": "/stnt/", "etymology": "Old English stencan; akin to sting"}, {"word": "stanza", "ipa": "/stats/", "etymology": "Italian, from Latin stanzare, to make a stop"}, {"word": "statute", "ipa": "/sttjut/", "etymology": "From Late Latin statutum, past participle of Latin statuere, to arrange, establish by decree"}, {"word": "steadfast", "ipa": "/stedfst/", "etymology": "Middle English: from Old English stdfst, from std firm + -fst fixed"}, {"word": "stealth", "ipa": "/stil/", "etymology": "Old English steal; akin to Old Norse stela, Old High German stalt}, {"word": "stellar", "ipa": "/stelr/", "etymology": "From Latin stella, star"}, {"word": "stentorian", "ipa": "/stntrin/", "etymology": "Named after Stentor, a hero of the Trojan War who had a loud voice."}, {"word": "stickler", "ipa": "/stklr/", "etymology": "Early 17th century: from dialect stickle 'to be particular or precise,' from Old English sticclian"}, {"word": "stifle", "ipa": "/stfl/", "etymology": "Middle English: from Old Norse stifla; akin to Old High German stifalan, to press together"}]
Error: Expecting ',' delimiter: line 1 column 714 (char 713)

Content: [{"word": "supposition", "ipa": "/spzn/", "etymology": "From Latin suppositio, from supponere, to place under"}, {"word": "suppository", "ipa": "/spzitri/", "etymology": "Late Latin suppositorium, neuter of suppositorius, from suppositum + -orium, a place for supposing, from supponere, to place under"}, {"word": "surfeit", "ipa": "/srfit/", "etymology": "From Anglo-French surfait, from Old French surfeit, from sur- + feit (noun use of feminine past participle of surfer, to satiate)}, {"word": "surly", "ipa": "/srli/", "etymology": "Old English surhierlac, combining form of sur- + hiera-, hirla-, from hirelan (compare Irish ghearaladh), from Latin iratus, past participle of ratus, angry"}, {"word": "surmise", "ipa": "/srmaz/", "etymology": "From Old French surmesure, from sur- + mesure (noun use of feminine past participle of mesurer, to measure)}, {"word": "surmount", "ipa": "/srmant/", "etymology": "From Old French surmonter, from sur- + monter, from monte, mountain"}, {"word": "surreptitious", "ipa": "/srrepis/", "etymology": "From Latin subrepticius, from sub- + reptare, to creep up"}, {"word": "surrogate", "ipa": "/srt/", "etymology": "From Late Latin surrogatus, past participle of surrogare, to substitute for, from sub- + rogare, to ask for"}, {"word": "sustenance", "ipa": "/sstnns/", "etymology": "From Middle French sustence, from Old French sustence, from Latin subsistencia, from subsistere, to last under"}]
Error: Expecting ',' delimiter: line 1 column 492 (char 491)

Content: [{"word": "turpitude", "ipa": "/trptid/", "etymology": "From Latin turpitudo, from turpis, shameful"}, {"word": "tutelage", "ipa": "/tjutilij/", "etymology": "Middle English (in the sense 'guardianship'): from Old French tutelage, from tutelle guardianship (from Latin tutela care, protection), from tutor (see TUTOR)"}, {"word": "tutelary", "ipa": "/tjutlri/", "etymology": "From Middle English tuteleri, from tutelage + -ery"}, {"word": "tycoon", "ipa": "/takun/", "etymology": "Dutch tiukoen, from Japanese daikokuch, from daikoku the god of wealth and tykusen master or lord of business (from Chinese t cng sh, Chinese term for a shopkeeper)"}, {"word": "tyranny", "ipa": "/tarni/", "etymology": "From Old French tyrannie, from Latin tyrannia, from Greek tyrannis rule of a tyrant, from tyrannos ruler, despot"}, {"word": "tyro", "ipa": "/tar/", "etymology": "From Greek tyros (genitive tyron), a beginner or novice in any art or occupation. From Proto-Indo-European *dwr- (2) to pour, flow, from *dhwr- (2) water"}, {"word": "ultimatum", "ipa": "/ltmtm/", "etymology": "From Latin ultimtum, neuter of ultimtus, past participle of ultimre to set a limit or deadline, from ultimus last + -re to provide with, equip"}, {"word": "umbrage", "ipa": "/mbrd/", "etymology": "From Old French ombre, from Latin umbra shade, shadow (from Proto-Indo-European *em-2, in front of), from PIE root *em-1 to go"}, {"word": "unanimity", "ipa": "/nnimti/", "etymology": "From Latin unanimitas, from unus one + animus mind, spirit (from anima soul)}]
Error: Unterminated string starting at: line 1 column 1457 (char 1456)

Content: [{"word": "vehement", "ipa": "/vihmnt/", "etymology": "From Latin vehemens, from vehere to carry, drive"}, {"word": "venal", "ipa": "/vnl/", "etymology": "From Old French venale, from venir to come + ail (n.) price, value"}, {"word": "vendetta", "ipa": "/vndt/", "etymology": "From Italian vendetta, from vendicare to take revenge for"}, {"word": "vendor", "ipa": "/vndr/", "etymology": "From Latin vendere to sell"}, {"word": "veneer", "ipa": "/vinr/", "etymology": "From Old French veniere, from Latin venus (goddess) + aer air"}, {"word": "venerable", "ipa": "/vnrbl/", "etymology": "From Latin venerabilis, from venerari to respect, revere"}, {"word": "venial", "ipa": "/vinil/", "etymology": "From Old French veniel, from venir to come + ail (n.) price, value"}, {"word": "venison", "ipa": "/vnsn/", "etymology": "From Old English fenis, from Latin venaticus game (of hunting)"}, {"word": "vent", "ipa": "/vent/", "etymology": "From Old French vent, from Latin ventus wind"}, {"word": "ventral", "ipa": "/vntrl/", "etymology": "From Latin venter belly}]
Error: Unterminated string starting at: line 1 column 1033 (char 1032)

Content: volition
Error: expected string or bytes-like object, got 'NoneType'

Content: voluble
Error: expected string or bytes-like object, got 'NoneType'

Content: voluminous
Error: expected string or bytes-like object, got 'NoneType'

Content: voluptuous
Error: expected string or bytes-like object, got 'NoneType'

Content: voracious
Error: expected string or bytes-like object, got 'NoneType'

Content: vortex
Error: expected string or bytes-like object, got 'NoneType'

Content: vouchsafe
Error: expected string or bytes-like object, got 'NoneType'

Content: voyeur
Error: expected string or bytes-like object, got 'NoneType'

Content: vt
Error: expected string or bytes-like object, got 'NoneType'

Content: vulpine
Error: expected string or bytes-like object, got 'NoneType'

Content: [{"word": "wrath", "ipa": "/r/", "etymology": "Old English wrthu"}, {"word": "wreak", "ipa": "/rik/", "etymology": "Old English reacan"}, {"word": "wrench", "ipa": "/wren/", "etymology": "Middle English (in the sense 'to twist violently'): from Old Norse vrinka, from Proto-Germanic *wrankojan; related to wring"}, {"word": "wrest", "ipa": "/rst/", "etymology": "Old English wrostan; related to wrestle"}, {"word": "writ", "ipa": "/rt/", "etymology": "From Old English writ, from Proto-Germanic *writan (from PIE root *(s)wer-(2) to write)"}, {"word": "writhe", "ipa": "/ri/", "etymology": "Middle English writhien, from Old Norse rka (to writhe), of Germanic origin; related to wring"}, {"word": "wry", "ipa": "/ra/", "etymology": "Old English wyrig, from Proto-Germanic *wrigaz (from PIE root *(s)wer- to twist, bend, wind)"}, {"word": "xenophobia", "ipa": "/znfobi/", "etymology": "From Modern Greek  phbos, 'fear', +  xnos, 'foreigner'"}, {"word": "yen", "ipa": "/je/", "etymology": "Middle English yenen (intransitive verb), from Old Norse jaga}, {"word": "yeoman", "ipa": "/jiomn/", "etymology": "Middle English, from Anglo-Norman yomaun, from Medieval Latin iovamen (from iovius 'serving a yeoman's fee'), from Late Latin iuagus, from Latin iugum 'yoke'"}]
Error: Expecting ',' delimiter: line 1 column 1055 (char 1054)

Content: [{"word": "success", "ipa": "/skses/", "etymology": "From Latin successus, past participle of succedere (to follow, come after, be successful)"}, {"word": "in", "ipa": "/n/", "etymology": "Old English in, from Proto-Germanic en, from Proto-Indo-European en 'inner,' in a place"}, {"word": "linguistics", "ipa": "/lwstks/", "etymology": "From Latin lingua 'tongue' + -istics 'study of'"}, {"word": "supremecourt", "ipa": "/sprm krt/", "etymology": "From Supreme Court, the highest court in the United States federal judiciary system"}, {"word": "nauseate", "ipa": "/neit/", "etymology": "Originally from Latin nausea 'sea-sickness,' from nauticus 'pertaining to sailors,' from navis 'ship'"}, {"word": "search", "ipa": "/rt/", "etymology": "Old English scearchan 'to hunt, chase'}, {"word": "", "ipa": "/tsa wi/", "etymology": "Mandarin Chinese for 'single word'"}, {"word": "fir", "ipa": "/fr/", "etymology": "Old English fyrre, from Proto-Germanic *pauruz, of unknown origin"}, {"word": "mallard", "ipa": "/mlrd/", "etymology": "From Old French malart 'wild duck,' from Medieval Latin malatia 'sickness' (because of the bird's yellow bill)"}, {"word": "doomed", "ipa": "/dmd/", "etymology": "Old English dmed, past participle of dman 'to judge, determine,' from Proto-Germanic *damjanan, from Proto-Indo-European *dem-, from root id 'to divide'"}, {"word": "chirp", "ipa": "/rp/", "etymology": "From Old English cyrpen, from Proto-Germanic *kurba-, of unknown origin"}]
Error: Expecting ',' delimiter: line 1 column 784 (char 783)

Content: { "word": "\u6587\u4EF6", // Chinese for 'word' "ipa": "/dnwr/", "etymology": "From Old English wyrd (fate, destiny) > worden (to become); akin to German Wort and Dutch woord" }, { "word": "book", "ipa": "/bk/", "etymology": "From Old English bc (beech tree, written record), from Proto-Germanic *bokuz (beech); akin to Dutch boek and German Buch" }, { "word": "table", "ipa": "/tblel/", "etymology": "From Old English tbel, from Latin tabula (flat board, writing tablet), from tabere (to lay flat)" }
Error: Expecting property name enclosed in double quotes: line 1 column 27 (char 26)

Content: [{"word": "jellyfish", "ipa": "/dlif/", "etymology": "From Old English gelufre, from gelu- (gelatinous) + fyr(e)ish (fish)"}, {"word": "brawl", "ipa": "/brl/", "etymology": "Old English brwel"}, {"word": "bobwhite", "ipa": "/bobat/", "etymology": "From bob (diminutive of Robert) + white"}, {"word": "imaginable", "ipa": "/mnb()l/", "etymology": "From Latin imaginandus, from imago + -inus, a noun suffix used to form adjectives in Latin"}, {"word": "defame", "ipa": "/dfem/", "etymology": "Old French defamer, from de- + fama (reputation, fame)"}, {"word": "interdisciplinary", "ipa": "/ntrdsplnslr/", "etymology": "From Latin inter (between) + disciplina (teaching or learning a particular subject)"}, {"word": "mention of", "ipa": "/menn v/", "etymology": "Old English menning (sign, indication) + of"}, {"word": "lyrebird", "ipa": "/larbird/", "etymology": "From bird with a lyre-shaped crest, from Greek lura (lyre) + avis (bird)"}, {"word": "artdeco", "ipa": "/rt d k/", "etymology": "Combination of 'art' and the French term dco (decoration)"}, {"word": "realestate", "ipa": "/ril stt/", "etymology": "From Old English reolice (land, property) + estate (condition, position)}]
Error: Unterminated string starting at: line 1 column 1109 (char 1108)

Content: [{"word": "airship", "ipa": "/rp/", "etymology": "From Old French en aires, from Latin in + aer (air)"}, {"word": "burstout", "ipa": "/bstot/", "etymology": "From burst + out"}, {"word": "snarl", "ipa": "/snrl/", "etymology": "From Old Norse snarill, from Proto-Germanic *snurilaz (twist)"}, {"word": "arbitration", "ipa": "/rbtrten/", "etymology": "From Latin arbitratus (judged by one's own judgment)"}, {"word": "parry", "ipa": "/pr/", "etymology": "From Italian parare (to prepare, to make ready), from Old French paraire (to equip, to provide)"}, {"word": "astonished", "ipa": "/stnid/", "etymology": "From a + stone + be struck"}, {"word": "hawthorn", "ipa": "/hrn/", "etymology": "From Old English hct, from Middle Dutch haghtorn, from Proto-Germanic *hahurno (goad, thorn)"}, {"word": "sable", "ipa": "/zebl/", "etymology": "From Latin sabellus (Sabine), from Greek Sabazios (god of the Sabaeans or Sabians)"}, {"word": "lookforwardto", "ipa": "/lukfrwrdt/", "etymology": "From look + forward + to"}, {"word": "frowzy", "ipa": "/frzi/", "etymology": "From old English frwis (dirty, untidy) or from French freuze (untidy) or Old Norse frou (disorderly)}]
Error: Unterminated string starting at: line 1 column 1059 (char 1058)

Content: confounded
Error: expected string or bytes-like object, got 'list'

Content: dismal
Error: expected string or bytes-like object, got 'list'

Content: the civil war
Error: expected string or bytes-like object, got 'list'

Content: sneak
Error: expected string or bytes-like object, got 'list'

Content: fondness for
Error: expected string or bytes-like object, got 'list'

Content: allready
Error: expected string or bytes-like object, got 'list'

Content: zealous
Error: expected string or bytes-like object, got 'list'

Content: odor
Error: expected string or bytes-like object, got 'list'

Content: watermill
Error: expected string or bytes-like object, got 'list'

Content: null
Error: expected string or bytes-like object, got 'list'

Content: [{"word": "brandish", "ipa": "/brnd/", "etymology": "Old French brandir, from bran dire, bran to burn"}, {"word": "measles", "ipa": "/mizlz/", "etymology": "Middle English: from Old English msele, based on the appearance of the rash"}, {"word": "scoop", "ipa": "/skp/", "etymology": "Middle English: from Old Norse skpa, from Proto-Germanic *skop-, related to Old High German scouf}, {"word": "chilly", "ipa": "/tli/", "etymology": "Old English cealig, from celdan, to freeze"}, {"word": "pride in", "ipa": "/prd n/", "etymology": "From Old English prde 'pleasure, delight', in Middle English often used with of (of pride)"}, {"word": "moisten", "ipa": "/mstn/", "etymology": "Middle English: from Anglo-Norman French moysten, from Old French mouistir, from Latin moistus, past participle of moveo 'to move'"}, {"word": "pact", "ipa": "/pakt/", "etymology": "From Latin pactum"}, {"word": "flamingo", "ipa": "/flmo/", "etymology": "From Portuguese flamengo, from French flamenco, from flamm 'burning' (of the plumes)"}, {"word": "drowsy", "ipa": "/drzi/", "etymology": "Old English drusesian, from Old Norse dreysja, of Germanic origin; related to dreyra, to grow sleepy"}, {"word": "suspense", "ipa": "/sspns/", "etymology": "From Old French suspence 'delay', from Latin suspensio 'suspension'"}]
Error: Expecting ',' delimiter: line 1 column 387 (char 386)

Content: [{"word": "disappointed", "ipa": "/dspanntd/", "etymology": "From Old French desavertir, from Latin desaptare, from de- 'away' + aptus 'fit'"}, {"word": "ethics", "ipa": "/ks/", "etymology": "From Greek hmthiks, from hm 'self', neuter of hma 'this' + ethos 'character, disposition'"}, {"word": "insinuate", "ipa": "/nsnut/", "etymology": "From Latin insinuatus, past participle of insinuare, from in- 'into' + sinuare 'to wind, coil""}, {"word": "approveof", "ipa": "/prvof/", "etymology": "From Old French aprveoir, from apercevoir 'see ahead, foresee', from apercevoir 'come to light, be perceived'"}, {"word": "cove", "ipa": "/kv/", "etymology": "Old English cufa"}, {"word": "allegiance", "ipa": "/le()ns/", "etymology": "From Old French alaigier, from Latin ad- 'to' + legere 'choose, pick out'"}, {"word": "plow", "ipa": "/plou/", "etymology": "Old English plwan"}, {"word": "aglow", "ipa": "/lou/", "etymology": "From Old English aglwian, from a- 'to' + glowian 'shine'"}, {"word": "pheasant", "ipa": "/fesnt/", "etymology": "From Old French faisant, present participle of faire 'make', from Latin phasianus 'partridge'"}, {"word": "synchronize", "ipa": "/skronaz/", "etymology": "From Greek sun- 'together' + khronos 'time' + -ize 'to make'"}]
Error: Expecting ',' delimiter: line 1 column 434 (char 433)

Content: [{"word": "xylophone", "ipa": "/zlfn/", "etymology": "From Greek xylo-, xlon (wood) + phone (sound produced by blowing or vibrating)"}, {"word": "failure in", "ipa": "/fkr n/", "etymology": "Old English fcerean, from fecer (miscarry), from faecan (to miscarry, to fail), from Latin facere (to make, do)"}, {"word": "briar", "ipa": "/brar/", "etymology": "Old English bror (blackthorn shrub with sharp prickles and hard wood, used for making tools or in fences)"}, {"word": "rebut", "ipa": "/rbjut/", "etymology": "Late Middle English, from Old French reboutier 'defend', from re- + bout 'edge, blow' (from Latin batus 'blow')"}, {"word": "annex", "ipa": "/nek(s)/", "etymology": "From Latin annexus, present participle of annectere (to join), from ad- (to) + nectere (to bind)"}, {"word": "vivacity", "ipa": "/vvksti/", "etymology": "Early 17th century: from Latin vivacitas, from vivax, from vivere 'be alive'"}, {"word": "chrome", "ipa": "/krm/", "etymology": "From French chrome (from chroma, color), via Middle Dutch crome, from Old Norse kroppr, from Greek khroma (color)"}, {"word": "perilous", "ipa": "/prls/", "etymology": "Middle English perylous, from Anglo-French perilus, from Latin periculosus, from pericolum (danger, risk), from peri- + colere 'to follow closely'"}, {"word": "puddle", "ipa": "/pd()l/", "etymology": "Old English pudel, probably of Scandinavian origin; related to Old Norse pottla (pot)"}, {"word": "conclusively", "ipa": "/knkluzvli/", "etymology": "Middle English conclyvely, from Old French conclusivement, from Latin conclusive, present participle of concludere (to close, to shut) + -mentum (a suffix forming nouns denoting the act or result of a verb)}]
Error: Unterminated string starting at: line 1 column 1483 (char 1482)

Content: composed
Error: expected string or bytes-like object, got 'NoneType'

Content: conveniently
Error: expected string or bytes-like object, got 'NoneType'

Content: glassy
Error: expected string or bytes-like object, got 'NoneType'

Content: sericulture
Error: expected string or bytes-like object, got 'NoneType'

Content: sides
Error: expected string or bytes-like object, got 'NoneType'

Content: applied
Error: expected string or bytes-like object, got 'NoneType'

Content: moth
Error: expected string or bytes-like object, got 'NoneType'

Content: taketo
Error: expected string or bytes-like object, got 'NoneType'

Content: deity
Error: expected string or bytes-like object, got 'NoneType'

Content: ladybug
Error: expected string or bytes-like object, got 'NoneType'

Content: [{"word": "agility", "ipa": "/dlti/", "etymology": "From Latin agilitas, from ago ('to drive') + ilare ('to make go')"}, {"word": "confident", "ipa": "/knfdnt/", "etymology": "From Anglo-French confidens, present participle of confoir ('confirm'), from Latin confirmare ('strengthen, confirm')"}, {"word": "of", "ipa": "/f/", "etymology": "Old English of, from n (genitive form of an), from Proto-Germanic in, and, on, from PIE in-"}, {"word": "ruffle", "ipa": "/rfl/", "etymology": "From Old Norse raufr ('rough garment')"}, {"word": "colt", "ipa": "/klt/", "etymology": "From Middle English colte, from Old Norse kolt ('young horse')"}, {"word": "meteor", "ipa": "/mitir/", "etymology": "From Greek meteros ('high in the air'), from meta (above) + aer (air)"}, {"word": "capitalpunishment", "ipa": "/kptlpnmnt/", "etymology": "From capital (as a noun, meaning 'head' or 'top') + punishment"}, {"word": "amazed at", "ipa": "/mezd t/", "etymology": "From Old English gemstan ('admire'), from gemsta, present participle of gemstan ('to measure, estimate, regard')"}, {"word": "camellia", "ipa": "/kml/", "etymology": "Named after the botanist Georg Joseph Kamel (1736-1792)"}, {"word": "athletics", "ipa": "/letks/", "etymology": "From Greek athlein ('to contest, strive for a prize')"} ] { "words": [ {"word": "agility", "ipa": "/lti/", "etymology": "From Latin agilitas, from ago ('to drive') + ilare ('to make go')"}, {"word": "confident", "ipa": "/knfdnt/", "etymology": "From Anglo-French confidens, present participle of confoir ('confirm'), from Latin confirmare ('strengthen, confirm')"}, {"word": "of", "ipa": "/f/", "etymology": "Old English of, from n (genitive form of an), from Proto-Germanic in, and, on, from PIE in-"}, {"word": "ruffle", "ipa": "/rfl/", "etymology": "From Old Norse raufr ('rough garment')"}, {"word": "colt", "ipa": "/klt/", "etymology": "From Middle English colte, from Old Norse kolt ('young horse')"}, {"word": "meteor", "ipa": "/mitir/", "etymology": "From Greek meteros ('high in the air'), from meta (above) + aer (air)"}, {"word": "capitalpunishment", "ipa": "/kptlpnmnt/", "etymology": "From capital (as a noun, meaning 'head' or 'top') + punishment"}, {"word": "amazed at", "ipa": "/mezd t/", "etymology": "From Old English gemstan ('admire'), from gemsta, present participle of gemstan ('to measure, estimate, regard')"}, {"word": "camellia", "ipa": "/kml/", "etymology": "Named after the botanist Georg Joseph Kamel (1736-1792)"}, {"word": "athletics", "ipa": "/letks/", "etymology": "From Greek athlein ('to contest, strive for a prize')"} ] }]
Error: Extra data: line 1 column 1289 (char 1288)

Content: [{"word": "obsequious", "ipa": "/bskwis/", "etymology": "Late Latin obsequiosus, from ob- + sequi to follow"}, {"word": "derange", "ipa": "/drnd/", "etymology": "From French drange, from d- + rang arranged"}, {"word": "permissible", "ipa": "/prmisibl/", "etymology": "From Latin permissibilis"}, {"word": "auspice", "ipa": "/sps/", "etymology": "Latin auspex, from au- + specere to look at"}, {"word": "feud", "ipa": "/fjud/", "etymology": "From Old English feoh, meaning cattle or property"}, {"word": "recollection", "ipa": "/rklkn/", "etymology": "Late Latin recollectio, from re- + colloctio collection"}, {"word": "materially", "ipa": "/mtril/", "etymology": "From Late Latin materile, from materia matter"}, {"word": "diplomacy", "ipa": "/dplms/", "etymology": "From French diplomatie, from diplomate}, {"word": "abstinence", "ipa": "/bstnsns/", "etymology": "Middle English abstenance, from Old French abstenance, from Latin abstinentia"}, {"word": "constellation", "ipa": "/knstln/", "etymology": "From Latin constellatio, from constituere to set up + stellare starlike"}]
Error: Expecting ',' delimiter: line 1 column 812 (char 811)

Content: [{"word": "yelp", "ipa": "/jlp/", "etymology": "Old English giehlan"}, {"word": "resolved", "ipa": "/rzlvd/", "etymology": "From Latin resolvere, from re- + solvere, from solv, solum 'to loosen, untie, unbind'"}, {"word": "mimosa", "ipa": "/mmoz/", "etymology": "From Italian mimosa"}, {"word": "phonetics", "ipa": "/fnetks/", "etymology": "From New Latin phoneticus, from Greek phne 'voice' + -etikos 'pertaining to'"}, {"word": "putoff", "ipa": "/ptoff/", "etymology": "Old English ptan 'delay, postpone'"}, {"word": "congressman", "ipa": "/knresmn/", "etymology": "From congress + man"}, {"word": "guaranty", "ipa": "/wranti/", "etymology": "From Middle French garantie, from Old French garauntie, from Old North French garant 'pledge'"}, {"word": "squall", "ipa": "/skwl/", "etymology": "From Old English scwalan"}, {"word": "tint", "ipa": "/tnt/", "etymology": "From Middle French entinter 'to dye'"}, {"word": "eyewitness", "ipa": "/awtns/", "etymology": "From Old English eowian 'to see' + witness}]
Error: Unterminated string starting at: line 1 column 962 (char 961)

Content: [{"word": "disarm", "ipa": "/dzrm/", "etymology": "From Old French desarmer, from dis- + arme"}, {"word": "different", "ipa": "/dfrnt/", "etymology": "Middle English differen, from Anglo-French difere, diferen, alteration (denoted sense 'not identical') of Old French differer 'avoid, postpone, defer'; Latin diferre, from ad- + ferre 'carry'"}, {"word": "disrobe", "ipa": "/dzrb/", "etymology": "From dis- + robe"}, {"word": "embezzle", "ipa": "/mbezl/", "etymology": "Middle English embeselden, from Old French embeseller 'to seize, confiscate', from embesele 'a forfeiture' (of property), from besele, from base 'base' + le 'property'"}, {"word": "adder", "ipa": "/dr/", "etymology": "Old English adder, from Latin natrix, from Greek natrix 'water snake'"}, {"word": "intimacy", "ipa": "/ntms/", "etymology": "From Old French intimit, from Late Latin intima 'innermost part', from Latin intimus 'inner'"}, {"word": "feint", "ipa": "/fint/", "etymology": "From Old French feinte, from feindre 'to pretend, to feign, to counterfeit' (French verb feindre was originally from Latin fingere)"}, {"word": "defraud", "ipa": "/dfrd/", "etymology": "From Old French desfroide, from des- + froide 'cold', from Old French fride 'fraudulent'"}, {"word": "forced", "ipa": "/frskt/", "etymology": "From Old English forscen, forcenn; akin to for- 'against' + scinan 'to act'"} ] {"word": "bunting", "ipa": "/bnt/", "etymology": "Middle English buntynge, from Old Norse boenda 'cloth, fabric', of Germanic origin; related to Old High German bunt 'patterned'"}]
Error: Extra data: line 1 column 1368 (char 1367)

Content: [{"word": "chlorine", "ipa": "/klorn/", "etymology": "From Greek chloros, green"}, {"word": "hydrothermal", "ipa": "/hdrtkrml/", "etymology": "From Greek hydor, water + therme, heat"}, {"word": "atom", "ipa": "/tm/", "etymology": "Greek atomos, indivisible"}, {"word": "sprout", "ipa": "/sprt/", "etymology": "Old English sprtan"}, {"word": "dismay", "ipa": "/disme/", "etymology": "From Old French desmaier, from dis- + maiier, to make less}, {"word": "hawk", "ipa": "/hk/", "etymology": "Old English hafoca"}, {"word": "crow", "ipa": "/kr/", "etymology": "Old English croga"}, {"word": "plight", "ipa": "/plait/", "etymology": "Middle English, from Old Norse plitr, from plita, to be in danger}, {"word": "hop", "ipa": "/hp/", "etymology": "Old English hopa"}, {"word": "prevailing", "ipa": "/prvl/", "etymology": "Middle English (in the sense 'triumphant, victorious'): from Old French pre- + valant; compare with prevail"}]
Error: Expecting ',' delimiter: line 1 column 447 (char 446)

Content: [{"word": "anarchist", "ipa": "/nrkit/", "etymology": "From Greek anarkhos, from a- (without) + arkhos (leader or chief)"}, {"word": "far-fetched", "ipa": "/frftd/", "etymology": "Middle English: past participle of fetch, based on the notion of carrying something a long way"}, {"word": "tangle", "ipa": "/tanl/", "etymology": "Old English tangian; related to tango (dance), probably from a Scandinavian word for thread or rope"}, {"word": "navigate", "ipa": "/nvet/", "etymology": "Middle English: from Latin navigare, from nvis ship + agere to drive"}, {"word": "loathsome", "ipa": "/lsm/", "etymology": "Old English lasam; related to la (disgust)"}, {"word": "policy", "ipa": "/plisi/", "etymology": "Middle English: from Old French politique, from Latin politicus (citizen of a state), from polis (city-state)"}, {"word": "square", "ipa": "/skwr/", "etymology": "Old English scir; akin to Old Norse skyr (field) and Greek kheir (hand)"}, {"word": "walnut", "ipa": "/wlnt/", "etymology": "From Anglo-Norman waulnout, from Old North French walnois, from Germanic *wagalnahta (nut enclosed in a shell), diminutive of wagan (hollow vessel)"}, {"word": "thaw", "ipa": "//", "etymology": "Old English thawian; related to Old Norse thauja (to melt)"}, {"word": "qualify", "ipa": "/kwlfa/", "etymology": "Middle English: from Latin qualificare, from qualis (what kind) + facere (to make)}]
Error: Unterminated string starting at: line 1 column 1301 (char 1300)

Content: [{"word": "summon", "ipa": "/smn/", "etymology": "From Old English sumen, from sum (now som), from Proto-Germanic *sumon-; related to Dutch zommen and German summen"}, {"word": "cuneiform", "ipa": "/kjunefrm/", "etymology": "From Latin cuneus 'wedge' + forma 'shape, mold'. The term was originally a loan translation of the Akkadian ziqpu ('between-the-fingers')"}, {"word": "collide", "ipa": "/kld/", "etymology": "From Middle English coliden, from Old French colider, from Latin collidere 'to strike together', from com- + lido-, past participle of lidus 'smitten'"}, {"word": "swindle", "ipa": "/swndl/", "etymology": "From Dutch zwindel 'trick, deception'. The verb is first recorded in English in the sense 'to cheat' (1792)"}, {"word": "dinosaur", "ipa": "/dnosr/", "etymology": "From Modern Latin dinosaurus, from Greek deinos 'terrible' + sauros 'lizard'"}, {"word": "worth", "ipa": "/wr/", "etymology": "From Old English weor, weortha; akin to worth (n.) and worthless"}, {"word": "hurry", "ipa": "/hri/", "etymology": "From Middle English herien (verb) or herye (noun), from Old English huru 'haste, agitation'"}, {"word": "chubby", "ipa": "/tbi/", "etymology": "Origin uncertain; compare obsolete chubby 'chub, small fish', of unknown origin"}, {"word": "beak", "ipa": "/bik/", "etymology": "From Old English beac 'beak'; akin to Old Norse bik, Dutch bek, German Beke"} ] {"word": "publicize", "ipa": "/pblsaz/", "etymology": "From Latin publicus 'of the people' + -ize (from Greek -izesthai 'to make')"}]
Error: Extra data: line 1 column 1384 (char 1383)

Content: [{"word": "impersonal", "ipa": "/mprnsl/", "etymology": "Late Middle English (in the sense 'not personal, private'): from Late Latin impersonalis, from the noun persona 'mask, character, person'"}, {"word": "scarf", "ipa": "/skrf/", "etymology": "Old Norse skarfr, of unknown origin"}, {"word": "decree", "ipa": "/dkri:/", "etymology": "Middle English (in the sense 'act of cutting off'): from Old French decret, from Latin decernere 'to cut off, determine'", }, {"word": "aristocratic", "ipa": "/rstkrtk/", "etymology": "Middle English: from late Latin aristocratia, from Greek aristokratia, from arista- (stem of aristos) 'best' + kratos 'power', from krinein 'to separate, decide'" }, {"word": "vascular", "ipa": "/vaskjuler/", "etymology": "Late Middle English: from Latin vasculus, diminutive of vasculum, from vasca, plural of vas (see vessel)" }, {"word": "brighten", "ipa": "/brtn/", "etymology": "Old English brtan; related to brite 'bright'" }, {"word": "hockey", "ipa": "/hki/", "etymology": "Middle English: alteration of Middle Dutch hokke 'stick' (see hook), influenced by dialectal English hokey, perhaps as a term for a game using sticks and balls" }, {"word": "hormone", "ipa": "/hrmn/", "etymology": "Early 19th century: from French hormone 'juice of an organ', from Greek horkhon, neuter plural of horma 'juice of a gland' (see harmin)", }, {"word": "sapphire", "ipa": "/spfr/", "etymology": "Early 15th century: via Latin sapphirus from Greek sappheiros, of uncertain origin but perhaps from Sanskrit saniprya, meaning 'blue stone'"}, {"word": "bill", "ipa": "/bl/", "etymology": "Old English beal, bille; akin to Old Saxon, Dutch bel 'bell', Old Norse bjella, Gothic balja 'beak'" }]
Error: Illegal trailing comma before end of object: line 1 column 459 (char 458)

Content: [{"word": "bony", "ipa": "/bni/", "etymology": "Old English bgnian, from bone + -y"}, {"word": "evaporation", "ipa": "/vprn/", "etymology": "Late Latin evaporatio(n), from Latin evaporare to escape into vapor, from ex- + vapor vapor"}, {"word": "endow", "ipa": "/ndou/", "etymology": "Old English andigan, from en- + dw gift"}, {"word": "rhyme", "ipa": "/rm/", "etymology": "Middle English rime, from Old North French rim, from Vulgar Latin *rimare, from Greek rhuphas (rhyme) a string, row, verse"}, {"word": "drag", "ipa": "/dr/", "etymology": "Old English dragan, from Proto-Germanic *dragn-, from Proto-Indo-European *drg- to pull"}, {"word": "syntactic", "ipa": "/snaktik/", "etymology": "Late Latin syntacticus of or relating to the combining of words, from Greek sun- + taxis arrangement, disposition, from tassein to arrange, from tamasis order, arrangement"}, {"word": "semiotics", "ipa": "/smatks/", "etymology": "From Modern Latin semioticus (from Greek semeion sign, symptom + -iotikos, from ios knowledge), from Greek smainein to indicate, give a sign"}, {"word": "pottery", "ipa": "/ptri/", "etymology": "From Old French poterie, from Latin pottarium pot, vessel, from pottas potter's lees of wine}, {"word": "riddle", "ipa": "/rdl/", "etymology": "Old English riddel; akin to German Rtsel riddle, Gothic raddala to reason"}, {"word": "inactivate", "ipa": "/naktvet/", "etymology": "From in- + activate"}]
Error: Expecting ',' delimiter: line 1 column 1217 (char 1216)

Content: { "word": "inactivate", "ipa": "/nktvt/", "etymology": "From Latin <keycap>in-</keycap><latex>active</latex>, from <keycap>in-</keycap><latex>-</latex> + <keycap>act</keycap><latex>ive</latex> (causative of <keycap>agere</keycap><latex>agi</latex> to drive, act), from <keycap>agere</keycap><latex>agere</latex> (to set in motion, lead, drive, carry on, conduct)</etymology> }
Error: Unterminated string starting at: line 1 column 56 (char 55)

Content: [{"word": "platitude", "ipa": "/pltjud/", "etymology": "From French platitude, from Latin platitudo"}, {"word": "through", "ipa": "/r/", "etymology": "Old English thruwan"}, {"word": "apartment", "ipa": "/prtmnt/", "etymology": "From French appartement, from Medieval Latin at-partimentum, from a- + partire 'to divide'"}, {"word": "ooze", "ipa": "/uz/", "etymology": "Middle English oozen, from Old Norse za, from Proto-Germanic *augwn, from Proto-Indo-European *awgh-(e)u-, base of Sanskrit uksati 'drips', Greek augein 'produce'"}, {"word": "catalog", "ipa": "/ktlg/", "etymology": "From French catalogue, from Italian catalogo, from Late Latin catalogus 'list of words', from Greek katalogos 'enumerated, listed'"}, {"word": "braid", "ipa": "/bred/", "etymology": "Old English bregd, from Proto-Germanic *bragidaz}, {"word": "daisy", "ipa": "/des/", "etymology": "From Old English dgeseage 'day's eye', because the flower closes at night and opens in the morning"}, {"word": "poetic", "ipa": "/ptk/", "etymology": "From French potique, from Latin poetaicus 'belonging to a poet'"}, {"word": "enlightenment", "ipa": "/nlatmnt/", "etymology": "From Old French enluuminec 'enlighten', from lumiere 'light'"}, {"word": "indifference", "ipa": "/ndfrns/", "etymology": "From Old French indiferance, from Latin indifferentia 'lack of difference, impartiality'"}]
Error: Expecting ',' delimiter: line 1 column 823 (char 822)

Content: [{"word": "upsurge", "ipa": "/p sr/", "etymology": "Middle English: from Old French surger, from surgir, from Latin surgere, from sub- + gerere, from sub- + gero"}, {"word": "spellbind", "ipa": "/spl bnd/", "etymology": "Middle English: spellen (verb) + binden (verb)"}, {"word": "maze", "ipa": "/mez/", "etymology": "From Old French maie, from Latin labyrinthus"}, {"word": "sturdy", "ipa": "/strdi/", "etymology": "Middle English: of Scandinavian origin; related to the Old Norse strthr}, {"word": "sense", "ipa": "/sns/", "etymology": "From Old French sens, from Latin sensus"}, {"word": "uppermost", "ipa": "/prmst/", "etymology": "Middle English: from Anglo-Norman supremest, from Old French supremes, superemes, superiemes, from Latin superius, superioris"}, {"word": "quartz", "ipa": "/kwrts/", "etymology": "From French quartz (17th century), from Italian quarzo, from German Quarz, from Arabic al-qarz (al-qirtz), perhaps ultimately from Latin crispus, curly"}, {"word": "accompany", "ipa": "/kmpn/", "etymology": "From Old French accompagner, from Latin accompanare, from ad-, ad + comperire (to come together)"}, {"word": "bundle", "ipa": "/bndl/", "etymology": "Old English bundel (noun), derived from the verb bandian, bind"}, {"word": "garbage", "ipa": "/rd/", "etymology": "Middle English garbarge, from Old North French garbe, garbage, rubbish, from garbe sheaf (of corn), from Frankish *gara-fampa}]
Error: Expecting ',' delimiter: line 1 column 494 (char 493)

Content: [{"word": "genetics", "ipa": "/dntks/", "etymology": "From Greek genetikos, from genus, family + -tikos, a suffix forming adjectives denoting characteristics"}, {"word": "garb", "ipa": "/rb/", "etymology": "Middle English, from Old Norse garp (related to Old High German garp), of unknown origin"}, {"word": "primate", "ipa": "/pramt/", "etymology": "From Latin primtus, superlative of primus ('first'), from pri-, prmus ('early') + -tus, a suffix forming adjectives denoting quality or condition"}, {"word": "waste", "ipa": "/west/", "etymology": "From Old English weast, wstm, from Proto-Germanic *waitstam (compare West Frisian waste, Dutch afval, German Abfall, Old Norse vestr), akin to waita ('wear out')"}, {"word": "eloquent", "ipa": "/lkwnt/", "etymology": "From Latin eloquentia ('art of speaking'), from eloqui ('speak clearly, persuade')"}, {"word": "cavity", "ipa": "/kvti/", "etymology": "From Old French caveite (feminine), from cavit (feminine singular noun), from Latin cavo, cavi (stem: cav-), from cavus ('hollow'), from Proto-Indo-European *gwau- ('hole')"}, {"word": "thorn", "ipa": "/rn/", "etymology": "From Old English thorn, of Germanic origin; related to the root of throw}, {"word": "hieratic", "ipa": "/hartk/", "etymology": "From Greek hiera ('sacred'), from hieros ('sacred')"}, {"word": "perfect", "ipa": "/prfekt/", "etymology": "From Latin perfectus ('completed, brought to an end'), perfectum (neuter), from per- ('through') + fcere ('to make')"}]
Error: Expecting ',' delimiter: line 1 column 1204 (char 1203)

Content: [{"word": "grain", "ipa": "/gren/", "etymology": "Old English grne, from Proto-Germanic *grahna-, from Proto-Indo-European *g'hrai-"}, {"word": "syllable", "ipa": "/slbl/", "etymology": "From Latin syllaba, from Greek syllabos, from syllambein to join by lemmas or syllables"}, {"word": "cannibalism", "ipa": "/knblzm/", "etymology": "From cannibal + -ism"}, {"word": "quit", "ipa": "/kwt/", "etymology": "Old English cwitan; related to Old Frisian quita, Old Saxon quida, Old High German quiton, Old Norse kvita, Danish kveje, quench}, {"word": "alga", "ipa": "/l/", "etymology": "Latin alga, from Greek algos pain, suffering"}, {"word": "station", "ipa": "/stn/", "etymology": "From Latin statio, present participle of stare to stand"}, {"word": "audience", "ipa": "/dns/", "etymology": "From Anglo-French audincia, from Old French audiens, present participle of oidre to hear"}, {"word": "tornado", "ipa": "/trndo/", "etymology": "From Italian tornare 'to turn' + ado 'against, back'"}, {"word": "sacrificial", "ipa": "/skrfl/", "etymology": "From Latin sacrificalis 'pertaining to sacrifice,' from sacer 'holy' + ficalis 'having to do with property'"}, {"word": "protest", "ipa": "/prtst/", "etymology": "From Old French protester 'to publicly declare,' from Latin protestari, from pro- 'for' + testari 'to bear witness'"}]
Error: Expecting ',' delimiter: line 1 column 540 (char 539)

Content: [{"word": "rivalry", "ipa": "/rvlri/", "etymology": "From Old French rivalrie, from Latin rivalis, present participle of rivalis (compare with rival)"}, {"word": "spring", "ipa": "/sprk/", "etymology": "Old English sprong; akin to Dutch springen and German springen; related to spry}, {"word": "swoon", "ipa": "/swun/", "etymology": "From Middle English swenen, from Old English swnan; cognate with swane in the sense 'to sleep'; akin to swoon in the sense of fainting"}, {"word": "criteria", "ipa": "/kritri/", "etymology": "From Greek kritria, plural of kritrion; from krisis 'decision, critical moment' and -terion 'instrument for determining something'"}, {"word": "gloomy", "ipa": "/lomi/", "etymology": "From Old English glomig; akin to Dutch donker and German dunkel"}, {"word": "subdivide", "ipa": "/sbdvd/", "etymology": "Late Middle English (in the sense 'cut up into parts'): from sub- 'under' + divide"}, {"word": "digitize", "ipa": "/ddtsz/", "etymology": "From Latin digitus, finger; akin to Greek daktulos thumb and Old English fingor finger}, {"word": "binary", "ipa": "/bnri/", "etymology": "From Latin binarius, from bi- 'two' + -arius 'belonging to, having to do with'"}, {"word": "well-heeled", "ipa": "/wel hl/", "etymology": "From well- + heeled; akin to Old English hlan 'to heal', from hele 'whole'"}]
Error: Expecting ',' delimiter: line 1 column 288 (char 287)

Content: [{"word": "ultraviolet", "ipa": "/ltrviolt/", "etymology": "From Latin ultraviolettum, from ultra- + violet"}, {"word": "league", "ipa": "/li/", "etymology": "Old English lagu, from Old Norse lagr, from Proto-Germanic *laguz}, {"word": "ivory", "ipa": "/avri/", "etymology": "Middle English ifor(e), ifour(e), from Old French elefant, from Latin elephantus, alteration of Greek elephas, from Persian ailapha"}, {"word": "care", "ipa": "/ker/", "etymology": "Old English caru, from Proto-Germanic *kaizaz, from Proto-Indo-European *kai-}, {"word": "sculpt", "ipa": "/sklt/", "etymology": "From Latin sculptare, from sculpus, sculptum (statue), from scalpere (to cut, hew)"}, {"word": "devour", "ipa": "/divr/", "etymology": "Old English deofian, from Middle Dutch doven, from Proto-Germanic *dub-, from Proto-Indo-European *deup-}, {"word": "backhand", "ipa": "/bkhnd/", "etymology": "Middle English bak(e)hand, from Old Norse bakki handr, from baki (behind) + handr (hand)"}, {"word": "demanding", "ipa": "/dmnd/", "etymology": "From Middle English demenden, from Old French demander, from Latin damare (to claim, ask for, demand)"}, {"word": "choreograph", "ipa": "/krraf/", "etymology": "From Modern Latin chorographia, from Greek choreia (dance), from choreus (dancer) + graphein (to write)} {"word": "startling", "ipa": "/strtl/", "etymology": "Old English styrtling, from Proto-Germanic *sterthulingaz (from sterhtan, to stand still + -lingaz, diminutive suffix) + -ing"}]
Error: Expecting ',' delimiter: line 1 column 230 (char 229)

Content: [{"word": "feast", "ipa": "/fist/", "etymology": "Old English fest"}, {"word": "curtsy", "ipa": "/krtsi/", "etymology": "From French courtesie"}, {"word": "syllabus", "ipa": "/slbs/", "etymology": "Greek syllabos, from synthetically derived syllabazein"}, {"word": "batter", "ipa": "/btr/", "etymology": "From Old French batir, from Vulgar Latin battare"}, {"word": "abbey", "ipa": "/be/", "etymology": "Middle English abbai or abbei, from Anglo-French, alteration of Old French abbai (f) or abbi (m), from Latin abbatia"}, {"word": "illustrative", "ipa": "/lstrtiv/", "etymology": "Late Middle English: from Latin illustrativus, from the verb illustrare"}, {"word": "crippling", "ipa": "/krpl/", "etymology": "Middle English (in the sense 'to disable or maim'): from Old French cripper, from Medieval Latin crippare (verbum dico), based on Latin crus 'leg'"}, {"word": "radioactive", "ipa": "/rdiaktv/", "etymology": "From French radioactif or directly from Late Latin radium + -active"}, {"word": "frenzy", "ipa": "/frendz/", "etymology": "Middle English (in the sense 'madness, fury'): from Old French frnsie, from Medieval Latin fenesea, alteration of Medieval Latin phrenesia, from Late Greek phrensis 'mind, spirit, sense', from phrenes 'diaphragm, mind'"}, {"word": "diligent", "ipa": "/dldnt/", "etymology": "Middle English (in the sense 'industrious'): from Old French diligens, present participle of diligier, from Latin diligere 'to care for, to love'}]
Error: Unterminated string starting at: line 1 column 1317 (char 1316)

Content: [{"word": "pueblo", "ipa": "/pwebo/", "etymology": "Spanish, from Latin: town, village"}, {"word": "imaginary", "ipa": "/mnri/", "etymology": "From Latin imaginar- 'conceived', present participle of imagino 'I imagine'"}, {"word": "slog", "ipa": "/sl/", "etymology": "Short for slogans"}, {"word": "translucent", "ipa": "/trnzljusnt/", "etymology": "From Latin translucens, present participle of transluco 'I shine through'"}, {"word": "cramp", "ipa": "/krmp/", "etymology": "Old English cramp, from Old Norse kramp}, {"word": "bountiful", "ipa": "/bantfl/", "etymology": "Middle English: from Anglo-Norman French bontifel, from Late Latin bonitificalis 'relating to a benefice', from Latin bonus 'good' + Latin titulus 'title, right'"}, {"word": "soda", "ipa": "/sod/", "etymology": "From sodium carbonate or another alkali salt used as a leavening agent in food and drink."}, {"word": "clasp", "ipa": "/klsp/", "etymology": "Old English clscian; related to Old Norse klaustra 'to gnaw'"}, {"word": "decorative", "ipa": "/dkrtv/", "etymology": "From French dcoratif, from Latin decoratus 'adorned', past participle of decorare 'to adorn'"}, {"word": "intuitive", "ipa": "/ntutv/", "etymology": "From Latin intuere 'look at intently'"}]
Error: Expecting ',' delimiter: line 1 column 521 (char 520)

Content: { "word": "imaginary", "ipa": "/mnri/, /mnri/", "etymology": "From Latin \u{2018}imaginari\u{2019}, from \u{2018}im- + gignere, to form, shape\u{2019}" }
Error: Invalid \uXXXX escape: line 1 column 75 (char 74)

Content: [{"word": "juice", "ipa": "/dus/", "etymology": "From Anglo-Norman jus, from Latin ius, iocundum (pleasant or agreeable drink), from iocundus (agreeable, delightful)"}, {"word": "mathematics", "ipa": "/mmtks/", "etymology": "From Greek mchanike tekhn (art of learning), from mkan (science, art, craft)"}, {"word": "mellow", "ipa": "/mel/", "etymology": "From Old English melu, related to German melt, Dutch malen (to grind), probably also influenced by melancholy, Old French miel (honey), from Latin mellis (honey)"}, {"word": "chromosome", "ipa": "/kromosm/", "etymology": "From Greek chroma (color) and soma (body)"}, {"word": "audible", "ipa": "/dbl/", "etymology": "From Latin audibilis (capable of being heard), from audire (to hear)"}, {"word": "middleman", "ipa": "/mdlmn/", "etymology": "Middle + man"}, {"word": "simmer", "ipa": "/smr/", "etymology": "From Old English simmian (to steam), from Proto-Germanic *seimjanan, related to German simen, Dutch zemen, both meaning 'to boil'"}, {"word": "stunt", "ipa": "/stnt/", "etymology": "From Old English stuntian (to stop), from Proto-Germanic *stunt-, *stand-, akin to stand still"}, {"word": "jelly", "ipa": "/deli/", "etymology": "From Old French gele, from Latin geltum (frozen, solidified), past participle of gelare (to be frozen or made into ice)"}, {"word": "crossing", "ipa": "/krs/", "etymology": "From Old English cruosan, from Proto-Germanic *kruozon-, past participle of Proto-Germanic *kruoz- (a crossing over), from PIE root *ker- (to pass over)}]
Error: Unterminated string starting at: line 1 column 1365 (char 1364)

Content: [{"word": "contour", "ipa": "/kntr/", "etymology": "From French contour, from Latin continentia, from continent-, continent-"}, {"word": "statesman", "ipa": "/stetzmn/", "etymology": "Middle English stat, state + man"}, {"word": "enrollment", "ipa": "/nrlmnt/", "etymology": "Middle English enrolle, from Old French enrolle, from en- + roller 'to roll up'}, {"word": "demobilize", "ipa": "/dmoblaz/", "etymology": "From French dmobiliser, from demi- + mobile"}, {"word": "ledge", "ipa": "/led/", "etymology": "Old English leac (on ledan), from Proto-Germanic *lagj (compare with Dutch liggen 'to lie' and German lagen 'past tense of lie')"}, {"word": "analyze", "ipa": "/nlzaz/", "etymology": "From New Latin anlyzis, from Greek analusis, from ana- + lusis 'unbinding, loosening'"}, {"word": "sweep", "ipa": "/swip/", "etymology": "Old English swefan (from swefa), from Proto-Germanic *swiban (compare with Old Norse svipa and Dutch swijpen 'to sweep')"}, {"word": "librarian", "ipa": "/lbrrin/", "etymology": "Middle English librarie, from Anglo-Norman librarius (from Latin librarium 'bookcase')"}, {"word": "cashier", "ipa": "/kr/", "etymology": "Early 17th century: alteration of cashard, perhaps influenced by French caissier"}, {"word": "metabolic", "ipa": "/mtblk/", "etymology": "From Greek metabolikos, from metabole 'change'"}]
Error: Expecting ',' delimiter: line 1 column 361 (char 360)

Content: [{"word": "sexism", "ipa": "/sek.sz.m/", "etymology": "From Latin sexus (gender) + -ism"}, {"word": "stiffen", "ipa": "/stif.n/", "etymology": "Old English styffen, from stem stif-; related to stiff"}, {"word": "apportionment", "ipa": "/p.rt.nmnt/", "etymology": "From French apporter (to bring) + portion"}, {"word": "wear", "ipa": "/wr/", "etymology": "Old English wyran, from Proto-Germanic *wurn}, {"word": "fix", "ipa": "/fiks/", "etymology": "Old English fyccan"}, {"word": "abreast", "ipa": "/brst/", "etymology": "Middle English abrest, from Anglo-French, from Old French a, at + breast (chest)"}, {"word": "seasoning", "ipa": "/sz.n/", "etymology": "Old French saison (time of year), from Latin sae(s)onem (season)"}, {"word": "revolt", "ipa": "/rivlt/", "etymology": "Middle English revolten, from Old French revolter, from Latin revolvere (to turn around, overthrow)"}, {"word": "primal", "ipa": "/pra.ml/", "etymology": "From Latin primus (first) + -al"}, {"word": "monastery", "ipa": "/mn.st.i/", "etymology": "From Old French monastre, from Church Latin monasterium, from Greek monastrion, from monachos (a solitary)"}]
Error: Expecting ',' delimiter: line 1 column 405 (char 404)

Content: [{"word": "male", "ipa": "/mel/", "etymology": "From Old English ml, related to male, meaning 'adult'"}, {"word": "passion", "ipa": "/pasn/", "etymology": "Late Middle English: from Latin passio(n-), from pascere, meaning 'suffer, undergo'."}, {"word": "inconvenient", "ipa": "/nknvnint/", "etymology": "From Old French inconveniaunt, from Latin in- + conveniens, present participle of convenire, meaning 'agreeable'"}, {"word": "scene", "ipa": "/sin/", "etymology": "From Old English scena, from Late Latin scenica, from Greek skn, meaning 'stage'."}, {"word": "court", "ipa": "/krt/", "etymology": "From Old French cort, from Latin cohors, coura, from Latin cor- + arere, meaning 'assemble, gather'"}, {"word": "paralyze", "ipa": "/prlaz/", "etymology": "From Greek paralusis, from paralytikos, from para- + lusis, meaning 'disuse, dislocation'."}, {"word": "saddle", "ipa": "/sadl/", "etymology": "From Old English sttel, from Proto-Germanic *satla-, related to seat.",}, {"word": "pupil", "ipa": "/pupl/", "etymology": "From Latin pupilla, diminutive of pupus, meaning 'girl', then 'eye'."}, {"word": "ripple", "ipa": "/rpl/", "etymology": "From Old English ripel, from Proto-Germanic *repil-a-, from *rep- + *pila-, related to rip, meaning 'wrinkle, furrow'."}, {"word": "dateline", "ipa": "/dtiln/", "etymology": "From date (meaning 'time') and line. The term was first used in the late 19th century by American newspapers to denote the city or town where a news event took place."}]
Error: Illegal trailing comma before end of object: line 1 column 972 (char 971)

Content: [{"word": "blush", "ipa": "/bl/", "etymology": "Old English blosian, from blow, a blush; related to blewe, 'to be blue'"}, {"word": "drastic", "ipa": "/drstk/", "etymology": "From Greek drastiks, 'pertaining to action or doing', from drao-, dran- in Indo-European roots"}, {"word": "mythology", "ipa": "/mldi/", "etymology": "From Greek mythos, 'story' + -logia, 'study of'"}, {"word": "fin", "ipa": "/fn/", "etymology": "Old English fgn, from Old Norse finnr"}, {"word": "roe", "ipa": "/ro/", "etymology": "From Old French roe, from Latin rota, 'wheel' (in sense of 'fish roe')"}, {"word": "mold", "ipa": "/mld/", "etymology": "Old English mld; related to moldan, 'to rot', and modern German Maultasche, 'ravioli'"}, {"word": "blizzard", "ipa": "/blzrd/", "etymology": "From blizen, 'to blaze', + harden, 'storm' (from Old Norse blizja, 'to flash, strike; thunder', and hardr, 'hard')"}, {"word": "quasar", "ipa": "/kwzr/", "etymology": "From acronym QUASAR, from quasi-stellar radio source"}, {"word": "stampede", "ipa": "/stmpid/", "etymology": "From Middle French estamper, from Old French estample, stamp (imprint or seal), from Latin statura, 'a stamping'} {"word": "lust", "ipa": "/lst/", "etymology": "Old English hlust, from Proto-Germanic *hlud-st-, from Proto-Indo-European *klud-, *klud-h2- (see climb)}]
Error: Expecting ',' delimiter: line 1 column 1166 (char 1165)

Content: [{"word": "imprint", "ipa": "/mprnt/", "etymology": "From Old English in-princan, from in- + princ (from princian)"}, {"word": "parking", "ipa": "/prk/", "etymology": "From Old French parc, from Vulgar Latin *parcus, from paries (wall, boundary), metaphorically a walled enclosure for livestock"}, {"word": "jeopardize", "ipa": "/diprdaz/", "etymology": "From Anglo-French jepardeir, from Old French jeoparer, from Latin iocus paries (game and stake)"}, {"word": "courteous", "ipa": "/krtus/", "etymology": "From Anglo-French cortois, curtis, from Old French curteis, court, noble, courty, from Frankish gawart (court), of Gaulic origin"}, {"word": "downward", "ipa": "/danwrd/", "etymology": "From down + -ward"}, {"word": "concert", "ipa": "/kntsrt/", "etymology": "From French concert, from Late Latin concertare, from con- + cantare (to sing)"}, {"word": "contamination", "ipa": "/kntmnen/", "etymology": "From Latin contaminatio (pollution), from continere (to contain) + -mentum"}, {"word": "plump", "ipa": "/plmp/", "etymology": "Origin unknown; perhaps imitative"}, {"word": "corrosion", "ipa": "/krn/", "etymology": "From Latin corrodere (to gnaw to pieces), from cor (a hollow tube or cavity) + rodere (to gnaw)"}, {"word": "intervening", "ipa": "/ntvn/", "etymology": "From Old French intervenir, from Latin intervenire, from inter- + venire (to come in or into)}]
Error: Unterminated string starting at: line 1 column 1280 (char 1279)

Content: [{"word": "cranial", "ipa": "/krnl/", "etymology": "From Latin cranium, skull"}, {"word": "resolute", "ipa": "/rzljut/", "etymology": "From Old French resol, from Vulgar Latin *resolved-, present participle of resolve, from Latin resolve 'to loosen'"}, {"word": "dissipate", "ipa": "/dsppet/", "etymology": "From Middle English dissipaten, from Anglo-Norman dissipaten, from Late Latin dissiptum, past participle of dissipre 'to scatter'",}, {"word": "thrust", "ipa": "/rst/", "etymology": "Old English thyrstian, thrystan; related to thrast, threshed"}, {"word": "repress", "ipa": "/ripres/", "etymology": "From Latin reprmere 'to check back', from re- 'back' + prmere 'to restrain'"}, {"word": "disguise", "ipa": "/dsaz/", "etymology": "From Old French desguiser, from des- 'off, away' + guizer 'mask'",}, {"word": "spear", "ipa": "/spir/", "etymology": "Old English speor, spere; related to spewer, spout"}, {"word": "infuriate", "ipa": "/nfjuret/", "etymology": "From Latin infrire 'to make mad', from in- 'into' + frius 'mad'"}, {"word": "posit", "ipa": "/pzit/", "etymology": "From Latin posdere 'to place, set, put down'",}, {"word": "proactive", "ipa": "/praktv/", "etymology": "From the Latin prefix pro- 'before' + active"}]
Error: Illegal trailing comma before end of object: line 1 column 439 (char 438)

Content: [{"word": "liquid", "ipa": "/lkwd/", "etymology": "From Latin liquefact, past participle of liquefacio, from liquere to melt"}, {"word": "kennel", "ipa": "/knl/", "etymology": "Old English cenel, from Old Norse kynill}, {"word": "utensil", "ipa": "/jutnzl/", "etymology": "Middle English (in the sense 'container'): from Old French utenciel, based on Latin instrumentum 'implement'"}, {"word": "lightning", "ipa": "/latn/", "etymology": "From Old English hlcan, from Proto-Germanic *hleikan (see leak), from Proto-Indo-European *kel- 'strike, hit'"}, {"word": "telescope", "ipa": "/tleskp/", "etymology": "From Late Latin telescopium, from Greek tleskopos, from tls 'far off' + skopos 'observer, watcher'"}, {"word": "quotation", "ipa": "/kwten/", "etymology": "Middle English (in the sense 'passage quoted'): from Old French quotecioun, from Latin citatio, from quot- 'how many' + -ation- 'action'"}, {"word": "rebellious", "ipa": "/rbls/", "etymology": "Middle English (in the sense 'disobedient'): from Old French rebels, from Latin rebellis, present participle of rebellare 'rise against', from re- 'back' + bellum 'war'"}, {"word": "cart", "ipa": "/krt/", "etymology": "Old English crta, from Latin carrum, from Greek kharaton"}, {"word": "insulin", "ipa": "/nzjuln/", "etymology": "From Latin insula 'island' + -in, suffix forming nouns denoting products or substances"}, {"word": "nude", "ipa": "/nud/", "etymology": "Old English nudu, from Proto-Germanic *ndhaz (cognate with Dutch naak, German nackt), from PIE *neudh- 'to be naked'"}]
Error: Expecting ',' delimiter: line 1 column 223 (char 222)

Content: { "word": "nude", "ipa": "/nud/", "etymology": "From Old French *nud, nuit* (Modern French *nu*), from Latin *nudus* (\u{2012}n\u{0305}d\u{0303}s), meaning 'bare, naked'. It is derived from the Proto-Indo-European root **sneudh-, which means 'to be bare, to expose'. The word has cognates in Sanskrit (\u{2012}sn\u{02BB}dh-), Ancient Greek (\u{2012}\u{03A3}v\u{03BD}\u{03B4}-), and other Indo-European languages." }
Error: Invalid \uXXXX escape: line 1 column 120 (char 119)

Content: crunch
Error: expected string or bytes-like object, got 'NoneType'

Content: crunchy
Error: expected string or bytes-like object, got 'NoneType'

Content: crusty
Error: expected string or bytes-like object, got 'NoneType'

Content: crutch
Error: expected string or bytes-like object, got 'NoneType'

Content: cry
Error: expected string or bytes-like object, got 'NoneType'

Content: crybaby
Error: expected string or bytes-like object, got 'NoneType'

Content: crying
Error: expected string or bytes-like object, got 'NoneType'

Content: cu.
Error: expected string or bytes-like object, got 'NoneType'

Content: cub
Error: expected string or bytes-like object, got 'NoneType'

Content: cubic
Error: expected string or bytes-like object, got 'NoneType'

Content: [{"word": "doll", "ipa": "/dl/", "etymology": "From Dutch dollen, diminutive of dollaert, from Middle Dutch dole, meaning thalers"}, {"word": "dollar", "ipa": "/dlr/", "etymology": "Dutch: from joachimsthaler, originally a silver coin minted in the Joachim's Valley near the city of Prague, Bohemia (now in Czech Republic)"}, {"word": "dollop", "ipa": "/dlp/", "etymology": "Old English delop, from dl + hop"}, {"word": "dolly", "ipa": "/dli/", "etymology": "Diminutive of Dorothy"}, {"word": "domino", "ipa": "/dmino/", "etymology": "Italian domino, from dominus (Latin for lord or master)"}, {"word": "done", "ipa": "/dn/", "etymology": "Old English don, from Proto-Germanic *thunn, from Proto-Indo-European *dhh-}, {"word": "donkey", "ipa": "/dnki/", "etymology": "From Middle English donkei, ultimately from Latin asinus, which is of Etruscan origin"}, {"word": "'don't", "ipa": "/dnt/", "etymology": "Contraction of do not"}, {"word": "doodad", "ipa": "/dudd/", "etymology": "A nonsense word, originally a term used by sailors for any piece of machinery or equipment whose purpose they did not understand"}]
Error: Expecting ',' delimiter: line 1 column 721 (char 720)

Content: [{"word": "dozens", "ipa": "/dznz/", "etymology": "From Old French doze, from Latin duodecim"}, {"word": "Dr.", "ipa": "/D()rt./", "etymology": "Abbreviation of Doctor, Latin docere (to teach)"}, {"word": "drafty", "ipa": "/drfti/", "etymology": "From Old English driftig, from drift 'a drifting or flowing'"}, {"word": "dragon", "ipa": "/dren/", "etymology": "From Old English dragone, from Latin dragonem, from Greek drakn"}, {"word": "drake", "ipa": "/drk/", "etymology": "Originally denoting a type of duck, ultimately from Old Norse draugr"}, {"word": "drama", "ipa": "/drm/", "etymology": "From Greek drma, from drnin 'to act'"}, {"word": "drank", "ipa": "/drk/", "etymology": "From Old English dragan (past tense drunc), from Proto-Germanic *dragon"}, {"word": "drape", "ipa": "/drp/", "etymology": "Originally a verb, meaning 'cloak' or 'robe', from Middle French drap}, {"word": "drapery", "ipa": "/drp()ri/", "etymology": "From Old French draperie, from Latin drapea, from Greek drappeion}, {"word": "drapes", "ipa": "/drps/", "etymology": "Plural of drape"}]
Error: Expecting ',' delimiter: line 1 column 882 (char 881)

Content: [{"word": "earache", "ipa": "/rki/", "etymology": "Middle English (in the sense 'pain in or near the ear'): from old English eor(o)h- (from Proto-Germanic *auro-) + -c, -ch; see -ache"}, {"word": "eardrum", "ipa": "/rdrm/", "etymology": "Old English eardrume; akin to Old Norse ormdruma, from ear (see EAR) + drum"}, {"word": "earlobe", "ipa": "/rlb/", "etymology": "Middle English erelofe, from Old English eorh-hlfa; see EAR, LOAF"}, {"word": "early", "ipa": "/rl/", "etymology": "Before 900; Middle English early, earlier (adv.); Old English erele; cognate with Dutch eerlijk, German ursprnglich"}, {"word": "earmark", "ipa": "/rmak/", "etymology": "Middle English: from Old Norse armr, mark (see MARK), in the sense of a distinguishing brand or stigmata on livestock; later used for any identifying feature"}, {"word": "earn", "ipa": "/rn/", "etymology": "Old English earnian; related to Old Norse arna, Old High German ernona, from a base *ern-, extending, growing"}, {"word": "earplug", "ipa": "/rplg/", "etymology": "1900-05; earliest use found in American English; a blend of ear + plug (noun)"}, {"word": "earring", "ipa": "/r/", "etymology": "Middle English eringe, from Old Norse ormhringr, from orm 'serpent' + hringr 'ring'; see RING"}, {"word": "earshot", "ipa": "/rt/", "etymology": "Mid-16th century (in the sense 'sound or noise of a gun'): from ear (noun) + shot (noun)"}, {"word": "Earth", "ipa": "/r/", "etymology": "Old English eor(o); related to Old Norse jrth, Old High German ertha, both from Proto-Germanic *ertho-, from PIE root *er(e)th- 'ground'}]
Error: Unterminated string starting at: line 1 column 1437 (char 1436)

Content: [{"word": "earth", "ipa": "//", "etymology": "Old English eorscipe, from eor (see earth) + -scipe"}, {"word": "earthly", "ipa": "/l/", "etymology": "From Old English eorlc, from eor + lc,"}, {"word": "earwax", "ipa": "/rwaks/", "etymology": "Middle English erwax, from Old English rhwx; a- (from Old English r-, ear-) + hwx"}, {"word": "easel", "ipa": "/izl/", "etymology": "Altered (influenced by easy) from earlier eaze, from Dutch ezasel or ezelskop (ezel being the Dutch word for donkey, and skop meaning "pole" or "support"), probably because the original frame resembled a donkey's back"}, {"word": "easily", "ipa": "/izl/", "etymology": "From Old English aslic, from as + -lic,"}, {"word": "east", "ipa": "/est/", "etymology": "Old English east, from Proto-Germanic *austro-, from Proto-Indo-European *aus-, auw-"}, {"word": "Easter", "ipa": "/istr/", "etymology": "From Old English astre or ostre, goddess of the dawn in Anglo-Saxon paganism; from a root meaning 'dawn'"}, {"word": "eastern", "ipa": "/istrn/", "etymology": "From Old English asten, from Proto-Germanic *austrja-,"}, {"word": "easy", "ipa": "/iz/", "etymology": "Old English asig; akin to German eisig (intense cold)"}, {"word": "eat", "ipa": "/it/", "etymology": "Old English etan, from Proto-Germanic *aitanan, from Proto-Indo-European *h2ed- (see edible)"}]
Error: Expecting ',' delimiter: line 1 column 511 (char 510)

Content: enthuse
Error: expected string or bytes-like object, got 'NoneType'

Content: envious
Error: expected string or bytes-like object, got 'NoneType'

Content: envoy
Error: expected string or bytes-like object, got 'NoneType'

Content: envy
Error: expected string or bytes-like object, got 'NoneType'

Content: epigram
Error: expected string or bytes-like object, got 'NoneType'

Content: epistle
Error: expected string or bytes-like object, got 'NoneType'

Content: equally
Error: expected string or bytes-like object, got 'NoneType'

Content: equate
Error: expected string or bytes-like object, got 'NoneType'

Content: ER
Error: expected string or bytes-like object, got 'NoneType'

Content: eraser
Error: expected string or bytes-like object, got 'NoneType'

Content: [{"word": "faraway", "ipa": "/frwe/", "etymology": "Old English feran + weg"}, {"word": "farm", "ipa": "/frm/", "etymology": "From Old English fah}, {"word": "farmer", "ipa": "/frmr/", "etymology": "From Old English famor"}, {"word": "farming", "ipa": "/frm/", "etymology": "From Old English fah + ing}, {"word": "far-off", "ipa": "/frf/", "etymology": "Old English fer + of"}, {"word": "far-out", "ipa": "/frt/", "etymology": "Origin unknown; probably alteration of obsolete far outre, far extreme or extravagant}, {"word": "fart", "ipa": "/frt/", "etymology": "From Old English farit, from Proto-Germanic *farijan}, {"word": "farther", "ipa": "/fr/", "etymology": "Old English ferer"}, {"word": "fascism", "ipa": "/fzm/", "etymology": "From Italian fascismo, from fascio 'bundle' (of sticks)"}, {"word": "fascist", "ipa": "/fst/", "etymology": "From Italian fascista, from fascio 'bundle' (of sticks)"}]
Error: Expecting ',' delimiter: line 1 column 152 (char 151)

Content: [{"word": "finger", "ipa": "/fr/", "etymology": "Old English finger, from a Germanic base *fang-, with cognates in Dutch vinger, German Finger"}, {"word": "finish", "ipa": "/fn/", "etymology": "From Old French finir, from Latin finre to end or complete"}, {"word": "fire", "ipa": "/far/", "etymology": "From Old English fyr, from Proto-Germanic *frn, from Proto-Indo-European *pewro-"}, {"word": "fireman", "ipa": "/farmn/", "etymology": "From fire (noun) + man"}, {"word": "first", "ipa": "/fst/", "etymology": "From Old English first, from Proto-Germanic *fristaz, from Proto-Indo-European *per-t- (1) before, forward"}, {"word": "firstly", "ipa": "/fstli/", "etymology": "From Old English foresta(n), from fore (adverb) + -ly"}, {"word": "fiscal", "ipa": "/fskl/", "etymology": "From Latin fiscus, a box for public money"}, {"word": "fish", "ipa": "/f/", "etymology": "From Old English fis(c), from Proto-Germanic *fisg- (cognate with Dutch vis and German Fisch), probably from Proto-Indo-European *wis- 'to scale, have gills'"}, {"word": "fishery", "ipa": "/fri/", "etymology": "From fish + -ery (suffix indicating a place where something is made or traded)"}, {"word": "fishing", "ipa": "/fi/", "etymology": "From Old English fiscian, from fis (noun) + -ing (verb suffix)}]
Error: Unterminated string starting at: line 1 column 1214 (char 1213)

Content: [{"word": "fling", "ipa": "/flk/", "etymology": "Old English flincgan"}, {"word": "flipper", "ipa": "/flp.r/", "etymology": "From Dutch vlapper, from Dutch vliegen 'to fly' + -pap 'skin or leather cover'"}, {"word": "flirt", "ipa": "/flt/", "etymology": "Middle English flirten, from Old North French flirter 'be afraid, shrink back,' from Middle Dutch vlechten 'to shrink, quiver'"}, {"word": "flit", "ipa": "/flt/", "etymology": "Old English fleotan, from Proto-Germanic *flaitjan (compare Old Norse flita 'to move', Dutch vliegen 'to fly', German fliehen 'to flee')"}, {"word": "flog", "ipa": "/fl/", "etymology": "Old English flogan, from Proto-Germanic *flahhan (compare Old Norse floga 'to beat', Dutch vlogen 'to whirl', German fliegen 'to fly')"}, {"word": "flood", "ipa": "/flod/", "etymology": "Old English flod, from Proto-Germanic *fluduz (compare Old Norse flr, Dutch vloed, German Flut 'flood')"}, {"word": "floor", "ipa": "/flr/", "etymology": "Middle English floore, from Old North French floor, from Latin planus 'flat'"}, {"word": "floozy", "ipa": "/fluzi/", "etymology": "Origin unknown; originally American slang, probably of imitative origin"}, {"word": "flop", "ipa": "/flp/", "etymology": "Middle English flopen, from Old Norse flapa 'to fold'}]
Error: Unterminated string starting at: line 1 column 1213 (char 1212)

Content: [{"word": "fogy", "ipa": "/fogi/", "etymology": "From the Dutch voyge, from Middle Dutch voghe, meaning 'old man'"}, {"word": "folder", "ipa": "/fldr/", "etymology": "From the Old French foldre, from folde 'fold, pleat'"}, {"word": "folk", "ipa": "/flk/", "etymology": "Old English folc, from Proto-Germanic *fuolkaz"}, {"word": "folks", "ipa": "/flks/", "etymology": "From Old English foluc}, {"word": "folksy", "ipa": "/flksi/", "etymology": "From Middle English folkisly, from folk + -isly"}, {"word": "follow", "ipa": "/flu/", "etymology": "From Old English folgan"}, {"word": "folly", "ipa": "/fli/", "etymology": "From Middle English folie, from Anglo-Norman folie, from Latin fatale, from fatum 'thing that is fated'"}, {"word": "fondle", "ipa": "/fndl/", "etymology": "From Old French fondre 'to melt, to soften'"}, {"word": "fondly", "ipa": "/fndli/", "etymology": "From Old English fondele, from fond + -e"}]
Error: Expecting ',' delimiter: line 1 column 397 (char 396)

Content: [{"word": "fore", "ipa": "/fr/", "etymology": "Old English foran"}, {"word": "forearm", "ipa": "/form/", "etymology": "Middle English: from Old Norse for-arm; see for- 1 + arm"}, {"word": "foreign", "ipa": "/frn/", "etymology": "Old French forain, from Latin fornus 'of the forum', derived from foris 'outside'"}, {"word": "foreman", "ipa": "/frmn/", "etymology": "Middle English: agent noun based on fore- (in the sense 'before') + man (agentive suffix)"}, {"word": "foresaw", "ipa": "/fors/", "etymology": "Old English forsawan; see for- 1 + sawian"}, {"word": "forest", "ipa": "/frest/", "etymology": "From Old French forest, from Latin foreste 'woodland', past participle of frs (accusative singular of frus) 'edge, boundary'"}, {"word": "forever", "ipa": "/frvr/", "etymology": "Old English forgewyrdan; see for- 1 + geweoran 'become' + -ward 'toward'"}, {"word": "forgave", "ipa": "/frev/", "etymology": "Old English forgiefan; see for- 2 + gifan 'to give'"}, {"word": "forger", "ipa": "/frr/", "etymology": "From French forgeoir, from forgerie 'place of making', from Middle French forge 'smith's shop'"}, {"word": "forgery", "ipa": "/frri/", "etymology": "From French forgerie 'place of making', from forger 'to make'}]
Error: Unterminated string starting at: line 1 column 1164 (char 1163)

Content: [{"word": "forwent", "ipa": "/frwint/", "etymology": "From Old English for-gangan, from for- + gangen, past participle of gangean, to go."}, {"word": "fought", "ipa": "/fht/", "etymology": "Old English fochtan, from forchan, from Proto-Germanic *fokhtn."}, {"word": "found", "ipa": "/fauntd/", "etymology": "From Old English finan, from Proto-Germanic *fainidan, from Proto-Indo-European *peie-, to find, perceive."}, {"word": "foundry", "ipa": "/fandri/", "etymology": "From Middle French fonderie, alteration of Old French fonderie, from Latin fundere, to pour (metal), melt."}, {"word": "four", "ipa": "/fr/", "etymology": "From Old English fower, from Proto-Germanic *fehwor, from Proto-Indo-European *penkwe 'quaternion'."}, {"word": "fourth", "ipa": "/fr/", "etymology": "From Old English fowarti, from Proto-Germanic *fehwari, from Proto-Indo-European *penkwe'sith".}, {"word": "fowl", "ipa": "/fal/", "etymology": "From Old English fugol, from Proto-Germanic *fukul, from Latin avis."}, {"word": "fox", "ipa": "/fks/", "etymology": "From Middle English vuch, from Old Norse fyrrix, from Latin vulpes, from Greek vuulpekos, from vuulos 'vulpine'."}, {"word": "foxhole", "ipa": "/fkshl/", "etymology": "From Middle English fox + hole, a burrow or den of a fox, from Old English hola 'hole'. fox is from Old Norse fyrrix."}, {"word": "foxtrot", "ipa": "/fkstrt/", "etymology": "From military slang dance called the 'Fox Trot' (from the term 'quickstep'), and named in honor of a tune by Alfred H. Miles with that name."}]
Error: Expecting ',' delimiter: line 1 column 873 (char 872)

Content: { "word": "four", "ipa": "/fr/", "etymology": "Old English *fower* (Anglo-Saxon: fowor), from Proto-Germanic **fehwer* (\*\*fa-ue-wo-r), from Proto-Indo-European **penkwero-*" }
Error: Invalid \escape: line 1 column 121 (char 120)

Content: [{"word": "freeze", "ipa": "/friz/", "etymology": "Old English frsan"}, {"word": "freezer", "ipa": "/frzr/", "etymology": "From free + -er"}, {"word": "French", "ipa": "/fr/", "etymology": "From Old FrenchFranais"}, {"word": "fresh", "ipa": "/fr/", "etymology": "From Old English frsc}, {"word": "freshen", "ipa": "/frn/", "etymology": "From freshen + -en"}, {"word": "freshly", "ipa": "/frli/", "etymology": "Old English frscle"}, {"word": "fretful", "ipa": "/frtfl/", "etymology": "From Middle English freten, from Old North French freter"}, {"word": "Fri.", "ipa": "/fra/", "etymology": "Abbreviation of Friday"}, {"word": "friar", "ipa": "/frr/", "etymology": "From Old English frer, from freman, from fro (free) + man"}, {"word": "Friday", "ipa": "/frdi/", "etymology": "From Old English Frge-dg, a day named after Freyja, the Norse goddess of love and fertility"}]
Error: Expecting ',' delimiter: line 1 column 290 (char 289)

Content: [{"word": "g", "ipa": "/d/", "etymology": "From Old English g, Germanic root *ka-"}, {"word": "g:", "ipa": "/d:/", "etymology": "Colloquial usage, from interjection 'Gee!' or contraction of 'get a'"}, {"word": "gab", "ipa": "/b/", "etymology": "Old English gafian; related to Old Norse gafa, Dutch geven"}, {"word": "gabby", "ipa": "/bi/", "etymology": "Shortened form of gabby-gabster"}, {"word": "gable", "ipa": "/bl/", "etymology": "Middle English gable, from Old French guable, probably from German Gabel 'fork'"}, {"word": "gaggle", "ipa": "/l/", "etymology": "From Middle Dutch haghel, from hagen 'to prick up (the ears)'"}, {"word": "gaiety", "ipa": "/eti/", "etymology": "From French gaiet, from Old French guait 'frisky'"}, {"word": "gaily", "ipa": "/eli/", "etymology": "Old English gealig, from ga- + ealig 'joyful'"}, {"word": "gain", "ipa": "/gen/", "etymology": "Old English gnan; related to Old Norse ginna 'to strive for'"}, {"word": "gal", "ipa": "/l/", "etymology": "From Middle English gal, from Old English gealan 'to rage, rage about'}]
Error: Unterminated string starting at: line 1 column 985 (char 984)

Content: glowing
Error: expected string or bytes-like object, got 'NoneType'

Content: glucose
Error: expected string or bytes-like object, got 'NoneType'

Content: glum
Error: expected string or bytes-like object, got 'NoneType'

Content: glumly
Error: expected string or bytes-like object, got 'NoneType'

Content: GMAT
Error: expected string or bytes-like object, got 'NoneType'

Content: gnarly
Error: expected string or bytes-like object, got 'NoneType'

Content: gnash
Error: expected string or bytes-like object, got 'NoneType'

Content: gnat
Error: expected string or bytes-like object, got 'NoneType'

Content: gnawing
Error: expected string or bytes-like object, got 'NoneType'

Content: GNP
Error: expected string or bytes-like object, got 'NoneType'

Content: [{"word": "God", "ipa": "/od/", "etymology": "Old English God"}, {"word": "god", "ipa": "/od/", "etymology": "From Old English god, a shortening of gode, equivalent to go- + -d (from Proto-Germanic *gudan). The Old English word is from the Germanic form of an Indo-European word, e.g., Latin deus, Greek theos"}, {"word": "goddamn", "ipa": "/ddm/", "etymology": "Interjection of strong anger or contempt; expletive; a milder form of oath is 'Gee' or 'Jeez'."}, {"word": "goddess", "ipa": "/dzs/", "etymology": "From Old English godnesse, from god (genitive goda) + -esse"}, {"word": "godless", "ipa": "/dls/", "etymology": "Old English godlss; see god + -less"}, {"word": "godlike", "ipa": "/dlak/", "etymology": "From Old English godlic (comparative of god), from god"}, {"word": "godly", "ipa": "/dl/", "etymology": "Old English godlc, adjective; see god + -ly"}, {"word": "godsend", "ipa": "/dznd/", "etymology": "From Old English god-sende; god + send"} ] {"word": "gofer", "ipa": "/ofr/", "etymology": "Alteration (influenced by ferry) of gofor, from Algonquian qaubauwit, a small dog or fox, used as a guide or messenger"}, {"word": "going", "ipa": "/o/", "etymology": "Present participle of go, from Old English gan"}]
Error: Extra data: line 1 column 961 (char 960)

Content: [{"word": "gold", "ipa": "/old/", "etymology": "Old English gold, from gulda; akin to Dutch goud and German Gold"}, {"word": "golf", "ipa": "/lf/", "etymology": "From Scots, probably of Norwegian origin (Norwegian kolf, Icelandic kolf, Danish kulv), from Old Norse kolve, a club or mace"}, {"word": "golfer", "ipa": "/lfr/", "etymology": "From golf + -er"}, {"word": "golly", "ipa": "/li/", "etymology": "Alteration of God, as an exclamation in imitation of the exclamation gee, used in expressions such as golly gee and gee whiz"}, {"word": "gondola", "ipa": "/ndl/", "etymology": "From Venetian dialect gondaola, diminutive of Venetian gonda, a type of flat-bottomed boat, probably from Turkish (Ottoman) gn, galleys in convoy"}, {"word": "gone", "ipa": "/on/", "etymology": "Old English gonen; related to Old Norse gone 'to go', Greek khmai 'I go'"}, {"word": "goner", "ipa": "/nr/", "etymology": "Past-tense and third-person singular of the verb go + -er"}, {"word": "gong", "ipa": "//", "etymology": "Middle English, from Old French conge (modern French gong) 'a signal or warning', from Latin congressus 'a meeting'"}, {"word": "gonna", "ipa": "/n/", "etymology": "Contraction of going to + a"} ] {"word": "goo", "ipa": "/u/", "etymology": "From Old English gowan, from gaw 'gum', from Proto-Germanic *gaiwaz, from Proto-Indo-European *gwei- 'to twist'"}]
Error: Extra data: line 1 column 1204 (char 1203)

Content: gown
Error: expected string or bytes-like object, got 'NoneType'

Content: GPA
Error: expected string or bytes-like object, got 'NoneType'

Content: grad
Error: expected string or bytes-like object, got 'NoneType'

Content: grade
Error: expected string or bytes-like object, got 'NoneType'

Content: grader
Error: expected string or bytes-like object, got 'NoneType'

Content: graft
Error: expected string or bytes-like object, got 'NoneType'

Content: grainy
Error: expected string or bytes-like object, got 'NoneType'

Content: gram
Error: expected string or bytes-like object, got 'NoneType'

Content: grammar
Error: expected string or bytes-like object, got 'NoneType'

Content: Grammy
Error: expected string or bytes-like object, got 'NoneType'

Content: [{"word": "gripe", "ipa": "/rp/", "etymology": "From Old English grip, from grippan; akin to Old Norse grpa"}, {"word": "gristle", "ipa": "/ristl/", "etymology": "From Old English grystel; akin to Dutch en grijzeels, German greisele"}, {"word": "grit", "ipa": "/grt/", "etymology": "Old English grt; akin to Old Norse grta"}, {"word": "grits", "ipa": "/rts/", "etymology": "From Southern English grits, from Old English gryttas (the plural of grytta)}, {"word": "gritty", "ipa": "/rti/", "etymology": "From Middle English griete; akin to Old Norse greita"}, {"word": "grocer", "ipa": "/grsr/", "etymology": "From Old French groissier, from grois (large) + cerf (deer)"}, {"word": "groggy", "ipa": "/rgi/", "etymology": "From sailor's cant term grog, a weakened form of groggy rum, a drink made for sailors as a daily ration"}, {"word": "groin", "ipa": "/ron/", "etymology": "From Old French grue, from Latin gruvis (swelling)"}, {"word": "groovy", "ipa": "/gruv/", "etymology": "From jazz slang in the 1940s, probably a back-formation from groove"}]
Error: Expecting ',' delimiter: line 1 column 456 (char 455)

Content: [{"word": "A", "ipa": "/ei/", "etymology": "Old English ea, from Proto-Germanic *aiwan, from PIE root *akwa-"}, {"word": "aback", "ipa": "/bk/", "etymology": "Middle English abeke, from Old Norse a baka"}, {"word": "abacus", "ipa": "/beks/", "etymology": "From Latin abacus, of uncertain origin"}, {"word": "abashed", "ipa": "/bt/", "etymology": "Middle English, from Anglo-French abacheiser, from Old French abachier 'behoofed, shod', from Late Latin a baceus 'heeled shoe'"}, {"word": "abbr.", "ipa": "/br./", "etymology": "Short for abbreviation"}, {"word": "ABC", "ipa": "/ebisi/", "etymology": "From the first three letters of the English alphabet, a mnemonic device called the ABC song to teach children the order of the alphabet"}, {"word": "ABC's", "ipa": "/ebies/", "etymology": "Short form of ABC (see above)"}, {"word": "abdomen", "ipa": "/bdmn/", "etymology": "From Latin abdomen, from ad- 'toward' + domus 'home', perhaps referring to the stomach as one's inner home"}, {"word": "abduct", "ipa": "/bkt/", "etymology": "From Latin abduco 'lead away by force'}]
Error: Unterminated string starting at: line 1 column 1032 (char 1031)

Content: [{"word": "advise", "ipa": "/dvaz/", "etymology": "From Old English advisan, from Middle Dutch advisien, from Latin consultare, to deliberate together, consult"}, {"word": "adviser", "ipa": "/dvazr/", "etymology": "Agent noun from advise"}, {"word": "aerobic", "ipa": "/robk/", "etymology": "From Greek aer- (air) + bios (life)}, {"word": "afar", "ipa": "/fr/", "etymology": "Old English ofer (from a-, over, + far), from Middle Dutch over-"}, {"word": "affably", "ipa": "/fbli/", "etymology": "From Middle English affabilite, from Latin affabilis, talkative, friendly"}, {"word": "affair", "ipa": "/fer/", "etymology": "Middle English: from Old French afaire, from Latin affra (unfolding), past participle of affarre, to unfold, from ad- + frus (far), from faria (a fold or wrinkle in a garment)"}, {"word": "affairs", "ipa": "/ferz/", "etymology": "Plural form of affair"}, {"word": "afraid", "ipa": "/fred/", "etymology": "From Old English efrede, from a- + fred (peace), akin to Old Norse forreir (dread)}, {"word": "afresh", "ipa": "/fres/", "etymology": "Middle English: from afre-, a- + fresh"}, {"word": "Africa", "ipa": "/frk/", "etymology": "From Latin frca, from Greek  (Afrik), perhaps from Egyptian hk3-f-r ("black land")."}]
Error: Expecting ',' delimiter: line 1 column 333 (char 332)

Content: [{"word": "anger", "ipa": "/r/", "etymology": "From Old English nger, from ngeald (compare Modern Danish engel), from Proto-Germanic *angalaz, *angaljaz (compare Dutch kraai, German Krhe, "crow"), from Proto-Indo-European *hen-gher-, which is the source of words for "bird" in many languages."}, {"word": "angling", "ipa": "/l/", "etymology": "From Angle, an old Scandinavian tribe, and ling, meaning 'line or cord', from Old English hlinc. The practice of angling comes from the Angles."}, {"word": "Anglo", "ipa": "/lou/", "etymology": "From Latin Angli, a term used to refer to Germanic tribes living along the North Sea coasts who would later become known as the English people. This term is the origin of the names England and English."}, {"word": "angrily", "ipa": "/rli/", "etymology": "From Old English engra, from en- (intensive prefix) + grdian (to cry out)."}, {"word": "angry", "ipa": "/gr/", "etymology": "From Old English ngra, from Proto-Germanic *angrazan (compare Dutch kraagzaam, German wthend), from Proto-Indo-European *hen-gher-, which is the source of words for 'anger' in many languages."}, {"word": "angst", "ipa": "/ast/", "etymology": "From German Angst, from Old High German anghust, from Proto-Germanic *anhustjan (compare Dutch angsten, Swedish ngest), from the Proto-Indo-European root *ag-, meaning 'drive', which is also the root of words for 'go' in many languages."}, {"word": "animal", "ipa": "/nml/", "etymology": "From Latin animalis, from animus (life, soul) + -alis (pertaining to)."}, {"word": "ankle", "ipa": "/kl/", "etymology": "From Old English ancul, from Proto-Germanic *ankulaz, from Proto-Indo-European *angw-, which is also the root of words for 'knee' in many languages."}, {"word": "annuity", "ipa": "/njuti/", "etymology": "From Latin annuitas, from annus (year) + -itas (state or quality of)."}, {"word": "another", "ipa": "/nr/", "etymology": "Old English on oer"}]
Error: Expecting ',' delimiter: line 1 column 190 (char 189)

Content: [{"word": "answer", "ipa": "/nsr/", "etymology": "Old English answeoran, from an, one + swerian, to swear, probably from Old Norse svaria, to respond"}, {"word": "ant", "ipa": "/ ant /", "etymology": "Old English annt, from Proto-Germanic *anduz-, from Proto-Indo-European *ant- (source also of Latin ante and Greek anthrpos)"}, {"word": "antacid", "ipa": "/n(t)sd/", "etymology": "Medical, alteration of ant acid"}, {"word": "ante", "ipa": "/nte/", "etymology": "From Latin ante, before"}, {"word": "antenna", "ipa": "/ntn/", "etymology": "From Latin antenna, singular of antennae, from ante (before) + enna (a joining), from Greek entos (within) + -na, neuter of ennos (inner), probably from the base of ennen, to thrust in"}, {"word": "anthem", "ipa": "/ntm/", "etymology": "From French antienne, from Late Latin antiphona, from Greek antiphon, from anti- + phon, a sound"}, {"word": "anthill", "ipa": "/nl/", "etymology": "Old English antheh, from an-, on, in + healh, heap"}, {"word": "antics", "ipa": "/ntks/", "etymology": "From Latin anticus, ancient, from ante (before) + -icus, noun suffix"}, {"word": "antler", "ipa": "/ntlr/", "etymology": "Old English ntrla, diminutive of ntro, from Old Norse ndillr, diminutive of andilr, from Proto-Germanic *andiluz (source also of Old English antheow, Old Norse andill, both meaning "ivy"), from Latin corn, horn"}, {"word": "anus", "ipa": "/ns/", "etymology": "Latin anus, from Proto-Indo-European *h2nu-, source also of Sanskrit anu-, Avestan anah-, Greek anr, Latin unguis (finger nail), and English eon"}]
Error: Expecting ',' delimiter: line 1 column 1336 (char 1335)

Content: { "word": "antler", "ipa": "/ntlr/", "etymology": "Old English: andel, from Old Norse hjkelr; akin to Old High German anzilah 'horned animal'," + "from Proto-Germanic *anziln-, from Latin cornu 'horn'" }
Error: Expecting ',' delimiter: line 1 column 145 (char 144)

Content: [{"word": "Asia", "ipa": "/e/", "etymology": "From Latin Asia, from Ancient Greek , from Old Persian Atash" }, {"word": "Asian", "ipa": "/en/", "etymology": "From French asiatique, from Latin Asiaticus"}, {"word": "ask", "ipa": "/sk/", "etymology": "Old English ascogan; related to Old Norse aska, Old High German ascahan"}, {"word": "asleep", "ipa": "/slip/", "etymology": "Old English sleapan; related to Old Frisian slepa, Old Saxon sliapan, Old Norse slipa, Old High German slipa"}, {"word": "asphalt", "ipa": "/sphlt/", "etymology": "From Greek asphalteinos, from asphalton, asphaltos meaning 'asphalt' or 'bitumen', from asphaltos limen, asphaltic stone"}, {"word": "aspirin", "ipa": "/sprn/", "etymology": "From the name of a brand, Aspirin, derived from spirea ulcerifera (feverfew), a plant used in traditional medicine, from Latin spira 'spur'" }, {"word": "ass", "ipa": "/s/", "etymology": "From Old English easc; related to Old Frisian, Old Saxon, Old Norse, Dutch, Old High German Eisch, German Esel"}, {"word": "asshole", "ipa": "/ol/", "etymology": "A hybrid formed by combining asshole (from Old English eascscypa) with the suffix -hole (derived from Old Norse hlmr 'mound')"}, {"word": "assn.", "ipa": "/sndn/", "etymology": "From association, derived from Late Latin associatio, from Latin associare meaning 'to bring together'"}, {"word": "assoc.", "ipa": "/sk/", "etymology": "Short form of association (from Latin associatio)}]
Error: Unterminated string starting at: line 1 column 1397 (char 1396)

Content: axle
Error: expected string or bytes-like object, got 'NoneType'

Content: B
Error: expected string or bytes-like object, got 'NoneType'

Content: b
Error: expected string or bytes-like object, got 'NoneType'

Content: B.A.
Error: expected string or bytes-like object, got 'NoneType'

Content: baa
Error: expected string or bytes-like object, got 'NoneType'

Content: babe
Error: expected string or bytes-like object, got 'NoneType'

Content: baboon
Error: expected string or bytes-like object, got 'NoneType'

Content: baby
Error: expected string or bytes-like object, got 'NoneType'

Content: babysat
Error: expected string or bytes-like object, got 'NoneType'

Content: babysit
Error: expected string or bytes-like object, got 'NoneType'

Content: [{"word": "bend", "ipa": "/bnd/", "etymology": "Old English bencan"}, {"word": "bequest", "ipa": "/bikwests/", "etymology": "From Old French beque, from Latin bequetum"}, {"word": "beret", "ipa": "/brt/", "etymology": "French beret"}, {"word": "berry", "ipa": "/bri/", "etymology": "Old English berie"}, {"word": "berth", "ipa": "/b/", "etymology": "Middle English, from Old North French berthe, from Old Norse bjartr, perhaps imitative of the sound of a block or beam (as in a boat)"), {"word": "best", "ipa": "/bst/", "etymology": "Old English best, Comparative of beost, good"}, {"word": "bestial", "ipa": "/bstl/", "etymology": "From Latin bestia, beast"}, {"word": "better", "ipa": "/btr/", "etymology": "Old English beotor"}, {"word": "between", "ipa": "/bizwn/", "etymology": "From Old English bi twegen, from twegen (two) + genitive of two"}]
Error: Expecting ',' delimiter: line 1 column 485 (char 484)

Content: [{"word": "blip", "ipa": "/blp/", "etymology": "From obsolete English blibb, of unknown origin"}, {"word": "bliss", "ipa": "/bls/", "etymology": "Old English blth, from Proto-Germanic *bhleuthaz, from Proto-Indo-European *bleudh-, from base *bheu- 'to bloom'"}, {"word": "blister", "ipa": "/blstr/", "etymology": "Old English blsta; akin to Dutch blaes, German Blase}, {"word": "blitz", "ipa": "/blts/", "etymology": "From German Blitz, from blitzen 'to flash'"}, {"word": "blob", "ipa": "/blb/", "etymology": "Early 19th century: of unknown origin"}, {"word": "bloc", "ipa": "/blk/", "etymology": "French bloc, from Old French bloch, block, from German Block"}, {"word": "blond", "ipa": "/blnd/", "etymology": "From Old Northern French blond, blont (Modern French blonde), from Proto-Germanic *blonta- 'fair', from Proto-Indo-European *bhel- 'to shine', from base *bheu- 'to bloom'"}, {"word": "blood", "ipa": "/bld/", "etymology": "Old English bld, bld; related to bloodwite, blot (v.), and bloat (n.)"}, {"word": "bloody", "ipa": "/bldi/", "etymology": "From Old English blodig, from bld 'blood' + -ig 'full of'"}]
Error: Expecting ',' delimiter: line 1 column 372 (char 371)

Content: [{"word": "boggle", "ipa": "/bl/", "etymology": "Middle English bogelen, from Old Norse buga 'to crouch'"}, {"word": "boil", "ipa": "/bl/", "etymology": "Old English bolan; akin to Dutch beelden 'to boil'"}, {"word": "boiler", "ipa": "/bolr/", "etymology": "Middle English boilere, from Old French boiloir"}, {"word": "boiling", "ipa": "/bl/", "etymology": "Old English bolian; akin to Dutch beelden 'to boil'"}, {"word": "boldly", "ipa": "/bldli/", "etymology": "From Old English beald, bold; akin to Gothic balda 'brave'"}, {"word": "bologna", "ipa": "/bln/", "etymology": "Italian Bologna, city where the sausage was first made"}, {"word": "bomb", "ipa": "/bm/", "etymology": "From Old French bombe 'ball'"}, {"word": "bombard", "ipa": "/bmbrd/", "etymology": "From French bombarder, from bomba 'a throw,' from Arabic bumbakan 'mortar'"}, {"word": "bombed", "ipa": "/bmd/", "etymology": "Past tense of bomb (verb)"}, {"word": "bomber", "ipa": "/bmr/", "etymology": "From French bombe 'ball' or bombarder 'to bombard'}]
Error: Unterminated string starting at: line 1 column 969 (char 968)

Content: [{"word": "boss", "ipa": "/bs/", "etymology": "From Middle English, from Old Norse bozzi, of Scandinavian origin"}, {"word": "bossily", "ipa": "/bsali/", "etymology": "Combination of boss + -ly"}, {"word": "bossy", "ipa": "/bazi/", "etymology": "From boss + -y"}, {"word": "botch", "ipa": "/bt/", "etymology": "Origin uncertain, perhaps from Dutch botje 'a lump'"}, {"word": "both", "ipa": "/b/", "etymology": "Old English beoth, of Germanic origin"}, {"word": "bottle", "ipa": "/btl/", "etymology": "From Old French bouteille, from Vulgar Latin botellam, diminutive of botulus 'large jar'"}, {"word": "bottled", "ipa": "/btld/", "etymology": "From bottle + -ed"}, {"word": "bottom", "ipa": "/btmn/", "etymology": "Old English botome, from Old Norse botm 'base, bottom'"}, {"word": "bottoms", "ipa": "/btmz/", "etymology": "From bottom + -s"} ] {"word": "bough", "ipa": "/b/", "etymology": "Old English boga, from Proto-Germanic *baguz, from Proto-Indo-European *g'h2ou-, 'to bend'"}]
Error: Extra data: line 1 column 846 (char 845)

Content: [{"word": "build", "ipa": "/bld/", "etymology": "Old English bycelan"}, {"word": "builder", "ipa": "/bldr/", "etymology": "From Old English becealdor, from beceal (built) + lord"}, {"word": "buildup", "ipa": "/bldp/", "etymology": "From build + up"}, {"word": "built", "ipa": "/bult/", "etymology": "Old English bycelen"}, {"word": "bulbous", "ipa": "/blbs/", "etymology": "From Latin bulbus, ultimately from Greek bulbe," + " meaning root or base"}, {"word": "bulging", "ipa": "/blj/", "etymology": "Old English bycelen + -ing"}, {"word": "bull", "ipa": "/bl/", "etymology": "From Old English blle, from Latin taureau"}, {"word": "bulldog", "ipa": "/bld/", "etymology": "Origin unknown, but it may be derived from Dutch boelendog, a type of dog used for bull-baiting"}, {"word": "bullish", "ipa": "/bl/", "etymology": "From Old French boulenc (bold)"}, {"word": "bum", "ipa": "/bm/", "etymology": "Old English beame, of uncertain origin"}]
Error: Expecting ',' delimiter: line 1 column 424 (char 423)

Content: [{"word": "bummer", "ipa": "/bmr/", "etymology": "Origin unknown; perhaps a dialectal variant of bum or an alteration of bomb"}, {"word": "bumpy", "ipa": "/bmpi/", "etymology": "Old English bumpe, from be- +umpa; akin to German Bmpel"}, {"word": "bun", "ipa": "/bn/", "etymology": "Originally meaning 'round loaf of bread,' from Old Norse bunn}, {"word": "bungler", "ipa": "/bglr/", "etymology": "1832, American English, alteration of Bengal tiger, so called because the British East India Company recruited soldiers in Bengal who were clumsy or incompetent"}, {"word": "bunion", "ipa": "/bun/", "etymology": "1640s, alteration of French bousier (in medical use since mid-15c.), from Old French bosse "hump, swelling," from Gallo-Romance *bussa "bump"}, {"word": "bunk", "ipa": "/bk/", "etymology": "Middle English, variant of bank (slope)"}, {"word": "bunker", "ipa": "/bkr/", "etymology": "1752, from Dutch or German Bunker 'barrack', ultimately from Old Norse bunke 'bench'"}, {"word": "bunny", "ipa": "/bni/", "etymology": "Middle English, alteration of Middle Dutch boninc (modern Dutch konijn), ultimately of Celtic origin; compare Welsh cwn y cerrig 'rabbit of the stones'"}, {"word": "buns", "ipa": "/bnz/", "etymology": "Old English bunne, plural of bunn}, {"word": "buoy", "ipa": "/bu/", "etymology": "Middle English boue, from Old French boue, alteration of Old North French buie 'float', from Latin bucca, literally 'bucket,' because the original float was shaped like a bucket"}]
Error: Expecting ',' delimiter: line 1 column 349 (char 348)

Content: [{"word": "cafe", "ipa": "/kfi/", "etymology": "French, from caf, from Arabic qahwah"}, {"word": "cage", "ipa": "/kd/", "etymology": "Old Norse kaugr, from Latin cagea"}, {"word": "caged", "ipa": "/kedd/", "etymology": "From cage + ed"}, {"word": "cagey", "ipa": "/ki/", "etymology": "From cage + -ey"}, {"word": "cahoots", "ipa": "/kehutz/", "etymology": "Origin unknown, probably altered from dialectal American English kee-hutts (from Dutch kabouwt 'monkey'"), {"word": "cake", "ipa": "/kk/", "etymology": "Old Northern French cake, from Vulgar Latin cacare 'to weaken, emit excrement,' past participle of cacare 'defecate'"}, {"word": "calf", "ipa": "/kalf/", "etymology": "Old English calu, from Proto-Germanic *kalo-, from PIE *g(h)al-(a)-, variant form of root *gel- 'to flow, walk'"}, {"word": "calico", "ipa": "/klko/", "etymology": "From Portuguese calico, from Tamil kaiky or kali-kot (Korukottai)"}, {"word": "call", "ipa": "/kl/", "etymology": "Old English cealan, from Proto-Germanic *kal-, from PIE *g^{w}elh- 'to shout'"}, {"word": "caller", "ipa": "/klr/", "etymology": "From call + -er"}]
Error: Expecting ',' delimiter: line 1 column 462 (char 461)

Content: [{"word": "camping", "ipa": "/kmp/", "etymology": "From Old French campagne, from Vulgar Latin campania, from Latin campus field, plain."}, {"word": "can", "ipa": "/kan/", "etymology": "Old English canne, from Proto-Germanic *kanno-, from Proto-Indo-European *gw(i)n-, base of words for "to know"."}, {"word": "canary", "ipa": "/kenri/", "etymology": "From Canary Islands, Spanish Canarias"}, {"word": "Cancer", "ipa": "/knsr/", "etymology": "From Latin Cancer, Greek  Cracidios, diminutive of Kraken, meaning crab."}, {"word": "cancer", "ipa": "/knsr/", "etymology": "See Cancer"}, {"word": "candy", "ipa": "/kndi/", "etymology": "From Old North French candie, from Latin candidum pure, clear."}, {"word": "cane", "ipa": "/ken/", "etymology": "From Old French canne, from Latin canna, probably from Greek kanna reed."}, {"word": "canned", "ipa": "/knd/", "etymology": "See can"}, {"word": "cannery", "ipa": "/knri/", "etymology": "From English cannery, alteration of earlier canning house or canning factory, from can + -ing + -ery."}, {"word": "cannon", "ipa": "/knn/", "etymology": "From Middle French canon, from Latin canalus, diminutive of canna reed"}]
Error: Expecting ',' delimiter: line 1 column 289 (char 288)

Content: [{"word": "CEO", "ipa": "/si.o/", "etymology": "From French chef d'entreprise, from chef de (company) + entreprise"}, {"word": "certain", "ipa": "/srtn/", "etymology": "Old English scearafon, from scierian 'to distinguish'"}, {"word": "cervix", "ipa": "/sviks/", "etymology": "From Latin cervix, the neck of a deer, figuratively the neck or base of the uterus in anatomy"}, {"word": "chair", "ipa": "/kr/", "etymology": "Old English ceor 'a seat', from Proto-Germanic *karaz, from PIE *ker- 'a turn'"}, {"word": "chalet", "ipa": "/let/", "etymology": "From French chalet, of unknown origin; perhaps a diminutive of German chal (cabin)"}, {"word": "chalk", "ipa": "/k/", "etymology": "Old English clce, from Proto-Germanic *kalukaz, from PIE *kal- 'hard, rigid'"}, {"word": "chalky", "ipa": "/ki/", "etymology": "From chalk + -y"}, {"word": "champ", "ipa": "/mp/", "etymology": "Old French champ, from Latin campus 'plain, level ground'"}, {"word": "change", "ipa": "/nd/", "etymology": "Old English cangen, from Proto-Germanic *kankijan (compare Old Norse kanka, Dutch veranderen), from PIE *ghen- 'turn'",}, {"word": "chap", "ipa": "/p/", "etymology": "Old English cppian, from Proto-Germanic *kapjan (compare Old Norse kapja, Dutch kapot), from PIE *kap- 'to cut'"}]
Error: Illegal trailing comma before end of object: line 1 column 1106 (char 1105)

Content: [{"word": "chateau", "ipa": "/t/", "etymology": "French, from Old French chasteau, from cassis, a kind of house, from Latin castellum"}, {"word": "chatter", "ipa": "/chatr/", "etymology": "Old English ceccan"}, {"word": "chatty", "ipa": "/chat/", "etymology": "From chat + -y"}, {"word": "cheap", "ipa": "/tip/", "etymology": "From Old English cap, from Proto-Germanic *kab, from Proto-Indo-European *goh-bo-"}, {"word": "cheapen", "ipa": "/tipn/", "etymology": "From cheap + -en"}, {"word": "cheaply", "ipa": "/tipli/", "etymology": "From cheap + -ly"}, {"word": "cheater", "ipa": "/titr/", "etymology": "From cheat + -er"}, {"word": "checker", "ipa": "/tkr/", "etymology": "From check (n.) + -er"}, {"word": "checkup", "ipa": "/tekp/", "etymology": "From check (v.) + up"} ] Or for the shortest possible version: [ {"word": "chateau", "ipa": "/t/", "etymology": "Fr, cf. L castellum"}, {"word": "chatter", "ipa": "/chatr/", "etymology": "OE ceccan"}, {"word": "chatty", "ipa": "/chat/", "etymology": "From chat + -y"}, {"word": "cheap", "ipa": "/tip/", "etymology": "OG *kab, PIE *goh-bo-"}, {"word": "cheapen", "ipa": "/tipn/", "etymology": "From cheap + -en"}, {"word": "cheaply", "ipa": "/tipli/", "etymology": "From cheap + -ly"}, {"word": "cheater", "ipa": "/titr/", "etymology": "From cheat + -er"}, {"word": "checker", "ipa": "/tkr/", "etymology": "From check (n.) + -er"}, {"word": "checkup", "ipa": "/tekp/", "etymology": "From check (v.) + up"}]
Error: Extra data: line 1 column 778 (char 777)

Content: [{"word": "cop-out", "ipa": "/kpat/", "etymology": "American English slang, originally from gambling: to refuse to risk (money) on a particular play or hand, from cop + out"}, {"word": "copter", "ipa": "/kpr/", "etymology": "From helicopter; from Old French hlicoptre, from Ancient Greek  (Helikptros), literally 'wind-winged'"}, {"word": "copy", "ipa": "/kpi/", "etymology": "From Latin copia, meaning 'supply, abundance, resources'"}, {"word": "corn", "ipa": "/krn/", "etymology": "Old English corn; related to Old Norse kormr, Dutch koren, Old High German kouren}, {"word": "cornea", "ipa": "/krne/", "etymology": "From Latin cornea, from cornu 'horn'"}, {"word": "corner", "ipa": "/krnr/", "etymology": "Old English cornor; related to Old Norse hrn 'horn', Old High German horno}, {"word": "cornet", "ipa": "/krnt/", "etymology": "From French cornette, diminutive of corne 'horn'"}, {"word": "corny", "ipa": "/krn/", "etymology": "From Old English cornian, meaning 'to be horny', from corn 'horn'"}, {"word": "coroner", "ipa": "/krnr/", "etymology": "Middle English coroner, from Anglo-French corouner, from Old French couronner 'to crown', from Latin coronare; see crown"}]
Error: Expecting ',' delimiter: line 1 column 571 (char 570)

Content: { "word": "helicopter", "ipa": "/hlkptr/", "etymology": "From French hlicoptre, from the Greek helikos (, helix, 'spiral') + pteron (, wing)." } Word: ostrich { "word": "ostrich", "ipa": "/stri/", "etymology": "From Middle English astriche, from Old French astrique, from Medieval Latin strucus, from Greek hos (astrikhos), from  (astrix, 'ostrich'), akin to Greek  (ostrizomai, 'to pluck')." }
Error: Extra data: line 1 column 146 (char 145)

Content: [{"word": "couch", "ipa": "/kt/", "etymology": "From Old French couchier, from Latin collocare, from com- + locare"}, {"word": "cougar", "ipa": "/kur/", "etymology": "Early 19th century. Alteration of puma (after Sp. puma 'cat'), on model of bear (early 16th cent.)"}, {"word": "cough", "ipa": "/kf/", "etymology": "From Old English hufian, from huf 'huff' + -ian"}, {"word": "could", "ipa": "/kld/", "etymology": "From Old English culdan (past of cann), from Proto-Germanic *kelbdan, from Proto-Indo-European *kelbh-, from the root *kel- 'cover'"}, {"word": "country", "ipa": "/kntri/", "etymology": "Middle English: from Old French contree, based on Latin contrata (feminine of contratus), past participle of contrahere 'to draw close together', from com- + trahere 'to pull'"}, {"word": "county", "ipa": "/kanti/", "etymology": "Middle English: from Old French cont, based on Latin comitatus (from comes 'companion', from com- 'with' + -agere 'to drive'), literally 'retinue or followers of a count'"}, {"word": "courage", "ipa": "/kr/", "etymology": "From Old French coraige, from Latin cor heart + agere 'to act'"}, {"word": "covered", "ipa": "/kvrd/", "etymology": "From Old English hufian, from huf 'huff' + -ian"}, {"word": "covers", "ipa": "/kuvrz/", "etymology": "From Old English hufian, from huf 'huff' + -ian"} ] {"word": "covet", "ipa": "/kvet/", "etymology": "From Old French coveter, from Latin cupere 'to desire'"}]
Error: Extra data: line 1 column 1327 (char 1326)

Content: [{"word": "cream", "ipa": "/krim/", "etymology": "Old English crome, from crawan 'to churn'"}, {"word": "creamy", "ipa": "/krmi/", "etymology": "From cream + -y (adjective suffix)"}, {"word": "crease", "ipa": "/kriz/", "etymology": "Middle English: from Old Norse kreisa 'to twist'"}, {"word": "creepy", "ipa": "/krp/", "etymology": "From creep + -y (adjective suffix)"}, {"word": "cremate", "ipa": "/krimt/", "etymology": "From Latin cremare 'to burn, incinerate'"}, {"word": "creole", "ipa": "/kreol/", "etymology": "French: a native or inhabitant of a colony; from Old French crol, derived from Latin crela, 'native of the country, native-born, domestic'"}, {"word": "crepe", "ipa": "/kep/", "etymology": "From Old French cripe, from Medieval Latin crispa 'curled or waved'"}, {"word": "crept", "ipa": "/kript/", "etymology": "Old English crepian 'to creep'}, {"word": "crib", "ipa": "/krb/", "etymology": "Middle English: abbreviation of Middle English crype, from Old Norse kryppr 'hut'"}, {"word": "crick", "ipa": "/krk/", "etymology": "Old English cricca 'a joint, a hinge'; related to Old Norse kraka 'to crack', Greek kerkis 'neck'"}]
Error: Expecting ',' delimiter: line 1 column 866 (char 865)

Content: [{"word": "honk", "ipa": "/hk/", "etymology": "From Dutch hok, imitative of the sound"}, {"word": "honor", "ipa": "/hnr/", "etymology": "From Latin honos}, {"word": "honors", "ipa": "/hnrz/", "etymology": "From Latin honores, third-person singular present of honorare (to honor)"}, {"word": "hood", "ipa": "/hd/", "etymology": "From Old English hd}, {"word": "hooded", "ipa": "/hdd/", "etymology": "Past participle of hood (to put on a hood)"}, {"word": "hooked", "ipa": "/hkid/", "etymology": "From past participle of hook (to bend into a hook shape)"}, {"word": "hooker", "ipa": "/hukr/", "etymology": "Originally, a sailor who mends sails and handles anchors. Later, used as a derogatory term for a prostitute."}, {"word": "hookey", "ipa": "/hki/", "etymology": "From hokeypokey (a children's game)"}, {"word": "hoop", "ipa": "/hup/", "etymology": "From Old English hop, from hopen (to leap or spring up)"}]
Error: Expecting ',' delimiter: line 1 column 159 (char 158)

Content: [{"word": "hooray", "ipa": "/hure/", "etymology": "Originally, an exclamation used in horse racing. It comes from the French phrase 'hurrah!' meaning cheer or shout."}, {"word": "hoot", "ipa": "/hut/", "etymology": "Old English hutta, from Old Norse hautr"}, {"word": "hooves", "ipa": "/huvz/", "etymology": "From Old English hof (plural hofas)"}, {"word": "hope", "ipa": "/hop/", "etymology": "Old English hopa"}, {"word": "hornet", "ipa": "/hrnt/", "etymology": "From Old French ornes, from Latin cornuta (horned)"}, {"word": "horny", "ipa": "/hrni/", "etymology": "From the shape of the horn-like structures on some animals. Its usage to mean sexually aroused is a more recent development."}, {"word": "horrid", "ipa": "/hrid/", "etymology": "Old English hrorod, from hro (terror) + rod (rule)"}, {"word": "horse", "ipa": "/hrs/", "etymology": "From Old English hors, from Proto-Germanic *khursuz, from PIE *k'er- (to move)"}, {"word": "hospice", "ipa": "/hsps/", "etymology": "From Latin hospitium (guest house)"}, {"word": "hostess", "ipa": "/hsts/", "etymology": "From Old French hostesse, from hoste (guest) + esser (to be)}]
Error: Unterminated string starting at: line 1 column 1070 (char 1069)

Content: [{"word": "huh", "ipa": "/hu/", "etymology": "Origin unknown, possibly imitative"}, {"word": "hulk", "ipa": "/hlk/", "etymology": "Old English hyluc, from hulian 'to push'}, {"word": "human", "ipa": "/hjumn/", "etymology": "From Latin humanus"}, {"word": "humanly", "ipa": "/hjumnl/", "etymology": "From Old English humenlic"}, {"word": "humbly", "ipa": "/hmbli/", "etymology": "From Old English humel 'humble, low'"}, {"word": "humor", "ipa": "/hjumr/", "etymology": "Latin humoris"}, {"word": "hump", "ipa": "/hmp/", "etymology": "Old English heomp"}, {"word": "hundred", "ipa": "/hntd/", "etymology": "From Old English hundrde, from hund 'hundred' + rea 'counting'"}, {"word": "hung", "ipa": "/hd/ (past tense) /hk/ (participle)", "etymology": "Old English hangian 'to hang'}]
Error: Expecting ',' delimiter: line 1 column 177 (char 176)

Content: { "word": "hungry", "ipa": "/hri/", "etymology": "Old English *hungor*, from Proto-Germanic **hangrn-* (\"thirst, hunger\"), from Proto-Indo-European **keng-er-*" (\"to lack, to be empty\")" }
Error: Expecting ',' delimiter: line 1 column 164 (char 163)

Content: [{"word": "invite", "ipa": "/nvat/", "etymology": "From Latin invitare, from in- + vivere to live"}, {"word": "inward", "ipa": "/nwrd/", "etymology": "Old English inweard"}, {"word": "inwards", "ipa": "/nwrds/", "etymology": "Plural of inward"}, {"word": "IOU", "ipa": "/aju/", "etymology": "Acronym from Latin I Owe You"}, {"word": "IQ", "ipa": "/ait/", "etymology": "From German Intelligencequotient"}, {"word": "IRA", "ipa": "/ar/", "etymology": "Acronym for Irish Republican Army"}, {"word": "Irish", "ipa": "/ar/", "etymology": "From Old English risc or Norse Irsjarekingja, from rland, Ireland"}, {"word": "irk", "ipa": "/rk/", "etymology": "Middle English erken, from Old Norse arka"}, {"word": "ironing", "ipa": "/arn/", "etymology": "From Old French enferrer 'to fold'}]
Error: Unterminated string starting at: line 1 column 743 (char 742)

Content: [{"word": "is", "ipa": "/z/", "etymology": "Old English (ge)is"}, {"word": "Islam", "ipa": "/slm/", "etymology": "Arabic Islm, from  (salm) peace"}, {"word": "Islamic", "ipa": "/slmk/", "etymology": "From Arabic Islm, from Islm"}, {"word": "island", "ipa": "/zlnd/", "etymology": "Old English igr-lond"}, {"word": "isle", "ipa": "/azl/", "etymology": "Old English sla, from sel sea-horses (the name of floating blocks of land)"}, {"word": "isn't", "ipa": "/znt/", "etymology": "Contraction of am not is"}, {"word": "isthmus", "ipa": "/stms/", "etymology": "From Greek isthmos, from istnai to choke or stop up"}, {"word": "Italian", "ipa": "/tlin/", "etymology": "From Italian Italiano"}, {"word": "italic", "ipa": "/tlik/", "etymology": "From Italian italico"}, {"word": "itch", "ipa": "/t/", "etymology": "Old English itecan, from c- + can}]
Error: Unterminated string starting at: line 1 column 807 (char 806)

Content: [{"word": "jaws", "ipa": "/dz/", "etymology": "Old English gafas, from ge- (toward) + of (off) + haufs (jaw)"}, {"word": "jazz", "ipa": "/dz/", "etymology": "From the African American Jazz language, from blues jazz"}, {"word": "jazzy", "ipa": "/dz/", "etymology": "From the adjective form of jazz, meaning having characteristics of jazz music or culture"}, {"word": "Jeep", "ipa": "/dip/", "etymology": "Originally called "Quad", from American Egyptian Arabic abbreviation for G.P., General Purpose vehicle"}, {"word": "jeez", "ipa": "/dts/", "etymology": "Interjection of mild surprise or annoyance, probably derived from Jesus or God's name used as an exclamation."}, {"word": "Jell-O", "ipa": "/dlo/", "etymology": "Trademarked brand name for gelatin desserts, from the Gelatine Corporation in 1897"}, {"word": "jerkily", "ipa": "/drkli/", "etymology": "From the verb jerk + -ly (adverb ending)"}, {"word": "jerky", "ipa": "/dki/", "etymology": "Old English gearaca, from gar (spear) + -ac (diminutive suffix), related to the modern German Gericke and Dutch gehakte wiess, both meaning dried meat"}, {"word": "jersey", "ipa": "/drs/", "etymology": "From Jersey Island, Channel Islands, where the garment was first made"}]
Error: Expecting ',' delimiter: line 1 column 424 (char 423)

Content: [{"word": "laden", "ipa": "/ldn/", "etymology": "Old English hladdan"}, {"word": "ladle", "ipa": "/ldl/", "etymology": "From Middle English laddle, from Old Norse lill"}, {"word": "lady", "ipa": "/ldi/", "etymology": "Old English hldige, from hld 'happy' or 'bright'"}, {"word": "ladybug", "ipa": "/ladib/", "etymology": "From lady + bug"}, {"word": "laid", "ipa": "/led/", "etymology": "Old English leahtan"}, {"word": "lain", "ipa": "/len/", "etymology": "Present participle of lie"}, {"word": "lair", "ipa": "/ler/", "etymology": "From Old Norse lairr, from Proto-Germanic *lagaz, *lagjaz"}, {"word": "lake", "ipa": "/lek/", "etymology": "Old English lacu"} ] {"word": "lamb", "ipa": "/lm/", "etymology": "Old English lmb, from Proto-Germanic *lamba-z"}, {"word": "lame", "ipa": "/lem/", "etymology": "From Old English hlame"} {"word": "limerick", "ipa": "/lamrk/", "etymology": "From the Irish city of Limerick, where a humorous verse-form was developed in the 18th century"}]
Error: Extra data: line 1 column 664 (char 663)

Content: { "word": "lamb", "ipa": "/lmbe/", "etymology": "Old English *hlmb, hlf-mele*, from Proto-Germanic **hlaumaz* (cf. Old Norse *hlammir*), from Latin *agellus*, diminutive of *agellus*, from Greek *agellos* (\"\_\_\"), meaning 'kid' or 'lamb'" }
Error: Invalid \escape: line 1 column 209 (char 208)

Content: [{"word": "leggy", "ipa": "/ledi/", "etymology": "From Old English hloge, meaning 'long-legged'"}, {"word": "legibly", "ipa": "/ljbli/", "etymology": "From Latin legere (to read) + -ible (capable of)"}, {"word": "legit", "ipa": "/ledt/", "etymology": "From Latin legitimus, meaning 'lawful'"}, {"word": "lemon", "ipa": "/lmn/", "etymology": "From Arabic limun or Persian lmn"}, {"word": "lend", "ipa": "/lend/", "etymology": "Old English ln(d)an, from lon (loan)"}, {"word": "lender", "ipa": "/lndr/", "etymology": "From Old English lner, from lon (loan)"}, {"word": "length", "ipa": "/leng/", "etymology": "Old English lencth"}, {"word": "Lent", "ipa": "/lnt/", "etymology": "From Old English Lencten, from Latin Lenticula (little spring)"}, {"word": "lent", "ipa": "/lent/", "etymology": "Past tense of Old English ln(d)an, from lon (loan)"}, {"word": "lentil", "ipa": "/lntl/", "etymology": "From Latin lenticula (little lentil), diminutive of lens (lentil)}]
Error: Unterminated string starting at: line 1 column 895 (char 894)

Content: [{"word": "limo", "ipa": "/lmo/", "etymology": "From Italian limousine"}, {"word": "line", "ipa": "/lan/", "etymology": "Old English lne"}, {"word": "lined", "ipa": "/lnd/", "etymology": "Past tense of line"}, {"word": "linens", "ipa": "/lnnz/", "etymology": "From Latin linum"}, {"word": "liner", "ipa": "/lanr/", "etymology": "From French liner"}, {"word": "lines", "ipa": "/lanz/", "etymology": "Old English lne, plural of line"}, {"word": "lineup", "ipa": "/lanup/", "etymology": "From line + up (to arrange in a row)"}, {"word": "lingo", "ipa": "/lo/", "etymology": "From Italian lingua (language)"}, {"word": "lining", "ipa": "/lan/", "etymology": "From Old English lne + ing (something that is in)"}, {"word": "linkage", "ipa": "/lkd/", "etymology": "From link + age (connection or relationship)}]
Error: Unterminated string starting at: line 1 column 758 (char 757)

Content: [{"word": "lint", "ipa": "/lnt/", "etymology": "From Middle English lente, from Old English leoht-lan," + " related to leoht light"}, {"word": "lion", "ipa": "/ln/", "etymology": "From Latin le, via Old French liun"}, {"word": "lip", "ipa": "/lp/", "etymology": "From Old English hlf"}, {"word": "liqueur", "ipa": "/likyr/", "etymology": "From French liqueur, from Latin liquefacere," + " to make liquid"}, {"word": "lisp", "ipa": "/lsp/", "etymology": "Short for sigh hispe, imitating the sound of lisping speech."}, {"word": "listen", "ipa": "/lstn/", "etymology": "From Old English hlstan"}, {"word": "lit", "ipa": "/lt/", "etymology": "Short form of light"}, {"word": "lite", "ipa": "/lat/", "etymology": "From Middle English leyten, from Old English hltan," + " variant of light}, {"word": "liter", "ipa": "/ltr/", "etymology": "From Latin littera 'letter'"}, {"word": "little", "ipa": "/ltl/", "etymology": "From Old English hltan 'to shrink, creep," + "' to be little or small'}]
Error: Expecting ',' delimiter: line 1 column 105 (char 104)

Content: liturgy
Error: expected string or bytes-like object, got 'NoneType'

Content: livable
Error: expected string or bytes-like object, got 'NoneType'

Content: live
Error: expected string or bytes-like object, got 'NoneType'

Content: lively
Error: expected string or bytes-like object, got 'NoneType'

Content: liven
Error: expected string or bytes-like object, got 'NoneType'

Content: lives
Error: expected string or bytes-like object, got 'NoneType'

Content: living
Error: expected string or bytes-like object, got 'NoneType'

Content: llama
Error: expected string or bytes-like object, got 'NoneType'

Content: Ln.
Error: expected string or bytes-like object, got 'NoneType'

Content: loaded
Error: expected string or bytes-like object, got 'NoneType'

Content: [{"word": "marina", "ipa": "/mrn/", "etymology": "From Latin marinus (sea)"}, {"word": "Marine", "ipa": "/mern/", "etymology": "Shortened form of Marine Corps"}, {"word": "mariner", "ipa": "/mrnr/", "etymology": "From Latin marinus (sea) + -er (one who does something)"}, {"word": "mark", "ipa": "/mrk/", "etymology": "Old English mrc"}, {"word": "market", "ipa": "/mrket/", "etymology": "From Old French merchet, from Latin mercatus (shop, market)"}, {"word": "marking", "ipa": "/mrk/", "etymology": "From mark + -ing (verb ending)"}, {"word": "markup", "ipa": "/mrkp/", "etymology": "From mark + up (as in increase, raise)"}, {"word": "maroon", "ipa": "/mrun/", "etymology": "From Spanish marrn (brown)"}, {"word": "marquee", "ipa": "/mrki/", "etymology": "From French marqu (marked, branded)"} ] {"word": "married", "ipa": "/mrd/", "etymology": "Old English mrigean (to betroth)"}]
Error: Extra data: line 1 column 800 (char 799)

Content: [{"word": "marrow", "ipa": "/meru/", "etymology": "From Old English mre, from Proto-Germanic *mahr, from Proto-Indo-European *mr- 'fat'"}, {"word": "marry", "ipa": "/mr/", "etymology": "From Old English marian, from Proto-Germanic *markijanan, from Proto-Indo-European *mer- 'strong'"}, {"word": "Mars", "ipa": "/mrz/", "etymology": "From Latin Martis (genitive Martis), probably from a Proto-Indo-European root *mant-, meaning 'glow, shine'"}, {"word": "marshy", "ipa": "/mri/", "etymology": "From Old English merecge, from mere 'marsh' + icgan 'to be in the habit of'"}, {"word": "mart", "ipa": "/mrt/", "etymology": "From Old English mrete, from Latin martri (verb), from martyris (noun), probably from Greek mrtus 'witness, testifier'"}, {"word": "Martian", "ipa": "/mrtn/", "etymology": "From Latin Martia (feminine of Martis) or Martius (masculine of Martis), referring to the Roman god Mars"}, {"word": "martyr", "ipa": "/mtr/", "etymology": "From Greek mrtus 'witness, testifier'"}, {"word": "Marxism", "ipa": "/mkzm/", "etymology": "From the name of Karl Marx (1818-1883), German social philosopher and economist"}, {"word": "Marxist", "ipa": "/mrkist/", "etymology": "An adherent or follower of the political and economic theories developed by Karl Marx"} ] {"word": "masc.", "ipa": "/msk/", "etymology": "From Latin masculnus, from masculus 'male'"}]
Error: Extra data: line 1 column 1269 (char 1268)

Content: mover
Error: expected string or bytes-like object, got 'NoneType'

Content: movie
Error: expected string or bytes-like object, got 'NoneType'

Content: movies
Error: expected string or bytes-like object, got 'NoneType'

Content: mow
Error: expected string or bytes-like object, got 'NoneType'

Content: mower
Error: expected string or bytes-like object, got 'NoneType'

Content: mown
Error: expected string or bytes-like object, got 'NoneType'

Content: mpg:
Error: expected string or bytes-like object, got 'NoneType'

Content: mph:
Error: expected string or bytes-like object, got 'NoneType'

Content: Mr.
Error: expected string or bytes-like object, got 'NoneType'

Content: Mrs.
Error: expected string or bytes-like object, got 'NoneType'

Content: [{"word": "myself", "ipa": "/mslf/", "etymology": "From Old English m and slf, meaning me and self"}, {"word": "mystery", "ipa": "/mst()ri/", "etymology": "From Greek mustrion"}, {"word": "mystic", "ipa": "/mstk/", "etymology": "From Greek mysterion"}, {"word": "mystify", "ipa": "/mstifa/", "etymology": "From Latin mystificare, from Greek musterzomai}, {"word": "N", "ipa": "/ei/", "etymology": "Symbol for Neutron"}, {"word": "nab", "ipa": "/nb/", "etymology": "Origin uncertain, possibly a dialect variant of nab (to take)"}, {"word": "nag", "ipa": "/ng/", "etymology": "Origin unknown, perhaps related to Old Norse knakkja, to strike or beat"}, {"word": "nagging", "ipa": "/n/", "etymology": "From nag + ing (present participle suffix)"}, {"word": "naively", "ipa": "/nvli/", "etymology": "From French naf, from Latin nativus, native"}, {"word": "name", "ipa": "/nem/", "etymology": "From Old English nama"}]
Error: Expecting ',' delimiter: line 1 column 358 (char 357)

Content: { "word": "noun", "ipa": "/nan/", "etymology": "Old French *nom* < Latin *nomen* < Proto-Indo-European **nem-* 'name'." }, { "word": "example", "ipa": "/ksmpl/", "etymology": "Latin *exemplum* (noun) < Latin *ex-* + *emplere*, fill up, supply, replace < *em-* in a + *plere*, fill. The word was used to refer to a model or pattern." }, { "word": "university", "ipa": "/jnvrst/", "etymology": "Latin *universitas* (feminine noun) < Latin *universus* (adjective) meaning 'common, public', from *unus* 'one' + *versare*, to turn. It was a term for corporate bodies or associations of various kinds." }, { "word": "vocabulary", "ipa": "/vkblri/", "etymology": "Middle English *vocabularie* < Old French *vocabulier* < Medieval Latin *vocabularius*, adjective from *vocabulum* (noun) meaning 'word, phrase' from Latin *vox* (genitive *vocis*) 'voice' + *-abulum*, diminutive suffix." }, { "word": "etymology", "ipa": "/tmldi/", "etymology": "From the French noun *tymologie* < Latin *atymologa* (genitive *atymologiae*) < Greek  *aita* 'cause, reason' +  *logos* 'word, discourse, argument'. The term was used to study the origin and history of words." }, { "word": "phonology", "ipa": "/fnldi/", "etymology": "From the French noun *phonologie* < Ancient Greek  *phn*, genitive  *phns* (feminine noun) 'voice' + - *-logia* (suffix), 'discourse about', from the verb  *lgainein* 'to speak, say'. The term was used to study the structure of speech sounds in language." }, { "word": "research", "ipa": "/risrt/", "etymology": "Middle English *recerche* < Old French *recercar*, from Latin *circrcare* (verb) meaning 'to search around', from *circa* 'around' + *arcare* 'to enclose, surround'. The word originally referred to searching for something lost." }, { "word": "vocabulary", "ipa": "/vkblri/", "etymology": "Middle English *vocabularie* < Old French *vocabulier* < Medieval Latin *vocabularius*, adjective from *vocabulum* (noun) meaning 'word, phrase' from Latin *vox* (genitive *vocis*) 'voice' + -*abulum*, diminutive suffix." }
Error: Extra data: line 1 column 122 (char 121)

Content: newness
Error: expected string or bytes-like object, got 'NoneType'

Content: news
Error: expected string or bytes-like object, got 'NoneType'

Content: newsy
Error: expected string or bytes-like object, got 'NoneType'

Content: newt
Error: expected string or bytes-like object, got 'NoneType'

Content: next
Error: expected string or bytes-like object, got 'NoneType'

Content: NFL
Error: expected string or bytes-like object, got 'NoneType'

Content: NHL
Error: expected string or bytes-like object, got 'NoneType'

Content: nibble
Error: expected string or bytes-like object, got 'NoneType'

Content: nice
Error: expected string or bytes-like object, got 'NoneType'

Content: nicely
Error: expected string or bytes-like object, got 'NoneType'

Content: nick
Error: expected string or bytes-like object, got 'NoneType'

Content: niece
Error: expected string or bytes-like object, got 'NoneType'

Content: nifty
Error: expected string or bytes-like object, got 'NoneType'

Content: nigger
Error: expected string or bytes-like object, got 'NoneType'

Content: night
Error: expected string or bytes-like object, got 'NoneType'

Content: nightie
Error: expected string or bytes-like object, got 'NoneType'

Content: nightly
Error: expected string or bytes-like object, got 'NoneType'

Content: nights
Error: expected string or bytes-like object, got 'NoneType'

Content: nil
Error: expected string or bytes-like object, got 'NoneType'

Content: nimbly
Error: expected string or bytes-like object, got 'NoneType'

Content: numeral
Error: expected string or bytes-like object, got 'NoneType'

Content: nun
Error: expected string or bytes-like object, got 'NoneType'

Content: nurse
Error: expected string or bytes-like object, got 'NoneType'

Content: nut
Error: expected string or bytes-like object, got 'NoneType'

Content: nutmeg
Error: expected string or bytes-like object, got 'NoneType'

Content: nuts
Error: expected string or bytes-like object, got 'NoneType'

Content: nutty
Error: expected string or bytes-like object, got 'NoneType'

Content: nuzzle
Error: expected string or bytes-like object, got 'NoneType'

Content: NW
Error: expected string or bytes-like object, got 'NoneType'

Content: nylon
Error: expected string or bytes-like object, got 'NoneType'

Content: [{"word": "octopi", "ipa": "/ktpi/", "etymology": "Plural of octopus, from Greek  (oktpous), meaning 'eight feet'"}, {"word": "OD", "ipa": "/didi/", "etymology": "Initialism for Original Designation in psychology"}, {"word": "oddity", "ipa": "/dti/", "etymology": "Old English odyd, from Latin odis 'aversion'"}, {"word": "oddly", "ipa": "/dl/", "etymology": "From Old English adle 'strangely, oddly'"}, {"word": "oddness", "ipa": "/dns/", "etymology": "From Old English adnys, from ad + nis 'condition'"}, {"word": "ode", "ipa": "/od/", "etymology": "From Greek aoid (aoid), meaning 'I sing'"} ] { "word": "odor", "ipa": "/dr/", "etymology": "From Latin odor, from od-, odo- + -or 'flowing' (related to English own), referring to the act of emanating or flowing out" }]
Error: Extra data: line 1 column 598 (char 597)

Content: [{"word": "abnormally", "ipa": "/bnrml/, "etymology": "From Latin abnormalis"}, {"word": "abolitionist", "ipa": "/blnst/", "etymology": "From Latin abolitio"}, {"word": "abominable", "ipa": "/bominbl/", "etymology": "From Latin abominis"}, {"word": "aborigine", "ipa": "/brin/, "etymology": "From Latin ab originem"}, {"word": "about-face", "ipa": "/bat fes/", "etymology": "From Middle English aboutface"}, {"word": "aboveboard", "ipa": "/bvbrd/", "etymology": "From Middle English above bord"}, {"word": "abrasively", "ipa": "/brsivli/, "etymology": "From Latin abrasivus"}, {"word": "abridgment", "ipa": "/brdmnt/, "etymology": "From Latin brevia"}, {"word": "abruptly", "ipa": "/brptli/, "etymology": "From Latin abruptus"}, {"word": "abruptness", "ipa": "/brptns/, "etymology": "From Latin abruptus"}]
Error: Expecting ',' delimiter: line 1 column 43 (char 42)

Content: { "word": "abnormally", "ipa": "/bnrml/, "etymology": "From Latin *abnormalis ('not like the others')" }
Error: Expecting ',' delimiter: line 1 column 43 (char 42)

Content: { "word": "abnormal", "ipa": "/nrml/, "etymology": "From Latin *abnormalis, from *ab- 'away from' + normalis 'normal'" }
Error: Expecting ',' delimiter: line 1 column 40 (char 39)

Content: { "word": "about-face", "ipa": "/bat fes/, "etymology": "From Middle English *abodeface, from Old French *a-boute-faze 'against the face, about-face', from Latin *ab versus faciem 'against the face'. From Latin *licere 'to set free, loosen' + faciem 'face'.", }
Error: Expecting ',' delimiter: line 1 column 45 (char 44)

Content: { "word": "abrasively", "ipa": "/brsivsli/, "etymology": "From Latin *abrasius 'rough, harsh' + -ly" }
Error: Expecting ',' delimiter: line 1 column 46 (char 45)

Content: { "word": "abridgment", "ipa": "/brdmnt/, "etymology": "From Middle French *abridgment, from Latin *abridare 'to shorten, abbreviate'" }
Error: Expecting ',' delimiter: line 1 column 44 (char 43)

Content: [{"word": "afterlife", "ipa": "/ftrlaf/", "etymology": "From Old English eaftes lif, from aft (af) + life, meaning after life"}, {"word": "afternoon", "ipa": "/ftnn/", "etymology": "From Old French apres-diien (after day), literally 'after the day'}, {"word": "aftershave", "ipa": "/aftrev/", "etymology": "Combination of after (meaning 'following') + shave (the action or fact of shaving)"}, {"word": "aftershock", "ipa": "/ftrk/", "etymology": "From after (meaning 'immediately following') + shock (a sudden jolt or severe shock)"}, {"word": "afterthought", "ipa": "/aftrt/", "etymology": "From Old English ftergiet (after thought), from fter + giet, a- + gietan, to think"}, {"word": "afterward", "ipa": "/aftrwrd/", "etymology": "From Old English eaftweard (in the direction of the after part of the day), from aft + weard, meaning guard or watch"}, {"word": "afterwards", "ipa": "/aftrwrz/", "etymology": "From Old English eaftweardse, from aft + weard (watch) + -s (plural marker), meaning in the direction of the after part of the day"}, {"word": "aggravating", "ipa": "/rvati/", "etymology": "From Middle English aggreuaten, from Latin aggravare (to make heavier or more burdensome)"}, {"word": "aggressively", "ipa": "/resvli/", "etymology": "From Old French agressif, from Latin aggressivus, present participle of aggressus, past participle of ago (to attack) + -ive"}]
Error: Expecting ',' delimiter: line 1 column 254 (char 253)

Content: [{"word": "aimlessly", "ipa": "/emlssli/", "etymology": "From Old English egnemlec, meaning 'without aim'"}, {"word": "air base", "ipa": "/r bs/", "etymology": "Air (from Old English ere) + base (from Middle English basse, from Old French basse)}"], {"word": "air-conditioned", "ipa": "/r kndindid/", "etymology": "Air (from Old English ere) + conditioned (past participle of condition)"}, {"word": "air conditioner", "ipa": "/r kndinr/", "etymology": "Air (from Old English ere) + conditioner (a person or thing that conditions, from Middle English condition)"}, {"word": "air conditioning", "ipa": "/r kndin/", "etymology": "Air (from Old English ere) + conditioning (noun form of condition)"}, {"word": "aircraft", "ipa": "/rflet/", "etymology": "Air (from Old English ere) + craft (from Old English craeft, skill or handiwork)"}, {"word": "aircraft carrier", "ipa": "/rflet krdr/", "etymology": "Aircraft (from Old English ere and craft) + carrier (one who carries, from Old French carrier)"}, {"word": "airfield", "ipa": "/rfild/", "etymology": "Air (from Old English ere) + field (open country, from Old English feld)"}, {"word": "air force", "ipa": "/r frs/", "etymology": "Air (from Old English ere) + force (power or energy, from Old French force)}]
Error: Expecting ',' delimiter: line 1 column 248 (char 247)

Content: [{"word": "all-star", "ipa": "/l str/", "etymology": "From the phrase 'a league star'"}, {"word": "alluring", "ipa": "/ljr/", "etymology": "From Old French allurer, 'to attract, draw'"}, {"word": "alma mater", "ipa": "/lm mtr/", "etymology": "Latin phrase meaning 'nourishing mother', a term for a school or university one attended"}, {"word": "almighty", "ipa": "/l mati/", "etymology": "From Old English almihtig, from alh- 'all' + miht 'power'"}, {"word": "alphabetical", "ipa": "/l fbetkl/", "etymology": "From Latin alpha, the first letter of the Greek alphabet + beta, the second"}, {"word": "alphabetically", "ipa": "/l fbetkl i/", "etymology": "Adverb form of 'alphabetical'"}, {"word": "alteration", "ipa": "/l trn/", "etymology": "From Old French alterer, from Latin alternare, to change places with another, alternate"}, {"word": "alternately", "ipa": "/l trnlti/", "etymology": "Adverb form of 'alternate'"}, {"word": "alternation", "ipa": "/l trnen/", "etymology": "From Latin alternatio, from alter 'other'}]
Error: Unterminated string starting at: line 1 column 979 (char 978)

Content: [{"word": "amputation", "ipa": "/mpjutn/", "etymology": "From Latin amputare, from ambi- 'about' + pungere 'to prick'"}, {"word": "amusement park", "ipa": "/mzwmnt pk/", "etymology": "American English combination of amusement and park"}, {"word": "anachronistic", "ipa": "/nkrnstk/", "etymology": "From Greek ana- 'back' + khronos 'time' + -istic"}, {"word": "analyses", "ipa": "/nlsiz/", "etymology": "From Latin anlysis, from Greek an- 'up' + lysis 'loosing, resolving'"}, {"word": "analytic", "ipa": "/nltk/", "etymology": "From Greek analutikos, present participle of analu 'to solve, loosen'"}, {"word": "anatomical", "ipa": "/ntmkl/", "etymology": "From Greek anatome 'dissection', from ana- 'up' + temnein 'to cut'"}, {"word": "ancestry", "ipa": "/nsstr/", "etymology": "Old French auncesterre, from Latin ancestor + terra 'earth, land'"}, {"word": "anchorman", "ipa": "/krmn/", "etymology": "Alteration of anchor + man"}, {"word": "anchorwoman", "ipa": "/krwomn/", "etymology": "Alteration of anchor + woman"} {"word": "anesthesia", "ipa": "/nstizi/", "etymology": "From Greek an- 'not' + astheneia 'weakness'"}]
Error: Expecting ',' delimiter: line 1 column 1019 (char 1018)

Content: [{"word": "avaricious", "ipa": "/vrs/", "etymology": "From Latin avaritia, from avarus, greedy"}, {"word": "avoidable", "ipa": "/vadb()l/", "etymology": "Old English ofydan, to avoid"}, {"word": "avoidance", "ipa": "/vidns/", "etymology": "From Old French evasier, from Latin evadere, to escape"}, {"word": "awakening", "ipa": "/wekni/", "etymology": "Middle English awakenen, from Old English cennan"}, {"word": "awe-inspiring", "ipa": "/onspr/", "etymology": "From Middle English awe, wonder, and inspiring, full of spirit"}, {"word": "awkwardly", "ipa": "/kwrdli/", "etymology": "Old English ecwerdlic, crooked, from ecwear, twisted"}, {"word": "awkwardness", "ipa": "/kwdns/", "etymology": "Old English ecweardnys, akin to Middle Dutch ecwerdich and Dutch geknikt"}, {"word": "axiomatic", "ipa": "/ksimtk/", "etymology": "From Greek axma, self-evident truth"}, {"word": "baby boom", "ipa": ["/"bebi bm/", "/be.bi bom/"], "etymology": "From the rapid increase in birth rate following World War II"}, {"word": "baby boomer", "ipa": "/bebi bmr/", "etymology": "The term given to people born between 1946 and 1964, when the baby population 'boomed' after World War II"}]
Error: Expecting ',' delimiter: line 1 column 899 (char 898)

Content: [{"word": "backside", "ipa": "/bksad/", "etymology": "Old English beacan-sidan, meaning 'behind the hip'}, {"word": "backstage", "ipa": "/bkst/", "etymology": "From Old Norse bakstair and German Sthlszen, both meaning 'back of the stage"}, {"word": "backstroke", "ipa": "/bkstrok/", "etymology": "From Middle English backstrook, from the motion of the stroke performed backwards}, {"word": "backtrack", "ipa": "/bkttrk/", "etymology": "From back + verb track"}, {"word": "backward", "ipa": "/bkwrd/", "etymology": "Old English beacan-weard, meaning 'behind the guard or protection"}, {"word": "backwards", "ipa": "/bkwrz/", "etymology": "Old English beacan-weards, plural form of backward}, {"word": "backwoods", "ipa": "/bkwdz/", "etymology": "Old English bec weald, meaning 'behind the woods'}, {"word": "backyard", "ipa": "/bkjrd/", "etymology": "Old English beacen-geard, meaning 'enclosure behind the house"}, {"word": "badlands", "ipa": "/bdlndz/", "etymology": "From French mauvaises terres  voyager, meaning 'unsuitable land for travel'}, {"word": "bad language", "ipa": "/bd lw/", "etymology": "From Old English bdel-lango, meaning 'bad speech or talk"}]
Error: Expecting ',' delimiter: line 1 column 110 (char 109)

Content: { "word": "bad", "ipa": "/bd/", "etymology": "Old English *badel*, from Proto-Germanic **baudaz* (compare Old Norse *baur*, Dutch *goed*), from the PIE root **gobh-* (to be disgusting)" }, { "word": "language", "ipa": "/lwd/", "etymology": "Old French *langage*, from Latin *lingua* (tongue, language), from Proto-Celtic **lek* (tongue)" }, { "word": "bad", "ipa": "/lwd/", "etymology": "Middle English *langage*, from Old French *langage*, past participle of *parler* (to speak), from Latin *lingua* (tongue, language)" }
Error: Extra data: line 1 column 188 (char 187)

Content: [{"word": "banister", "ipa": "/benstr/", "etymology": "Middle English banistre, from Anglo-Norman French banestre, from Old North French banestere, from Vulgar Latin *balistraria (from balista 'crossbow')"}, {"word": "baptismal", "ipa": "/bpzml/", "etymology": "From Latin baptismus, from Greek baptisma, from baptizein 'to immerse, dip'"}, {"word": "barbarism", "ipa": "/brbrzm/", "etymology": "From French barbarie or directly from Latin barbarismus, from Greek barbaros 'foreign, non-Greek speaking'"}, {"word": "barbed wire", "ipa": "/brbd wr/", "etymology": "Barb (from Old English beorhtbrge, meaning 'pointed-berry') + wire"}, {"word": "barbiturate", "ipa": "/bbtret/", "etymology": "From Latin barbiton (diminutive of barbis 'beard') + Greek oura 'tail'"}, {"word": "bar code", "ipa": "/br kd/", "etymology": "Bar (from Old English beorhtbrge, meaning 'pointed-berry') + code"}, {"word": "bare-bones", "ipa": "/ber bnz/", "etymology": "Bare (Old English baru) + bones (Old English bana)"}, {"word": "barefoot", "ipa": "/berft/", "etymology": "From Old English beorhtfot 'light-footed'"}, {"word": "bargaining chip", "ipa": "/breni tp/", "etymology": "Bargain (from Old French baraigne) + chipe (from Middle English schippe, from Old Norse skip 'ship')"} ] {"word": "baritone", "ipa": "/bertn/", "etymology": "From Italian basso profondo, from Latin barbiton (diminutive of barbis 'beard') + Greek oura 'tail'"}]
Error: Extra data: line 1 column 1265 (char 1264)

Content: [{"word": "breathlessly", "ipa": "/brilli/", "etymology": "From Old English breelice, from breath + -ly"}, {"word": "breathtaking", "ipa": "/brtk/", "etymology": "From Middle English, from breathe + taking"}, {"word": "breathtakingly", "ipa": "/brtkli/", "etymology": "From Old English breelice + -ly"}, {"word": "breeding", "ipa": "/bridi/", "etymology": "From Old English bridan"}, {"word": "breeding ground", "ipa": "/bridigrand/", "etymology": "From breeding + ground"}, {"word": "brethren", "ipa": "/brrn/", "etymology": "From Old English breor (plural)"}, {"word": "bric-a-brac", "ipa": "/brikbrk/", "etymology": "French bric--brac, from Old French bricabrac (noise made by rattling), of uncertain origin"} ] {"word": "bricklayer", "ipa": "/brklr/", "etymology": "From brick + layer"}, {"word": "bricklaying", "ipa": "/brkla/", "etymology": "From brick + lay + -ing"} {"word": "bridegroom", "ipa": "/bradrom/", "etymology": "From Old English bridgguma (bridgeroom), from bride + guma (man)"}]
Error: Extra data: line 1 column 716 (char 715)

Content: [{"word": "bullfight", "ipa": "/blft/", "etymology": "From Spanish toro y picadores, meaning bull and picadors (men on horseback who use lances to weaken the bull before the matador)"}, {"word": "bullfighter", "ipa": "/blfhtr/", "etymology": "From French corrida de taureaux, meaning bullfight, and suffix -er, indicating someone who does something (in this case, a bullfighter)"}, {"word": "bullfighting", "ipa": "/blft/", "etymology": "From the past participle of bullfight + ing, a suffix that forms verbs meaning 'to engage in an activity'"}, {"word": "bull's-eye", "ipa": "/bls/", "etymology": "From Middle English bole synne (from Old French bolle sygnale), literally 'ball sign,' referring to the target area in archery, now specifically a target with a circular center of maximum points"}, {"word": "bullshit", "ipa": "/blt/", "etymology": "From Old English bullsciehan (to play false or trick), later bollocks (testicles) + shit"}, {"word": "bumblebee", "ipa": "/bmblb/", "etymology": "From the onomatopoeic sound of a bumblebee's buzz, and bee (honeybee or honey bee)"}, {"word": "bumbling", "ipa": "/bmbl/", "etymology": "Past participle of bumble (to move clumsily or awkwardly), probably from bumblebee (the sound it makes while moving)}}, {"word": "bumper sticker", "ipa": "/bmprstktr/", "etymology": "From the noun bumper (a protective device on a vehicle) + sticker (an adhesive label for displaying messages or logos)"}, {"word": "bungee jumping", "ipa": "/bndi dmp/", "etymology": "From bungy (short for elastic cord made of a material called bungee rubber, developed by Alan Adler in the late 1970s) + jump (to move abruptly upwards or forwards and then downwards or backwards under gravity, typically from a height)"}, {"word": "bunk bed", "ipa": "/bk bed/", "etymology": "From bunk (a sleeping berth on a ship) + bed"}]
Error: Expecting ',' delimiter: line 1 column 1256 (char 1255)

Content: [{"word": "calculator", "ipa": "/klkjletr/", "etymology": "From Latin calculare, meaning to count"}, {"word": "calendar year", "ipa": "/kalendr yr/", "etymology": "From calends (the first day of a month in the Roman calendar) and year"}, {"word": "calibration", "ipa": "/klben/", "etymology": "From Latin calibrare, meaning to measure or compare"}, {"word": "call girl", "ipa": "/kl rl/", "etymology": "Call (verb) + girl"}, {"word": "call-in show", "ipa": "/kl n o/", "etymology": "Call (verb) + in (preposition) + show"}, {"word": "callously", "ipa": "/klsli/", "etymology": "From Old French chaudement, from Latin callidus, meaning cunning or artful"}, {"word": "callousness", "ipa": "/klsns/", "etymology": "From Old French callosit, from Latin callosus, meaning rough or hard in feeling or thought"}, {"word": "calmness", "ipa": "/klmns/", "etymology": "From Old Norse hlmr, meaning tranquility or peace"} ] {"word": "camcorder", "ipa": "/kmkdr/", "etymology": "Camera + recorder"}, {"word": "cameraman", "ipa": "/kmrmn/", "etymology": "Camera (noun) + man"}]
Error: Extra data: line 1 column 914 (char 913)

Content: [{"word": "cartoonist", "ipa": "/krtunst/", "etymology": "From French cartoon, from Italian cartone, literally meaning 'cardboard'"}, {"word": "cartridge", "ipa": "/ktrd/", "etymology": "From French cartridge, from Italian carattere 'character', ultimately from Medieval Latin charta characteris 'character paper'"}, {"word": "cartwheel", "ipa": "/kt hwl/", "etymology": "Middle English carthweel, from Middle Dutch hartwiel, from Old North French chateau-roule, alteration of Old French cheval roue 'rotating horse', from cheval 'horse' + roue 'wheel'"}, {"word": "car wash", "ipa": "/kr w/", "etymology": "From car (vehicle) and wash (clean with water)"}, {"word": "case study", "ipa": "/ks stdi/", "etymology": "From case (a specific set of circumstances) and study (examination or investigation)"}, {"word": "casework", "ipa": "/ks wrk/", "etymology": "From case (a specific set of circumstances) + work (activity directed toward some aim or objective)"}, {"word": "caseworker", "ipa": "/ks wrkr/", "etymology": "From casework + worker"}, {"word": "cash cow", "ipa": "/k k/", "etymology": "From cash (money) and cow (an animal that gives milk), metaphorically meaning a dependable source of income"}, {"word": "cash flow", "ipa": "/k flo/", "etymology": "From cash + flow (move smoothly)"} ] {"word": "cashmere", "ipa": "/kmr/", "etymology": "From Persian qamr, from Old Persian kaayar 'goat hair'"}]
Error: Extra data: line 1 column 1297 (char 1296)

Content: [{"word": "centralize", "ipa": "/sentrlaz/", "etymology": "From Late Latin centralis, from Latin centrum, center"}, {"word": "centrally", "ipa": "/sentrli/", "etymology": "From central + -ly"}, {"word": "ceramics", "ipa": "/srmks/", "etymology": "From Greek keramos, clay"}, {"word": "cerebral palsy", "ipa": "/sribrl palzi/", "etymology": "Cerebrum (Latin for 'brain') + palsy (from Greek palsis, an illness with spasms)"}, {"word": "certainly", "ipa": "/srtenli/", "etymology": "From Old French certenlie, from Latin certus, certain"}, {"word": "certifiable", "ipa": "/strfb()l/", "etymology": "From Latin certificare, to make sure or confirm"}, {"word": "certification", "ipa": "/srtfikn/", "etymology": "From Latin certus (certain) + -ficare (make)"}, {"word": "certified check", "ipa": "/srtfaitd tk/", "etymology": "Certified (from Latin certus, certain) + check (Old English coc, from Latin caecum, blind)} , {"word": "certified mail", "ipa": "/srtfaitd mel/", "etymology": "Certified (from Latin certus, certain) + mail (Old English ml, postal message or letter)"} , {"word": "cesarean", "ipa": "/szrin/", "etymology": "From Latin caesarea, pertaining to Caesar, from Caesar"}]
Error: Expecting ',' delimiter: line 1 column 919 (char 918)

Content: [{"word": "cesarean", "ipa": "/szrin/", "etymology": "From Latin Caesarea, named after Julius Caesar"}, {"word": "section", "ipa": "/skn/", "etymology": "Old French secion, from Latin sectio"}, {"word": "cespool", "ipa": "/sspul/", "etymology": "Combination of 'cess' (latrine waste) and 'pool'"}, {"word": "chain", "ipa": "/ten/", "etymology": "Old English chen, from Proto-Germanic *khaidhaz"}, {"word": "reaction", "ipa": "/rakn/", "etymology": "Late Middle English: from Old French reactioun, based on Latin reagere 'act again'"}, {"word": "chainsaw", "ipa": "/tens/", "etymology": "Combination of 'chain' and 'saw'"}, {"word": "smoker", "ipa": "/smokr/", "etymology": "Old English smocor, from Proto-Germanic *smuk-az"}, {"word": "chairman", "ipa": "/trmn/", "etymology": "From chair + man (person)"}, {"word": "chairmanship", "ipa": "/trmnp/", "etymology": "From chairman + ship, meaning position or office"}, {"word": "chairperson", "ipa": "/trprsn/", "etymology": "Combination of 'chair' and 'person'"}, {"word": "chairwoman", "ipa": "/trwmn/", "etymology": "Combination of 'chair' and 'woman'}]
Error: Unterminated string starting at: line 1 column 1067 (char 1066)

Content: [{"word": "chestnut", "ipa": "/tstnt/", "etymology": "From Anglo-Saxon cestenutu, from cestre (chest) + nut"}, {"word": "chewing gum", "ipa": "/tu m/", "etymology": "From chew + gum (Arabic jauarat al-kha, Arabic for the sap of the mastic tree, used as a type of gum)"}, {"word": "chickadee", "ipa": "/tkdi/", "etymology": "From Algonquian word for 'little large-mouthed one'"}, {"word": "chicken feed", "ipa": "/tkn fid/", "etymology": "From chicken + feed (small amounts of food, often trivial or unimportant)"}, {"word": "chicken pox", "ipa": "/tkn pks/", "etymology": "From chicken (the disease was first noticed on the backs of chickens) + pox (a skin disease with red spots, from Latin pox vesicles)"}, {"word": "Chief Executive", "ipa": "/tif zekjutv/", "etymology": "From chief + executive (having overall and final authority in a corporation)"}, {"word": "chief justice", "ipa": "/tif dsts/", "etymology": "From chief + justice (the highest-ranking judge of a country, state, or similar legal division)"}, {"word": "chieftain", "ipa": "/tiftn/", "etymology": "From Old English ceofeteinn, from ceofe (head) + teinn (cutting, mark)"}, {"word": "childbearing", "ipa": "/tildarbr/", "etymology": "From child + bear (to carry or give birth to) + -ing (verb suffix denoting the action of verbs)"}, {"word": "childbirth", "ipa": "/taldbr/", "etymology": "From Old English cealdberan, from ceald (child) + beran (to bear)}]
Error: Unterminated string starting at: line 1 column 1358 (char 1357)

Content: [{"word": "childcare", "ipa": "/tildkr/", "etymology": "Old English ceorlscyle (a term for nurturing children)"}, {"word": "childhood", "ipa": "/tldhd/", "etymology": "Old English ceald-hygd (child + mind, thought)"}, {"word": "childish", "ipa": "/tld/", "etymology": "Old English cildisc (pertaining to children)"}, {"word": "childishly", "ipa": "/tldli/", "etymology": "From childish + -ly"}, {"word": "childless", "ipa": "/tldls/", "etymology": "Old English cildelas (without children)"}, {"word": "childlike", "ipa": "/tldlak/", "etymology": "From child + like"}, {"word": "childproof", "ipa": "/tldprf/", "etymology": "Late Middle English: from child + proof (in the sense of 'provable')"}, {"word": "children", "ipa": "/tldrn/", "etymology": "Old English ceorlcn (plural of ceorl, man-servant or free peasant)"}, {"word": "child support", "ipa": "/tld sprt/", "etymology": "Child + Old English suppian (to provide for, nourish) + -ment (noun forming suffix)"} ] For chili con carne: {"word": "chili con carne", "ipa": "/tl kn krn/", "etymology": "From Spanish, chilli (chili pepper) + con (with) + carne (meat)"}]
Error: Extra data: line 1 column 969 (char 968)

Content: [{"word": "commandment", "ipa": "/kmndmnt/", "etymology": "From Old English cwmnd (a command, law)"}, {"word": "commando", "ipa": "/kmndo/", "etymology": "Italian: a commander; from Latin: commander"}, {"word": "commemoration", "ipa": "/kmemren/", "etymology": "From Latin commemoratio (recalling to mind)"}, {"word": "commendable", "ipa": "/kmndbl/", "etymology": "From Old French commender (to entrust, commit)"}, {"word": "commendation", "ipa": "/kmnden/", "etymology": "From Latin commendatio (praising)"}, {"word": "commentate", "ipa": "/kmontet/", "etymology": "From Old French comentier (a commentator)"}, {"word": "commercial bank", "ipa": "/kmrcial bk/", "etymology": "From Latin mercari (to trade) and English bank"}, {"word": "commercialize", "ipa": "/kmrslz/", "etymology": "From Latin commercium (trade, commerce)"}, {"word": "commercially", "ipa": "/kmrli/", "etymology": "From Old French comerceil and Latin commercium"}, {"word": "commiseration", "ipa": "/kmsren/", "etymology": "From Latin commiseratio (compassion)}]
Error: Unterminated string starting at: line 1 column 996 (char 995)

Content: [{"word": "complexion", "ipa": "/kmpleksn/", "etymology": "From Latin complexio, from com- + plectere to weave; meaning 'weaving together'"}, {"word": "compliments", "ipa": "/kmplmntz/", "etymology": "From Old French compliment, from complaire to please, agree with + ment, from Latin com- + plcere to be pleasing; meaning 'pleasant remark'"}, {"word": "composite", "ipa": "/kmpzt/", "etymology": "From Latin compositus, past participle of compnere to put together; from com- + ponere to put"}, {"word": "compression", "ipa": "/kmprn/", "etymology": "From Latin compressio, from compressus, past participle of comprimere to press closely; meaning 'act of pressing or squeezing'"}, {"word": "comp time", "ipa": "/kmptam/", "etymology": "Short for compensatory time, from Latin compensare to balance out + temporis time"}, {"word": "compulsion", "ipa": "/kmpln/", "etymology": "From Middle French compulsione, from Old Italian compulsione, from Latin compulsio, from compellere to press closely; meaning 'strong urge'"}, {"word": "compulsive", "ipa": "/kmplsv/", "etymology": "From French compulsif, from Middle French compulsion, from Latin compulsio, from compellere to press closely; meaning 'characterized by compulsion'"}, {"word": "computation", "ipa": "/kmpjuten/", "etymology": "From Latin computatio, from computare to count together + tare a weight; meaning 'the act of counting or calculation'"}, {"word": "computer", "ipa": "/kmpytr/", "etymology": "Shortened form of computer-data processing machine, from Latin computare to calculate; meaning 'machine for calculating'"}, {"word": "computing", "ipa": "/kmpyti/", "etymology": "From Latin computare to calculate; meaning 'the act or process of using a computer'}]
Error: Unterminated string starting at: line 1 column 1639 (char 1638)

Content: [{"word": "creatively", "ipa": "/krietvli/", "etymology": "From Latin creatus, past participle of creare, meaning to make or produce"}, {"word": "creature", "ipa": "/krer/", "etymology": "From Old French creature, from Latin creatura, from creare, to create"}, {"word": "credentials", "ipa": "/kridnlz/", "etymology": "From Latin credentialia, from credentia, referring to something believed or accepted as true"}, {"word": "credibly", "ipa": "/kridbli/", "etymology": "From Latin credibilis, from credere, to believe"}, {"word": "creditable", "ipa": "/kridtbl/", "etymology": "From Latin credibilis, creditabilis, capable of being believed or trusted"}, {"word": "credit card", "ipa": "/kridt krd/", "etymology": "From Old French carte de crdit, from carte, card and crdit, credit"}, {"word": "credit limit", "ipa": "/kridt lmt/", "etymology": "From Latin limen, limit + credit as above"}, {"word": "creditor", "ipa": "/kridtr/", "etymology": "From Latin creditor, from credere, to believe + tor (torrens), past participle of tollere, to take"}, {"word": "credit rating", "ipa": "/kridt ret/", "etymology": "From credit as above + rating, the act of appraising or estimating value"} ] [ {"word": "cremation", "ipa": "/krmen/", "etymology": "From Latin cremare, from cremat-, variant stem of cremari, meaning to burn completely"}]
Error: Extra data: line 1 column 1187 (char 1186)

Content: [{"word": "customary", "ipa": "/kstmri/", "etymology": "From Latin custumare, to use, custom"}, {"word": "custom-built", "ipa": "/kstm bilt/", "etymology": "Combination of 'custom' and 'built'"}, {"word": "customer", "ipa": "/kstmr/", "etymology": "From Latin custos, protector, guardian"}, {"word": "customize", "ipa": "/kstmz/", "etymology": "Combination of 'custom' and 'ize'}, {"word": "custom-made", "ipa": "/kstm meid/", "etymology": "Combination of 'custom' and 'made'}, {"word": "cut-and-dried", "ipa": "/kt n drid/", "etymology": "From the legal term 'cut and dried', meaning clear-cut, settled"}, {"word": "cuteness", "ipa": "/kutins/", "etymology": "From Old English hytan (to be small)"}, {"word": "cut-rate", "ipa": "/kt reit/", "etymology": "Combination of 'cut' and 'rate'}, {"word": "cutthroat", "ipa": "/krt/", "etymology": "From the sword cut under the throat in piracy"}]
Error: Expecting ',' delimiter: line 1 column 384 (char 383)

Content: [{"word": "dean's list", "ipa": "/dinz lst/", "etymology": "From Middle English deane, meaning head of a college or school + suffix -'s + list"}, {"word": "deathbed", "ipa": "/ebed/", "etymology": "Old English deop-beod, from dap 'deep' + beod 'bed'"}, {"word": "death penalty", "ipa": "/e pnli/", "etymology": "From Old English deoscipes penal 'payment for a death', from deo- 'death' + scip 'ship, payment'"}, {"word": "death row", "ipa": "/e roa/", "etymology": "From the row of cells reserved for prisoners awaiting execution"}, {"word": "death toll", "ipa": "/e tl/", "etymology": "Old English deo-hal 'number of deaths', from deo 'death' + hal 'half'"}, {"word": "deathtrap", "ipa": "/dtrp/", "etymology": "From Middle English deo-trap, from dath 'death' + trap 'device to catch something""}, {"word": "debasement", "ipa": "/dbzmnt/", "etymology": "From Old French desbaser, from bas 'bottom, base' + -ment"}, {"word": "debauchery", "ipa": "/dbari/", "etymology": "From Middle English debocheerie, from Old French de boche 'from the mouth, excess, luxury'"}, {"word": "debilitating", "ipa": "/dblten/", "etymology": "From Latin debilitatus 'weakened', past participle of debilitare, from debilis 'feeble'"}, {"word": "debilility", "ipa": "/dblti/", "etymology": "From Latin debilitas 'weakness', feminine form of debilitas, from debilis 'feeble'"}]
Error: Expecting ',' delimiter: line 1 column 796 (char 795)

Content: [{"word": "discriminating", "ipa": "/dskrmnnt/", "etymology": "From Latin discriminare, meaning to distinguish or separate"}, {"word": "discussion", "ipa": "/dsknsn/", "etymology": "From Old French discusion, from Latin discussio, the act of sifting or separating"}, {"word": "disdainful", "ipa": "/dzdenfl/", "etymology": "From Old French desdaigner, ultimately from Latin dis- 'apart' + dignus 'worthy'"}, {"word": "diseased", "ipa": "/dzizd/", "etymology": "From Old English sickness, from sick + -ed (suffix indicating past participle)"}, {"word": "disembarkation", "ipa": "/dsmbrken/", "etymology": "From Latin de- 'off' + embarkare, meaning to take on board a ship + -ation (suffix indicating a process or result)"}, {"word": "disenchanted", "ipa": "/dsntd/", "etymology": "From Old French desespris, from dis- 'apart' + espris 'delight, affection'"}, {"word": "disengage", "ipa": "/dsne/", "etymology": "From Old French desengager, from dis- 'apart' + engager, to engage"}, {"word": "disentangle", "ipa": "/dsntgl/", "etymology": "From Old English delangenian, from delangian 'to loosen, unbind'"}, {"word": "disfavor", "ipa": "/dsfvr/", "etymology": "From Latin dis- 'apart' + favorem 'grace, favor'"}, {"word": "disfigurement", "ipa": "/dsrmnt/", "etymology": "From Old French desfigurer, from dis- 'apart' + figurare 'to make a figure'}]
Error: Unterminated string starting at: line 1 column 1270 (char 1269)

Content: [{"word": "double-check", "ipa": "/dl tt/", "etymology": "From Middle English doubellen, from Old Norse dopla, meaning to strike twice, ensuring accuracy"}, {"word": "double chin", "ipa": "/dbl tn/", "etymology": "Combination of double (meaning two) and chin (the lower part of the face)"}, {"word": "double-cross", "ipa": "/dbl kros/", "etymology": "From Old French doubler crois, meaning to redouble the cross (in heraldry), later to betray"}, {"word": "double-decker", "ipa": "/dbl dikr/", "etymology": "Combination of double (meaning two) and decker (a floor or tier in a vehicle)"}, {"word": "double-decker bus", "ipa": "/dbl dikr bs/", "etymology": "Compound of double-decker and bus (short for omnibus, Latin for 'for all')"}, {"word": "double-digit", "ipa": "/dbl ddt/", "etymology": "Combination of double (meaning two) and digit (a number representing a count up to nine or its symbol)}"}, {"word": "double-jointed", "ipa": "/dbl dntd/", "etymology": "From Old English gionta, joint + double"}, {"word": "double negative", "ipa": "/dbl netv/", "etymology": "Combination of double (meaning two) and negative (denoting the absence or denial of something)"}, {"word": "double-park", "ipa": "/dbl pk/", "etymology": "Compound of double (meaning two) and park (a place set aside for vehicles)}"], {"word": "double-spaced", "ipa": "/dbl spst/", "etymology": "Combination of double (meaning two) and space (an empty area between lines or paragraphs)"}]
Error: Expecting ',' delimiter: line 1 column 1300 (char 1299)

Content: [{"word": "earphones", "ipa": "/rfonz/", "etymology": "From ear + phone"}, {"word": "earsplitting", "ipa": "/rsplt/", "etymology": "From ears + split + -ing (verb-forming suffix)"}, {"word": "earthiness", "ipa": "/rns/", "etymology": "From earth + -y"}, {"word": "earthquake", "ipa": "/kwk/", "etymology": "From Old English eorecwealm"}, {"word": "earthshaking", "ipa": "/ek/", "etymology": "From earth + shake + -ing (verb-forming suffix)"}, {"word": "eastbound", "ipa": "/istband/", "etymology": "From east + bound"}, {"word": "Easter egg", "ipa": "/istr /", "etymology": "From Old English ostre (Goddess of spring and fertility) + egg"}, {"word": "easterly", "ipa": "/istrl/", "etymology": "From east + -er + -ly"}, {"word": "easterner", "ipa": "/istrnr/", "etymology": "From east + -ern (suffix) + -er"}, {"word": "eastward", "ipa": "/istwrd/", "etymology": "From east + ward}]
Error: Unterminated string starting at: line 1 column 863 (char 862)

Content: [{"word": "evangelism", "ipa": "/vlzm/", "etymology": "From Greek euangelizomai, from euangelion good news, gospel"}, {"word": "evangelist", "ipa": "/vnlst/", "etymology": "From Greek euangelistes, present participle of euangelizesthai, from euangelion good news, gospel"}, {"word": "evenings", "ipa": "/iniz/", "etymology": "Old English eafenings, from aefena evening + -ing}, {"word": "evenness", "ipa": "/ivn ns/", "etymology": "From Old English eveneoess, from even even + ness"}, {"word": "eventful", "ipa": "/ivnt fl/", "etymology": "From Middle English eventfull, from event full of events"}, {"word": "eventual", "ipa": "/vntwl/", "etymology": "From Latin eventualis, present participle of evenire to happen, from ex- out + venire to come"}, {"word": "eventuality", "ipa": "/ivn tjul ti/", "etymology": "From Middle English eventualitee, from Latin eventus outcome, result, from evenire to happen"}, {"word": "eventually", "ipa": "/vntwli/", "etymology": "From Middle English eventueliche, from eventual + -ly"}, {"word": "everlasting", "ipa": "/ivr ls tk/", "etymology": "From Old English eferlice; a blend of ever (always) and lice lasting"}, {"word": "evermore", "ipa": "/ivrmr/", "etymology": "From Old English fter maere, from fter after + maere more"}]
Error: Expecting ',' delimiter: line 1 column 381 (char 380)

Content: [{"word": "exhaustively", "ipa": "/zstvl/", "etymology": "From Latin exhaustivus, from exhaurire, to drain off"}, {"word": "exhibition", "ipa": "/gzn/", "etymology": "Old French esbaye, from exhibere, to show"}, {"word": "game", "ipa": "/gem/", "etymology": "From Old English gME, from Proto-Germanic *gamenmi, from Proto-Indo-European *kam-, play"}, {"word": "exhibitionism", "ipa": "/znzm/", "etymology": "From exhibition + -ism"}, {"word": "exhibitionist", "ipa": "/znst/", "etymology": "From exhibition + -ist"}, {"word": "exhibitor", "ipa": "/gzbtr/", "etymology": "Late Latin exhibitor, present participle of exhibere, to show"}, {"word": "exhilarate", "ipa": "/kslret/", "etymology": "From Latin exhilarare, from ex- out + hilaris cheerful, merry"}, {"word": "exhortation", "ipa": "/ksrn/", "etymology": "Middle English, from Old French exhorter, from Latin exhortatio(n), act of urging on"}, {"word": "exhumation", "ipa": "/gzjumn/", "etymology": "From Latin exhumare, from ex- out + humus soil, earth"}, {"word": "existing", "ipa": "/zst/", "etymology": "Present participle of exist (Old English existan)}]
Error: Unterminated string starting at: line 1 column 1064 (char 1063)

Content: [{"word": "feathery", "ipa": "/firi/", "etymology": "From Old English feerige, from feor + -ige (meaning 'feathered')"}, {"word": "February", "ipa": "/fbruri/", "etymology": "From Latin February, originally a name for the month, meaning 'purification' in relation to the Roman purification festival held at this time."}, {"word": "federalism", "ipa": "/fdralzm/", "etymology": "From French fdralisme, from federal (meaning 'league') + -isme"}, {"word": "federalist", "ipa": "/fdrlst/", "etymology": "From French fdraliste, from federal (meaning 'league') + -iste"}, {"word": "Federal Reserve System", "ipa": "/fdrl rzrv systm/", "etymology": "An American institution, named for the Federal government and the reserve system of banking."}, {"word": "federate", "ipa": "/fedret/", "etymology": "From Latin foederatus (past participle of foedus, meaning 'covenant')"}, {"word": "feeble-minded", "ipa": "/fibl mndd/", "etymology": "Composed of feeble (meaning 'weak') + minded (meaning 'having to do with the mind')"}, {"word": "feelings", "ipa": "/fliz/", "etymology": "From Old English feolan (verb) and feol (noun), meaning 'to touch'"}, {"word": "felt-tip pen", "ipa": "/felt tp pn/", "etymology": "Composed of felt (a material made from the hairs of animals) + tip (the pointed end of something) + pen (writing instrument)"} ] {"word": "feminine", "ipa": "/fmnan/", "etymology": "From Latin femininus, which comes from femina (woman)."}]
Error: Extra data: line 1 column 1329 (char 1328)

Content: [{"word": "femininity", "ipa": "/fmnnti/", "etymology": "From Latin femininus, from femina, woman"}, {"word": "fender-bender", "ipa": "/fndr bndr/", "etymology": "From fender (a car's protective covering) + bender (someone or something that bends), coined in the 1940s to describe a minor accident involving automobiles"}, {"word": "fermented", "ipa": "/frmntd/", "etymology": "From Old French ferment, from Latin fermentum, from fervere (to boil), because of the active bubbling in the process"}, {"word": "ferociously", "ipa": "/frsli/", "etymology": "From Latin ferus (wild) + -osus (made of, characterized by), used since the 16th century"}, {"word": "ferocity", "ipa": "/frsti/", "etymology": "From Old French ferocitee, from Latin ferocitas, from ferox (wild)"}, {"word": "Ferris wheel", "ipa": "/fs wl/", "etymology": "Invented by George Washington Gale Ferris Jr. in the late 19th century, named after its inventor"}, {"word": "fertility", "ipa": "/frtlti/", "etymology": "From Latin fertilis (productive), from ferre (to bear)"}, {"word": "fertilization", "ipa": "/frtlzen/", "etymology": "From Latin fertilis (productive) + -ation (action or process)"}, {"word": "fertilize", "ipa": "/ftlz/", "etymology": "From Latin fertilis, from ferre (to bear)"}, {"word": "fertilizer", "ipa": "/ftllazr/", "etymology": "From Latin fertilis (productive) + -izer (one that causes or acts upon)}]
Error: Unterminated string starting at: line 1 column 1319 (char 1318)

Content: [{"word": "fervently", "ipa": "/frvntli/", "etymology": "From Old French fervent, from Latin fervens, present participle of fervre, to boil, be hot"}, {"word": "festival", "ipa": "/fstvl/", "etymology": "Middle English (in the sense 'relating to a feast'): from Old French festifal, alteration of Latin festivus, from festum 'feast day', from festus 'unrestricted'"}, {"word": "festivities", "ipa": "/fstvtiz/", "etymology": "From Old French feste, from Latin festum, from festus 'unrestricted'"}, {"word": "festivity", "ipa": "/fstvti/", "etymology": "From Old French feste, from Latin festum, from festus 'unrestricted'"}, {"word": "fetal position", "ipa": "/ftl pn/", "etymology": "Medical term derived from the Latin fetus meaning 'offspring', a developing organism in its mother's womb, and position"}, {"word": "fetching", "ipa": "/fec/", "etymology": "Old English fetscian (causative of fetsian) to take or bring, from fet meaning foot"}, {"word": "feverish", "ipa": "/fvr/", "etymology": "From Old English feafurisc 'fever-afflicted', from feafur 'fever' and -isc 'like, afflicted by'"}, {"word": "feverishly", "ipa": "/fvrli/", "etymology": "From Old English feafurisc 'fever-afflicted', from feafur 'fever' and -isc 'like, afflicted by'"}, {"word": "fiberglass", "ipa": "/fabrgls/", "etymology": "From fiber (from the Latin fibra, a thread or string) + glass"} ] {"word": "fictional", "ipa": "/fnl/", "etymology": "From Latin fictio, noun of action from fictus, past participle of fingere 'to shape, to fabricate, feign'"}]
Error: Extra data: line 1 column 1374 (char 1373)

Content: [{"word": "first", "ipa": "/frst/", "etymology": "Old English first"}, {"word": "class", "ipa": "/kls/", "etymology": "Latin classis"}, {"word": "first-class", "ipa": "/fst kls/", "etymology": "Combination of 'first' and 'class'"}, {"word": "cousin", "ipa": "/kzin/", "etymology": "Old French cousin, from Latin cognatus, related"}, {"word": "degree", "ipa": "/di/", "etymology": "Late Middle English (in the sense 'level') : via Old North French degr from Latin gradus 'step, degree'"}, {"word": "first-degree", "ipa": "/fst di/", "etymology": "Combination of 'first' and 'degree'"}, {"word": "floor", "ipa": "/flr/", "etymology": "Old English flor, from Latin flooris, floor"}, {"word": "firsthand", "ipa": "/fsthnd/", "etymology": "Combination of 'first' and 'hand'"}, {"word": "lady", "ipa": "/ldi/", "etymology": "Old English hldige, akin to hldan 'to wash', from Proto-Germanic *hlautijn"}, {"word": "name", "ipa": "/nem/", "etymology": "Old English nama}, {"word": "first name", "ipa": "/fst nem/", "etymology": "Combination of 'first' and 'name'"}, {"word": "person", "ipa": "/prson/", "etymology": "Late Middle English: from Old French persone, based on Latin persona, from persnare 'to act a part'"}]
Error: Expecting ',' delimiter: line 1 column 966 (char 965)

Content: { "word": "John", "ipa": "/dn/", "etymology": "Old English Iohannes, from Hebrew Y'hna (Yochanan), which means 'God is gracious'" } Word: last name { "word": "Smith", "ipa": "/sm/", "etymology": "Old English smi, meaning 'blacksmith' or 'worker in metal'" }
Error: Extra data: line 1 column 133 (char 132)

Content: { "word": "first", "ipa": "/fst/", "etymology": "Old English *frost* (superlative of *fro*), from Proto-Germanic **friz-*, from Latin *primus* (first)" } Word: person { "word": "person", "ipa": "/prsn/", "etymology": "From Old French *persone, persoun*, from Latin *persona*, a theatrical mask or character type, ultimately from the Etruscan *phersu* (mask). The modern meaning 'individual human being' dates from Middle English" }
Error: Extra data: line 1 column 155 (char 154)

Content: [{"word": "flashback", "ipa": "/flbk/", "etymology": "From the verb flash and back, from Old English flscian (to leap) + back"}, {"word": "flash card", "ipa": "/fl krd/", "etymology": "Flash + card"}, {"word": "flash flood", "ipa": "/fl fd/", "etymology": "Flash (quick) + flood (a large volume of water that overflows or inundates land that is normally dry)"}, {"word": "flashlight", "ipa": "/fllat/", "etymology": "Flash + light"}, {"word": "flatterer", "ipa": "/fltcr/", "etymology": "From Middle English flateren, from Old French flatirer, ultimately from Latin flatus (breath, blowing)"}, {"word": "flattering", "ipa": "/fltr/", "etymology": "From Middle English flatering, past participle of flateren"}, {"word": "flattery", "ipa": "/fltr/", "etymology": "From Middle English flaterie, from Old French flaterie, ultimately from Latin flatus (breath) + -eria (suffix indicating a condition or act)"}, {"word": "flatulence", "ipa": "/fltjulns/", "etymology": "From the Latin flatus (breath) + -ulous (full of) + -ence (condition, state)"}, {"word": "flavored", "ipa": "/flvrd/", "etymology": "Past participle of flavor"}, {"word": "flavoring", "ipa": "/flvr/", "etymology": "From the Middle English flavoring, from Old French flavourer, ultimately from Latin flavus (yellow) + -orare (to give)}]
Error: Unterminated string starting at: line 1 column 1179 (char 1178)

Content: [{"word": "flawless", "ipa": "/flls/", "etymology": "From Middle English flawel, from Old English flhwylc; related to Old Norse flghr, flhg, Dutch vlek 'spot'"}, {"word": "flawlessly", "ipa": "/fllsli/", "etymology": "From flaw + -less"}, {"word": "flea market", "ipa": "/fli mrkt/", "etymology": "From French march aux puces 'ant market', from flea + market"}, {"word": "fleeting", "ipa": "/flit/", "etymology": "Old English flitan, from fltan, probably related to flytan 'to move'"}, {"word": "flextime", "ipa": "/flkstm/", "etymology": "From flexible + time"}, {"word": "flight attendant", "ipa": "/flait tndnt/", "etymology": "Flight + -attendant, from Old French atendant 'waiting', from a- 'to' + tenir 'hold'"}, {"word": "flip-flop", "ipa": "/flp flp/", "etymology": "From Chinese pidgin English pakap 'rubber sandal'"}, {"word": "flip out", "ipa": "/flp at/", "etymology": "From flip + out, meaning to react strongly with surprise or fear"}, {"word": "flippant", "ipa": "/flpnt/", "etymology": "From French flippante 'light, frivolous'",}, {"word": "flip side", "ipa": "/flp sad/", "etymology": "From flip + side"}]
Error: Illegal trailing comma before end of object: line 1 column 1045 (char 1044)

Content: {"summary": "A U.K.-based investor, Charles Garson, requested a bankruptcy judge to halt the sale of Canoo¡¯s assets to its CEO. He offered $20 million, significantly higher than Canoo CEO Anthony Aquila¡¯s $4 million bid. The trustee moved forward with the sale, closing it on April 11th, and the trustee has not responded to requests for comment. Garson is challenging the sale, with two other investors also opposing it."}
Error: Weird Unicode characters found in JSON response for chunk 'A mysterious investor out of London has asked a bankruptcy judge in Delaware to stop the sale of EV startup Canoo's assets to its CEO, calling it a "flawed" process. Charles Garson, a U.K.-based investor with no obvious ties to the EV startup, offered $20 million for Canoo's assets, according to a filing. A lawyer representing Garson filed a motion Friday to vacate the sale, claiming he presented a "far superior offer" to that of Canoo CEO Anthony Aquila, who bid just $4 million in cash for the assets. (Aquila's bid also includes the extinguishment of around $11 million in loans Canoo owes to his own financial firm.) Garson allegedly was told by the bankruptcy trustee that his offer would be considered and he had until roughly the end of April to finalize the details, according to the filing. Two days after Garson claims he was told this, the trustee "moved forward with the Sale Hearing" and closed the sale of Canoo's assets to Aquila. The sale ultimately closed on April 11. The bankruptcy trustee did not respond to a request for comment. Garson is not alone in protesting the sale.'

Content: {"summary": "The Trustee authorized a transaction with Aquila, despite a substantial offer. Several parties evaluated Canoo's assets before the sale. A lawyer revealed that only a small group of potential bidders were close to a bid, with one group raising concerns about foreign ownership. The trustee¡¯s bid is currently unknown."}
Error: Weird Unicode characters found in JSON response for chunk '"Despite a clearly superior offer being practically thrown at him, the Trustee determined to seek Court approval of a transaction" with Aquila, the filing reads. A lawyer for Aquila did not respond to a request for comment. As many as eight parties signed NDAs and evaluated Canoo's assets prior to the sale, a lawyer for the bankrupt startup revealed earlier this month. He said only a few of those came close to making a bid, including one group that the bankruptcy trustee said could raise concerns with the Committee on Foreign Investment in the United States because of its (unspecified) "foreign ownership." It's not clear if Garson's bid is what the trustee was referring to.'

Content: extinguishment
Error: save_words_to_cached_db() takes 1 positional argument but 3 were given

Content: investments
Error: save_words_to_cached_db() takes 1 positional argument but 3 were given

Content: parties
Error: save_words_to_cached_db() takes 1 positional argument but 3 were given

Content: extinguishment
Error: save_words_to_cached_db() takes 1 positional argument but 3 were given

Content: investments
Error: save_words_to_cached_db() takes 1 positional argument but 3 were given

Content: parties
Error: save_words_to_cached_db() takes 1 positional argument but 3 were given

Content: extinguishment
Error: save_words_to_cached_db() takes 1 positional argument but 3 were given

Content: investments
Error: save_words_to_cached_db() takes 1 positional argument but 3 were given

Content: parties
Error: save_words_to_cached_db() takes 1 positional argument but 3 were given

Content: assets
Error: save_words_to_cached_db() takes 1 positional argument but 3 were given

Content: assets
Error: save_words_to_cached_db() takes 1 positional argument but 3 were given

Content: assets
Error: save_words_to_cached_db() takes 1 positional argument but 3 were given

Content: clarifications
Error: save_words_to_cached_db() takes 1 positional argument but 3 were given

Content: clarifications
Error: save_words_to_cached_db() takes 1 positional argument but 3 were given

Content: Committee
Error: save_words_to_cached_db() takes 1 positional argument but 3 were given

Content: clarifications
Error: save_words_to_cached_db() takes 1 positional argument but 3 were given

Content: Committee
Error: save_words_to_cached_db() takes 1 positional argument but 3 were given

Content: Committee
Error: save_words_to_cached_db() takes 1 positional argument but 3 were given

Content: {"summary": "A U.K.-based investor, Charles Garson, challenged a bankruptcy sale of Canoo¡¯s assets to its CEO. He presented a higher offer of $20 million, claiming it was superior to Aquila¡¯s $4 million bid. The trustee, however, approved the sale, with Aquila receiving $11 million in loans. Garson is protesting the sale, and the trustee has not responded to requests for comment. Several parties evaluated Canoo¡¯s assets prior to the sale, with concerns raised about potential foreign ownership."}
Error: Weird Unicode characters found in JSON response for chunk 'A mysterious investor out of London has asked a bankruptcy judge in Delaware to stop the sale of EV startup Canoo's assets to its CEO, calling it a "flawed" process. Charles Garson, a U.K.-based investor with no obvious ties to the EV startup, offered $20 million for Canoo's assets, according to a filing. A lawyer representing Garson filed a motion Friday to vacate the sale, claiming he presented a "far superior offer" to that of Canoo CEO Anthony Aquila, who bid just $4 million in cash for the assets. (Aquila's bid also includes the extinguishment of around $11 million in loans Canoo owes to his own financial firm.) Garson allegedly was told by the bankruptcy trustee that his offer would be considered and he had until roughly the end of April to finalize the details, according to the filing. Two days after Garson claims he was told this, the trustee "moved forward with the Sale Hearing" and closed the sale of Canoo's assets to Aquila. The sale ultimately closed on April 11. The bankruptcy trustee did not respond to a request for comment. Garson is not alone in protesting the sale. "Despite a clearly superior offer being practically thrown at him, the Trustee determined to seek Court approval of a transaction" with Aquila, the filing reads. A lawyer for Aquila did not respond to a request for comment. As many as eight parties signed NDAs and evaluated Canoo's assets prior to the sale, a lawyer for the bankrupt startup revealed earlier this month. He said only a few of those came close to making a bid, including one group that the bankruptcy trustee said could raise concerns with the Committee on Foreign Investment in the United States because of its (unspecified) "foreign ownership." It's not clear if Garson's bid is what the trustee was referring to.'

Content: [{"word": "foreplay", "ipa": "/frpl/", "etymology": "From Old English forplean, meaning 'to play before'"}, {"word": "foreseen", "ipa": "/frsin/", "etymology": "From Old English forseonan, from for- + seonan (see see)"}, {"word": "foreskin", "ipa": "/frskin/", "etymology": "From Old English foresceave, meaning 'covering of the skin'"}, {"word": "foretaste", "ipa": "/frtest/", "etymology": "From Middle English foreteasten, from fore- + taste (see taste)"}, {"word": "foretell", "ipa": "/frtel/", "etymology": "From Old English forteallan, from for- + tellan (see tell)"}, {"word": "forethought", "ipa": "/frat/", "etymology": "From Old English foreouht, from for- + ouht (see thought)"}, {"word": "foretold", "ipa": "/frtold/", "etymology": "From Old English fortealdan, from for- + tellan (see tell)"}, {"word": "forewarn", "ipa": "/frwrn/", "etymology": "From Old English forewyrnan, from for- + warnian (see warn)"}, {"word": "foreword", "ipa": "/frword/", "etymology": "From Middle English forewort, from fore- + word (see word)"}, {"word": "forgetful", "ipa": "/ftfl/", "etymology": "From Old English forgeatful, from for- + geafan (see give) + ful (full)}]
Error: Unterminated string starting at: line 1 column 1092 (char 1091)

Content: [{"word": "foul", "ipa": "/fal/", "etymology": "Old English fula"}, {"word": "ball", "ipa": "/bl/", "etymology": "Middle English (in the sense 'small projectile'): from Old Norse ballr, of unknown origin"}, {"word": "foul", "ipa": "/fal/", "etymology": "Old English fula"}, {"word": "ball", "ipa": "/bl/", "etymology": "Middle English (in the sense 'a cunning trick'): from Old Norse ballr, of unknown origin"}, {"word": "founding", "ipa": "/fand/", "etymology": "From Old French fondre 'to melt' and the suffix -ing"}, {"word": "father", "ipa": "/fr/", "etymology": "Old English fder"}, {"word": "fountain", "ipa": "/fantn/", "etymology": "Middle English (in the sense 'source'): from Old French fontaine, of Germanic origin; related to Dutch vontijn 'spring'"}, {"word": "pen", "ipa": "/pn/", "etymology": "Old English penc 'goose quill'"}, {"word": "four-leaf", "ipa": "/frlif/", "etymology": "Four + leaf (the shape of a clover)"}, {"word": "clover", "ipa": "/klvr/", "etymology": "Old English clofer"}, {"word": "four-letter", "ipa": "/frltr/", "etymology": "Four + letter (the number of letters in the word)"}, {"word": "fourteen", "ipa": "/frtin/", "etymology": "Old English fortiena"}, {"word": "fourteenth", "ipa": "/frtitnd/", "etymology": "Four +teenth (the ordinal form of the number)"}, {"word": "fourthly", "ipa": "/frli/", "etymology": "Four + thly (four times in a list or sequence)"}, {"word": "Fourth", "ipa": "/fr/", "etymology": "Old English fowerde, from fower 'four'"}, {"word": "of", "ipa": /v/, "etymology": "Anglo-Saxon of on"}]
Error: Expecting value: line 1 column 1515 (char 1514)

Content: [{"word": "godmother", "ipa": "/dmr/", "etymology": "From Old English godmoder, meaning 'god-mother'"}, {"word": "godparent", "ipa": "/dprtnt/", "etymology": "From Old English godparent, meaning 'god-parent'"}, {"word": "go-getter", "ipa": "/otr/", "etymology": "Late 19th century shortening of go-ahead," + " meaning 'someone who actively makes things happen'"}, {"word": "going-over", "ipa": "/g ov/", "etymology": "From Old English gangean, meaning 'to walk'"}, {"word": "goings-on", "ipa": "/oz n/", "etymology": "Plural of going, meaning 'actions or events'"}, {"word": "gold digger", "ipa": "/gld dr/", "etymology": "From mid-19th century, originally a miner," + " then someone seeking wealth or status by marrying for money"}, {"word": "golden anniversary", "ipa": "/ldn nuri/", "etymology": "From Old French aniversaire, " + "derived from Latin anniversarius, meaning 'annual' or 'recurring'"}, {"word": "goldfish", "ipa": "/ldf/", "etymology": "From Old English geldfisc, meaning 'yellow fish'"}, {"word": "gold medal", "ipa": "/ld mdl/", "etymology": "From Old French medaille, from Latin medallio," + " meaning 'small circular token'"}, {"word": "gold medalist", "ipa": "/ld mdlist/", "etymology": "Combination of gold and medalist, someone who has won a gold medal"}]
Error: Expecting ',' delimiter: line 1 column 307 (char 306)

Content: [{"word": "good", "ipa": "/ud/", "etymology": "Old English god"}, {"word": "guy", "ipa": "/a/", "etymology": "French gars, pet form of garcon"}, {"word": "good-guy", "ipa": "/udga/", "etymology": "Combination of 'good' and 'guy'"}, {"word": "good-humored", "ipa": "/ud hjumrd/", "etymology": "From Old English goda 'kind, good' + humor (n.) 'disposition, mood'"}, {"word": "good-looking", "ipa": "/ud lk/", "etymology": "From Old English goda 'kind, good' + looking}, {"word": "good-natured", "ipa": "/ud ntrd/", "etymology": "From Old English godan 'kind, good' + nature (n.) 'inborn qualities, disposition'"}, {"word": "good old boy", "ipa": "/ud ld b/", "etymology": "Old + adjective 'good' + noun 'boy'"}, {"word": "good-tempered", "ipa": "/ud tmprd/", "etymology": "From Old English goda 'kind, good' + temper (n.) 'disposition, nature'"}, {"word": "goof-off", "ipa": "/f f/", "etymology": "From verb goof 'to act foolishly or clumsily' + suffix -off"}, {"word": "goose bumps", "ipa": "/us bmpz/", "etymology": "Noun goose (bird) + noun bumps}, {"word": "gorgeously", "ipa": "/rsli/", "etymology": "From French gorge 'throat' + -eux 'full of' + suffix -ously"}]
Error: Expecting ',' delimiter: line 1 column 471 (char 470)

Content: [{"word": "grand", "ipa": "/rnd/", "etymology": "Old French: from Latin grandis, from grando-, stem of grandire, meaning 'to grow'"}, {"word": "piano", "ipa": "/pinoh/", "etymology": "Italian: short for pianoforte, meaning 'soft-loud' (instrument)"}, {"word": "prix", "ipa": "/pr/", "etymology": "French: from Old French pris, from Latin pretium, meaning 'price'"}, {"word": "slam", "ipa": "/slm/", "etymology": "From Scottish Gaelic claumh, meaning 'flat stone'"}, {"word": "grandson", "ipa": "/rndsn/", "etymology": "Old English on sunu to a son of one's grandparent"}, {"word": "grandstand", "ipa": "/grndstnd/", "etymology": "Middle English: from grand, meaning 'large' + stand, meaning 'place to stand'"}, {"word": "total", "ipa": "/ttl/", "etymology": "Late Latin totalis, from totus, meaning 'whole'"}, {"word": "granulated", "ipa": "/rnjletid/", "etymology": "From Latin granum, meaning 'grain' + -ulate, a suffix meaning 'covered with small grains'"}, {"word": "grapefruit", "ipa": "/rpfrut/", "etymology": "From English grape + fruit"}, {"word": "grapevine", "ipa": "/grpvin/", "etymology": "Old French grap, meaning 'bunch of grapes' + vine, meaning 'vine' (plant)"} ] {"word": "graphically", "ipa": "/rfkli/", "etymology": "From Greek graphikos, from graphein, meaning 'to write'" }]
Error: Extra data: line 1 column 1181 (char 1180)

Content: [{"word": "grasping", "ipa": "/rsp/", "etymology": "Old English graspen"}, {"word": "grassland", "ipa": "/grslnd/", "etymology": "From Old English grs land"}, {"word": "grass roots", "ipa": "/grs rts/", "etymology": "From the idea of grass growing at the root or base of something"}, {"word": "grass-roots", "ipa": "/grs rts/", "etymology": "Compound of 'grass roots'"}, {"word": "gratefully", "ipa": "/retfuli/", "etymology": "From Old French grate, thankful + -worthy"}, {"word": "gratification", "ipa": "/grtfkn/", "etymology": "From Latin gratificare (to make grateful)"}, {"word": "gratifying", "ipa": "/rtfai/", "etymology": "From Old French grate, thankful + -fy (to make) + -ing (action noun suffix)"}, {"word": "gratitude", "ipa": "/rtidjud/", "etymology": "From Latin gratitdinem"}, {"word": "gravestone", "ipa": "/rvstn/", "etymology": "From Old English graves tn, grave stone"}, {"word": "graveyard", "ipa": "/revdjard/", "etymology": "From Old English craf-geard (corpse yard)}]
Error: Unterminated string starting at: line 1 column 948 (char 947)

Content: [{"word": "half-assed", "ipa": "/hlf sd/", "etymology": "From the phrase 'half-arsed', from Old English healf, meaning 'half' and arse, meaning 'work'"}, {"word": "half-baked", "ipa": "/hlf bekt/", "etymology": "From Old English healf and bacan, meaning 'parboiled'"}, {"word": "half brother", "ipa": "/hlf brr/", "etymology": "Old English healf and bror"}, {"word": "halfhearted", "ipa": "/hlf hrtd/", "etymology": "From Old English healf and heortan, meaning 'with half a heart'"}, {"word": "halfheartedly", "ipa": "/hlf hrtdl/", "etymology": "From Old English healf and heortan + -ly (indicating manner)"}, {"word": "half-mast", "ipa": "/hlf mst/", "etymology": "From the nautical term, originally from Dutch heylmast or heemast, meaning 'lowered mast'"}, {"word": "half sister", "ipa": "/hlf sstrr/", "etymology": "Old English healf and suster"}, {"word": "halftime", "ipa": "/hlftm/", "etymology": "From Old English hlif (meaning 'half') + tiim (time)"}, {"word": "hallelujah", "ipa": "/hllujh/", "etymology": "From the Hebrew phrase  (haleluya), meaning 'Praise ye Yahweh'"}, {"word": "hallmark", "ipa": "/hlmrk/", "etymology": "From Old English hl, hall (meaning 'hollow') + merc (mark)}]
Error: Unterminated string starting at: line 1 column 1135 (char 1134)

Content: [{"word": "hands-on", "ipa": "/hndz n n/", "etymology": "From the idea of working with one's hands directly"}, {"word": "handstand", "ipa": "/hndstnd/", "etymology": "From hand + stand"}, {"word": "handwriting", "ipa": "/handrtat/", "etymology": "From hand + write"}, {"word": "handwritten", "ipa": "/hndrtnd/", "etymology": "From hand + written"}, {"word": "handyman", "ipa": "/hndi mn/", "etymology": "Combination of hand and man"}, {"word": "hanger-on", "ipa": "/hndr n/", "etymology": "Someone who clings to others or remains in a place longer than necessary"}, {"word": "hangers-on", "ipa": "/hndrz nz/", "etymology": "Plural form of hanger-on"}, {"word": "hang glider", "ipa": "/h ldr/", "etymology": "A device for flying with a flexible wing, attached to the body by a harness"}, {"word": "hang gliding", "ipa": "/h ld/", "etymology": "The sport of flying using a hang glider"} ] {"word": "hangover", "ipa": "/h ovr/", "etymology": "From Old English hangraf (a 'bearing' or 'grief')"}]
Error: Extra data: line 1 column 888 (char 887)

Content: [{"word": "hideously", "ipa": "/hadsli/", "etymology": "From Old English hde, meaning 'cover' + -ly (a suffix indicating manner or means)"}, {"word": "hierarchical", "ipa": "/haakrkl/", "etymology": "From Greek hiearchos, a ruler, magistrate, + -ical"}, {"word": "hieroglyphics", "ipa": "/haraulfks/", "etymology": "From Ancient Greek hiero- (sacred) + glyphikos (carving, inscription)"}, {"word": "highbrow", "ipa": "/habra/", "etymology": "From Old French enobre (to raise above)"}, {"word": "high chair", "ipa": "/ha tr/", "etymology": "Combination of 'high' and 'chair', indicating a seat raised off the floor for a child"}, {"word": "high-class", "ipa": "/hakls/", "etymology": "From Old English hh (high) + class, group, category"}, {"word": "higher education", "ipa": "/haer djuken/", "etymology": "From Old French enseignement (teaching), from Latin educare (to train, educate) + higher (above, greater)"}, {"word": "high-grade", "ipa": "/hared/", "etymology": "From Old English hh (high) + grade, level, rank"}, {"word": "high-handed", "ipa": "/hahndid/", "etymology": "From Old English hah (high) + hand (hand, power)"}, {"word": "high jinks", "ipa": "/ha dkz/", "etymology": "From Scottish Gaelic cionn-beinn (a game or trick) + English high (intensifying prefix)}]
Error: Unterminated string starting at: line 1 column 1187 (char 1186)

Content: [{"word": "illumination", "ipa": "/lmnen/", "etymology": "From Old French ilumination, from Latin illuminare, from Latin lumen light"}, {"word": "illustrator", "ipa": "/lstrtr/", "etymology": "From Latin illustrare, to make clear, explain, from illus-, allus- + -trare, to draw"}, {"word": "illustrious", "ipa": "/lstrijs/", "etymology": "From Latin illustris, outstanding, famous, from illus- + -tris, triple, tripled"}, {"word": "imaginary", "ipa": "/mnri/", "etymology": "From Latin imaginarius, pertaining to the imagination, from imago image, from imitare to imitate"}, {"word": "imaginatively", "ipa": "/mdnatvli/", "etymology": "From Latin imaginativus, creative, given to forming images, from imago image"}, {"word": "imbalanced", "ipa": "/mblnsd/", "etymology": "From Latin in- + balaena whale (see BALANCE)"}, {"word": "imbecile", "ipa": "/mbsl/", "etymology": "From Latin imbecilitas, from imbecilis, without reason, stupid, from in- + becillus foolish, from becare to beware (see BESILICAL)"}, {"word": "imitative", "ipa": "/mttv/", "etymology": "From Latin imitativus, given to imitating, from imitari to imitate"}, {"word": "imitator", "ipa": "/mttr/", "etymology": "From Latin imitator, one who imitates, from imitari to imitate"} ] {"word": "immaculately", "ipa": "/mkjlti/", "etymology": "From Latin immaculus stainless, from in- + macula spot (see MACULA) + -atus past participle"}]
Error: Extra data: line 1 column 1249 (char 1248)

Content: [{"word": "impartiality", "ipa": "/mpnalti/", "etymology": "Middle English: from Old French imparcialit, based on Latin imperspectus, past participle of imparce, from in- 'not' + perspicere 'look at, consider'", {"word": "impartially", "ipa": "/mprnli/", "etymology": "From Old French imparcialement, past participle of imparcir, based on Latin imperspectus, past participle of imparce, from in- 'not' + perspicere 'look at, consider'" }, {"word": "impassable", "ipa": "/mpsb()l/", "etymology": "From Middle English impasable, past participle of impass, from Old French impassable, from Latin impassibilis 'unaffected by passion'", {"word": "impassioned", "ipa": "/mpnd()n/", "etymology": "From Middle English impasin, from Old French empassion, present participle of empassier 'become passionate', from Latin im- + passio 'suffering'"}, {"word": "impatience", "ipa": "/mpns/", "etymology": "From Middle English impacience, from Old French impatience, from Latin impatiens 'not bearing'" }, {"word": "impatient", "ipa": "/mpint/", "etymology": "From Middle English impaciens, present participle of impacient, from Old French impatient, past participle of impasir, from Latin impatiens 'not bearing'" }, {"word": "impatiently", "ipa": "/mpintli/", "etymology": "From Middle English impaciens, present participle of impacient, from Old French impatient, past participle of impasir, from Latin impatiens 'not bearing'" }, {"word": "impeachment", "ipa": "/mptmnt/", "etymology": "From Middle English impachement, from Old French empechement, from Latin in- + peccare 'to sin'"}, {"word": "imperceptible", "ipa": "/mprsepb()l/", "etymology": "From Latin imperceptibilis 'not perceptible', from in-percept-, combining form of in- 'not' + percept-, present participle of percipere 'grasp, comprehend'" }, {"word": "impeccable", "ipa": "/mpkb()l/", "etymology": "From Latin impecabilis 'unreprovable', from in- 'not' + percipere 'to take notice of, recognize'" }]
Error: Expecting property name enclosed in double quotes: line 1 column 213 (char 212)

Content: [{"word": "implicitly", "ipa": "/mplistli/", "etymology": "From the Latin word 'implicare' meaning 'to fold in, to weave in,' with 'im-' as an intensive prefix and 'plicare' from 'plic-' (fold) + 'care' (make, do)"}, {"word": "impolite", "ipa": "/mpolt/", "etymology": "From the Old French word 'impolut' from Latin 'impudicus,' which combined 'in-' (not) + 'pudere' (to shame or feel shame)"}, {"word": "impolitely", "ipa": "/mpoltli/", "etymology": "From the Old French word 'impolutment,' derived from Latin 'impudiciter,' combining 'in-' (not) + 'pudicum' (modest, decent)"}, {"word": "importance", "ipa": "/mprtns/", "etymology": "From the French word 'importance,' from Latin 'importare' meaning 'to bring in'"}, {"word": "important", "ipa": "/mptnt/", "etymology": "From the Old French word 'important,' derived from Latin 'importare' meaning 'to bring in'"}, {"word": "importantly", "ipa": "/mprtndli/", "etymology": "From the Old French word 'impolent,' which combined 'in-' (not) + 'polent' (having a purpose or goal)"}, {"word": "importation", "ipa": "/mprtn/", "etymology": "From the Latin word 'importatio' meaning 'bringing in,' derived from 'importare' (to bring in)"}, {"word": "importer", "ipa": "/mptr/", "etymology": "From the Old French word 'impoter,' derived from Latin 'importare' meaning 'to bring in'"}, {"word": "imposing", "ipa": "/mpoz/", "etymology": "From the Old French word 'empousser,' which combined 'en' (in) + 'poussette' (a push) + '-er' (verb suffix), ultimately derived from Latin 'imponere' meaning 'to put upon, to lay on'}]
Error: Unterminated string starting at: line 1 column 1381 (char 1380)

Content: [{"word": "improbable", "ipa": "/mprbl/", "etymology": "From Latin improbabilis, from probare to prove"}, {"word": "improbably", "ipa": "/mprblli/", "etymology": "From the adjective improbable"}, {"word": "improper", "ipa": "/mprpr/", "etymology": "From Latin impropus, from probare to prove"}, {"word": "improperly", "ipa": "/mprprli/", "etymology": "From the adjective improper"}, {"word": "improvisation", "ipa": "/imprvzn/", "etymology": "From French improviser, from Latin improvisus, from impromptu"}, {"word": "impudence", "ipa": "/mpjudns/", "etymology": "From Latin impudentia, from impudens shameless"}, {"word": "impulsive", "ipa": "/mplsv/", "etymology": "From Latin impulsus, from pellere to drive"}, {"word": "impulsively", "ipa": "/mplsli/", "etymology": "From the adjective impulsive"}, {"word": "impulsiveness", "ipa": "/mplsvns/", "etymology": "From the noun impulsiveness"} {"word": "impurity", "ipa": "/mpjrti/", "etymology": "From Latin pra, pure + -ity ( suffix denoting a quality)"}]
Error: Expecting ',' delimiter: line 1 column 894 (char 893)

Content: [{"word": "inconspicuously", "ipa": "/nknspli/", "etymology": "From Latin inconspicuus, from in- + conspicere - to look at"}, {"word": "incontinence", "ipa": "/nkntnns/", "etymology": "From Latin incontinentia, from in- + continens - holding together, containing, from tenere - to hold"}, {"word": "incontinent", "ipa": "/nknntnt/", "etymology": "From Latin incontinens, present participle of incontinenter - without restraint, uncontrolled, from continens - holding together, containing"}, {"word": "inconvenience", "ipa": "/nknvns/", "etymology": "From Old French inconveneis, from Latin inconvenientia, from in- + convenire - to come together, agree, be convenient"}, {"word": "inconveniently", "ipa": "/nknvntl/", "etymology": "From Old French inconveineusement, from Latin inconveniens, present participle of inconvenire - to lack convenience, be unsuitable or inopportune"}, {"word": "incorporated", "ipa": "/nkrpretid/", "etymology": "From Late Latin incorporatus, past participle of incorporare - to make a body with, incorporate}, {"word": "incorporation", "ipa": "/inkrprn/", "etymology": "From Old French incorporacion, from Latin incorporatio, from incorporare - to make a body with, incorporate"}, {"word": "incorrectly", "ipa": "/nkrekktli/", "etymology": "From Old French incorrectement, from Latin incorecte - in the wrong way, incorrect, from in- + correctus - properly arranged or put together"}, {"word": "increased", "ipa": "/nkrstid/", "etymology": "From Old English incresod, past tense and past participle of cresan - to grow}, {"word": "increasing", "ipa": "/nkr/", "etymology": "From Old English incresende, present participle of cresan - to grow"}]
Error: Expecting ',' delimiter: line 1 column 1043 (char 1042)

Content: [{"word": "industrialize", "ipa": "/ndstralz/", "etymology": "From Latin industria, industrius meaning diligence, application, from indurare to exert one's self, be diligent; akin to durare to last"}, {"word": "industrial park", "ipa": "/ndstrl prk/", "etymology": "Industrial + park (a large open space in a town or city, for recreation)"}, {"word": "inebriated", "ipa": "/nbretid/", "etymology": "From Latin inebriatus, from inebrius meaning intoxicated; from ebrius drunk, from Greek hbryos, from eiprein to fill with wine"}, {"word": "inebriation", "ipa": "/nbren/", "etymology": "From Latin inebriatio, from inebriatus drunkenness; from ebrius drunk, from Greek hbryos, from eiprein to fill with wine"}, {"word": "ineffective", "ipa": "/nefektv/", "etymology": "From Latin inefficax, from in- + efficacx effective; akin to facere to make"}, {"word": "ineffectiveness", "ipa": "/nfktvs nses/", "etymology": "Ineffective + -ness (a state or quality of being)"}, {"word": "inefficiency", "ipa": "/nfnsi/", "etymology": "From Latin inefficiens, present participle of inefficax; akin to efficiens capable of producing an effect}, {"word": "inefficient", "ipa": "/nfnt/", "etymology": "From Latin inefficax incapable of producing the desired effect, from in- + efficacx efficient; akin to facere to make"}, {"word": "inefficiently", "ipa": "/nfntli/", "etymology": "Inefficient + -ly (in a specified way)"}, {"word": "inelegant", "ipa": "/nildnt/", "etymology": "From Latin inelegans, from in- + elegans graceful, elegant; akin to elegere to choose, select"}]
Error: Expecting ',' delimiter: line 1 column 1133 (char 1132)

Content: [{"word": "intricacies", "ipa": "/ntrksiz/", "etymology": "From Latin intricatus, past participle of intricare, from in- + tricus, a three-cornered figure, from trei-, tri- + angles"}, {"word": "intricacy", "ipa": "/ntrksi/", "etymology": "From Latin intricatus, past participle of intricare, from in- + tricus, a three-cornered figure, from trei-, tri- + angles"}, {"word": "intricately", "ipa": "/ntrkleti/", "etymology": "From Latin intricatus, past participle of intricare, from in- + tricus, a three-cornered figure, from trei-, tri- + angles"}, {"word": "intrinsically", "ipa": "/ntrnzkli/", "etymology": "From Latin intrinsecus, from intro-, inward + intus, within, inside"}, {"word": "introductory", "ipa": "/ntrodkri/", "etymology": "From Latin introductio(n-), from introducere, to lead into"}, {"word": "introverted", "ipa": "/ntrovrd/", "etymology": "From Latin intus, within + -vertere, turning}, {"word": "intruder", "ipa": "/ntrudr/", "etymology": "From Old French intrudeur, from Latin intrudere, to thrust or push in"}, {"word": "intrusive", "ipa": "/ntruusv/", "etymology": "From Latin intrusus, past participle of intrudere, from intro-, inward + udere, to push"}, {"word": "inundation", "ipa": "/nndn/", "etymology": "From Latin inundatio(n-), from unda, wave"}, {"word": "invariable", "ipa": "/nvarbl/", "etymology": "From Latin invariabilis, from in- + variare, to change + -abilis, capable of"}]
Error: Expecting ',' delimiter: line 1 column 913 (char 912)

Content: jealousy
Error: expected string or bytes-like object, got 'list'

Content: Jesus Christ
Error: expected string or bytes-like object, got 'list'

Content: jet black
Error: expected string or bytes-like object, got 'list'

Content: jet engine
Error: expected string or bytes-like object, got 'list'

Content: jet-lagged
Error: expected string or bytes-like object, got 'list'

Content: jet-propelled
Error: expected string or bytes-like object, got 'list'

Content: jet propulsion
Error: expected string or bytes-like object, got 'list'

Content: jet setter
Error: expected string or bytes-like object, got 'list'

Content: jigsaw puzzle
Error: expected string or bytes-like object, got 'list'

Content: joblessness
Error: expected string or bytes-like object, got 'list'

Content: [{"word": "know-how", "ipa": "/no h/", "etymology": "From Middle English knowe, from Old English cnawan; related to Old Norse knaoa, Dutch knopen, German kennen"}, {"word": "knowingly", "ipa": "/no  kni/", "etymology": "Old English on cnawen; akin to Middle Dutch and Dutch bekennen 'to acknowledge,' Old High German benahhan, Gothic gnahnan"}, {"word": "know-it-all", "ipa": "/no t l/", "etymology": "From Old English cnawian 'to know' + it all 'all'"}, {"word": "knowledge", "ipa": "/nold/", "etymology": "From Middle English knowlage, from Old French conoisance, science, knowledge, from Latin cognitio(n-), from present participle of cognoscere 'to get to know'"}, {"word": "knowledgeable", "ipa": "/nold  bli/", "etymology": "From Old English cnawig; akin to Middle Dutch and Dutch kennig, German weise 'wise'"}, {"word": "knowledgeably", "ipa": "/nold  bli di/", "etymology": "Old English on cnawian; akin to Middle Dutch and Dutch bekennen 'to acknowledge,' Old High German benahhan, Gothic gnahnan"}, {"word": "labor camp", "ipa": "/lebr kmp/", "etymology": "From Latin laborare 'work' + campus 'field'"}, {"word": "Labor Day", "ipa": "/lebr d/", "etymology": "From the American labor movement, celebrating the work and contributions of workers"}, {"word": "laboriously", "ipa": "/lebr i ri/", "etymology": "Old English on lcian; akin to Middle Dutch and Dutch arbeid 'work,' Old Norse arba 'toil, labor'"}, {"word": "labor union", "ipa": "/lebr junjun/", "etymology": "From Latin laborare 'work' + unio 'union'}]
Error: Unterminated string starting at: line 1 column 1478 (char 1477)

Content: investments
Error: name 'asyncio' is not defined

Content: extinguishment
Error: save_words_to_cached_db() takes 1 positional argument but 3 were given

Content: investments
Error: save_words_to_cached_db() takes 1 positional argument but 3 were given

Content: parties
Error: save_words_to_cached_db() takes 1 positional argument but 3 were given

Content: extinguishment
Error: save_words_to_cached_db() takes 1 positional argument but 3 were given

Content: investments
Error: save_words_to_cached_db() takes 1 positional argument but 3 were given

Content: parties
Error: save_words_to_cached_db() takes 1 positional argument but 3 were given

Content: extinguishment
Error: save_words_to_cached_db() takes 1 positional argument but 3 were given

Content: parties
Error: save_words_to_cached_db() takes 1 positional argument but 3 were given

Content: clarifications
Error: save_words_to_cached_db() takes 1 positional argument but 3 were given

Content: assets
Error: save_words_to_cached_db() takes 1 positional argument but 3 were given

Content: clarifications
Error: save_words_to_cached_db() takes 1 positional argument but 3 were given

Content: assets
Error: save_words_to_cached_db() takes 1 positional argument but 3 were given

Content: clarifications
Error: save_words_to_cached_db() takes 1 positional argument but 3 were given

Content: assets
Error: save_words_to_cached_db() takes 1 positional argument but 3 were given

Content: filing
Error: save_words_to_cached_db() takes 1 positional argument but 3 were given

Content: filing
Error: save_words_to_cached_db() takes 1 positional argument but 3 were given

Content: filing
Error: save_words_to_cached_db() takes 1 positional argument but 3 were given

Content: concerns
Error: save_words_to_cached_db() takes 1 positional argument but 3 were given

Content: concerns
Error: save_words_to_cached_db() takes 1 positional argument but 3 were given

Content: concerns
Error: save_words_to_cached_db() takes 1 positional argument but 3 were given

Content: assets
Error: save_words_to_cached_db() takes 1 positional argument but 3 were given

Content: assets
Error: save_words_to_cached_db() takes 1 positional argument but 3 were given

Content: assets
Error: save_words_to_cached_db() takes 1 positional argument but 3 were given

Content: investments
Error: save_words_to_cached_db() takes 1 positional argument but 3 were given

Content: investments
Error: save_words_to_cached_db() takes 1 positional argument but 3 were given

Content: extinguishment
Error: save_words_to_cached_db() takes 1 positional argument but 3 were given

Content: investments
Error: save_words_to_cached_db() takes 1 positional argument but 3 were given

Content: extinguishment
Error: save_words_to_cached_db() takes 1 positional argument but 3 were given

Content: extinguishment
Error: save_words_to_cached_db() takes 1 positional argument but 3 were given

Content: filing
Error: save_words_to_cached_db() takes 1 positional argument but 3 were given

Content: filing
Error: save_words_to_cached_db() takes 1 positional argument but 3 were given

Content: filing
Error: save_words_to_cached_db() takes 1 positional argument but 3 were given

Content: clarifications
Error: save_words_to_cached_db() takes 1 positional argument but 3 were given

Content: clarifications
Error: save_words_to_cached_db() takes 1 positional argument but 3 were given

Content: clarifications
Error: save_words_to_cached_db() takes 1 positional argument but 3 were given

Time: 2025-05-01 14:21:04.927475
Content: Latin American
Error: name 'asyncio' is not defined

Time: 2025-05-01 14:21:04.927669
Content: laughable
Error: name 'asyncio' is not defined

Time: 2025-05-01 14:21:04.927798
Content: laughingstock
Error: name 'asyncio' is not defined

Time: 2025-05-01 14:21:04.927890
Content: laughter
Error: name 'asyncio' is not defined

Time: 2025-05-01 14:21:04.927969
Content: launch pad
Error: name 'asyncio' is not defined

Time: 2025-05-01 14:21:04.928031
Content: Laundromat
Error: name 'asyncio' is not defined

Time: 2025-05-01 14:21:04.928134
Content: laundry room
Error: name 'asyncio' is not defined

Time: 2025-05-01 14:21:04.928298
Content: lavender
Error: name 'asyncio' is not defined

Time: 2025-05-01 14:21:04.928384
Content: law-abiding
Error: name 'asyncio' is not defined

Time: 2025-05-01 14:21:04.928464
Content: law enforcement
Error: name 'asyncio' is not defined

Time: 2025-05-01 14:23:34.743105
Content: lobbyist
Error: name 'asyncio' is not defined

Time: 2025-05-01 14:23:34.743282
Content: local anesthetic
Error: name 'asyncio' is not defined

Time: 2025-05-01 14:23:34.743370
Content: localized
Error: name 'asyncio' is not defined

Time: 2025-05-01 14:23:34.743589
Content: local time
Error: name 'asyncio' is not defined

Time: 2025-05-01 14:23:34.743666
Content: locker room
Error: name 'asyncio' is not defined

Time: 2025-05-01 14:23:34.743749
Content: locksmith
Error: name 'asyncio' is not defined

Time: 2025-05-01 14:23:34.743815
Content: logically
Error: name 'asyncio' is not defined

Time: 2025-05-01 14:23:34.743895
Content: logistical
Error: name 'asyncio' is not defined

Time: 2025-05-01 14:23:34.744004
Content: logistics
Error: name 'asyncio' is not defined

Time: 2025-05-01 14:23:34.744078
Content: loincloth
Error: name 'asyncio' is not defined

Time: 2025-05-01 14:24:59.067970
Content: Lutheran
Error: name 'asyncio' is not defined

Time: 2025-05-01 14:24:59.068143
Content: luxuriate
Error: name 'asyncio' is not defined

Time: 2025-05-01 14:24:59.068256
Content: luxuriously
Error: name 'asyncio' is not defined

Time: 2025-05-01 14:24:59.068412
Content: lynching
Error: name 'asyncio' is not defined

Time: 2025-05-01 14:24:59.068516
Content: lyricist
Error: name 'asyncio' is not defined

Time: 2025-05-01 14:24:59.068604
Content: macaroni
Error: name 'asyncio' is not defined

Time: 2025-05-01 14:24:59.068677
Content: machine gun
Error: name 'asyncio' is not defined

Time: 2025-05-01 14:24:59.068770
Content: machinist
Error: name 'asyncio' is not defined

Time: 2025-05-01 14:24:59.068886
Content: macrocosm
Error: name 'asyncio' is not defined

Time: 2025-05-01 14:24:59.068964
Content: maddening
Error: name 'asyncio' is not defined

Time: 2025-05-01 14:25:16.978368
Content: maddeningly
Error: expected string or bytes-like object, got 'NoneType'

Time: 2025-05-01 14:25:16.978488
Content: madhouse
Error: expected string or bytes-like object, got 'NoneType'

Time: 2025-05-01 14:25:16.978567
Content: magazine
Error: expected string or bytes-like object, got 'NoneType'

Time: 2025-05-01 14:25:16.978638
Content: magically
Error: expected string or bytes-like object, got 'NoneType'

Time: 2025-05-01 14:25:16.978707
Content: magician
Error: expected string or bytes-like object, got 'NoneType'

Time: 2025-05-01 14:25:16.978775
Content: Magic Marker
Error: expected string or bytes-like object, got 'NoneType'

Time: 2025-05-01 14:25:16.978841
Content: magnanimous
Error: expected string or bytes-like object, got 'NoneType'

Time: 2025-05-01 14:25:16.978905
Content: magnetic tape
Error: expected string or bytes-like object, got 'NoneType'

Time: 2025-05-01 14:25:16.978973
Content: magnetism
Error: expected string or bytes-like object, got 'NoneType'

Time: 2025-05-01 14:25:16.979040
Content: magnetize
Error: expected string or bytes-like object, got 'NoneType'

Time: 2025-05-01 14:27:35.206400
Content: mass production
Error: name 'asyncio' is not defined

Time: 2025-05-01 14:27:35.206651
Content: masterful
Error: name 'asyncio' is not defined

Time: 2025-05-01 14:27:35.206756
Content: master key
Error: name 'asyncio' is not defined

Time: 2025-05-01 14:27:35.206830
Content: mastermind
Error: name 'asyncio' is not defined

Time: 2025-05-01 14:27:35.206981
Content: master of ceremonies
Error: name 'asyncio' is not defined

Time: 2025-05-01 14:27:35.207130
Content: master plan
Error: name 'asyncio' is not defined

Time: 2025-05-01 14:27:35.207220
Content: master's degree
Error: name 'asyncio' is not defined

Time: 2025-05-01 14:27:35.207306
Content: masturbate
Error: name 'asyncio' is not defined

Time: 2025-05-01 14:27:35.207413
Content: masturbation
Error: name 'asyncio' is not defined

Time: 2025-05-01 14:27:35.207483
Content: matchbook
Error: name 'asyncio' is not defined

Time: 2025-05-01 14:29:37.985223
Content: middle age
Error: name 'asyncio' is not defined

Time: 2025-05-01 14:29:37.985520
Content: middle-aged
Error: name 'asyncio' is not defined

Time: 2025-05-01 14:29:37.985710
Content: Middle Ages
Error: name 'asyncio' is not defined

Time: 2025-05-01 14:29:37.985882
Content: Middle America
Error: name 'asyncio' is not defined

Time: 2025-05-01 14:29:37.986156
Content: middle class
Error: name 'asyncio' is not defined

Time: 2025-05-01 14:29:37.986507
Content: Middle East
Error: name 'asyncio' is not defined

Time: 2025-05-01 14:29:37.986798
Content: middle name
Error: name 'asyncio' is not defined

Time: 2025-05-01 14:29:37.987007
Content: middle-of-the-road
Error: name 'asyncio' is not defined

Time: 2025-05-01 14:29:37.987182
Content: middle school
Error: name 'asyncio' is not defined

Time: 2025-05-01 14:29:37.988534
Content: midnight
Error: name 'asyncio' is not defined

Time: 2025-05-01 14:30:39.711741
Content: miscarriage of justice
Error: name 'asyncio' is not defined

Time: 2025-05-01 14:30:39.712201
Content: miscarry
Error: name 'asyncio' is not defined

Time: 2025-05-01 14:30:39.712562
Content: mischief
Error: name 'asyncio' is not defined

Time: 2025-05-01 14:30:39.712761
Content: mischievously
Error: name 'asyncio' is not defined

Time: 2025-05-01 14:30:39.712977
Content: misconduct
Error: name 'asyncio' is not defined

Time: 2025-05-01 14:30:39.713288
Content: miserably
Error: name 'asyncio' is not defined

Time: 2025-05-01 14:30:39.713516
Content: misfortune
Error: name 'asyncio' is not defined

Time: 2025-05-01 14:30:39.713839
Content: misguided
Error: name 'asyncio' is not defined

Time: 2025-05-01 14:30:39.714366
Content: misinform
Error: name 'asyncio' is not defined

Time: 2025-05-01 14:30:39.714667
Content: misinterpret
Error: name 'asyncio' is not defined

Time: 2025-05-01 14:30:54.240552
Content: misinterpretation
Error: name 'asyncio' is not defined

Time: 2025-05-01 14:30:54.240843
Content: misjudgment
Error: name 'asyncio' is not defined

Time: 2025-05-01 14:30:54.241354
Content: mismanagement
Error: name 'asyncio' is not defined

Time: 2025-05-01 14:30:54.241874
Content: mismatch
Error: name 'asyncio' is not defined

Time: 2025-05-01 14:30:54.242377
Content: misogyny
Error: name 'asyncio' is not defined

Time: 2025-05-01 14:30:54.244053
Content: misplace
Error: name 'asyncio' is not defined

Time: 2025-05-01 14:30:54.245264
Content: misplaced
Error: name 'asyncio' is not defined

Time: 2025-05-01 14:30:54.246465
Content: misprint
Error: name 'asyncio' is not defined

Time: 2025-05-01 14:30:54.248354
Content: mispronounce
Error: name 'asyncio' is not defined

Time: 2025-05-01 14:30:54.248812
Content: mispronunciation
Error: name 'asyncio' is not defined

Time: 2025-05-01 14:31:20.188692
Content: mistletoe
Error: name 'asyncio' is not defined

Time: 2025-05-01 14:31:20.189946
Content: mistreat
Error: name 'asyncio' is not defined

Time: 2025-05-01 14:31:20.190403
Content: mistreatment
Error: name 'asyncio' is not defined

Time: 2025-05-01 14:31:20.190836
Content: mistress
Error: name 'asyncio' is not defined

Time: 2025-05-01 14:31:20.191831
Content: mistrial
Error: name 'asyncio' is not defined

Time: 2025-05-01 14:31:20.192728
Content: mistrust
Error: name 'asyncio' is not defined

Time: 2025-05-01 14:31:20.194537
Content: misunderstand
Error: name 'asyncio' is not defined

Time: 2025-05-01 14:31:20.196165
Content: misunderstanding
Error: name 'asyncio' is not defined

Time: 2025-05-01 14:31:20.197295
Content: misunderstood
Error: name 'asyncio' is not defined

Time: 2025-05-01 14:31:20.199200
Content: mitigating
Error: name 'asyncio' is not defined

Time: 2025-05-01 14:31:32.745642
Content: mitigation
Error: name 'asyncio' is not defined

Time: 2025-05-01 14:31:32.746689
Content: mixed marriage
Error: name 'asyncio' is not defined

Time: 2025-05-01 14:31:32.747545
Content: mixed-up
Error: name 'asyncio' is not defined

Time: 2025-05-01 14:31:32.748534
Content: mobile home
Error: name 'asyncio' is not defined

Time: 2025-05-01 14:31:32.749801
Content: mobilization
Error: name 'asyncio' is not defined

Time: 2025-05-01 14:31:32.751168
Content: moccasin
Error: name 'asyncio' is not defined

Time: 2025-05-01 14:31:32.752672
Content: mockingbird
Error: name 'asyncio' is not defined

Time: 2025-05-01 14:31:32.753613
Content: moderator
Error: name 'asyncio' is not defined

Time: 2025-05-01 14:31:32.754765
Content: modernization
Error: name 'asyncio' is not defined

Time: 2025-05-01 14:31:32.756380
Content: modernize
Error: name 'asyncio' is not defined

Time: 2025-05-01 14:31:58.779191
Content: monogamous
Error: name 'asyncio' is not defined

Time: 2025-05-01 14:31:58.779388
Content: monogram
Error: name 'asyncio' is not defined

Time: 2025-05-01 14:31:58.780227
Content: monogrammed
Error: name 'asyncio' is not defined

Time: 2025-05-01 14:31:58.781206
Content: monolingual
Error: name 'asyncio' is not defined

Time: 2025-05-01 14:31:58.782328
Content: monolith
Error: name 'asyncio' is not defined

Time: 2025-05-01 14:31:58.783839
Content: monologue
Error: name 'asyncio' is not defined

Time: 2025-05-01 14:31:58.784545
Content: mononucleosis
Error: name 'asyncio' is not defined

Time: 2025-05-01 14:31:58.785825
Content: monopolization
Error: name 'asyncio' is not defined

Time: 2025-05-01 14:31:58.786352
Content: monopolize
Error: name 'asyncio' is not defined

Time: 2025-05-01 14:31:58.786775
Content: monorail
Error: name 'asyncio' is not defined

Time: 2025-05-01 14:32:23.307508
Content: moralistic
Error: name 'asyncio' is not defined

Time: 2025-05-01 14:32:23.307871
Content: moral support
Error: name 'asyncio' is not defined

Time: 2025-05-01 14:32:23.308072
Content: morning sickness
Error: name 'asyncio' is not defined

Time: 2025-05-01 14:32:23.308432
Content: morphine
Error: name 'asyncio' is not defined

Time: 2025-05-01 14:32:23.308709
Content: Morse code
Error: name 'asyncio' is not defined

Time: 2025-05-01 14:32:23.308932
Content: mortally
Error: name 'asyncio' is not defined

Time: 2025-05-01 14:32:23.309318
Content: mortarboard
Error: name 'asyncio' is not defined

Time: 2025-05-01 14:32:23.310552
Content: mortification
Error: name 'asyncio' is not defined

Time: 2025-05-01 14:32:23.311317
Content: mortifying
Error: name 'asyncio' is not defined

Time: 2025-05-01 14:32:23.312033
Content: mortuary
Error: name 'asyncio' is not defined

Time: 2025-05-01 14:34:08.818092
Content: mystique
Error: name 'asyncio' is not defined

Time: 2025-05-01 14:34:08.818264
Content: mythical
Error: name 'asyncio' is not defined

Time: 2025-05-01 14:34:08.818352
Content: mythological
Error: name 'asyncio' is not defined

Time: 2025-05-01 14:34:08.818557
Content: nailbrush
Error: name 'asyncio' is not defined

Time: 2025-05-01 14:34:08.818676
Content: nail file
Error: name 'asyncio' is not defined

Time: 2025-05-01 14:34:08.818759
Content: nail polish
Error: name 'asyncio' is not defined

Time: 2025-05-01 14:34:08.818831
Content: name-dropping
Error: name 'asyncio' is not defined

Time: 2025-05-01 14:34:08.818909
Content: nameless
Error: name 'asyncio' is not defined

Time: 2025-05-01 14:34:08.818975
Content: namesake
Error: name 'asyncio' is not defined

Time: 2025-05-01 14:34:08.819041
Content: narcissism
Error: name 'asyncio' is not defined

Time: 2025-05-01 14:35:09.271100
Content: navigational
Error: name 'asyncio' is not defined

Time: 2025-05-01 14:35:09.271294
Content: navigator
Error: name 'asyncio' is not defined

Time: 2025-05-01 14:35:09.271416
Content: navy blue
Error: name 'asyncio' is not defined

Time: 2025-05-01 14:35:09.271540
Content: nearsighted
Error: name 'asyncio' is not defined

Time: 2025-05-01 14:35:09.271615
Content: neatness
Error: name 'asyncio' is not defined

Time: 2025-05-01 14:35:09.271700
Content: necessary
Error: name 'asyncio' is not defined

Time: 2025-05-01 14:35:09.271769
Content: necklace
Error: name 'asyncio' is not defined

Time: 2025-05-01 14:35:09.271868
Content: neckline
Error: name 'asyncio' is not defined

Time: 2025-05-01 14:35:09.271978
Content: nectarine
Error: name 'asyncio' is not defined

Time: 2025-05-01 14:35:09.272060
Content: needless
Error: name 'asyncio' is not defined

Time: 2025-05-01 14:35:22.621174
Content: needlessly
Error: name 'asyncio' is not defined

Time: 2025-05-01 14:35:22.621338
Content: needlework
Error: name 'asyncio' is not defined

Time: 2025-05-01 14:35:22.621418
Content: negatively
Error: name 'asyncio' is not defined

Time: 2025-05-01 14:35:22.621539
Content: neglected
Error: name 'asyncio' is not defined

Time: 2025-05-01 14:35:22.621644
Content: neglectful
Error: name 'asyncio' is not defined

Time: 2025-05-01 14:35:22.621720
Content: negligee
Error: name 'asyncio' is not defined

Time: 2025-05-01 14:35:22.621789
Content: negligently
Error: name 'asyncio' is not defined

Time: 2025-05-01 14:35:22.621859
Content: negotiable
Error: name 'asyncio' is not defined

Time: 2025-05-01 14:35:22.621926
Content: negotiator
Error: name 'asyncio' is not defined

Time: 2025-05-01 14:35:22.622018
Content: neighbor
Error: name 'asyncio' is not defined

Time: 2025-05-01 14:36:56.159677
Content: noiselessly
Error: name 'asyncio' is not defined

Time: 2025-05-01 14:36:56.159869
Content: noise pollution
Error: name 'asyncio' is not defined

Time: 2025-05-01 14:36:56.159955
Content: no man's land
Error: name 'asyncio' is not defined

Time: 2025-05-01 14:36:56.160029
Content: nominally
Error: name 'asyncio' is not defined

Time: 2025-05-01 14:36:56.160098
Content: nonchalant
Error: name 'asyncio' is not defined

Time: 2025-05-01 14:36:56.160169
Content: nonchalantly
Error: name 'asyncio' is not defined

Time: 2025-05-01 14:36:56.160235
Content: noncommittally
Error: name 'asyncio' is not defined

Time: 2025-05-01 14:36:56.160304
Content: nonconformist
Error: name 'asyncio' is not defined

Time: 2025-05-01 14:36:56.160369
Content: nondairy
Error: name 'asyncio' is not defined

Time: 2025-05-01 14:36:56.160434
Content: nondenominational
Error: name 'asyncio' is not defined

Time: 2025-05-01 14:40:20.515306
Content: operating room
Error: name 'asyncio' is not defined

Time: 2025-05-01 14:40:20.515473
Content: operating system
Error: name 'asyncio' is not defined

Time: 2025-05-01 14:40:20.515558
Content: operationally
Error: name 'asyncio' is not defined

Time: 2025-05-01 14:40:20.515629
Content: operative
Error: name 'asyncio' is not defined

Time: 2025-05-01 14:40:20.515716
Content: ophthalmologist
Error: name 'asyncio' is not defined

Time: 2025-05-01 14:40:20.515797
Content: ophthalmology
Error: name 'asyncio' is not defined

Time: 2025-05-01 14:40:20.515897
Content: opinionated
Error: name 'asyncio' is not defined

Time: 2025-05-01 14:40:20.516020
Content: opinion poll
Error: name 'asyncio' is not defined

Time: 2025-05-01 14:40:20.516126
Content: opportunism
Error: name 'asyncio' is not defined

Time: 2025-05-01 14:40:20.516245
Content: opportunistic
Error: name 'asyncio' is not defined

Time: 2025-05-01 14:46:30.238609
Content: pencil case
Error: name 'asyncio' is not defined

Time: 2025-05-01 14:46:30.238800
Content: pencil sharpener
Error: name 'asyncio' is not defined

Time: 2025-05-01 14:46:30.238885
Content: pendulum
Error: name 'asyncio' is not defined

Time: 2025-05-01 14:46:30.238959
Content: penetrating
Error: name 'asyncio' is not defined

Time: 2025-05-01 14:46:30.239027
Content: penitence
Error: name 'asyncio' is not defined

Time: 2025-05-01 14:46:30.239156
Content: penitentiary
Error: name 'asyncio' is not defined

Time: 2025-05-01 14:46:30.239300
Content: penknife
Error: name 'asyncio' is not defined

Time: 2025-05-01 14:46:30.239413
Content: penknives
Error: name 'asyncio' is not defined

Time: 2025-05-01 14:46:30.239541
Content: pen name
Error: name 'asyncio' is not defined

Time: 2025-05-01 14:46:30.239638
Content: penniless
Error: name 'asyncio' is not defined

Time: 2025-05-01 14:50:12.901172
Content: plurality
Error: name 'asyncio' is not defined

Time: 2025-05-01 14:50:12.901347
Content: plus sign
Error: name 'asyncio' is not defined

Time: 2025-05-01 14:50:12.901445
Content: plutonium
Error: name 'asyncio' is not defined

Time: 2025-05-01 14:50:12.901518
Content: pneumatic
Error: name 'asyncio' is not defined

Time: 2025-05-01 14:50:12.901616
Content: pneumonia
Error: name 'asyncio' is not defined

Time: 2025-05-01 14:50:12.901696
Content: P.O. Box
Error: name 'asyncio' is not defined

Time: 2025-05-01 14:50:12.901769
Content: pocketful
Error: name 'asyncio' is not defined

Time: 2025-05-01 14:50:12.901834
Content: pocketknife
Error: name 'asyncio' is not defined

Time: 2025-05-01 14:50:12.901910
Content: pocketknives
Error: name 'asyncio' is not defined

Time: 2025-05-01 14:50:12.901981
Content: pockmark
Error: name 'asyncio' is not defined

Time: 2025-05-01 15:12:02.872575
Content: [{"word": "onwards", "ipa": "/nwrdz/", "etymology": "From Old English on weard, from n + weard (at watch)"}, {"word": "oodles", "ipa": "/udlz/", "etymology": "From Yiddish oydl, from German Achtel (eighth part), ultimately from Latin octo (eight)"}, {"word": "oops", "ipa": "/ps/", "etymology": "Interjection of surprise or regret, possibly from Old Norse ups, from upp (up)"}, {"word": "open", "ipa": "/opn/", "etymology": "From Old English open, from Proto-Germanic *apaino, from Proto-Indo-European *ape- 'apart'"}, {"word": "opener", "ipa": "/opinr/", "etymology": "From open + -er (suffix used to form agent nouns)"}, {"word": "opening", "ipa": "/opn/", "etymology": "From open + -ing (suffix indicating actions or states)"}, {"word": "opinion", "ipa": "/pnjuhn/", "etymology": "From Latin opinio, from opineres (to think, to judge)"}, {"word": "opium", "ipa": "/opim/", "etymology": "From Greek opsion, from ops (juice of the poppy seed)"}, {"word": "opossum", "ipa": "/psm/", "etymology": "From Algonquian (Native American language family) apache, meaning 'white beast' or 'white monkey'}]
Error: Unterminated string starting at: line 1 column 997 (char 996)

Time: 2025-05-01 15:16:11.896087
Content: [{"word": "pen pal", "ipa": "/pn pl/", "etymology": "From the noun pen (writing instrument or container) and pal (friend or acquaintance), used to describe a long-distance friend who corresponds by writing letters"}, {"word": "pent-up", "ipa": "/pent p/", "etymology": "From the verb pent, meaning 'confined' or 'imprisoned', and up (a prefix indicating something has been raised or increased), used to describe being emotionally restrained or frustrated due to being held back"}, {"word": "people", "ipa": "/pipl/", "etymology": "From the Old English pol, from peon, meaning 'human being' or 'person'"}, {"word": "pep", "ipa": "/pp/", "etymology": "From the Old French poivre (meaning pepper), used as a slang term for energy or enthusiasm"}, {"word": "peppy", "ipa": "/ppi/", "etymology": "From peppy, meaning 'full of spirit or lively' or 'characterized by liveliness or energy'}, {"word": "per", "ipa": "/pr/", "etymology": "From the Latin per (meaning 'through'), used as a prefix indicating movement through or throughout"}, {"word": "percent", "ipa": "/sent ernt/", "etymology": "From the French cent pour mille (one hundredth part of something), shortened to cent, meaning 'hundred' and from Latin centum (meaning 'hundred')"}, {"word": "perhaps", "ipa": "/prhps/", "etymology": "From the Old French parce que (because) or the Latin per quod (through what), used to express doubt about something or to indicate that something may be true"}, {"word": "peril", "ipa": "/pril/", "etymology": "From the Latin periculum (danger), used to describe a serious risk, hazard, or danger"}, {"word": "period", "ipa": "/prd/", "etymology": "From the Greek priodos (circular course or repeated series of events), used to refer to a specific length of time, especially in reference to school subjects"}]
Error: Expecting ',' delimiter: line 1 column 887 (char 886)

Time: 2025-05-01 15:19:13.132651
Content: [{"word": "PMS", "ipa": "/pi m si/", "etymology": "From Latin: Premenstruum, meaning before the month (as in a woman's menstrual cycle)"}, {"word": "poach", "ipa": "/pot/", "etymology": "Old English paecan, from pasci, to pasture or feed"}, {"word": "poacher", "ipa": "/ptr/", "etymology": "From poach + Old French chacier, to hunt illegally"}, {"word": "pocket", "ipa": "/pkt/", "etymology": "Middle English pokette, diminutive of pockete, from Old North French pochette, diminutive of poche, bag or pocket"}, {"word": "pod", "ipa": "/pd/", "etymology": "Old English pod, from Latin podia, feet (plural)"}, {"word": "poem", "ipa": "/pom/", "etymology": "From Old English poma, from Greek poema, something made"}, {"word": "poet", "ipa": "/pit/", "etymology": "From Latin poeta, from Greek poetes, maker}, {"word": "pogrom", "ipa": "/prm/", "etymology": "From Russian pogrom, beating (from poruchit' pogromit', to beat, from poruchat', blow, strike"}, {"word": "pointer", "ipa": "/pontr/", "etymology": "From Old French pointe, point or sharp end, from Latin punctum, a small mark"}, {"word": "pointy", "ipa": "/pnti/", "etymology": "From pointing or having a pointed shape"}]
Error: Expecting ',' delimiter: line 1 column 809 (char 808)

Time: 2025-05-01 15:23:36.264077
Content: [{"word": "quitter", "ipa": "/kwtr/", "etymology": "From French quitier, from quitter to abandon or leave"}, {"word": "R", "ipa": "/i/, /r/, /er/, /er/, etc."}, // R does not have a direct etymology as it is a letter of the alphabet and has no specific pronunciation origin. {"word": "rabbi", "ipa": "/rb/", "etymology": "Hebrew: Aramaic rab ('great') + h-' (one who) + bey (my) + nakh (learned)", "friendly_etymology": "A learned Jewish leader in a community or synagogue."}, {"word": "rabbit", "ipa": "/rbt/", "etymology": "Old English harebic, hareputte from Middle Dutch: haze-putte"}, {"word": "rabble", "ipa": "/rbl/", "etymology": "Middle English rable, from Old North French rabele, from Latin rabies 'madness, rage, furor'"}, {"word": "rabid", "ipa": "/rbd/", "etymology": "Old English hrdwian (to be mad or frenzied), from Proto-Germanic *hrabdjn, from Latin rabies"}, {"word": "rabies", "ipa": "/rebiz/", "etymology": "From Latin rabies: furor (rage, madness)"}, {"word": "raccoon", "ipa": "/rkkun/", "etymology": "Algonquian: arakunt or arhkn, from the Algonquian word for 'animal that scratches with its hands'"}, {"word": "race", "ipa": "/res/", "etymology": "Old French coraize, from Latin corpus (body), probably influenced by Old Norse rauss meaning 'to rush'"}, {"word": "racy", "ipa": "/reiSi/", "etymology": "From French racier 'to be rapid, quick', from Latin rdius 'ray'"}]
Error: Expecting value: line 1 column 162 (char 161)

Time: 2025-05-01 15:24:54.919715
Content: [{"word": "rapture", "ipa": "/rpt/", "etymology": "From Old French rapiture, from Latin rapere to seize, carry off"}, {"word": "rarely", "ipa": "/rli/", "etymology": "Old English hreowlg, from hreaw rare + -lg, suffix forming adverbs"}, {"word": "raring", "ipa": "/r/", "etymology": "From Old English hrging, from hrgan to rage, be excited"}, {"word": "rascal", "ipa": "/rskl/", "etymology": "Middle English, alteration of Middle English raschal (from Italian razza, kind, breed), perhaps influenced by scala (ladder, staircase)"}, {"word": "rasp", "ipa": "/rsp/", "etymology": "From Old Norse hreppa, from Proto-Germanic *hrappan-, from PIE *grebh- to scrape"}, {"word": "rather", "ipa": "/rr/", "etymology": "Old English ror; akin to Old Norse rethr, Greek arathros"}, {"word": "rations", "ipa": "/renz/", "etymology": "From Latin ratio(n) a reckoning, from rat- to reason, compute"}, {"word": "rattler", "ipa": "/rtlr/", "etymology": "Middle English rattelen, alteration of Old Norse hryttla, from hryttr snake + -lalan, suffix denoting an agent or doer"}, {"word": "raunchy", "ipa": "/rnchi/", "etymology": "From Anglo-Norman French roinchier (from Old North French rouinche-, perhaps from the verb roigner to crumble, rot)}]
Error: Unterminated string starting at: line 1 column 1112 (char 1111)

Time: 2025-05-01 15:27:15.844001
Content: [{"word": "rescuer", "ipa": "/rskjur/", "etymology": "From Old French rescuer, from Latin rescuere meaning 'to come back to'"}, {"word": "resound", "ipa": "/risand/", "etymology": "From Old English resundan, from re- + sundan (break into parts or pieces)"}, {"word": "rest", "ipa": "/rst/", "etymology": "From Old English hrust, from Proto-Germanic *hrustuz, from Proto-Indo-European *gwher-t- (sleep)"}, {"word": "restate", "ipa": "/ristet/", "etymology": "From Latin restatare, from re- + statere (make or set firm)"}, {"word": "result", "ipa": "/rzlt/", "etymology": "From Old French resault, from Latin resultare, from the verb resultare meaning 'spring forth'"}, {"word": "retake", "ipa": "/ritk/", "etymology": "From Old English retecan, from re- + tecan (take)"}, {"word": "retaken", "ipa": "/rtktn/", "etymology": "Past participle of retake"}, {"word": "retard", "ipa": "/ritrd/", "etymology": "From Latin tardus (slow)"}, {"word": "retch", "ipa": "/rt/", "etymology": "From Old English retrcan, from re- + rcan (vomit)"}, {"word": "rethink", "ipa": "/rik/", "etymology": "From Old French repenser, from Latin re- + pensare (weigh again)}]
Error: Unterminated string starting at: line 1 column 1081 (char 1080)

Time: 2025-05-01 15:28:54.220836
Content: [{"word": "robber", "ipa": "/rbr/", "etymology": "From Old English hraefor"}, {"word": "robe", "ipa": "/rob/", "etymology": "From Old French robe, from Latin vestis (garment)"}, {"word": "robot", "ipa": "/rbt/", "etymology": "From Czech robota (compulsory labor or servitude), from Old Church Slavonic rabota (work)}, {"word": "rocker", "ipa": "/rkr/", "etymology": "From Middle English roken, rocken, from Old Norse hrokja"}, {"word": "rocky", "ipa": "/rki/", "etymology": "From Old English hroccan (to be rough)"}, {"word": "rode", "ipa": "/rod/", "etymology": "From Old English rd, rdan (to ride on a horse)"}, {"word": "rogue", "ipa": "/r/", "etymology": "From Dutch rog (rebel), from Old French roux (red-haired)"}, {"word": "role", "ipa": "/rol/", "etymology": "From Old French rolle, from Latin roulla (small wheel)"}, {"word": "ROM", "ipa": "/rm/", "etymology": "From the initial letters of Regio Romanicus (Roman Region), used in inscriptions on ancient artifacts"}, {"word": "Roman", "ipa": "/rmn/", "etymology": "From Latin Romanus, from Roma (Rome)"}]
Error: Expecting ',' delimiter: line 1 column 321 (char 320)

Time: 2025-05-01 15:30:29.547804
Content: ruse
Error: expected string or bytes-like object, got 'NoneType'

Time: 2025-05-01 15:30:29.549705
Content: Russian
Error: expected string or bytes-like object, got 'NoneType'

Time: 2025-05-01 15:30:29.550643
Content: rustle
Error: expected string or bytes-like object, got 'NoneType'

Time: 2025-05-01 15:30:29.552533
Content: rustler
Error: expected string or bytes-like object, got 'NoneType'

Time: 2025-05-01 15:30:29.554294
Content: rusty
Error: expected string or bytes-like object, got 'NoneType'

Time: 2025-05-01 15:30:29.555470
Content: rut
Error: expected string or bytes-like object, got 'NoneType'

Time: 2025-05-01 15:30:29.556173
Content: RV
Error: expected string or bytes-like object, got 'NoneType'

Time: 2025-05-01 15:30:29.557007
Content: rye
Error: expected string or bytes-like object, got 'NoneType'

Time: 2025-05-01 15:30:29.557793
Content: S
Error: expected string or bytes-like object, got 'NoneType'

Time: 2025-05-01 15:30:29.558454
Content: Sabbath
Error: expected string or bytes-like object, got 'NoneType'

Time: 2025-05-01 15:31:21.129357
Content: [{"word": "sandal", "ipa": "/sandl/", "etymology": "From Old English sandalh (or sandol)"}, {"word": "sandbag", "ipa": "/saNDbg/", "etymology": "From Old Norse sand- 'sand' + bagr 'bag'"}, {"word": "sandman", "ipa": "/sandmn/", "etymology": "Origin unknown, possibly related to Old English sand 'grain of sand' and mann 'man'"}, {"word": "sandy", "ipa": "/sandi/", "etymology": "From Old English sandig"}, {"word": "sane", "ipa": "/sen/", "etymology": "From Latin sanus"}, {"word": "sang", "ipa": "/s/", "etymology": "From Old English sang 'sing'"}, {"word": "sank", "ipa": "/sk/", "etymology": "From Old English sencan, from sangian, from Old Norse segja"}, {"word": "Santa", "ipa": "/sant/", "etymology": "From Spanish Santa Claus (short for Santo Claus or San Nicols)"}, {"word": "sapling", "ipa": "/sapl/", "etymology": "From Old English seapeling, from sap 'young shoot' + peling 'bud'"}, {"word": "sardine", "ipa": "/sardn/", "etymology": "From Italian sardina (from Latin Sardus, from ancient Greek Sardon")}]
Error: Expecting ',' delimiter: line 1 column 1014 (char 1013)

Time: 2025-05-01 15:32:06.767566
Content: [{"word": "satiny", "ipa": "/stni/", "etymology": "From Latin satinus"}, {"word": "Saturn", "ipa": "/satn/", "etymology": "Latin Saturnus, from Greek Kronos"}, {"word": "saucer", "ipa": "/sasr/", "etymology": "From Middle English saucier, alteration of Old French saucier, ultimately from Latin soccus 'shoe'"}, {"word": "sauna", "ipa": "/san/", "etymology": "Borrowed from Finnish sauna"}, {"word": "sausage", "ipa": "/sazd/", "etymology": "From Old French souse, from Latin salsus 'salted'"}, {"word": "saute", "ipa": "/sot/", "etymology": "French verb meaning 'to jump'"}, {"word": "sauteed", "ipa": "/satid/", "etymology": "From French saut, past participle of sauter"}, {"word": "save", "ipa": "/sev/", "etymology": "Old English sceawian, from Proto-Germanic *skauw-}, {"word": "saver", "ipa": "/svr/", "etymology": "From Old French sauver, from Latin salvus 'safe'"}, {"word": "saving", "ipa": "/sevi/", "etymology": "From Old English sceawung, present participle of sceawian}]
Error: Expecting ',' delimiter: line 1 column 777 (char 776)

Time: 2025-05-01 15:33:27.983056
Content: [{"word": "scrappy", "ipa": "/skrpi/", "etymology": "From Old English scrppan, meaning 'to scrape or rub vigorously'"}, {"word": "scraps", "ipa": "/skrapz/", "etymology": "From Middle English scrapen, from Old Norse skrapa"}, {"word": "scrawl", "ipa": "/skrl/", "etymology": "From Old French escroel, from Latin scrobis, meaning ' furrow' or 'groove'"}, {"word": "scrawny", "ipa": "/skrani/", "etymology": "From Middle English scranwene, from Old Norse skrgnr}, {"word": "screech", "ipa": "/skit/", "etymology": "From Old English screccean, related to scream"}, {"word": "screwy", "ipa": "/skriwi/", "etymology": "From Middle English scruewe, from Old Norse skrofi}, {"word": "scribe", "ipa": "/skrb/", "etymology": "From Latin scribere, meaning 'to write'"}, {"word": "scrimp", "ipa": "/skimpt/", "etymology": "From Old English scrimpian, meaning 'to scrape or save money'"}, {"word": "scrooge", "ipa": "/skro/", "etymology": "Based on the character Ebenezer Scrooge in Charles Dickens' A Christmas Carol"}, {"word": "scum", "ipa": "/skm/", "etymology": "From Old English scuma, related to Latin scma, meaning 'floating matter'"}]
Error: Expecting ',' delimiter: line 1 column 465 (char 464)

Time: 2025-05-01 15:34:06.323542
Content: [{"word": "SE", "ipa": "/disi/", "etymology": "From Latin SE, abbreviation for the South East"}, {"word": "sea", "ipa": "/si/", "etymology": "Old English s"}, {"word": "seafood", "ipa": "/sifd/", "etymology": "From Old English sofod"}, {"word": "sealed", "ipa": "/siald/", "etymology": "Old English seal, meaning 'to make secure'"}, {"word": "seasick", "ipa": "/sisk/", "etymology": "From Old English sosic, from so 'sea' + sick"}, {"word": "seaside", "ipa": "/sisad/", "etymology": "Old English shyrst, literally meaning 'shore' or 'coastal region'"}, {"word": "seat", "ipa": "/sit/", "etymology": "Old English st, from Proto-Germanic *satja-}, from PIE root *sed- 'to sit'"}, {"word": "seating", "ipa": "/siti/", "etymology": "From Old English sting"}, {"word": "seaweed", "ipa": "/siwd/", "etymology": "From Old English seowude, from Old Norse sjaugr, from Proto-Germanic *sowodja-, from PIE root *sed- 'to sit'"}, {"word": "sec", "ipa": "/sek/", "etymology": "From Latin secus, meaning 'opposite, across'}]
Error: Unterminated string starting at: line 1 column 964 (char 963)

Time: 2025-05-01 15:34:13.873812
Content: { "word": "sea", "ipa": "/si/", "etymology": "Old English s, from Proto-Germanic *sai (compare Old Frisian zee, Dutch zee, German Meer, Danish, Norwegian, Swedish hav), from PIE root *(s)oi-" + "to flow, extend in a stream; run out," + "resembling the extended arm of a river or an outflowing stream" }
Error: Expecting ',' delimiter: line 1 column 193 (char 192)

Time: 2025-05-01 15:35:05.635527
Content: [{"word": "selves", "ipa": "/slfz/", "etymology": "From Old English slf, seolf, from Proto-Germanic *saiulfaz, from Proto-Indo-European *swel-"), {"word": "semen", "ipa": "/smn/", "etymology": "From Latin semen"}, {"word": "Sen.", "ipa": "/sen./", "etymology": "Short for Senatus (Latin for 'the Senate')"}, {"word": "Senate", "ipa": "/sent/", "etymology": "From Latin Senatus"}, {"word": "Senator", "ipa": "/sentr/", "etymology": "From Latin Sentorius, from Sentus (the Senate) + -arius (belonging to)"}, {"word": "send", "ipa": "/send/", "etymology": "Old English sendan"}, {"word": "senile", "ipa": "/snl/", "etymology": "From Latin senex, senilis (old)"}, {"word": "Senior", "ipa": "/sinjr/", "etymology": "Late Middle English: from French snior, from Late Latin senior 'older', from Latin senex 'old'"}, {"word": "sensor", "ipa": "/snsr/", "etymology": "From Latin sensus (meaning) + -or"}]
Error: Expecting ',' delimiter: line 1 column 144 (char 143)

Time: 2025-05-01 15:36:00.267909
Content: [{"word": "sex", "ipa": "/sks/", "etymology": "Old English seax"}, {"word": "sexist", "ipa": "/sekst/", "etymology": "From Latin sexus + -ist"}, {"word": "sexual", "ipa": "/sekl/", "etymology": "From Latin sexualis"}, {"word": "Sgt.", "ipa": "/ndit/\*,\nst.\*/", "etymology": "Abbreviation of Sergeant in the U.S. military"}, {"word": "shabby", "ipa": "/bi/", "etymology": "Middle English schappe, from Old Norse skappa"}, {"word": "shack", "ipa": "/k/", "etymology": "Old English scoc, shortened form of shakel"}, {"word": "shades", "ipa": "/edz/", "etymology": "From Old English sced, meaning 'darkness' or 'shadow'"}, {"word": "shading", "ipa": "/ed/", "etymology": "From the verb shade + -ing"}, {"word": "shadow", "ipa": "/dou/", "etymology": "Old English scadu, from Proto-Germanic *skathuwa"}, {"word": "shadowy", "ipa": "/dwi/", "etymology": "From Old English scadowe"}]
Error: Invalid \escape: line 1 column 250 (char 249)

Time: 2025-05-01 16:38:33.267728
Content: objected
Error: save_words_to_cached_db() takes 1 positional argument but 3 were given

Time: 2025-05-01 16:38:35.683386
Content: assets
Error: save_words_to_cached_db() takes 1 positional argument but 3 were given

Time: 2025-05-01 16:38:37.369858
Content: objected
Error: save_words_to_cached_db() takes 1 positional argument but 3 were given

Time: 2025-05-01 16:38:40.025095
Content: assets
Error: save_words_to_cached_db() takes 1 positional argument but 3 were given

Time: 2025-05-01 16:38:41.348793
Content: objected
Error: save_words_to_cached_db() takes 1 positional argument but 3 were given

Time: 2025-05-01 16:38:44.041280
Content: assets
Error: save_words_to_cached_db() takes 1 positional argument but 3 were given

Time: 2025-05-01 16:38:44.294298
Content: finalized
Error: save_words_to_cached_db() takes 1 positional argument but 3 were given

Time: 2025-05-01 16:38:47.154954
Content: extinguishment
Error: save_words_to_cached_db() takes 1 positional argument but 3 were given

Time: 2025-05-01 16:38:47.400314
Content: finalized
Error: save_words_to_cached_db() takes 1 positional argument but 3 were given

Time: 2025-05-01 16:38:51.093742
Content: extinguishment
Error: save_words_to_cached_db() takes 1 positional argument but 3 were given

Time: 2025-05-01 16:38:51.572195
Content: finalized
Error: save_words_to_cached_db() takes 1 positional argument but 3 were given

Time: 2025-05-01 16:38:54.748546
Content: extinguishment
Error: save_words_to_cached_db() takes 1 positional argument but 3 were given

Time: 2025-05-01 16:39:02.916441
Content: competing
Error: save_words_to_cached_db() takes 1 positional argument but 3 were given

Time: 2025-05-01 16:39:05.916600
Content: competing
Error: save_words_to_cached_db() takes 1 positional argument but 3 were given

Time: 2025-05-01 16:39:09.029220
Content: competing
Error: save_words_to_cached_db() takes 1 positional argument but 3 were given

Time: 2025-05-01 16:39:12.337649
Content: clarifications
Error: save_words_to_cached_db() takes 1 positional argument but 3 were given

Time: 2025-05-01 16:39:16.287465
Content: clarifications
Error: save_words_to_cached_db() takes 1 positional argument but 3 were given

Time: 2025-05-01 16:39:19.750374
Content: clarifications
Error: save_words_to_cached_db() takes 1 positional argument but 3 were given

Time: 2025-05-01 16:39:26.985897
Content: filing
Error: save_words_to_cached_db() takes 1 positional argument but 3 were given

Time: 2025-05-01 16:39:30.158419
Content: filing
Error: save_words_to_cached_db() takes 1 positional argument but 3 were given

Time: 2025-05-01 16:39:34.279588
Content: filing
Error: save_words_to_cached_db() takes 1 positional argument but 3 were given

Time: 2025-05-01 16:39:37.953468
Content: exhibits
Error: save_words_to_cached_db() takes 1 positional argument but 3 were given

Time: 2025-05-01 16:39:40.633506
Content: exhibits
Error: save_words_to_cached_db() takes 1 positional argument but 3 were given

Time: 2025-05-01 16:39:44.004424
Content: exhibits
Error: save_words_to_cached_db() takes 1 positional argument but 3 were given

Time: 2025-05-01 16:45:49.447271
Content: [{"word": "skirt", "ipa": "/skrt/", "etymology": "Old English scyrte"}, {"word": "skit", "ipa": "/skt/", "etymology": "From Old Norse skitr, related to English sheat (to cover)"}, {"word": "skunk", "ipa": "/skak/", "etymology": "From Algonquian language (a stinky animal)"}, {"word": "sky", "ipa": "/ska/", "etymology": "Old English sceaga"}, {"word": "skyline", "ipa": "/sakln/", "etymology": "From Old Norse haugrljos, meaning 'mountain-slope sound'"}, {"word": "slab", "ipa": "/slb/", "etymology": "Old English sclaf"}, {"word": "slack", "ipa": "/slak/", "etymology": "Old English slac 'loose, sluggish'"}, {"word": "slacker", "ipa": "/slkr/", "etymology": "From Old Norse slakra, meaning 'to loosen' or 'become loose'"}, {"word": "slains", "ipa": "/slens/", "etymology": "From Old English slean, past tense of slean (to kill)}]
Error: Unterminated string starting at: line 1 column 776 (char 775)

Time: 2025-05-01 16:46:15.997258
Content: { "word": "slain", "ipa": "/sl.n/", "etymology": "Old English *slean* (cognate with Old Norse *hleita*, Middle Dutch *slaen*, German *schlagen*), from Proto-Germanic **slahan* (\*\*ska-la-na), from Proto-Indo-European **slegh1* (\*\*sleg-, to strike or attack)" }
Error: Invalid \escape: line 1 column 178 (char 177)

Time: 2025-05-01 16:46:16.000609
Content: slain
Error: cannot access local variable 'e' where it is not associated with a value

Time: 2025-05-01 16:46:30.741907
Content: [{"word": "slalom", "ipa": "/sllm/", "etymology": "From Swedish slalam, imitative of the sound of water splashing, from sala 'flat stone' and ltna 'to make a noise'"}, {"word": "slang", "ipa": "/sl/", "etymology": "From Dutch schlange, from Middle Low German scleve, from Old Norse skjlmr 'a sneak thief, low fellow'"}, {"word": "slate", "ipa": "/slt/", "etymology": "From Old English sltan, probably imitative of the sound made by striking a slab with a chisel or hammer"}, {"word": "slather", "ipa": "/slr/", "etymology": "Middle English, from Old Norse slipra 'to rub'"}, {"word": "slave", "ipa": "/slv/", "etymology": "From Old French esclave, from Latin sclavus, of West Slavic origin; related to the name Slovene"}, {"word": "slavish", "ipa": "/slvi/", "etymology": "From Old English sclawisc 'Slav' or 'Slavonic'"}, {"word": "slay", "ipa": "/sl/", "etymology": "Old English slahhan, from Proto-Germanic *slahan, from Proto-Indo-European *sleh2-"}, {"word": "slaying", "ipa": "/sli/", "etymology": "From Old English slagan, present participle of slahhan"}, {"word": "sleep", "ipa": "/slp/", "etymology": "Old English sleapan, from Proto-Germanic *sleuban, from Proto-Indo-European *swelp- 'close'}," {"word": "sleepy", "ipa": "/slpi/", "etymology": "From Old English slpe, present participle of sleapan"}]
Error: Expecting ',' delimiter: line 1 column 1207 (char 1206)

Time: 2025-05-01 16:47:34.820830
Content: [{"word": "slow", "ipa": "/slo/", "etymology": "Old English sloh"}, {"word": "slowly", "ipa": "/sloli/", "etymology": "From Old English sloh + -lic, meaning 'like slow'"}, {"word": "sludge", "ipa": "/sld/", "etymology": "Middle English sludj, from Old Norse sluggja, to soil or muddy"}, {"word": "slug", "ipa": "/sl/", "etymology": "From Old English sleac 'slimy'"}, {"word": "slung", "ipa": "/sl/", "etymology": "From Old English slohgan, to throw or sling"}, {"word": "slunk", "[No IPA in American English]" , "etymology": "Past tense of slink, from Old Norse sklenga 'to creep or crawl'" }, {"word": "slur", "ipa": "/sl/", "etymology": "Old French esclure, to whisper, conspire"}, {"word": "slurp", "ipa": "/slp/", "etymology": "Developed from Old Norse slipra and Dutch slepen, meaning 'to lick up or sip quickly'"}, {"word": "slush", "ipa": "/sl/", "etymology": "From Middle English sluschen, to muddle or stir up liquid, from Old Norse sloska, to splash"}, {"word": "slushy", "ipa": "/sli/", "etymology": "From slush + -y (diminutive suffix), meaning 'small and soft slush'"}]
Error: Expecting ':' delimiter: line 1 column 511 (char 510)

Time: 2025-05-01 16:50:33.828458
Content: [{"word": "speck", "ipa": "/spk/", "etymology": "From Old English spioc, derived from speocan, meaning 'to find out by looking'"}, {"word": "specter", "ipa": "/spktr/", "etymology": "Latin spectrum, from specere to look at"}, {"word": "spectra", "ipa": "/spektr/", "etymology": "Plural of spectrum in Latin, meaning 'image, apparition'"}, {"word": "sped", "ipa": "/spd/", "etymology": "From Old English spidan, meaning 'to hasten'"}, {"word": "speed", "ipa": "/sped/", "etymology": "From Old English spead, derived from Proto-Germanic *spaidaz, meaning 'journey'"}, {"word": "speedy", "ipa": "/spidi/", "etymology": "From the adjective speed (meaning swiftness) and -y, an English suffix denoting quickness or ease"}, {"word": "spelt", "ipa": "/splt/", "etymology": "From Old English spelda, derived from Proto-Germanic *spalta, meaning 'grain spike' or 'small rod'"}, {"word": "spend", "ipa": "/spnd/", "etymology": "From Old English spendan, derived from the Proto-Germanic *spentan, meaning 'to consume, expend'"}, {"word": "spent", "ipa": "/spnt/", "etymology": "Past participle of spend (meaning to have spent time or money)"}], {"word": "sperm", "ipa": "/sperm/", "etymology": "From the Greek sperma, meaning 'seed'"}, {"word": "spurt", "ipa": "/sprt/", "etymology": "From Middle English spurten, derived from Old Norse spyrta, meaning 'to burst forth' or 'jet out'"}]
Error: Extra data: line 1 column 1133 (char 1132)

Time: 2025-05-01 16:51:33.221463
Content: [{"word": "spook", "ipa": "/speuk/", "etymology": "Origin unknown, possibly from Dutch or German word for ghost"}, {"word": "spooky", "ipa": "/spki/", "etymology": "From spook + -y (suffix to form adjectives)"}, {"word": "spool", "ipa": "/spul/", "etymology": "Old English spola or Middle Dutch spulle, from Old Norse spulr"}, {"word": "spoon", "ipa": "/spun/", "etymology": "Old English sopne, possibly from Latin suppona (to swallow)"}, {"word": "sport", "ipa": "/sprt/", "etymology": "Middle English sporte, from Old French esporte, from Vulgar Latin ex-portare, from portare to carry away"}, {"word": "sports", "ipa": "/sprz/", "etymology": "Plural of sport"}, {"word": "sporty", "ipa": "/sprti/", "etymology": "From sport + -y (suffix to form adjectives)"}, {"word": "spotty", "ipa": "/spti/", "etymology": "From spot + -y (suffix to form adjectives)"}, {"word": "spout", "ipa": "/spauwt/", "etymology": "Old English spott, from a root shared with Dutch spuit, German Sprudelspritz"}, {"word": "sprang", "ipa": "/sprk/", "etymology": "From Old English sprangan or springan (to jump)}]
Error: Unterminated string starting at: line 1 column 1040 (char 1039)

Time: 2025-05-01 16:53:50.508047
Content: [{"word": "stove", "ipa": "/stov/", "etymology": "Old English stofa, from stof 'wood, timber'"}, {"word": "stow", "ipa": "/sta/", "etymology": "Old English stowan, from stow 'place for storing things'"}, {"word": "strait", "ipa": "/strt/", "etymology": "Middle English streit, from Old French estrait, from Latin strictus 'narrow'"}, {"word": "strange", "ipa": "/strend/", "etymology": "Old English strang 'foreign, exotic'"}, {"word": "strata", "ipa": "/strt/", "etymology": "Latin stratus, past participle of stringere 'to stretch, arrange in layers'"}, {"word": "streaky", "ipa": "/striki/", "etymology": "Old English streakan, from strecan 'stretch out'"}, {"word": "street", "ipa": "/strit/", "etymology": "Old English strt, from Old Norse straett}, {"word": "strewn", "ipa": "/strjun/", "etymology": "Old English streonan 'to scatter'"}, {"word": "strict", "ipa": "/strikt/", "etymology": "Latin strictus, past participle of stringere 'to stretch, bind firmly'"}, {"word": "strife", "ipa": "/strf/", "etymology": "Old English strif, from Old Norse strifa 'strive'"}]
Error: Expecting ',' delimiter: line 1 column 758 (char 757)

Time: 2025-05-01 16:56:58.458790
Content: [{"word": "tanned", "ipa": "/tand/", "etymology": "Old English tnan"}, {"word": "tape", "ipa": "/tep/", "etymology": "From Latin tapetum"}, {"word": "tapered", "ipa": "/teprd/", "etymology": "From Old French tapeur, tap 'tapering, narrowing'"}, {"word": "taps", "ipa": "/tps/", "etymology": "Origin unknown; perhaps related to Gaelic tapsear 'drip, trickle'"}, {"word": "tar", "ipa": "/tr/", "etymology": "From Old English thar"}, {"word": "tardy", "ipa": "/trdi/", "etymology": "From Latin tardus 'slow'"}, {"word": "tarmac", "ipa": "/trmk/", "etymology": "Acronym of Trench-Air Rolling-Making-Compact"}, {"word": "tarot", "ipa": "/tart/", "etymology": "From Italian tarocchi, plural of tarocco 'trump card'"}, {"word": "tarp", "ipa": "/trp/", "etymology": "Origin unknown; perhaps related to Old Norse tarp 'covering' or Dutch tapper 'to cover'"}, {"word": "tart", "ipa": "/trt/", "etymology": "From Old French tarte 'pie, tart'}]
Error: Unterminated string starting at: line 1 column 897 (char 896)

Time: 2025-05-01 16:58:32.437012
Content: [{"word": "tepee", "ipa": "/tipi/", "etymology": "From the Ojibwe word 'tipi' meaning 'dwellings'"}, {"word": "tequila", "ipa": "/tklin/", "etymology": "Named after the town Tequila in Mexico, derived from the Nahuatl words 'tekolo' and 'tln' meaning 'maguey field'"}, {"word": "terr.", "ipa": "/tr/", "etymology": "From French 'terre' meaning 'earth or land'"}, {"word": "terrier", "ipa": "/trr/", "etymology": "From Old French 'terrier' meaning 'of the earth'"}, {"word": "tersely", "ipa": "/trsli/", "etymology": "From Old French 'terse' or Latin 'brevis' both meaning 'concise, brief'"}, {"word": "testes", "ipa": "/testiz/", "etymology": "From Latin 'testis' meaning 'witness, oath' referring to the testicles due to their role in producing sperm needed for procreation"}, {"word": "tetanus", "ipa": "/ttns/", "etymology": "From Greek 'tetanos' meaning 'extended, prolonged' describing a sustained muscle contraction"}, {"word": "tether", "ipa": "/tr/", "etymology": "From Old English 'thther' meaning 'to bind, attach'"}, {"word": "text", "ipa": "/tekst/", "etymology": "From Latin 'textus' meaning 'woven fabric' or 'something woven together'}]
Error: Unterminated string starting at: line 1 column 1077 (char 1076)

Time: 2025-05-01 16:59:40.701283
Content: [{"word": "this", "ipa": "/s/", "etymology": "Old English isses"}, {"word": "thistle", "ipa": "/stl/", "etymology": "From Old English ystel, from Latin cnicum"}, {"word": "thong", "ipa": "//", "etymology": "Old English ong"}, {"word": "those", "ipa": "/soz/", "etymology": "From Old English sa"}, {"word": "though", "ipa": "/o/", "etymology": "Old English thah"}, {"word": "thought", "ipa": "/t/", "etymology": "Old English oht"}, {"word": "thrash", "ipa": "/r/", "etymology": "Middle English trassen, from Old Norse trsk"}, {"word": "three", "ipa": "/ri/", "etymology": "Old English rim"}, {"word": "thresh", "ipa": "/r/", "etymology": "From Old English trosian, from resan 'to thresh out'}]
Error: Unterminated string starting at: line 1 column 638 (char 637)

Time: 2025-05-01 17:00:56.215583
Content: tip
Error: expected string or bytes-like object, got 'NoneType'

Time: 2025-05-01 17:00:56.215843
Content: tip-off
Error: expected string or bytes-like object, got 'NoneType'

Time: 2025-05-01 17:00:56.216036
Content: tipsy
Error: expected string or bytes-like object, got 'NoneType'

Time: 2025-05-01 17:00:56.216423
Content: tiptoe
Error: expected string or bytes-like object, got 'NoneType'

Time: 2025-05-01 17:00:56.216617
Content: tire
Error: expected string or bytes-like object, got 'NoneType'

Time: 2025-05-01 17:00:56.216990
Content: tiring
Error: expected string or bytes-like object, got 'NoneType'

Time: 2025-05-01 17:00:56.217193
Content: tit
Error: expected string or bytes-like object, got 'NoneType'

Time: 2025-05-01 17:00:56.217396
Content: tizzy
Error: expected string or bytes-like object, got 'NoneType'

Time: 2025-05-01 17:00:56.217573
Content: tlc
Error: expected string or bytes-like object, got 'NoneType'

Time: 2025-05-01 17:00:56.217761
Content: tm
Error: expected string or bytes-like object, got 'NoneType'

Time: 2025-05-01 17:01:32.091497
Content: [{"word": "tomb", "ipa": "/tm/", "etymology": "From Old English tomb, from Proto-Germanic *tomba-"}, {"word": "tomboy", "ipa": "/tmb/", "etymology": "Blend of tomb (grave) and boy"}, {"word": "tomcat", "ipa": "/tmkt/", "etymology": "From Old English tomaca, from Latin tomsca"}, {"word": "tone", "ipa": "/ton/", "etymology": "From Middle English tonne, from Anglo-Norman (French) tone, from Latin tona, from Greek tnos"}, {"word": "tongs", "ipa": "/tz/", "etymology": "From Old English tonges, from Proto-Germanic *tanjkaz, from Proto-Indo-European *dhengh-(s)"), {"word": "tonight", "ipa": "/tnait/", "etymology": "From Old English tona niht"}, {"word": "tonnage", "ipa": "/tnd/", "etymology": "From Anglo-Norman tonage, from Old French tonee, from Latin tonicella, diminutive of tonica"}, {"word": "tonsil", "ipa": "/tnsl/", "etymology": "From Latin tonsilla, diminutive of tona (tongue)"}, {"word": "too", "ipa": "/tu/", "etymology": "From Old English to, from Proto-Germanic *tu-, from Proto-Indo-European *t(s)"}]
Error: Expecting ',' delimiter: line 1 column 562 (char 561)

Time: 2025-05-01 17:03:16.283993
Content: [{"word": "triceps", "ipa": "/trasps/", "etymology": "From Latin triceps, literally 'three-headed'"}, {"word": "trickle", "ipa": "/trkl/", "etymology": "Old English tricklan"}, {"word": "tricky", "ipa": "/trki/", "etymology": "From Old English trickian, to turn or twist"}, {"word": "trike", "ipa": "/trak/", "etymology": "Shortened form of tricycle"}, {"word": "trill", "ipa": "/trl/", "etymology": "Old English trilian, to play on a flute or trumpet"}, {"word": "trinity", "ipa": "/trnti/", "etymology": "Late Middle English: from Latin Trinitas, from trinus 'three'"}, {"word": "tripe", "ipa": "/trip/", "etymology": "From Old French tripe, from Medieval Latin tripae, from Greek tripa, stomach"}, {"word": "triplet", "ipa": "/trplt/", "etymology": "Old English triplat, threefold or triple"}, {"word": "tripod", "ipa": "/trpd/", "etymology": "From Greek tripus, 'three-footed stand'}]
Error: Unterminated string starting at: line 1 column 847 (char 846)

Time: 2025-05-01 17:04:04.154674
Content: [{"word": "truancy", "ipa": "/trunsi/", "etymology": "From Old French truans, from Latin fugere, to flee"}, {"word": "trucker", "ipa": "/trkr/", "etymology": "Origin unknown; perhaps a variant of truck (a vehicle), on the grounds that truckers drive trucks"}, {"word": "trudge", "ipa": "/trd/", "etymology": "Old English trudogan, from trud-, to tread heavily + -jan, causative suffix"}, {"word": "true", "ipa": "/tro/", "etymology": "From Old English trowe"}, {"word": "truffle", "ipa": "/trfl/", "etymology": "From French truffe, from Late Latin tubera 'knob'}, {"word": "truly", "ipa": "/truli/", "etymology": "Old English thrywelic"}, {"word": "trump", "ipa": "/trmp/", "etymology": "Middle English trumpen, from Old North French trompet(t), from Frankish trumpe, from Late Latin tuba"}, {"word": "trundle", "ipa": "/trndl/", "etymology": "From Middle Dutch trondelen or Low German trundeln, both probably of imitative origin"}, {"word": "trunks", "ipa": "/trks/", "etymology": "Old English truncan, from Latin truncus 'stump, log'"}, {"word": "trust", "ipa": "/trst/", "etymology": "From Old English thryst"}]
Error: Expecting ',' delimiter: line 1 column 567 (char 566)

Time: 2025-05-01 17:08:32.439025
Content: [{"word": "velour", "ipa": "/vlr/", "etymology": "French velours, from Old French velu 'hairy'"}, {"word": "velvet", "ipa": "/vlvt/", "etymology": "Old English felofet, from Old North French veluvet, from Latin felis felis 'cat', because it resembled the skin of a cat"}, {"word": "velvety", "ipa": "/vlvti/", "etymology": "From velvet + -y"}, {"word": "venus", "ipa": "/vins/", "etymology": "Latin Venus, goddess of love"}, {"word": "veranda", "ipa": "/vrnd/", "etymology": "From Sanskrit vrara- 'a manly walk'"}, {"word": "verb", "ipa": "/vrb/", "etymology": "Old English weorban, from Proto-Germanic *werbn, from Proto-Indo-European *werg-, *wreg- 'turn'"}, {"word": "vermin", "ipa": "/vrmn/", "etymology": "Old English werm, from Latin vermis 'worm'"}, {"word": "very", "ipa": "/vri/", "etymology": "Old English fgera (adjective), feager (comparative) or feagere (superlative) 'exceeding, very', from Proto-Germanic *fagraz, *figrz (all from Old Norse fagr, Proto-Indo-European *pk-, *pk- 'shining'"), {"word": "vest", "ipa": "/vst/", "etymology": "Old English wstu, from Latin vestis, from Greek himation 'cloak'"}, {"word": "via", "ipa": "/vi/", "etymology": "Latin via, from Proto-Indo-European *wei-, *woui-, *uei- 'to go', from Proto-Indo-European *weid- 'path'"}]
Error: Expecting ',' delimiter: line 1 column 1004 (char 1003)

Time: 2025-05-01 17:08:56.811665
Content: { "word": "discuss", "ipa": "/dsks/", "etymology": "Latin *discutere* (to talk apart, argue), from *dis-* (apart) + *cautus* (careful)" } Word: noun { "word": "example", "ipa": "/ksmpl/", "etymology": "Latin *exemplum* (sample, model), from *ex-* (out of) + *emplere* (to fill)" } Word: adjective { "word": "happy", "ipa": "/hpi/", "etymology": "Old English *hfpg*, from Proto-Germanic *haubijaz* (joyful), akin to Gothic *haubi* (joy)" } Word: adverb { "word": "quickly", "ipa": "/kwkli/", "etymology": "Old English *cwyccelig*, from Old English *cwic* (alive, quick) + *-lig*" } Word: preposition { "word": "above", "ipa": "/buv/", "etymology": "Old English *of-peofan*, from Proto-Germanic **ubfaupan* (on high), akin to Old Norse *uppfyrir*" } Word: conjunction { "word": "but", "ipa": "/bt/", "etymology": "Old English *butan* (except for), from Proto-Germanic **buta-* (without) + **an* (pronoun prefix)" }
Error: Extra data: line 1 column 139 (char 138)

Time: 2025-05-01 17:08:56.812860
Content: verb
Error: cannot access local variable 'e' where it is not associated with a value

Time: 2025-05-01 17:09:54.245291
Content: [{"word": "vividly", "ipa": "/vvdl/", "etymology": "From Old English iffidlic, from iffid, akin to Latin videre to see"}, {"word": "v-neck", "ipa": "/nk/", "etymology": "A shortening of 'turtle neck'"}, {"word": "vodka", "ipa": "/vdk/", "etymology": "From Russian , from vodka, literally meaning 'little water' in Slavic languages"}, {"word": "voice", "ipa": "/vos/", "etymology": "From Old English whan, from Proto-Germanic *whaz, from PIE *wek-, *weg- to speak"}, {"word": "void", "ipa": "/vd/", "etymology": "Old English wld, from Proto-Germanic *waldan to lack, from PIE root *wel- to turn, roll, change"}, {"word": "vol.", "ipa": "/vl/", "etymology": "Abbreviation of volume in Latin, meaning 'to roll'"}, {"word": "volley", "ipa": "/vl/", "etymology": "From Old French voler to fly, from Latin volare"}, {"word": "volt", "ipa": "/vlt/", "etymology": "After the Italian physicist Alessandro Volta (1745-1827)"}, {"word": "voodoo", "ipa": "/vdu/", "etymology": "From Fon nwa-nzu or Fon vodun, meaning 'spirit' or 'god' in the Fon language of West Africa"} ] {"word": "vote", "ipa": "/vot/", "etymology": "Old English whan, from Proto-Germanic *whaz, from PIE *wek-, *weg- to speak"}]
Error: Extra data: line 1 column 1063 (char 1062)

Time: 2025-05-01 17:10:33.934651
Content: [{"word": "voter", "ipa": "/votr/", "etymology": "From Middle English voter, from Old French votier, from Latin vota (plural) votes, vote, wish"}, {"word": "vouch", "ipa": "/vt/", "etymology": "From Old French vouche, from Latin vouchere to pledge, guarantee"}, {"word": "voucher", "ipa": "/votr/", "etymology": "From Old French vouchier, from Latin vouchere to pledge, guarantee"}, {"word": "vowel", "ipa": "/vol/", "etymology": "From Anglo-French vouelle, from Old North French uoi, from Medieval Latin vocalis, from Latin vox voice"}, {"word": "voyager", "ipa": "/ve/", "etymology": "From Old French voiaier, from voyer to see}, {"word": "vs.", "ipa": "/vz/", "etymology": "Short for versus (Latin)"}, {"word": "w", "ipa": "/dublju wu" or "/wi/", "etymology": "An alphabetic character representing a glottal stop, labial-velar approximant, or labiovelar fricative in various languages, from Old English wyrde, from Proto-Germanic *wuruz, from Proto-Indo-European *weid-, meaning 'between'"}, {"word": "w", "ipa": "/dublju wu" or "/wi/", "etymology": "An alphabetic character representing a glottal stop, labial-velar approximant, or labiovelar fricative in various languages, from Old English wyrde, from Proto-Germanic *wuruz, from Proto-Indo-European *weid-, meaning 'between'"}, {"word": "wacky", "ipa": "/wki/", "etymology": "From Dutch wackere (from dialectal wakker), from Old High German wehhahhan, from Proto-Germanic *wikhahan, from Proto-Indo-European *weg-, meaning 'wake'"}, {"word": "wad", "ipa": "/wd/", "etymology": "From Old English wdd (plural), from Proto-Germanic *watjan, from Proto-Indo-European *wed-, meaning 'to put, place'"}]
Error: Expecting ',' delimiter: line 1 column 635 (char 634)

Time: 2025-05-01 17:11:23.151825
Content: [{"word": "wake", "ipa": "/wek/", "etymology": "Old English wacan"}, {"word": "waken", "ipa": "/wekn/", "etymology": "From Old English wecgan, from wecnian (to wake), compare to wake up"}, {"word": "walk", "ipa": "/wk/", "etymology": "Old English wealcan"}, {"word": "walker", "ipa": "/woklr/", "etymology": "From Old English wealluce (a pedestrian)"}, {"word": "walk-in", "ipa": "/wkn/", "etymology": "From walk + in"}, {"word": "walkman", "ipa": "/wkmn/", "etymology": "A blend of walking and Man (person)"}, {"word": "walkout", "ipa": "/wkat/", "etymology": "From walk + out"}, {"word": "walk-up", "ipa": "/wkp/", "etymology": "From walk + up (to ascend)"}, {"word": "wall", "ipa": "/wl/", "etymology": "Old English wealh, from Proto-Germanic *walha-, *walhan-"}, {"word": "wallet", "ipa": "/wlt/", "etymology": "From Old English wealloc (a pocket)}]
Error: Unterminated string starting at: line 1 column 816 (char 815)

Time: 2025-05-01 17:28:07.806998
Content: wisp
Error: expected string or bytes-like object, got 'NoneType'

Time: 2025-05-01 17:28:07.807121
Content: witch
Error: expected string or bytes-like object, got 'NoneType'

Time: 2025-05-01 17:28:07.807205
Content: within
Error: expected string or bytes-like object, got 'NoneType'

Time: 2025-05-01 17:28:07.807277
Content: without
Error: expected string or bytes-like object, got 'NoneType'

Time: 2025-05-01 17:28:07.807343
Content: wits
Error: expected string or bytes-like object, got 'NoneType'

Time: 2025-05-01 17:28:07.807450
Content: witty
Error: expected string or bytes-like object, got 'NoneType'

Time: 2025-05-01 17:28:07.807641
Content: wives
Error: expected string or bytes-like object, got 'NoneType'

Time: 2025-05-01 17:28:07.807739
Content: wizard
Error: expected string or bytes-like object, got 'NoneType'

Time: 2025-05-01 17:28:07.807866
Content: wk.
Error: expected string or bytes-like object, got 'NoneType'

Time: 2025-05-01 17:28:07.807984
Content: wobble
Error: expected string or bytes-like object, got 'NoneType'

Time: 2025-05-01 17:29:23.247823
Content: [{"word": "wrought", "ipa": "/rkt/", "etymology": "Old English wyrht, from wyrcan (to work)"}, {"word": "wrung", "ipa": "/r/", "etymology": "Old English hreonge, from hringan (to twist or turn)"}, {"word": "wryly", "ipa": "/rl/", "etymology": "From Old English hrglisc, related to hragl (askew, twisted)"}, {"word": "wt.", "ipa": "/witi/", "etymology": "Abbreviation for weight in telegraphy"}, {"word": "www", "ipa": "/dubljudjudi/", "etymology": "World Wide Web (the first three letters of the URL prefix for the web)"}, {"word": "x", "ipa": "/eks/", "etymology": "Old English cruce, from Latin crux (cross)"}, {"word": "x", "ipa": "/ks/", "etymology": "Greek chi (), the sixth letter of the Greek alphabet"), {"word": "xerox", "ipa": "/zroks/", "etymology": "From a blend of xerografy and copie in French or Greek, from xeros (dry) and graphein (to write)"}, {"word": "xl", "ipa": "/eks el/", "etymology": "Abbreviation for extra large in measurements"}]
Error: Expecting ',' delimiter: line 1 column 710 (char 709)

Time: 2025-05-01 17:41:17.100046
Content: [{"word": "prime", "ipa": "/pram/", "etymology": "From Old English preoma, from Latin primus, meaning 'first'"}, {"word": "time", "ipa": "/tm/", "etymology": "Old English tima, from Latin tempus"}, {"word": "prime", "ipa": "/pram/", "etymology": "From Old French primes, from Latin prima 'beginning' or 'first', from primus as above"}, {"word": "primeval", "ipa": "/prmvl/", "etymology": "From Late Latin primordialis, from Latin primus as above and -ordis 'earliest period'"}, {"word": "princely", "ipa": "/prnsli/", "etymology": "From Old French prince, from Latin princeps, meaning 'first among equals'"}, {"word": "principality", "ipa": "/prnsplti/", "etymology": "From Late Latin principatus, from Latin princeps as above"}, {"word": "principled", "ipa": "/prndld/", "etymology": "From Old French principe, from Latin principis 'first citizen'"}, {"word": "principle", "ipa": "/prnspl/", "etymology": "From Latin principium, from principis as above"}, {"word": "printing", "ipa": "/prnt/", "etymology": "From the Old French printan 'impress' and the Dutch drucken"}, {"word": "printing press", "ipa": "/prnt pres/", "etymology": "Composed of 'printing' + 'press'}," {"word": "printout", "ipa": "/prntat/", "etymology": "From the verb print + out as in to produce or generate"}]
Error: Expecting ',' delimiter: line 1 column 1172 (char 1171)

Time: 2025-05-01 17:53:43.588924
Content: [{"word": "rummage", "ipa": "/rmd/", "etymology": "Middle English (in the sense 'search carefully'): of unknown origin"}, {"word": "sale", "ipa": "/sel/", "etymology": "Old French saler, from Latin saleare 'to salt'"}, {"word": "runaround", "ipa": "/rnrand/", "etymology": "run + around"}, {"word": "run-down", "ipa": "/rndoun/", "etymology": "Old English hrunnan 'to run'"}, {"word": "runners-up", "ipa": "/rnrz p/", "etymology": "runner + up (competing in a race or contest and not coming first but taking second place)"}, {"word": "runner-up", "ipa": "/rnr p/", "etymology": "runner + up"}, {"word": "running", "ipa": "/rn/", "etymology": "Old English hrinnan 'to run'"}, {"word": "mate", "ipa": "/meit/", "etymology": "Originally a Scandinavian word meaning companion or servant"}, {"word": "run-of-the-mill", "ipa": "/rn v  ml/", "etymology": "Middle English (in the sense 'common, ordinary'): of unknown origin"}, {"word": "rush", "ipa": "/r/", "etymology": "Old English hrusan 'to pour, to flow'"}, {"word": "hour", "ipa": "/ar/", "etymology": "Old English eore 'period of daylight'"} ] {"word": "ruthlessly", "ipa": "/rulsli/", "etymology": "From Middle English ruthelesly, from ruth (compassion) + -less"}, {"word": "ruthlessness", "ipa": "/rulsnis/", "etymology": "Middle English (in the sense 'unsympathetic severity'): from Old Norse hreidsla 'treatment, dealing', from hreia 'to treat'}]
Error: Extra data: line 1 column 1095 (char 1094)

Time: 2025-05-01 17:57:26.306731
Content: [{"word": "seasonable", "ipa": "/szonbl/", "etymology": "From Old French saison, from Latin seasonem (accusative of saeptio)"}, {"word": "season ticket", "ipa": "/szn tkt/", "etymology": "Season + ticket"}, {"word": "seat belt", "ipa": "/sit blt/", "etymology": "Seat + belt"}, {"word": "secluded", "ipa": "/skljudd/", "etymology": "From Latin claudere, 'to shut' or 'close'"}, {"word": "secondary school", "ipa": "/sekndri skul/", "etymology": "Second + adjective form of Latin schol, 'school'"}, {"word": "second class", "ipa": "/seknd kls/", "etymology": "Second + adjective form of Old English cla"}, {"word": "second-class", "ipa": "/seknd kls/", "etymology": "Compound adjective formed by adding -class to 'second'"}, {"word": "second-guess", "ipa": "/seknd es/", "etymology": "Second + verb from Old English gsan, 'to think' or 'consider'"}, {"word": "secondhand", "ipa": "/sekndhnd/", "etymology": "Second + adjective form of hand (Old English hnd)"}, {"word": "secondhand smoke", "ipa": "/sekndhnd smok/", "etymology": "Combination of 'secondhand' and 'smoke'}]
Error: Unterminated string starting at: line 1 column 1029 (char 1028)

Time: 2025-05-01 17:59:51.226158
Content: [{"word": "self-starter", "ipa": "/selfsttr/", "etymology": "From self + starter (a car engine that can start without help from outside)"}, {"word": "self-styled", "ipa": "/selfstald/", "etymology": "From self + styled (given a particular style or character by oneself)"}, {"word": "self-sufficiency", "ipa": "/selfsfcnti/", "etymology": "From self + sufficiency (having all that is needed for one's own use)"}, {"word": "self-sufficient", "ipa": "/selfsfnt/", "etymology": "Combination of self and sufficient"}, {"word": "self-supporting", "ipa": "/selfsprt/", "etymology": "From self + support (provide the resources for)"}, {"word": "selling point", "ipa": "/sel pnt/", "etymology": "From sell + point (a feature that is likely to persuade someone to buy something)"}, {"word": "semantics", "ipa": "/smntks/", "etymology": "From Greek semantikos, from semainein (signify)"}, {"word": "semicircle", "ipa": "/smsakl/", "etymology": "From Latin semi (half) + circulus (circle)"}, {"word": "semicolon", "ipa": "/smkln/", "etymology": "From Latin semicolon, from Latin semicola, from Latin semicirculum, from semicircle (half circle) + -on (a mark added to a word or letter as a means of punctuation)"}, {"word": "semiconductor", "ipa": "/smkndktr/", "etymology": "From semi (partially) + conductor (something that allows the passage of electric current)}]
Error: Unterminated string starting at: line 1 column 1263 (char 1262)

Time: 2025-05-01 18:01:10.109534
Content: [{"word": "serviceman", "ipa": "/svsmn/", "etymology": "From service + man, first used in the 16th century"}, {"word": "service station", "ipa": "/srvs stn/", "etymology": "From early 20th century, a place to maintain or repair vehicles and provide fuel, derived from service + station"}, {"word": "servicewoman", "ipa": "/srvs wmn/", "etymology": "From service + woman, first used in the late 19th century"}, {"word": "seventeen", "ipa": "/svnteen/", "etymology": "From Old English seventeowun, from seven + ten"}, {"word": "seventeenth", "ipa": "/svnt/", "etymology": "From Old English seventeowentihte, from seventeen + -eth (indicating ordinal numbers)"}, {"word": "seventieth", "ipa": "/svnti/", "etymology": "From Old English seventeowuntida, from seventeen + -ti (indicating cardinal numbers)"}, {"word": "severance pay", "ipa": "/svrns pe/", "etymology": "From severance (separation) + pay, first used in the late 19th century"}, {"word": "sewing machine", "ipa": "/sju mn/", "etymology": "From sew + -ing + machine, first used in the mid-19th century"}, {"word": "sexual intercourse", "ipa": "/sekul ntrkrs/", "etymology": "From Latin sexualis (related to generation) + intercourse (coming together)"}, {"word": "sexually", "ipa": /sekuli/", "etymology": "From sexual (related to generation) + -ly"}]
Error: Expecting value: line 1 column 1241 (char 1240)

Time: 2025-05-01 18:02:11.294330
Content: [{"word": "shipyard", "ipa": "/pjrd/", "etymology": "From Old English scip, meaning ship + yard"}, {"word": "shirtsleeve", "ipa": "/rtslv/", "etymology": "From shirt (garment) + sleeve (part of garment covering the arm)"}, {"word": "shock wave", "ipa": "/k wv/", "etymology": "From shock (intense disturbance or displacement) + wave (a series of oscillations)"}, {"word": "shoddily", "ipa": "/dli/", "etymology": "From Old English scod (poorly made, clumsy)"}, {"word": "shoelace", "ipa": "/uls/", "etymology": "From shoe + lace (a cord or strip with a series of loops that can be passed through eyelets to secure something)"}, {"word": "shoestring", "ipa": "/ustr/", "etymology": "From shoe + string (a long, thin piece of material)"}, {"word": "shook-up", "ipa": "/k p/", "etymology": "Past participle of shake (to cause to move or vibrate rapidly and repeatedly), + up (in a higher position or state)"}, {"word": "shooting", "ipa": "/ut/", "etymology": "From shoot (to move swiftly forward with force) + -ing (verb suffix indicating ongoing action)"}, {"word": "shooting star", "ipa": "/ut str/", "etymology": "A star appearing suddenly and quickly in the sky, like a shooting projectile."} ] {"word": "shopkeeper", "ipa": "/pkiper/", "etymology": "From shop (place of commercial business) + keeper (one who keeps)"}]
Error: Extra data: line 1 column 1197 (char 1196)

Time: 2025-05-01 18:03:02.310552
Content: [{"word": "short-circuit", "ipa": "/t krkt/", "etymology": "From the short circuit of an electrical path, from Old French circuite, from Latin circulus, ring or cycle"}, {"word": "shortcoming", "ipa": "/tk/", "etymology": "Old English scortscuma, from scort short, defective + coma to come"}, {"word": "shortcut", "ipa": "/tkt/", "etymology": "From Old Norse skautr, a short or swift way, from skauta to hasten"}, {"word": "shortening", "ipa": "/tn/", "etymology": "Old English scortnian, from scort short + -ing verb suffix"}, {"word": "shortfall", "ipa": "/tfl/", "etymology": "From Old English scortfyllan, fullen of a defect or deficiency, from scort short + fyllan to fill"}, {"word": "short-lived", "ipa": "/t-lvd/", "etymology": "From the combination of short (brief) and live"}, {"word": "shortness", "ipa": "/tns/", "etymology": "Old English scortnys, from scort short + -ness suffix"}, {"word": "shortsighted", "ipa": "/tsatd/", "etymology": "From Old English scortscyhtig, short-sighted, from scort short + scyhtig having sight, from scyhan to see"}, {"word": "short story", "ipa": "/t stri/", "etymology": "From the combination of short (brief) and story"} ] {"word": "shortwave", "ipa": "/twev/", "etymology": "From Old Norse skautr, a short or swift way + waefn wave, from Old English wafn"}]
Error: Extra data: line 1 column 1172 (char 1171)

Time: 2025-05-01 18:03:40.333006
Content: [{"word": "shotgun wedding", "ipa": "/tn wed/", "etymology": "From the use of a shotgun to force two people to marry in some rural communities"}, {"word": "shot put", "ipa": "/t pt/", "etymology": "From the Old English scott, meaning 'throwing stick', and puttan, meaning 'to throw'"}, {"word": "shoulder", "ipa": "/ldr/", "etymology": "Old English scoldeor, from scold, meaning 'to press hard'"}, {"word": "shoulder bag", "ipa": "/ldrb/", "etymology": "Compound of shoulder and bag"}, {"word": "shoulder blade", "ipa": "/ldr bld/", "etymology": "Compound of shoulder and blade"}, {"word": "shouldn't", "ipa": /ld nt/, "etymology": "Contraction of should + not"}, {"word": "show-and-tell", "ipa": "/o nd tl/", "etymology": "From the act of showing and telling about something, often done by children at school"}, {"word": "show business", "ipa": "/o bnsz/", "etymology": "Business concerned with entertainment, such as theater, film, music, etc."}, {"word": "showcase", "ipa": "/oks/", "etymology": "From the Old French eschauce, meaning 'display case'"}, {"word": "showdown", "ipa": "/odan/", "etymology": "A confrontation or decisive battle"}]
Error: Expecting value: line 1 column 611 (char 610)

Time: 2025-05-01 18:04:21.685167
Content: [{"word": "showmanship", "ipa": "/omnmp/", "etymology": "From show + man (a person who performs in a public entertainment) + -ship"}, {"word": "show-off", "ipa": "/of/", "etymology": "From Old English scawian (to shine or make visible) + off (away)"}, {"word": "showpiece", "ipa": "/opis/", "etymology": "From show + piece"}, {"word": "showroom", "ipa": "/orum/", "etymology": "From show + room (a place for public viewing)"}, {"word": "shrapnel", "ipa": "/rpnl/", "etymology": "Invented by British officer Henry Shrapnel"}, {"word": "shrewdly", "ipa": "/rudl/", "etymology": "From Middle English screwe (smart, cunning)"}, {"word": "shrinkage", "ipa": "/rkd/", "etymology": "From shrink + age"}, {"word": "shrink-wrap", "ipa": "/rkwrp/", "etymology": "From shrink + wrap"}, {"word": "shriveled", "ipa": "/rvld/", "etymology": "From Old English scrifan (to shrink, shrivel)"}, {"word": "shrubbery", "ipa": "/rbri/", "etymology": "From shrub + berry (a plant with branches that bear leaves and usually have thorns, bushes without flowers or fruit or the plants collectively; not to be confused with shrub, which is a type of drink) + -ery (place where something is produced or kept)}]
Error: Unterminated string starting at: line 1 column 930 (char 929)

Time: 2025-05-01 18:06:52.799342
Content: [{"word": "sleeping pill", "ipa": "/slp pl/", "etymology": "Sleeping + pill (from Old English pol, from Latin pilula)"}, {"word": "sleepless", "ipa": "/slpls/", "etymology": "Old English sliporos"}, {"word": "sleeplessness", "ipa": "/slplsns/", "etymology": "From sleepless + -ness"}, {"word": "sleepwalk", "ipa": "/slpwk/", "etymology": "From sleep + walk"}, {"word": "sleepyhead", "ipa": "/slpihd/", "etymology": "Sleep + y head (Old English hafoc)"}, {"word": "sleeveless", "ipa": "/slvls/", "etymology": "From sleeve + less"}, {"word": "sleight of hand", "ipa": "/slt v hnd/", "etymology": "Sleight (Old English slehta) + of + hand"}, {"word": "sliding scale", "ipa": "/slaid skl/", "etymology": "Slide + -ing + scale"}, {"word": "slightly", "ipa": "/slaitli/", "etymology": "Old English slhte}, {"word": "slingshot", "ipa": "/slt/", "etymology": "From Old English hling (to throw) + shot"}]
Error: Expecting ',' delimiter: line 1 column 803 (char 802)

Time: 2025-05-01 18:08:16.388270
Content: [{"word": "smorgasbord", "ipa": "/smrsbrd/", "etymology": "Swedish smrgsbord, from smr 'butter' and bord 'table'"}, {"word": "smuggler", "ipa": "/smglr/", "etymology": "Old English smugelan 'to conceal, to trick""}, {"word": "smuggling", "ipa": "/sml/", "etymology": "From Old English smugelan (see smuggler)"}, {"word": "smugness", "ipa": "/smgns/", "etymology": "From Old English smugen (past participle of smugian)"}, {"word": "snack bar", "ipa": "/snk br/", "etymology": "Short for soda cracker bar, from snack + bar" }, {"word": "snail mail", "ipa": "/senl mel/", "etymology": "From the slow movement of a snail, used to compare postal delivery speed."}, {"word": "snapshot", "ipa": "/snapot/", "etymology": "Shortened form of snapshot photography" }, {"word": "sneaking", "ipa": "/snk/", "etymology": "From Old English sneican (to creep, to steal)"}, {"word": "sniffles", "ipa": "/snflz/", "etymology": "Plural of sniffle" }, {"word": "snobbery", "ipa": "/snobr/", "etymology": "From French snobisme, from the French word for shoe, sabot (said to have been worn by peasant laborers), figuratively meaning someone who was uneducated or uncultured"}]
Error: Expecting ',' delimiter: line 1 column 213 (char 212)

Time: 2025-05-01 18:11:24.135704
Content: [{"word": "spectacularly", "ipa": "/spktkjlrli/", "etymology": "From Latin spectaculum, a show or entertainment"}, {"word": "speculative", "ipa": "/spkstuvl/", "etymology": "From Latin speculatus, past participle of speculari, to look at"}, {"word": "speculator", "ipa": "/sklutr/", "etymology": "From Latin speculator, watcher, observer"}, {"word": "speechless", "ipa": "/spils/", "etymology": "Old English spceleas"}, {"word": "speedboat", "ipa": "/spidibt/", "etymology": "Combination of speed and boat"}, {"word": "speedily", "ipa": "/spidli/", "etymology": "From Old English spiig, swift, active"}, {"word": "speeding", "ipa": "/spid/", "etymology": "From Old English spian, to hasten"}, {"word": "speed limit", "ipa": "/spid lmt/", "etymology": "Speed (from Old English spiig) + limit (from Latin limitare, to mark out boundaries)"}, {"word": "speedometer", "ipa": "/spidimtr/", "etymology": "Combination of speed and meter"}, {"word": "speedway", "ipa": "/spidiwe/", "etymology": "From Old English spiian, to hasten + way (from Old English weg)}]
Error: Unterminated string starting at: line 1 column 988 (char 987)

Time: 2025-05-01 18:12:56.376164
Content: [{"word": "sprinter", "ipa": "/sprantr/", "etymology": "From Middle English sprenter, from Old French sprintere, ultimately from Latin springere, to jump"}, {"word": "squad car", "ipa": "/skwd kr/", "etymology": "Compound of squad and car"}, {"word": "squadron", "ipa": "/skwdrn/", "etymology": "From Italian squadra, from Old French escuadre (from Vulgar Latin scutare 'equip with shields')"}, {"word": "square dance", "ipa": "/kwr dns/", "etymology": "Compound of square and dance; square because it is performed in a square area, dance from Old French dansen, to leap or jump"}, {"word": "squarely", "ipa": "/skwrli/", "etymology": "From Middle English squerelie, from Old English scrglig, from Proto-Germanic *skragalijaz, related to Old Norse skragligr, both meaning 'square'"}, {"word": "square root", "ipa": "/kwr rt/", "etymology": "From Old French racine carre, from Latin radix ('root') + carre ('square')"}, {"word": "squatter", "ipa": "/skwtr/", "etymology": "From Middle English squatoren, probably from Scandinavian (Old Norse skauta) or Dutch (schouten), meaning 'to crouch'"}, {"word": "squeamish", "ipa": "/skwim/", "etymology": "From Middle English squeameishe, from Old French escaimie, probably from Latin caedis-memoria (memory of slaughter) + -ie, suffix forming adjectives"}, {"word": "stabbing", "ipa": "/stb/", "etymology": "From Old English stabian, stabben, to thrust or pierce with a pointed instrument, from Proto-Germanic *stab-}, {"word": "staffing", "ipa": "/stfi/", "etymology": "From Middle English staffe, from Old French estafie (from Latin stapula, 'stick' or 'rod')}]
Error: Expecting ',' delimiter: line 1 column 1464 (char 1463)

Time: 2025-05-01 18:25:46.566565
Content: [{"word": "still life", "ipa": "/stl lf/", "etymology": "From Middle Dutch stilleven, from still + life"}, {"word": "stillness", "ipa": "/stl ns/", "etymology": "Old English stilnesse; related to still"}, {"word": "stimulant", "ipa": "/stmju lnt/", "etymology": "From Latin stimulare, from stem stimm- + -ulare"}, {"word": "stimulating", "ipa": "/stmjlen/", "etymology": "From Latin stimulans, present participle of stimulare"}, {"word": "stimulation", "ipa": "/stmjln/", "etymology": "From Latin stimulatio(n), from stem stim- + -ation"}, {"word": "stinginess", "ipa": "/stnd  ns/", "etymology": "From Old English styngan, from Proto-Germanic *stung-, from Proto-Indo-European *steng-}, {"word": "stinking", "ipa": "/stk/", "etymology": "From Old English stincan"}, {"word": "stipulation", "ipa": "/stpjln/", "etymology": "From Latin stipulatio(n), from stem stip- + -ation"}, {"word": "stir-fry", "ipa": "/str fra/", "etymology": "From Chinese cho () + English stir fry"}]
Error: Expecting ',' delimiter: line 1 column 691 (char 690)

Time: 2025-05-01 18:27:13.318872
Content: [{"word": "strawberry", "ipa": "/strobri/", "etymology": "From Scots streubhare, from Middle French estrable, alteration of Old French esturbeleie, strawberry plant, possibly derived from Latin aster (star) + berry"}, {"word": "streamer", "ipa": "/strmr/", "etymology": "Old English strame + -er"}, {"word": "streamline", "ipa": "/strimln/", "etymology": "Stream + line"}, {"word": "streamlined", "ipa": "/strimlnd/", "etymology": "Combination of stream and lined"}, {"word": "streetcar", "ipa": "/stritkr/", "etymology": "Street + car (a type of transportation vehicle)"}, {"word": "streetlight", "ipa": "/strtlat/", "etymology": "Street + light (illumination device along a street)"}, {"word": "strength", "ipa": "/stri/", "etymology": "Old English streng, from strong"}, {"word": "strenuously", "ipa": "/strnjus/", "etymology": "From Middle English streinen, derived from Old French estreigner, to tighten, from Latin stringere, to bind or draw together"}, {"word": "strep throat", "ipa": "/streptrot/", "etymology": "Strep + -t (denoting a disease or disorder) + throat"}, {"word": "stressed", "ipa": "/strstd/", "etymology": "Past tense of the verb stress (from Old English styressan, to strain, exert force)}]
Error: Unterminated string starting at: line 1 column 1131 (char 1130)

Time: 2025-05-01 18:29:54.320741
Content: [{"word": "superstar", "ipa": "/sprstar/", "etymology": "From the prefix super- (meaning 'above') and star"}, {"word": "superstition", "ipa": "/sprstn/", "etymology": "From Latin superstitio, from superstitious"}, {"word": "superstructure", "ipa": "/suprstrktr/", "etymology": "From Latin structura, from struere 'to build'"}, {"word": "supervisory", "ipa": "/spvzri/", "etymology": "From super- (meaning 'above') + Latin videre 'to see'"}, {"word": "supplemental", "ipa": "/splmntl/", "etymology": "From Latin supplementum, from suppleo 'to make up'"}, {"word": "supplies", "ipa": "/splaz/", "etymology": "From Old French approvision, from approvisoire 'provision for'"}, {"word": "supply and demand", "ipa": "/splai nd dmnd/", "etymology": "Two separate words: supply (from Latin sub- 'under' + plere 'to fill') and demand (Old French demander, from Latin demandare)"}, {"word": "supporter", "ipa": "/sptpr/", "etymology": "From Old French supporter, from Latin sub- 'under' + portare 'to carry'"}, {"word": "supposed", "ipa": "/spzd/", "etymology": "From Old English sypod (from supan, meaning 'raise, set')"}, {"word": "supposing", "ipa": "/spsi/", "etymology": "From Middle English suppos(e)yen, from Latin supponere}]
Error: Unterminated string starting at: line 1 column 1167 (char 1166)

Time: 2025-05-01 18:30:14.092043
Content: { "word": "supply", "ipa": "/spla/", "etymology": "Old French *supplier, supplie* (modern French *approvisionner*), from Latin *subplere*, from *sub*- 'under' + *pleare* 'to fill'" }, { "word": "demand", "ipa": "/dmnd/", "etymology": "Old French *demander*, from Latin *demandare*, from *de-* 'from' + *mandare* 'to entrust, command'" }
Error: Extra data: line 1 column 183 (char 182)

Time: 2025-05-01 18:30:14.094039
Content: supply and demand
Error: cannot access local variable 'e' where it is not associated with a value

Time: 2025-05-01 18:31:13.528220
Content: [{"word": "swindler", "ipa": "/swndlr/", "etymology": "From Old English swindeln, from Old Norse svindla, to cheat"}, {"word": "swinging", "ipa": "/sw/", "etymology": "From Old English swingan, to move or shake"}, {"word": "switchboard", "ipa": "/swtbrd/", "etymology": "From the action of 'switching' and 'board'"}, {"word": "swordfish", "ipa": "/srdf/", "etymology": "From Old English scyrd-fisc, 'scythe-fish'"}, {"word": "sycamore", "ipa": "/skmr/", "etymology": "From Greek skamos (from Hebrew shikmh), meaning 'fig'"}, {"word": "symbolically", "ipa": "/smblskl/", "etymology": "From Late Latin symbolicum, from Greek symbolikos"}, {"word": "symbolize", "ipa": "/smblaz/", "etymology": "From Late Latin symbolizare, from Greek symbolizein"}, {"word": "symmetrical", "ipa": "/smtkl/", "etymology": "From Late Latin symmetrcus, from Greek symmetrikos"}, {"word": "symmetrically", "ipa": "/smtkkli/", "etymology": "From Late Latin symmetrickaliter, from Greek symmetrikos"} ] {"word": "sympathetically", "ipa": "/smptkl/", "etymology": "From Late Latin sympathtikos, from Greek sympatheia, 'feeling with'"}]
Error: Extra data: line 1 column 979 (char 978)

Time: 2025-05-01 18:32:38.681034
Content: [{"word": "tape", "ipa": "/tep/", "etymology": "Old French tape, from Latin tapetum"}, {"word": "deck", "ipa": "/dk/", "etymology": "From Old Norse deykja"}, {"word": "measure", "ipa": "/mr/", "etymology": "Old French mesure"}, {"word": "player", "ipa": "/pler/", "etymology": "From Old English leor, leaper"}, {"word": "record", "ipa": "/rekrd/", "etymology": "Middle English, from Latin recordare, from re- + cor 'heart'"}, {"word": "recorder", "ipa": "/rkdr/", "etymology": "From Middle Dutch roreclaer, alteration of Old North French rote claire (see clarinet)"}, {"word": "tapestry", "ipa": "/tpstri/", "etymology": "Middle English: from Old French tapisserie, via Old North French tapiserie, ultimately from Latin tabula ('tablet') + pannus ('cloth')"}, {"word": "tapeworm", "ipa": "/tepwrm/", "etymology": "From tapeworm (noun) and worm"}, {"word": "tap water", "ipa": "/tep wtr/", "etymology": "From Old English teop, from tap 'tap' + water"}, {"word": "tardiness", "ipa": "/tdns/", "etymology": "Middle English: from Latin tarditas, from tardus 'slow'}]
Error: Unterminated string starting at: line 1 column 1005 (char 1004)

Time: 2025-05-01 18:41:21.360699
Content: [{"word": "uncle", "ipa": "/nkli/", "etymology": "From Old English eallecne 'every, universal'"}, {"word": "sam", "ipa": "/sm/", "etymology": "Acronym for United States of America, derived from the initial letters of Columbia (originally a name for the Americas) and New York (as an abbreviation)"}, {"word": "uncomfortable", "ipa": "/nknfortbl/", "etymology": "From Old French inconfortable, from in- 'not' + comfort 'ease'"}, {"word": "uncomfortably", "ipa": "/nknfrtbli/", "etymology": "From the adverb uncomfortable and the suffix -ly"}, {"word": "uncommon", "ipa": "/nkmn/", "etymology": "From Old English uncema 'rare, unusual'"}, {"word": "uncommonly", "ipa": "/nkmnl/", "etymology": "From the adverb uncommon and the suffix -ly"}, {"word": "uncompromising", "ipa": "/nkmprmz/", "etymology": "From the prefix un- + compromise 'settle, agree on a compromise'"}, {"word": "unconditional", "ipa": "/nkndnl/", "etymology": "From the adjective conditional and the prefix un-"}, {"word": "unconditionally", "ipa": "/nkndnl/", "etymology": "From the adjective unconditional and the suffix -ly"}, {"word": "unconfirmed", "ipa": "/nknfrmd/", "etymology": "From the past participle of confirm 'to establish or make certain'}]
Error: Unterminated string starting at: line 1 column 1154 (char 1153)

Time: 2025-05-01 18:43:27.543702
Content: [{"word": "unending", "ipa": "/nnd/", "etymology": "Old English: un + ending"}, {"word": "unequally", "ipa": "/nikwli/", "etymology": "Old English: un + equally"}, {"word": "unerring", "ipa": "/nr/", "etymology": "Old English: un + erring"}, {"word": "unevenly", "ipa": "/nivni/", "etymology": "Old English: un + evenly"}, {"word": "unexpectedly", "ipa": "/nkspektdli/", "etymology": "Old French: en + espector + to + Old English: day, time + Old Norse: dalr"}, {"word": "unfailing", "ipa": "/nfeli/", "etymology": "Old English: un + failing"}, {"word": "unfairly", "ipa": "/nfri/", "etymology": "Old English: un + fair + -ly"}, {"word": "unfairness", "ipa": "/nfersnis/", "etymology": "From Anglo-French unfairenesse, from Old French unfairnee, from Latin inaequitas, from in- + aequus (equal)"}, {"word": "unfaithful", "ipa": "/nfefl/", "etymology": "Old English: un + faithful"}, {"word": "unfashionable", "ipa": "/nfnb()l/", "etymology": "Middle English: unfashionableness, from Old French desfashion (from dis- and fashion)}]
Error: Unterminated string starting at: line 1 column 943 (char 942)

Time: 2025-05-01 18:46:53.428774
Content: [{"word": "vacantly", "ipa": "/vkntli/", "etymology": "From Old French vacant, from Latin vacare 'be empty'"}, {"word": "vacationer", "ipa": "/vknr/", "etymology": "From the verb vacation + -er (suffix used to form nouns)"}, {"word": "vaccinate", "ipa": "/vaksiket/", "etymology": "From Latin vaccina 'cow, calf' from vacca 'cow' + -ate (verb suffix)"}, {"word": "vaccination", "ipa": "/vksnan/", "etymology": "From vaccinate"}, {"word": "vacuum cleaner", "ipa": "/vkjmklinr/", "etymology": "Combination of vacuum (from Latin vacuus 'empty') and cleaner"}, {"word": "vacuum-packed", "ipa": "/vkjmpakt/", "etymology": "From vacuum + packed (past participle of pack)"}, {"word": "vagueness", "ipa": "/vjuns/", "etymology": "From Old French vaguete, from vaguier 'wander about'"}, {"word": "valedictorian", "ipa": "/valdkrn/", "etymology": "From Latin valedicere 'take leave' + -orian (suffix used to form nouns)"}, {"word": "valentine", "ipa": "/vlntn/", "etymology": "From Saint Valentine"}, {"word": "valentine's day", "ipa": "/vlntns de/", "etymology": "Combination of valentine (from Saint Valentine) and day (Old English dg)}]
Error: Unterminated string starting at: line 1 column 1055 (char 1054)

Time: 2025-05-01 18:49:09.638268
Content: [{"word": "wanderer", "ipa": "/wandrr/", "etymology": "From Old English wandrig, from wander + -er"}, {"word": "war", "ipa": "/wr/", "etymology": "Old English weor- (from Proto-Germanic *wer-), from Proto-Indo-European *weh2-"}, {"word": "crime", "ipa": "/krm/", "etymology": "From Old French crim, from Latin crimen"}, {"word": "criminal", "ipa": "/kramnl/", "etymology": "From Latin criminalis, present participle of criminare, from crimen (crime)"}, {"word": "wardrobe", "ipa": "/wrdrb/", "etymology": "From Old French garderobe, from garder (to keep) + robe (clothing)"}, {"word": "war game", "ipa": "/wr em/", "etymology": "War + game"}, {"word": "warm-blooded", "ipa": "/wrm blodd/", "etymology": "From warm + blooded"}, {"word": "warmed-over", "ipa": "/wrmd orvr/", "etymology": "Warmed + over"}, {"word": "warm-hearted", "ipa": "/wrm hrtd/", "etymology": "From warm + hearted"}, {"word": "warmonger", "ipa": "/wrmnjr/", "etymology": "War + monger (someone who encourages conflict)"}, {"word": "warmongering", "ipa": "/wrmn/", "etymology": "From warmonger + -ing (verb suffix indicating the action of a verb)}]
Error: Unterminated string starting at: line 1 column 1048 (char 1047)

Time: 2025-05-01 18:49:53.999173
Content: [{"word": "washable", "ipa": "/wb()l/", "etymology": "From Old English wascian (to wash) + -able"}, {"word": "washbasin", "ipa": "/wbsn/", "etymology": "From Latin vasca (tub) + German -bin (small container)"}, {"word": "washcloth", "ipa": "/wklo/", "etymology": "From Old English weoscop (linten cloth for washing)"}, {"word": "washed-out", "ipa": "/wtd at/", "etymology": "From wash (to clean or treat with water) + out (out of) + -ed (past participle)"}, {"word": "washed-up", "ipa": "/wtd p/", "etymology": "From wash (to clean or treat with water) + up (in a higher place)"}, {"word": "washing machine", "ipa": "/w mn/", "etymology": "From washing (act of cleansing with water) + -ing (verb suffix indicating action) + machine"}, {"word": "washroom", "ipa": "/wrom/", "etymology": "From wash + room"}, {"word": "wastebasket", "ipa": "/wst bskt/", "etymology": "From waste (unneeded or discarded material) + basket"}, {"word": "wasteful", "ipa": "/wst fl/", "etymology": "From Old English weast (waste, destruction) + -ful (having or characterized by)"}, {"word": "wasteland", "ipa": "/wst lnd/", "etymology": "From waste (unneeded or discarded material) + land (region)}]
Error: Unterminated string starting at: line 1 column 1115 (char 1114)

Time: 2025-05-01 18:50:30.995831
Content: [{"word": "watchdog", "ipa": "/wtd/", "etymology": "From Middle English wacchedogge, from Old English weccan 'to watch' + dogge"}, {"word": "watchful", "ipa": "/wtfl/", "etymology": "Old English wacca ful 'wakeful'}, {"word": "watchmaker", "ipa": "/wtmekr/", "etymology": "From Middle English watchemaker, from Old French garde-mec (literally 'keeper of the watch'), from garde 'guard' + mec 'clock'}, {"word": "watchman", "ipa": "/wtmn/", "etymology": "From Middle English watcheman, from Old English waccan 'to keep awake' + mann 'man'}, {"word": "watchword", "ipa": "/wtwrd/", "etymology": "Middle English watcheword, from Old French gard(e)word 'watchword'"}, {"word": "waterbed", "ipa": "/wtrbd/", "etymology": "From water + bed"}, {"word": "watercolor", "ipa": "/wtrklr/", "etymology": "From Middle English, from Old French eau de couleur 'colored water'"}, {"word": "watercolors", "ipa": "/wtrklrz/", "etymology": "Plural of watercolor"}, {"word": "waterfall", "ipa": "/wtrfl/", "etymology": "From Middle English waterfalle, from Old Norse vatrafoss 'foaming water'"}, {"word": "water fountain", "ipa": "/wtr fantn/", "etymology": "From water + French fontaine (from Latin fossa 'ditch')"}]
Error: Expecting ',' delimiter: line 1 column 220 (char 219)

Time: 2025-05-01 18:52:07.410848
Content: [{"word": "well-to-do", "ipa": "/wel t d/", "etymology": "From Old English wealtodig, derived from wealth (wealth) + tode (as in to be or be of + de, a dative form indicating condition)"}, {"word": "well-wisher", "ipa": "/wel wr/", "etymology": "From Old English welwiscer, made up of well + wiscer (wisher)"}, {"word": "werewolf", "ipa": "/wr wlf/", "etymology": "From Old English wer-wulf (man-wolf), combining were (man) + wolf"}, {"word": "werewolves", "ipa": "/wr wlvz/", "etymology": "Plural of werewolf, derived from Old English wer-wulf"}, {"word": "westbound", "ipa": "/west boun/", "etymology": "From west + bound (past participle of binden, meaning to tie or restrict)"}, {"word": "westerner", "ipa": "/west r nr/", "etymology": "From Old French occidental, from the Latin word for 'west,' occidens (from occasus, sunset), and -aner, a suffix used to form adjectives derived from proper names"}, {"word": "westernize", "ipa": "/west r nz/", "etymology": "From western + -ize, which means to make or become like something (in this case, the western region)"}, {"word": "westward", "ipa": "/west wrd/", "etymology": "From Old English westweard (westward direction), made up of west + weard (guard, direction)"}, {"word": "westwards", "ipa": "/west wdz/", "etymology": "Plural form of westward, derived from Old English westweard}]
Error: Unterminated string starting at: line 1 column 1278 (char 1277)

Time: 2025-05-01 18:53:23.443329
Content: [{"word": "wickedness", "ipa": "/wkdns/", "etymology": "Old English wiccednes, from wickan to act wickedly + -ness"}, {"word": "wide-eyed", "ipa": "/wadad/", "etymology": "Old English wiod, wide + eyed, having eyes + -ed (past participle)"}, {"word": "wide-ranging", "ipa": "/wd rje/", "etymology": "Old English wiod, wide + ranging, the act of roaming or moving from place to place + -ing (verb suffix)"}, {"word": "wilderness", "ipa": "/wldrns/", "etymology": "Middle English wildernesse, from Old English wealdor gehnysse, wild power + -ness"}, {"word": "wild goose chase", "ipa": "/wld us tes/", "etymology": "Middle English gouse (from Old Norse), to follow a false or fruitless pursuit + chase, to pursue relentlessly"}, {"word": "wildlife", "ipa": "/wldlf/", "etymology": "Old English wilde lif, wild animal life"}, {"word": "willfully", "ipa": "/wlfli/", "etymology": "Middle English willful, from Old English willa + full (from fulfhan to do something fully or completely)"}, {"word": "willingly", "ipa": "/wlli/", "etymology": "Old English wilian, to be willing + -ing (verb suffix)"}, {"word": "willpower", "ipa": "/wlpr/", "etymology": "Middle English will power, from Old English willa (desire) + power (strength or control)}]
Error: Unterminated string starting at: line 1 column 1149 (char 1148)

Time: 2025-05-01 18:55:08.733623
Content: [{"word": "working", "ipa": "/wrk/", "etymology": "Present participle of work (Old English weorcan)"}, {"word": "class", "ipa": "/kls/", "etymology": "From Latin classes, literally 'a leaping'"}, {"word": "workings", "ipa": "/wrkz/", "etymology": "Plural of working (Present participle of work)"}, {"word": "workload", "ipa": "/wrkld/", "etymology": "From work + load (Old English ldan, to load)"}, {"word": "workmanlike", "ipa": "/wkmnlak/", "etymology": "From workman + like (Old English weorcan + Old Norse likr, similar)"}, {"word": "workmanship", "ipa": "/wrkmnp/", "etymology": "From workman + ship (Old English scip, a creation of art or artistry)"}, {"word": "worksheet", "ipa": "/wrksheet/", "etymology": "From work + sheet (Old English sceat, a flat piece of material)"}, {"word": "workstation", "ipa": "/wrkstn/", "etymology": "From work + station (Old French estacion, a place for a particular purpose)"}, {"word": "work-study", "ipa": "/wrkstudi/", "etymology": "From work (to labor) + study (to learn and research)"}, {"word": "world-class", "ipa": "/wldkls/", "etymology": "World + class (from Old English craeft, a craft or skill level)"}, {"word": "world-famous", "ipa": "/wrl dfmes/", "etymology": "From world + famous (Old English fama, reputation)}]
Error: Unterminated string starting at: line 1 column 1217 (char 1216)

Time: 2025-05-01 18:55:47.409295
Content: [{"word": "world", "ipa": "/wld/", "etymology": "Old English weald, from Proto-Germanic *welduz"}, {"word": "power", "ipa": "/pour/", "etymology": "Old French povre from Latin potis 'able to' + facere 'make'"}, {"word": "world", "ipa": "/wld/", ""}, {"word": "series", "ipa": "/srizs/", "etymology": "Latin series, from serere 'to arrange in a row'"}, {"word": "war", "ipa": "/wr/", "etymology": "Old English weoruod from Proto-Germanic *werudaz"}, {"word": "worldwide", "ipa": "/wldwad/", ""}, {"word": "web", "ipa": "/wb/", "etymology": "From Old English webb 'flat strip, net'"}, {"word": "worn-out", "ipa": "/wrn at/", "etymology": "Old English wiernan 'to wear' + out 'without'"}, {"word": "worrying", "ipa": "/wr/", ""}, {"word": "worshiper", "ipa": "/wrapr/", "etymology": "From worship + -er"}, {"word": "worthless", "ipa": "/wrlis/", "etymology": "Old English wyreles 'lacking worth' from wyrd 'value' + laesan 'damage'"}, {"word": "would-be", "ipa": "/wd b/", "etymology": "Contraction of would be + a verb"}]
Error: Expecting ':' delimiter: line 1 column 248 (char 247)

Time: 2025-05-01 20:28:27.870671
Content: extinguishment
Error: save_words_to_cached_db() takes 1 positional argument but 3 were given

Time: 2025-05-01 20:28:29.821752
Content: competing
Error: save_words_to_cached_db() takes 1 positional argument but 3 were given

Time: 2025-05-01 20:28:32.179300
Content: extinguishment
Error: save_words_to_cached_db() takes 1 positional argument but 3 were given

Time: 2025-05-01 20:28:32.671513
Content: competing
Error: save_words_to_cached_db() takes 1 positional argument but 3 were given

Time: 2025-05-01 20:28:35.967338
Content: extinguishment
Error: save_words_to_cached_db() takes 1 positional argument but 3 were given

Time: 2025-05-01 20:28:35.967736
Content: competing
Error: save_words_to_cached_db() takes 1 positional argument but 3 were given

Time: 2025-05-01 20:28:40.460622
Content: loans
Error: save_words_to_cached_db() takes 1 positional argument but 3 were given

Time: 2025-05-01 20:28:43.833617
Content: loans
Error: save_words_to_cached_db() takes 1 positional argument but 3 were given

Time: 2025-05-01 20:28:46.524394
Content: clarifications
Error: save_words_to_cached_db() takes 1 positional argument but 3 were given

Time: 2025-05-01 20:28:47.071263
Content: loans
Error: save_words_to_cached_db() takes 1 positional argument but 3 were given

Time: 2025-05-01 20:28:49.927879
Content: clarifications
Error: save_words_to_cached_db() takes 1 positional argument but 3 were given

Time: 2025-05-01 20:28:53.546938
Content: clarifications
Error: save_words_to_cached_db() takes 1 positional argument but 3 were given

Time: 2025-05-01 20:38:31.127527
Content: extinguishment
Error: save_words_to_cached_db() takes 1 positional argument but 3 were given

Time: 2025-05-01 20:38:34.345673
Content: extinguishment
Error: save_words_to_cached_db() takes 1 positional argument but 3 were given

Time: 2025-05-01 20:38:38.234277
Content: extinguishment
Error: save_words_to_cached_db() takes 1 positional argument but 3 were given

Time: 2025-05-01 20:38:40.207643
Content: filing
Error: save_words_to_cached_db() takes 1 positional argument but 3 were given

Time: 2025-05-01 20:38:43.655805
Content: filing
Error: save_words_to_cached_db() takes 1 positional argument but 3 were given

Time: 2025-05-01 20:38:47.511978
Content: filing
Error: save_words_to_cached_db() takes 1 positional argument but 3 were given

Time: 2025-05-01 20:38:50.548856
Content: clarifications
Error: save_words_to_cached_db() takes 1 positional argument but 3 were given

Time: 2025-05-01 20:38:54.045579
Content: clarifications
Error: save_words_to_cached_db() takes 1 positional argument but 3 were given

Time: 2025-05-01 20:38:57.919151
Content: clarifications
Error: save_words_to_cached_db() takes 1 positional argument but 3 were given

Time: 2025-05-01 20:39:01.773277
Content: investments
Error: save_words_to_cached_db() takes 1 positional argument but 3 were given

Time: 2025-05-01 20:39:05.382965
Content: investments
Error: save_words_to_cached_db() takes 1 positional argument but 3 were given

Time: 2025-05-01 20:39:09.184007
Content: investments
Error: save_words_to_cached_db() takes 1 positional argument but 3 were given

Time: 2025-05-01 21:03:59.152225
Content: investments
Error: save_words_to_cached_db() takes 1 positional argument but 3 were given

Time: 2025-05-01 21:04:07.817117
Content: investments
Error: save_words_to_cached_db() takes 1 positional argument but 3 were given

Time: 2025-05-01 21:04:12.321959
Content: assets
Error: save_words_to_cached_db() takes 1 positional argument but 3 were given

Time: 2025-05-01 21:04:14.322689
Content: investments
Error: save_words_to_cached_db() takes 1 positional argument but 3 were given

Time: 2025-05-01 21:04:19.851976
Content: assets
Error: save_words_to_cached_db() takes 1 positional argument but 3 were given

Time: 2025-05-01 21:04:29.427601
Content: assets
Error: save_words_to_cached_db() takes 1 positional argument but 3 were given

Time: 2025-05-01 21:04:30.974633
Content: finalized
Error: save_words_to_cached_db() takes 1 positional argument but 3 were given

Time: 2025-05-01 21:04:35.447918
Content: extinguishment
Error: save_words_to_cached_db() takes 1 positional argument but 3 were given

Time: 2025-05-01 21:04:36.864764
Content: finalized
Error: save_words_to_cached_db() takes 1 positional argument but 3 were given

Time: 2025-05-01 21:04:42.260918
Content: extinguishment
Error: save_words_to_cached_db() takes 1 positional argument but 3 were given

Time: 2025-05-01 21:04:43.737679
Content: finalized
Error: save_words_to_cached_db() takes 1 positional argument but 3 were given

Time: 2025-05-01 21:04:49.283355
Content: extinguishment
Error: save_words_to_cached_db() takes 1 positional argument but 3 were given

Time: 2025-05-01 21:05:02.841616
Content: filing
Error: save_words_to_cached_db() takes 1 positional argument but 3 were given

Time: 2025-05-01 21:05:09.070099
Content: filing
Error: save_words_to_cached_db() takes 1 positional argument but 3 were given

Time: 2025-05-01 21:05:14.473477
Content: filing
Error: save_words_to_cached_db() takes 1 positional argument but 3 were given

Time: 2025-05-01 21:05:14.652400
Content: { "word": "protest", "ipa": "/prtest/", "etymology": "Old French *protestier*, from Latin *testis* 'witness' + *pro-* 'for'" } Word: democracy { "word": "democracy", "ipa": "/dmkrsi/", "etymology": "Greek  *(dmokrata)* from  *(dmos)* 'the people' +  *(krats)* 'power'" }
Error: Extra data: line 1 column 128 (char 127)

Time: 2025-05-01 21:05:17.115054
Content: protesting
Error: save_words_to_cached_db() takes 1 positional argument but 3 were given

Time: 2025-05-01 21:05:19.206132
Content: clarifications
Error: save_words_to_cached_db() takes 1 positional argument but 3 were given

Time: 2025-05-01 21:05:21.138237
Content: protesting
Error: save_words_to_cached_db() takes 1 positional argument but 3 were given

Time: 2025-05-01 21:05:23.231635
Content: clarifications
Error: save_words_to_cached_db() takes 1 positional argument but 3 were given

Time: 2025-05-01 21:05:26.743099
Content: clarifications
Error: save_words_to_cached_db() takes 1 positional argument but 3 were given

Time: 2025-05-01 21:11:11.183603
Content: objected
Error: save_words_to_cached_db() takes 1 positional argument but 3 were given

Time: 2025-05-01 21:11:21.556530
Content: objected
Error: save_words_to_cached_db() takes 1 positional argument but 3 were given

Time: 2025-05-01 21:11:26.369095
Content: extinguishment
Error: save_words_to_cached_db() takes 1 positional argument but 3 were given

Time: 2025-05-01 21:11:28.061803
Content: objected
Error: save_words_to_cached_db() takes 1 positional argument but 3 were given

Time: 2025-05-01 21:11:32.971331
Content: extinguishment
Error: save_words_to_cached_db() takes 1 positional argument but 3 were given

Time: 2025-05-01 21:11:40.377742
Content: extinguishment
Error: save_words_to_cached_db() takes 1 positional argument but 3 were given

Time: 2025-05-01 21:11:45.689028
Content: { "word": "judge", "explanation": "A person who makes decisions about legal matters or disputes, especially in a court of law.", "contextual_meaning": "In this sentence, 'judge' refers to a legal official who decided on the objection regarding bankruptcy proceedings and has the power to overrule it.", "example_sentences": [ "'Judge Smith will preside over the trial next week.', "'We must make a difficult judgment call about which candidate to support.'" ] }
Error: Expecting ',' delimiter: line 1 column 383 (char 382)

Time: 2025-05-01 21:11:52.062368
Content: overruled
Error: save_words_to_cached_db() takes 1 positional argument but 3 were given

Time: 2025-05-01 21:11:58.375401
Content: april
Error: save_words_to_cached_db() takes 1 positional argument but 3 were given

Time: 2025-05-01 21:12:00.513959
Content: overruled
Error: save_words_to_cached_db() takes 1 positional argument but 3 were given

Time: 2025-05-01 21:12:07.637942
Content: april
Error: save_words_to_cached_db() takes 1 positional argument but 3 were given

Time: 2025-05-01 21:12:09.493757
Content: overruled
Error: save_words_to_cached_db() takes 1 positional argument but 3 were given

Time: 2025-05-01 21:12:12.099841
Content: april
Error: save_words_to_cached_db() takes 1 positional argument but 3 were given

Time: 2025-05-01 21:12:26.264371
Content: filing
Error: save_words_to_cached_db() takes 1 positional argument but 3 were given

Time: 2025-05-01 21:12:29.676487
Content: filing
Error: save_words_to_cached_db() takes 1 positional argument but 3 were given

Time: 2025-05-01 21:12:32.449180
Content: filing
Error: save_words_to_cached_db() takes 1 positional argument but 3 were given

Time: 2025-05-01 21:12:35.520035
Content: exhibits
Error: save_words_to_cached_db() takes 1 positional argument but 3 were given

Time: 2025-05-01 21:12:38.524270
Content: exhibits
Error: save_words_to_cached_db() takes 1 positional argument but 3 were given

Time: 2025-05-01 21:12:44.069831
Content: exhibits
Error: save_words_to_cached_db() takes 1 positional argument but 3 were given

Time: 2025-05-01 21:12:51.128880
Content: investments
Error: save_words_to_cached_db() takes 1 positional argument but 3 were given

Time: 2025-05-01 21:12:53.966944
Content: investments
Error: save_words_to_cached_db() takes 1 positional argument but 3 were given

Time: 2025-05-01 21:12:56.818720
Content: investments
Error: save_words_to_cached_db() takes 1 positional argument but 3 were given

Time: 2025-05-01 21:23:00.892606
Content: extinguishment
Error: save_words_to_cached_db() takes 1 positional argument but 3 were given

Time: 2025-05-01 21:23:02.624160
Content: competing
Error: save_words_to_cached_db() takes 1 positional argument but 3 were given

Time: 2025-05-01 21:23:03.969266
Content: parties
Error: save_words_to_cached_db() takes 1 positional argument but 3 were given

Time: 2025-05-01 21:23:05.523524
Content: extinguishment
Error: save_words_to_cached_db() takes 1 positional argument but 3 were given

Time: 2025-05-01 21:23:07.209419
Content: competing
Error: save_words_to_cached_db() takes 1 positional argument but 3 were given

Time: 2025-05-01 21:23:08.663995
Content: parties
Error: save_words_to_cached_db() takes 1 positional argument but 3 were given

Time: 2025-05-01 21:23:10.304310
Content: extinguishment
Error: save_words_to_cached_db() takes 1 positional argument but 3 were given

Time: 2025-05-01 21:23:11.961230
Content: competing
Error: save_words_to_cached_db() takes 1 positional argument but 3 were given

Time: 2025-05-01 21:23:13.397979
Content: parties
Error: save_words_to_cached_db() takes 1 positional argument but 3 were given

Time: 2025-05-01 21:23:20.087807
Content: filing
Error: save_words_to_cached_db() takes 1 positional argument but 3 were given

Time: 2025-05-01 21:23:21.536937
Content: assets
Error: save_words_to_cached_db() takes 1 positional argument but 3 were given

Time: 2025-05-01 21:23:26.936683
Content: filing
Error: save_words_to_cached_db() takes 1 positional argument but 3 were given

Time: 2025-05-01 21:23:28.206281
Content: assets
Error: save_words_to_cached_db() takes 1 positional argument but 3 were given

Time: 2025-05-01 21:23:29.885841
Content: claims
Error: save_words_to_cached_db() takes 1 positional argument but 3 were given

Time: 2025-05-01 21:23:31.868466
Content: filing
Error: save_words_to_cached_db() takes 1 positional argument but 3 were given

Time: 2025-05-01 21:23:33.572633
Content: assets
Error: save_words_to_cached_db() takes 1 positional argument but 3 were given

Time: 2025-05-01 21:23:35.650822
Content: claims
Error: save_words_to_cached_db() takes 1 positional argument but 3 were given

Time: 2025-05-01 21:23:38.474911
Content: clarifications
Error: save_words_to_cached_db() takes 1 positional argument but 3 were given

Time: 2025-05-01 21:23:43.466177
Content: claims
Error: save_words_to_cached_db() takes 1 positional argument but 3 were given

Time: 2025-05-01 21:23:45.639153
Content: clarifications
Error: save_words_to_cached_db() takes 1 positional argument but 3 were given

Time: 2025-05-01 21:23:48.104528
Content: committee on foreign investment in the united states
Error: save_words_to_cached_db() takes 1 positional argument but 3 were given

Time: 2025-05-01 21:23:50.102431
Content: clarifications
Error: save_words_to_cached_db() takes 1 positional argument but 3 were given

Time: 2025-05-01 21:23:52.308471
Content: committee on foreign investment in the united states
Error: save_words_to_cached_db() takes 1 positional argument but 3 were given

Time: 2025-05-01 21:23:54.184085
Content: investments
Error: save_words_to_cached_db() takes 1 positional argument but 3 were given

Time: 2025-05-01 21:23:56.473816
Content: committee on foreign investment in the united states
Error: save_words_to_cached_db() takes 1 positional argument but 3 were given

Time: 2025-05-01 21:23:59.156203
Content: investments
Error: save_words_to_cached_db() takes 1 positional argument but 3 were given

Time: 2025-05-01 21:24:04.035836
Content: investments
Error: save_words_to_cached_db() takes 1 positional argument but 3 were given

Time: 2025-05-01 21:52:09.377647
Content: objected
Error: save_words_to_cached_db() takes 1 positional argument but 3 were given

Time: 2025-05-01 21:52:12.813002
Content: objected
Error: save_words_to_cached_db() takes 1 positional argument but 3 were given

Time: 2025-05-01 21:52:16.162866
Content: objected
Error: save_words_to_cached_db() takes 1 positional argument but 3 were given

Time: 2025-05-01 21:52:17.649342
Content: extinguishment
Error: save_words_to_cached_db() takes 1 positional argument but 3 were given

Time: 2025-05-01 21:52:20.701454
Content: extinguishment
Error: save_words_to_cached_db() takes 1 positional argument but 3 were given

Time: 2025-05-01 21:52:24.763517
Content: extinguishment
Error: save_words_to_cached_db() takes 1 positional argument but 3 were given

Time: 2025-05-01 21:52:28.587918
Content: investments
Error: save_words_to_cached_db() takes 1 positional argument but 3 were given

Time: 2025-05-01 21:52:29.195725
Content: loans
Error: save_words_to_cached_db() takes 1 positional argument but 3 were given

Time: 2025-05-01 21:52:32.371451
Content: investments
Error: save_words_to_cached_db() takes 1 positional argument but 3 were given

Time: 2025-05-01 21:52:33.319208
Content: loans
Error: save_words_to_cached_db() takes 1 positional argument but 3 were given

Time: 2025-05-01 21:52:36.110417
Content: investments
Error: save_words_to_cached_db() takes 1 positional argument but 3 were given

Time: 2025-05-01 21:52:36.555002
Content: loans
Error: save_words_to_cached_db() takes 1 positional argument but 3 were given

Time: 2025-05-01 21:57:07.263269
Content: investments
Error: save_words_to_cached_db() takes 1 positional argument but 3 were given

Time: 2025-05-01 21:57:11.277058
Content: investments
Error: save_words_to_cached_db() takes 1 positional argument but 3 were given

Time: 2025-05-01 21:57:14.873276
Content: investments
Error: save_words_to_cached_db() takes 1 positional argument but 3 were given

Time: 2025-05-01 21:57:14.971681
Content: { "word": "assets", "ipa": "/sts/", "etymology": "From Old French *assez* (meaning 'enough') and Medieval Latin *adsatis* (from Latin *ad-*, 'to' + *satis*, 'enough'), which came from Classical Latin *stis* (from Proto-Indo-European **s-, suffixed form of the root **se-, "to be"). The meaning shifted over time in Old French to mean 'equipment, equipment necessary for a journey', and then in Middle English to mean 'property, wealth'." }
Error: Expecting ',' delimiter: line 1 column 274 (char 273)

Time: 2025-05-01 21:57:17.222699
Content: parties
Error: save_words_to_cached_db() takes 1 positional argument but 3 were given

Time: 2025-05-01 21:57:18.482694
Content: assets
Error: save_words_to_cached_db() takes 1 positional argument but 3 were given

Time: 2025-05-01 21:57:20.042459
Content: parties
Error: save_words_to_cached_db() takes 1 positional argument but 3 were given

Time: 2025-05-01 21:57:21.314957
Content: assets
Error: save_words_to_cached_db() takes 1 positional argument but 3 were given

Time: 2025-05-01 21:57:22.968250
Content: parties
Error: save_words_to_cached_db() takes 1 positional argument but 3 were given

Time: 2025-05-01 21:57:23.849615
Content: filing
Error: save_words_to_cached_db() takes 1 positional argument but 3 were given

Time: 2025-05-01 21:57:26.139644
Content: assets
Error: save_words_to_cached_db() takes 1 positional argument but 3 were given

Time: 2025-05-01 21:57:27.236469
Content: filing
Error: save_words_to_cached_db() takes 1 positional argument but 3 were given

Time: 2025-05-01 21:57:28.184785
Content: extinguishment
Error: save_words_to_cached_db() takes 1 positional argument but 3 were given

Time: 2025-05-01 21:57:31.058689
Content: assets
Error: save_words_to_cached_db() takes 1 positional argument but 3 were given

Time: 2025-05-01 21:57:31.830413
Content: filing
Error: save_words_to_cached_db() takes 1 positional argument but 3 were given

Time: 2025-05-01 21:57:32.183755
Content: extinguishment
Error: save_words_to_cached_db() takes 1 positional argument but 3 were given

Time: 2025-05-01 21:57:34.851111
Content: assets
Error: save_words_to_cached_db() takes 1 positional argument but 3 were given

Time: 2025-05-01 21:57:35.205390
Content: extinguishment
Error: save_words_to_cached_db() takes 1 positional argument but 3 were given

Time: 2025-05-01 21:57:46.571734
Content: concerns
Error: save_words_to_cached_db() takes 1 positional argument but 3 were given

Time: 2025-05-01 21:57:50.051383
Content: concerns
Error: save_words_to_cached_db() takes 1 positional argument but 3 were given

Time: 2025-05-01 21:57:53.679323
Content: concerns
Error: save_words_to_cached_db() takes 1 positional argument but 3 were given

Time: 2025-05-01 22:26:14.179158
Content: extinguishment
Error: save_words_to_cached_db() takes 1 positional argument but 3 were given

Time: 2025-05-01 22:26:18.749674
Content: extinguishment
Error: save_words_to_cached_db() takes 1 positional argument but 3 were given

Time: 2025-05-01 22:26:22.708622
Content: extinguishment
Error: save_words_to_cached_db() takes 1 positional argument but 3 were given

Time: 2025-05-01 22:26:24.713667
Content: investments
Error: save_words_to_cached_db() takes 1 positional argument but 3 were given

Time: 2025-05-01 22:26:27.529868
Content: investments
Error: save_words_to_cached_db() takes 1 positional argument but 3 were given

Time: 2025-05-01 22:26:31.057029
Content: investments
Error: save_words_to_cached_db() takes 1 positional argument but 3 were given

Time: 2025-05-01 22:26:35.426043
Content: april
Error: save_words_to_cached_db() takes 1 positional argument but 3 were given

Time: 2025-05-01 22:26:39.100946
Content: april
Error: save_words_to_cached_db() takes 1 positional argument but 3 were given

Time: 2025-05-01 22:26:39.272746
Content: filing
Error: save_words_to_cached_db() takes 1 positional argument but 3 were given

Time: 2025-05-01 22:26:42.213555
Content: april
Error: save_words_to_cached_db() takes 1 positional argument but 3 were given

Time: 2025-05-01 22:26:43.198478
Content: filing
Error: save_words_to_cached_db() takes 1 positional argument but 3 were given

Time: 2025-05-01 22:26:46.523120
Content: filing
Error: save_words_to_cached_db() takes 1 positional argument but 3 were given

Time: 2025-05-01 22:26:49.943575
Content: clarifications
Error: save_words_to_cached_db() takes 1 positional argument but 3 were given

Time: 2025-05-01 22:26:53.336317
Content: clarifications
Error: save_words_to_cached_db() takes 1 positional argument but 3 were given

Time: 2025-05-01 22:26:56.807287
Content: clarifications
Error: save_words_to_cached_db() takes 1 positional argument but 3 were given

Time: 2025-05-01 22:37:28.359350
Content: long-haul
Error: save_words_to_cached_db() takes 1 positional argument but 3 were given

Time: 2025-05-01 22:37:31.573906
Content: long-haul
Error: save_words_to_cached_db() takes 1 positional argument but 3 were given

Time: 2025-05-01 22:37:36.158810
Content: long-haul
Error: save_words_to_cached_db() takes 1 positional argument but 3 were given

Time: 2025-05-01 22:42:04.828542
Content: 
Error: Expecting value: line 1 column 1 (char 0)

Time: 2025-05-01 22:42:20.585233
Content: visionaries
Error: save_words_to_cached_db() takes 1 positional argument but 3 were given

Time: 2025-05-01 22:42:26.282226
Content: visionaries
Error: save_words_to_cached_db() takes 1 positional argument but 3 were given

Time: 2025-05-01 22:42:31.279466
Content: visionaries
Error: save_words_to_cached_db() takes 1 positional argument but 3 were given

Time: 2025-05-01 22:42:38.928928
Content: cohort
Error: save_words_to_cached_db() takes 1 positional argument but 3 were given

Time: 2025-05-01 22:42:40.336191
Content: operators
Error: save_words_to_cached_db() takes 1 positional argument but 3 were given

Time: 2025-05-01 22:42:43.771910
Content: operators
Error: save_words_to_cached_db() takes 1 positional argument but 3 were given

Time: 2025-05-01 22:42:44.288329
Content: { "word": "cohort", "ipa": "/khrt/", "etymology": "Latin *cohors*, from Proto-Italic **koms* (\< Proto-Indo-European **goms*), meaning 'a band, company, troop'." }
Error: Invalid \escape: line 1 column 95 (char 94)

Time: 2025-05-01 22:42:46.149795
Content: cohort
Error: save_words_to_cached_db() takes 1 positional argument but 3 were given

Time: 2025-05-01 22:42:47.836304
Content: operators
Error: save_words_to_cached_db() takes 1 positional argument but 3 were given

Time: 2025-05-01 22:42:54.960945
Content: mentorship
Error: save_words_to_cached_db() takes 1 positional argument but 3 were given

Time: 2025-05-01 22:42:58.759201
Content: mentorship
Error: save_words_to_cached_db() takes 1 positional argument but 3 were given

Time: 2025-05-01 22:43:02.334807
Content: mentorship
Error: save_words_to_cached_db() takes 1 positional argument but 3 were given

Time: 2025-05-01 22:43:07.127035
Content: vcs
Error: save_words_to_cached_db() takes 1 positional argument but 3 were given

Time: 2025-05-01 22:43:10.843780
Content: vcs
Error: save_words_to_cached_db() takes 1 positional argument but 3 were given

Time: 2025-05-01 22:43:15.187527
Content: vcs
Error: save_words_to_cached_db() takes 1 positional argument but 3 were given

Time: 2025-05-02 14:14:50.455325
Content: cytolysis
Error: name 'batch_ipa_chain' is not defined

Time: 2025-05-02 14:14:50.455505
Content: lymphocyte
Error: name 'batch_ipa_chain' is not defined

Time: 2025-05-02 14:14:50.455640
Content: dacryocyst
Error: name 'batch_ipa_chain' is not defined

Time: 2025-05-02 14:14:50.455734
Content: cystomy
Error: name 'batch_ipa_chain' is not defined

Time: 2025-05-02 14:14:50.455806
Content: cranioclasis
Error: name 'batch_ipa_chain' is not defined

Time: 2025-05-02 14:14:50.455894
Content: craniomalacia
Error: name 'batch_ipa_chain' is not defined

Time: 2025-05-02 14:14:50.455993
Content: counterpoison
Error: name 'batch_ipa_chain' is not defined

Time: 2025-05-02 14:14:50.456064
Content: counteragent
Error: name 'batch_ipa_chain' is not defined

Time: 2025-05-02 14:14:50.456136
Content: contraindication
Error: name 'batch_ipa_chain' is not defined

Time: 2025-05-02 14:14:50.456220
Content: colposcope
Error: name 'batch_ipa_chain' is not defined

Time: 2025-05-02 14:14:51.469908
Content: coleospastia
Error: name 'batch_ipa_chain' is not defined

Time: 2025-05-02 14:14:51.470498
Content: coloptosis
Error: name 'batch_ipa_chain' is not defined

Time: 2025-05-02 14:14:51.470977
Content: colotomy
Error: name 'batch_ipa_chain' is not defined

Time: 2025-05-02 14:14:51.471554
Content: coagulant
Error: name 'batch_ipa_chain' is not defined

Time: 2025-05-02 14:14:51.471932
Content: circumoral
Error: name 'batch_ipa_chain' is not defined

Time: 2025-05-02 14:14:51.472401
Content: aborticide
Error: name 'batch_ipa_chain' is not defined

Time: 2025-05-02 14:14:51.472911
Content: germicide
Error: name 'batch_ipa_chain' is not defined

Time: 2025-05-02 14:14:51.473376
Content: cytochrome
Error: name 'batch_ipa_chain' is not defined

Time: 2025-05-02 14:14:51.473685
Content: chondrification
Error: name 'batch_ipa_chain' is not defined

Time: 2025-05-02 14:14:51.474008
Content: chondrosarcoma
Error: name 'batch_ipa_chain' is not defined

Time: 2025-05-02 14:14:52.476658
Content: cholecystitis
Error: name 'batch_ipa_chain' is not defined

Time: 2025-05-02 14:14:52.477424
Content: cholelithiasis
Error: name 'batch_ipa_chain' is not defined

Time: 2025-05-02 14:14:52.477985
Content: cholagogue
Error: name 'batch_ipa_chain' is not defined

Time: 2025-05-02 14:14:52.478351
Content: cholangiectasis
Error: name 'batch_ipa_chain' is not defined

Time: 2025-05-02 14:14:52.479055
Content: cholangitis
Error: name 'batch_ipa_chain' is not defined

Time: 2025-05-02 14:14:52.479708
Content: chloromycetin
Error: name 'batch_ipa_chain' is not defined

Time: 2025-05-02 14:14:52.480302
Content: cerebrology
Error: name 'batch_ipa_chain' is not defined

Time: 2025-05-02 14:14:52.480834
Content: cerebritis
Error: name 'batch_ipa_chain' is not defined

Time: 2025-05-02 14:14:52.481264
Content: cerebellitis
Error: name 'batch_ipa_chain' is not defined

Time: 2025-05-02 14:14:52.481639
Content: cephalotomy
Error: name 'batch_ipa_chain' is not defined

Time: 2025-05-02 14:14:53.486481
Content: cephalopathy
Error: name 'batch_ipa_chain' is not defined

Time: 2025-05-02 14:14:53.487235
Content: cephaloxia
Error: name 'batch_ipa_chain' is not defined

Time: 2025-05-02 14:14:53.487824
Content: abdominocentesis
Error: name 'batch_ipa_chain' is not defined

Time: 2025-05-02 14:14:53.488298
Content: arthrocentesis
Error: name 'batch_ipa_chain' is not defined

Time: 2025-05-02 14:14:53.488739
Content: celioscopy
Error: name 'batch_ipa_chain' is not defined

Time: 2025-05-02 14:14:53.489277
Content: celialgia
Error: name 'batch_ipa_chain' is not defined

Time: 2025-05-02 14:14:53.489856
Content: ophthalmocele
Error: name 'batch_ipa_chain' is not defined

Time: 2025-05-02 14:14:53.490175
Content: hysterocele
Error: name 'batch_ipa_chain' is not defined

Time: 2025-05-02 14:14:53.490452
Content: omphalocele
Error: name 'batch_ipa_chain' is not defined

Time: 2025-05-02 14:14:53.490690
Content: cardioplasty
Error: name 'batch_ipa_chain' is not defined

Time: 2025-05-02 14:14:54.498193
Content: cardiotonics
Error: name 'batch_ipa_chain' is not defined

Time: 2025-05-02 14:14:54.498728
Content: carcinogen
Error: name 'batch_ipa_chain' is not defined

Time: 2025-05-02 14:14:54.498997
Content: carbohaemia
Error: name 'batch_ipa_chain' is not defined

Time: 2025-05-02 14:14:54.499221
Content: calcicosilicosis
Error: name 'batch_ipa_chain' is not defined

Time: 2025-05-02 14:14:54.499526
Content: calcification
Error: name 'batch_ipa_chain' is not defined

Time: 2025-05-02 14:14:54.499926
Content: bronchiolectasis
Error: name 'batch_ipa_chain' is not defined

Time: 2025-05-02 14:14:54.500170
Content: bronchiostenosis
Error: name 'batch_ipa_chain' is not defined

Time: 2025-05-02 14:14:54.500374
Content: bronchoscopy
Error: name 'batch_ipa_chain' is not defined

Time: 2025-05-02 14:14:54.500581
Content: bradypsychia
Error: name 'batch_ipa_chain' is not defined

Time: 2025-05-02 14:14:54.500847
Content: bradycardia
Error: name 'batch_ipa_chain' is not defined

Time: 2025-05-02 14:14:55.511296
Content: brachydactylia
Error: name 'batch_ipa_chain' is not defined

Time: 2025-05-02 14:14:55.512489
Content: brachypnea
Error: name 'batch_ipa_chain' is not defined

Time: 2025-05-02 14:14:55.513469
Content: osteoblast
Error: name 'batch_ipa_chain' is not defined

Time: 2025-05-02 14:14:55.514428
Content: melanoblast
Error: name 'batch_ipa_chain' is not defined

Time: 2025-05-02 14:14:55.515135
Content: spermatoblast
Error: name 'batch_ipa_chain' is not defined

Time: 2025-05-02 14:14:55.515637
Content: bilirubin
Error: name 'batch_ipa_chain' is not defined

Time: 2025-05-02 14:14:55.515973
Content: bicuspid
Error: name 'batch_ipa_chain' is not defined

Time: 2025-05-02 14:14:55.516322
Content: baryacusia
Error: name 'batch_ipa_chain' is not defined

Time: 2025-05-02 14:14:55.516541
Content: barylalia
Error: name 'batch_ipa_chain' is not defined

Time: 2025-05-02 14:14:55.516731
Content: baroreceptor
Error: name 'batch_ipa_chain' is not defined

Time: 2025-05-02 14:14:56.524526
Content: bactericide
Error: name 'batch_ipa_chain' is not defined

Time: 2025-05-02 14:14:56.525118
Content: bacteriology
Error: name 'batch_ipa_chain' is not defined

Time: 2025-05-02 14:14:56.525551
Content: bacilluria
Error: name 'batch_ipa_chain' is not defined

Time: 2025-05-02 14:14:56.525939
Content: bacillosis
Error: name 'batch_ipa_chain' is not defined

Time: 2025-05-02 14:14:56.526402
Content: audiometer
Error: name 'batch_ipa_chain' is not defined

Time: 2025-05-02 14:14:56.526749
Content: audiology
Error: name 'batch_ipa_chain' is not defined

Time: 2025-05-02 14:14:56.527001
Content: neurasthenia
Error: name 'batch_ipa_chain' is not defined

Time: 2025-05-02 14:14:56.527299
Content: myasthenia
Error: name 'batch_ipa_chain' is not defined

Time: 2025-05-02 14:14:56.527894
Content: proteinase
Error: name 'batch_ipa_chain' is not defined

Time: 2025-05-02 14:14:56.528478
Content: oxidase
Error: name 'batch_ipa_chain' is not defined

Time: 2025-05-02 14:17:53.702377
Content: cytolysis
Error: name 'batch_ipa_chain' is not defined

Time: 2025-05-02 14:17:53.702530
Content: lymphocyte
Error: name 'batch_ipa_chain' is not defined

Time: 2025-05-02 14:17:53.702618
Content: dacryocyst
Error: name 'batch_ipa_chain' is not defined

Time: 2025-05-02 14:17:53.702848
Content: cystomy
Error: name 'batch_ipa_chain' is not defined

Time: 2025-05-02 14:17:53.702965
Content: cranioclasis
Error: name 'batch_ipa_chain' is not defined

Time: 2025-05-02 14:17:53.703051
Content: craniomalacia
Error: name 'batch_ipa_chain' is not defined

Time: 2025-05-02 14:17:53.703169
Content: counterpoison
Error: name 'batch_ipa_chain' is not defined

Time: 2025-05-02 14:17:53.703284
Content: counteragent
Error: name 'batch_ipa_chain' is not defined

Time: 2025-05-02 14:17:53.703393
Content: contraindication
Error: name 'batch_ipa_chain' is not defined

Time: 2025-05-02 14:17:53.703510
Content: colposcope
Error: name 'batch_ipa_chain' is not defined

Time: 2025-05-02 14:17:54.709418
Content: coleospastia
Error: name 'batch_ipa_chain' is not defined

Time: 2025-05-02 14:17:54.710110
Content: coloptosis
Error: name 'batch_ipa_chain' is not defined

Time: 2025-05-02 14:17:54.710666
Content: colotomy
Error: name 'batch_ipa_chain' is not defined

Time: 2025-05-02 14:17:54.711041
Content: coagulant
Error: name 'batch_ipa_chain' is not defined

Time: 2025-05-02 14:17:54.711672
Content: circumoral
Error: name 'batch_ipa_chain' is not defined

Time: 2025-05-02 14:17:54.712241
Content: aborticide
Error: name 'batch_ipa_chain' is not defined

Time: 2025-05-02 14:17:54.712798
Content: germicide
Error: name 'batch_ipa_chain' is not defined

Time: 2025-05-02 14:17:54.713844
Content: cytochrome
Error: name 'batch_ipa_chain' is not defined

Time: 2025-05-02 14:17:54.714534
Content: chondrification
Error: name 'batch_ipa_chain' is not defined

Time: 2025-05-02 14:17:54.714833
Content: chondrosarcoma
Error: name 'batch_ipa_chain' is not defined

Time: 2025-05-02 14:17:55.722913
Content: cholecystitis
Error: name 'batch_ipa_chain' is not defined

Time: 2025-05-02 14:17:55.723551
Content: cholelithiasis
Error: name 'batch_ipa_chain' is not defined

Time: 2025-05-02 14:17:55.723925
Content: cholagogue
Error: name 'batch_ipa_chain' is not defined

Time: 2025-05-02 14:17:55.724243
Content: cholangiectasis
Error: name 'batch_ipa_chain' is not defined

Time: 2025-05-02 14:17:55.724528
Content: cholangitis
Error: name 'batch_ipa_chain' is not defined

Time: 2025-05-02 14:17:55.724826
Content: chloromycetin
Error: name 'batch_ipa_chain' is not defined

Time: 2025-05-02 14:17:55.725232
Content: cerebrology
Error: name 'batch_ipa_chain' is not defined

Time: 2025-05-02 14:17:55.725899
Content: cerebritis
Error: name 'batch_ipa_chain' is not defined

Time: 2025-05-02 14:17:55.726368
Content: cerebellitis
Error: name 'batch_ipa_chain' is not defined

Time: 2025-05-02 14:17:55.726762
Content: cephalotomy
Error: name 'batch_ipa_chain' is not defined

Time: 2025-05-02 14:23:22.688824
Content: cytolysis
Error: name 'batch_ipa_chain' is not defined

Time: 2025-05-02 14:23:22.688996
Content: lymphocyte
Error: name 'batch_ipa_chain' is not defined

Time: 2025-05-02 14:23:22.689108
Content: dacryocyst
Error: name 'batch_ipa_chain' is not defined

Time: 2025-05-02 14:23:22.689224
Content: cystomy
Error: name 'batch_ipa_chain' is not defined

Time: 2025-05-02 14:23:22.689293
Content: cranioclasis
Error: name 'batch_ipa_chain' is not defined

Time: 2025-05-02 14:23:22.689357
Content: craniomalacia
Error: name 'batch_ipa_chain' is not defined

Time: 2025-05-02 14:23:22.689440
Content: counterpoison
Error: name 'batch_ipa_chain' is not defined

Time: 2025-05-02 14:23:22.689526
Content: counteragent
Error: name 'batch_ipa_chain' is not defined

Time: 2025-05-02 14:23:22.689670
Content: contraindication
Error: name 'batch_ipa_chain' is not defined

Time: 2025-05-02 14:23:22.689756
Content: colposcope
Error: name 'batch_ipa_chain' is not defined

Time: 2025-05-02 14:23:23.692851
Content: coleospastia
Error: name 'batch_ipa_chain' is not defined

Time: 2025-05-02 14:23:23.693068
Content: coloptosis
Error: name 'batch_ipa_chain' is not defined

Time: 2025-05-02 14:23:23.693183
Content: colotomy
Error: name 'batch_ipa_chain' is not defined

Time: 2025-05-02 14:23:23.693402
Content: coagulant
Error: name 'batch_ipa_chain' is not defined

Time: 2025-05-02 14:23:23.693600
Content: circumoral
Error: name 'batch_ipa_chain' is not defined

Time: 2025-05-02 14:23:23.693786
Content: aborticide
Error: name 'batch_ipa_chain' is not defined

Time: 2025-05-02 14:23:23.693912
Content: germicide
Error: name 'batch_ipa_chain' is not defined

Time: 2025-05-02 14:23:23.694022
Content: cytochrome
Error: name 'batch_ipa_chain' is not defined

Time: 2025-05-02 14:23:23.694117
Content: chondrification
Error: name 'batch_ipa_chain' is not defined

Time: 2025-05-02 14:23:23.694250
Content: chondrosarcoma
Error: name 'batch_ipa_chain' is not defined

Time: 2025-05-02 14:23:24.703072
Content: cholecystitis
Error: name 'batch_ipa_chain' is not defined

Time: 2025-05-02 14:23:24.703586
Content: cholelithiasis
Error: name 'batch_ipa_chain' is not defined

Time: 2025-05-02 14:23:24.703922
Content: cholagogue
Error: name 'batch_ipa_chain' is not defined

Time: 2025-05-02 14:23:24.704416
Content: cholangiectasis
Error: name 'batch_ipa_chain' is not defined

Time: 2025-05-02 14:23:24.704848
Content: cholangitis
Error: name 'batch_ipa_chain' is not defined

Time: 2025-05-02 14:23:24.705139
Content: chloromycetin
Error: name 'batch_ipa_chain' is not defined

Time: 2025-05-02 14:23:24.705388
Content: cerebrology
Error: name 'batch_ipa_chain' is not defined

Time: 2025-05-02 14:23:24.705619
Content: cerebritis
Error: name 'batch_ipa_chain' is not defined

Time: 2025-05-02 14:23:24.705896
Content: cerebellitis
Error: name 'batch_ipa_chain' is not defined

Time: 2025-05-02 14:23:24.706167
Content: cephalotomy
Error: name 'batch_ipa_chain' is not defined

Time: 2025-05-02 14:23:25.711021
Content: cephalopathy
Error: name 'batch_ipa_chain' is not defined

Time: 2025-05-02 14:23:25.711185
Content: cephaloxia
Error: name 'batch_ipa_chain' is not defined

Time: 2025-05-02 14:23:25.711266
Content: abdominocentesis
Error: name 'batch_ipa_chain' is not defined

Time: 2025-05-02 14:23:25.711337
Content: arthrocentesis
Error: name 'batch_ipa_chain' is not defined

Time: 2025-05-02 14:23:25.711424
Content: celioscopy
Error: name 'batch_ipa_chain' is not defined

Time: 2025-05-02 14:23:25.711560
Content: celialgia
Error: name 'batch_ipa_chain' is not defined

Time: 2025-05-02 14:23:25.711658
Content: ophthalmocele
Error: name 'batch_ipa_chain' is not defined

Time: 2025-05-02 14:23:25.711789
Content: hysterocele
Error: name 'batch_ipa_chain' is not defined

Time: 2025-05-02 14:23:25.711874
Content: omphalocele
Error: name 'batch_ipa_chain' is not defined

Time: 2025-05-02 14:23:25.711961
Content: cardioplasty
Error: name 'batch_ipa_chain' is not defined

Time: 2025-05-02 14:23:26.725303
Content: cardiotonics
Error: name 'batch_ipa_chain' is not defined

Time: 2025-05-02 14:23:26.725923
Content: carcinogen
Error: name 'batch_ipa_chain' is not defined

Time: 2025-05-02 14:23:26.726291
Content: carbohaemia
Error: name 'batch_ipa_chain' is not defined

Time: 2025-05-02 14:23:26.726548
Content: calcicosilicosis
Error: name 'batch_ipa_chain' is not defined

Time: 2025-05-02 14:23:26.726742
Content: calcification
Error: name 'batch_ipa_chain' is not defined

Time: 2025-05-02 14:23:26.726891
Content: bronchiolectasis
Error: name 'batch_ipa_chain' is not defined

Time: 2025-05-02 14:23:26.727041
Content: bronchiostenosis
Error: name 'batch_ipa_chain' is not defined

Time: 2025-05-02 14:23:26.727143
Content: bronchoscopy
Error: name 'batch_ipa_chain' is not defined

Time: 2025-05-02 14:23:26.727233
Content: bradypsychia
Error: name 'batch_ipa_chain' is not defined

Time: 2025-05-02 14:23:26.727350
Content: bradycardia
Error: name 'batch_ipa_chain' is not defined

Time: 2025-05-02 14:23:27.737803
Content: brachydactylia
Error: name 'batch_ipa_chain' is not defined

Time: 2025-05-02 14:23:27.738147
Content: brachypnea
Error: name 'batch_ipa_chain' is not defined

Time: 2025-05-02 14:23:27.738362
Content: osteoblast
Error: name 'batch_ipa_chain' is not defined

Time: 2025-05-02 14:23:27.738599
Content: melanoblast
Error: name 'batch_ipa_chain' is not defined

Time: 2025-05-02 14:23:27.738873
Content: spermatoblast
Error: name 'batch_ipa_chain' is not defined

Time: 2025-05-02 14:23:27.739101
Content: bilirubin
Error: name 'batch_ipa_chain' is not defined

Time: 2025-05-02 14:23:27.739353
Content: bicuspid
Error: name 'batch_ipa_chain' is not defined

Time: 2025-05-02 14:23:27.739487
Content: baryacusia
Error: name 'batch_ipa_chain' is not defined

Time: 2025-05-02 14:23:27.739613
Content: barylalia
Error: name 'batch_ipa_chain' is not defined

Time: 2025-05-02 14:23:27.739759
Content: baroreceptor
Error: name 'batch_ipa_chain' is not defined

Time: 2025-05-02 14:23:28.751775
Content: bactericide
Error: name 'batch_ipa_chain' is not defined

Time: 2025-05-02 14:23:28.751918
Content: bacteriology
Error: name 'batch_ipa_chain' is not defined

Time: 2025-05-02 14:23:28.751996
Content: bacilluria
Error: name 'batch_ipa_chain' is not defined

Time: 2025-05-02 14:23:28.752078
Content: bacillosis
Error: name 'batch_ipa_chain' is not defined

Time: 2025-05-02 14:23:28.752142
Content: audiometer
Error: name 'batch_ipa_chain' is not defined

Time: 2025-05-02 14:23:28.752204
Content: audiology
Error: name 'batch_ipa_chain' is not defined

Time: 2025-05-02 14:23:28.752348
Content: neurasthenia
Error: name 'batch_ipa_chain' is not defined

Time: 2025-05-02 14:23:28.752469
Content: myasthenia
Error: name 'batch_ipa_chain' is not defined

Time: 2025-05-02 14:23:28.752551
Content: proteinase
Error: name 'batch_ipa_chain' is not defined

Time: 2025-05-02 14:23:28.752620
Content: oxidase
Error: name 'batch_ipa_chain' is not defined

Time: 2025-05-02 14:56:11.192913
Content: [{"word": "enema", "ipa": "/inim/", "etymology": "From Greek enaima, from enaioun, to put up in place or within; akin to Latin intus- 'in'"}, {"word": "hemodialysis", "ipa": "/hmoda.l.ss/", "etymology": "From Greek haima 'blood' + dialusis, sifting + -sis, action or process"}, {"word": "dialysis", "ipa": "/da.la.ss/", "etymology": "From Greek dialusis, sifting + -sis, action or process"}, {"word": "", "ipa": "/ts.wi/", "etymology": "Mandarin Chinese for 'word'"}, {"word": "disinfection", "ipa": "/ds.nfk.n/", "etymology": "From Latin dis- 'apart, asunder' + inficere 'to infect'"}, {"word": "asepsis", "ipa": "/sp.ss/", "etymology": "From Greek a-, without + sepsis 'inflammation or infection'"}, {"word": "catheterization", "ipa": "/k.tr.izn/", "etymology": "From Latin catheter, tube + -ization, action or process"}, {"word": "shaving", "ipa": "/ev./", "etymology": "Old English scavean, from Proto-Germanic *skebn}, akin to shavings, chips"}, {"word": "bathing", "ipa": "/b./", "etymology": "Old English ban 'bathe' from Proto-Germanic *baitan, from Latin balneus 'tub'}, {"word": "bedmaking", "ipa": "/bd.mek./", "etymology": "From Old English bed 'bed' + making 'process of making'"}]
Error: Expecting ',' delimiter: line 1 column 1083 (char 1082)

Time: 2025-05-02 14:56:27.628988
Content: { "word": "\u4e8c\u4f86", "ipa": "/tsa\_wt/, /dn\_wt/", "etymology": "Chinese:  (dn, 'one') +  (c, 'word')." } Word:  { "word": "\u8bed", "ipa": "/y\_l/", "etymology": "Chinese:  (y, 'speech') +  (yn, 'words')." } Word:  { "word": "\u824b\u6587", "ipa": "/\_dz/", "etymology": "Chinese:  (Yng, 'English') +  (y, 'language')." }
Error: Invalid \escape: line 1 column 39 (char 38)

Time: 2025-05-02 14:56:27.630152
Content: µ¥´Ê
Error: cannot access local variable 'e' where it is not associated with a value

Time: 2025-05-02 14:57:00.425845
Content: [{"word": "homatropine", "ipa": "/hmtrpn/", "etymology": "From Greek homs (same) + tropn (turning)"}, {"word": "urokinase", "ipa": "/yroknez/", "etymology": "From Latin uropodia (urinary podia) + -kinase, enzyme suffix"}, {"word": "lysozyme", "ipa": "/lszmin/", "etymology": "From Greek lsis (dissolving) + -zyme, enzyme suffix"}, {"word": "hyaluronidase", "ipa": "/hai.ljurndez/", "etymology": "From Greek hulron (gluey substance in the vitreous humor of the eye) + -uronic acid + -ase, enzyme suffix"}, {"word": "aprotinin", "ipa": "/prtnn/", "etymology": "From Greek a- (not) + protein + -inin, forming adjective"}, {"word": "tolbutamide", "ipa": "/tlbutamd/", "etymology": "From Greek tolbs (fatty) + butylamine + -amide"}, {"word": "phenformin", "ipa": "/finfrmn/", "etymology": "From phenyl (aromatic hydrocarbon group) + formimidoyl, a compound of formic acid and urea"}, {"word": "propylthiouracil", "ipa": "/prplrasl/", "etymology": "From propyl (3-carbon alkyl group) + thyroid + -ouracil, a derivative of uracil"}, {"word": "glibenclamide", "ipa": "/glbnklmd/", "etymology": "From glibenclamide (combining form)"}, {"word": "vincristine", "ipa": "/vnkrstn/", "etymology": "From Latin vincere (to conquer) + Greek khrsis (winnowing)}]
Error: Unterminated string starting at: line 1 column 1184 (char 1183)

Time: 2025-05-02 15:14:19.768337
Content: [{"word": "antarctic", "ipa": "/ntrktk/", "etymology": "From Latin Antarticus, from antarius 'opposite the ARK' (of the constellation Argo Navis)"}, {"word": "byzantine", "ipa": "/bzntn/", "etymology": "From Greek Byzantion, originally a term for a Thracian tribe in the region, derived from bous 'ox' and anthemon 'flower', hence 'cow-village'"}, {"word": "abnegate", "ipa": "/bniet/", "etymology": "From Latin abnegare 'to deny oneself, to disown, to renounce'}, {"word": "abnegation", "ipa": "/bnen/", "etymology": "From Latin negatio, from negare 'deny'"}, {"word": "abrade", "ipa": "/brd/", "etymology": "From Latin abradere 'to grind away, to wear down'}, {"word": "abscission", "ipa": "/bskn/", "etymology": "From Latin scissus, past participle of scindo 'cut'"}, {"word": "abstemious", "ipa": "/bstms/", "etymology": "From Latin abstemius 'self-restrained, continent, temperate'}, {"word": "abstentious", "ipa": "/bstens/", "etymology": "Mistake or misspelling. Correct spelling is 'abstinent'"}, {"word": "abstruse", "ipa": "/bstrrs/", "etymology": "From Latin abstrusus, past participle of astrueo 'to conceal, hide'}]
Error: Expecting ',' delimiter: line 1 column 468 (char 467)

Time: 2025-05-02 15:23:33.103025
Content: [{"word": "hedonic", "ipa": "/hdnk/", "etymology": "From Greek hdoniks, from hdon pleasure"}, {"word": "heliotrope", "ipa": "/hlitrp/", "etymology": "From Greek hliotrpos, from hlios sun + tropos turning"}, {"word": "helot", "ipa": "/hlt/", "etymology": "From Ancient Greek hlts, servant or slave of Sparta"}, {"word": "helve", "ipa": "/hlv/", "etymology": "Old English helfa, from hale to strike, hit"}, {"word": "hem", "ipa": "/hm/", "etymology": "From Old English heom (dative case of heah high), used as a space marker in written texts"}, {"word": "hemostat", "ipa": "/hmst/", "etymology": "From Greek haima blood + statsis a standing still"}, {"word": "henpecked", "ipa": "/hnpkd/", "etymology": "Origin unknown but possibly from the image of a hen pecking at a piece of bread. Used to describe a man dominated by his wife."}, {"word": "herbaceous", "ipa": "/hrbes/", "etymology": "From Latin herba grass, herb + -aceus relating to"}, {"word": "herbicide", "ipa": "/hrbdd/", "etymology": "From Latin herba herb + -icide killing"}, {"word": "herdsman", "ipa": "/hdzmn/", "etymology": "Old English hrde scythe + man (from hrde, a cutting instrument used for cutting grass or grain)}]
Error: Unterminated string starting at: line 1 column 1089 (char 1088)

Time: 2025-05-02 15:24:12.709271
Content: [{"word": "herpetologist", "ipa": "/hrptljist/", "etymology": "From Greek herpeton, a creeping animal + -logia, study"}, {"word": "hidebound", "ipa": "/hadband/", "etymology": "Old English hygebeag, from hyge, hide + beag, band"}, {"word": "hie", "ipa": "/ha/", "etymology": "From Old English han"}, {"word": "histology", "ipa": "/histldi/", "etymology": "From Greek histos, tissue + -logia, study"}, {"word": "holograph", "ipa": "/hlgrafs/", "etymology": "From Greek holografs, writer of the whole, from hlos, whole + grphein, to write"}, {"word": "homiletics", "ipa": "/hmaltks/", "etymology": "From Greek homilia, a sermon, from homilos, similar, like}, {"word": "homograph", "ipa": "/homgraf/", "etymology": "From Greek homographs, having the same writing, from graphein, to write + -graphos"}, {"word": "honorarium", "ipa": "/hnrrim/", "etymology": "Latin honorarium, a reward for services rendered, from honos, honor + arare, to plow (i.e., cultivate or earn)"}, {"word": "horology", "ipa": "/hrldi/", "etymology": "From Greek hor, hour + -logia, study"} ] {"word": "hortative", "ipa": "/httv/", "etymology": "Latin hortativus, urging or exhorting, from hortor, I encourage or exhort"}]
Error: Expecting ',' delimiter: line 1 column 660 (char 659)

Time: 2025-05-02 15:25:08.963271
Content: [{"word": "illuminati", "ipa": "/l.mn..ti/", "etymology": "From Latin illuminatus, past participle of illuminare, meaning to enlighten or make clear"}, {"word": "immanent", "ipa": "/mmnt/", "etymology": "From Latin immanere, meaning to stay within"}, {"word": "immemorial", "ipa": "/m.mrml/", "etymology": "From Latin memor meaning 'mindful,' and -ial, used to form adjectives denoting relating to something specified"}, {"word": "imperious", "ipa": "/m.prs/", "etymology": "From Latin imperium, meaning command or power"}, {"word": "impermanent", "ipa": "/m.prman.nt/", "etymology": "From Latin permanere, meaning to last or continue"}, {"word": "impermeability", "ipa": "/m.prmi.blti/", "etymology": "From Latin permeare, meaning to pass through, and -ability, used to form nouns denoting ability"}, {"word": "impresario", "ipa": "/m.prajo/", "etymology": "From Italian impresario della musica, from impresa (meaning enterprise) + -ario (a suffix forming names of owners or proprietors)"}, {"word": "impressed", "ipa": "/m.prest/", "etymology": "From past participle of impress (to press in or into a form, to make an impression on something)"}, {"word": "improvident", "ipa": "/m.prvdnt/", "etymology": "From Latin improvidus, meaning not prudent, careless"}, {"word": "improvised", "ipa": "/m.prvaizd/", "etymology": "From past participle of improvise (to make or do something without prior plans)}]
Error: Unterminated string starting at: line 1 column 1322 (char 1321)

Time: 2025-05-02 15:28:29.007159
Content: [{"word": "mistral", "ipa": "/mstral/", "etymology": "From Provenal, from Latin mistrare 'to mix'"}, {"word": "mnemonics", "ipa": "/mnmnks/", "etymology": "From Greek mnemone 'reminiscence' + -ikos 'pertaining to'"}, {"word": "monocle", "ipa": "/mnkl/", "etymology": "From French monocle, from Modern Latin monoptlon 'single sight'"}, {"word": "monograph", "ipa": "/mnraf/", "etymology": "From Greek monos 'alone, single' + graph 'writing'"}, {"word": "monomania", "ipa": "/mnmani/", "etymology": "From Ancient Greek mono- 'single' + mania 'madness'"}, {"word": "motile", "ipa": "/motl/", "etymology": "From Latin mobilis, from move 'to move'"}, {"word": "motility", "ipa": "/mtlti/", "etymology": "From Latin motus 'movement' + -ility"}, {"word": "mottle", "ipa": "/mtl/", "etymology": "From Old English matol 'spotted mark'"}, {"word": "mulish", "ipa": "/ml/", "etymology": "From Middle English mulissh, from Anglo-Norman muleis, from Latin mulus 'mule'"}, {"word": "multifarious", "ipa": "/mltfars/", "etymology": "From Latin multus 'many' + farious 'different'}]
Error: Unterminated string starting at: line 1 column 1018 (char 1017)

Time: 2025-05-02 15:32:39.718578
Content: [{"word": "reedy", "ipa": "/ridi/", "etymology": "Old English riede"}, {"word": "refractory", "ipa": "/rfrktri/", "etymology": "From Latin refractus, past participle of refringere, from re- + fringere 'break'"}, {"word": "refulgent", "ipa": "/rfljnt/", "etymology": "Latin fulgere 'shine brightly'"}, {"word": "regressive", "ipa": "/rigrsiv/", "etymology": "From Latin regredi 'go back', from re- + gradi 'step'"}, {"word": "relenting", "ipa": "/rlennt/", "etymology": "Old English relencan 'loosen up'"}, {"word": "reminisce", "ipa": "/rmnsns/", "etymology": "From Latin memorare 'to remember'"}, {"word": "remittent", "ipa": "/rmtnt/", "etymology": "Latin mittere 'send'"}, {"word": "remonstrate", "ipa": "/rimnstrt/", "etymology": "From Latin remonstrare 'protest, denounce, remind'",}, {"word": "renascent", "ipa": "/rnsnt/", "etymology": "Latin nasci 'to be born'"}, {"word": "renunciate", "ipa": "/rinjunst/", "etymology": "From Latin renuntiare 'to deny, refuse'" }]
Error: Illegal trailing comma before end of object: line 1 column 787 (char 786)

Time: 2025-05-02 15:35:07.103105
Content: [{"word": "snappish", "ipa": "/snp/", "etymology": "From Middle English snapen, from Old Norse snappa, to snap"}, {"word": "soggy", "ipa": "/sgi/", "etymology": "From Old English soggian, to soak or swim"}, {"word": "solicitude", "ipa": "/slitjud/", "etymology": "From Latin solicitudo, from sollicitus, careful, anxious"}, {"word": "sop", "ipa": "/sp/", "etymology": "From Old French soppe, from Late Latin suppa"}, {"word": "sophism", "ipa": "/sfzm/", "etymology": "From Greek sophisma, cunning trick, trickery"}, {"word": "souse", "ipa": "/sz/", "etymology": "From Old French suisse, from Latin salsus, salted"}, {"word": "spackle", "ipa": "/spkl/", "etymology": "From American English spackling paste (1940s), probably from Spanish espaclar, to fill up (cracks), from espao, space"}, {"word": "sparing", "ipa": "/spr/", "etymology": "From Old English spr, a twig, from Proto-Germanic *sparaz, twig, splinter (compare Dutch speer, German Speer, spar, and Old Norse sparr)"}, {"word": "sparring", "ipa": "/spr/", "etymology": "From Danish spring, sport, exercise, from Old Norse spara, to spare or save (compare Old English sparian)}]
Error: Unterminated string starting at: line 1 column 1029 (char 1028)

Time: 2025-05-02 15:36:09.138179
Content: [{"word": "supplicant", "ipa": "/splknt/", "etymology": "From Latin supplicare, to ask earnestly or entreat"}, {"word": "surrealism", "ipa": "/srlzm/", "etymology": "From French surralisme, from sur- 'above' + ralisme 'realism'"}, {"word": "surveyor", "ipa": "/srvjr/", "etymology": "From Old English sceawgangere 'a looker-on, observer'"}, {"word": "susceptibility", "ipa": "/ssptblti/", "etymology": "From Latin susceptibilis, from susceptus, past participle of suscipere 'to receive, take up'"}, {"word": "svelte", "ipa": "/zvlt/", "etymology": "From French svelte, from Swedish svlt, from Old Norse hvelldr 'lean, emaciated'"}, {"word": "sybaritic", "ipa": "/sabrtk/", "etymology": "From Sybaris, an ancient Greek city known for its luxury and decadence"}, {"word": "symposium", "ipa": "/smpzim/", "etymology": "From Ancient Greek symposion, from syn- 'together' + posidon 'drinking'"}, {"word": "synchronous", "ipa": "/skrons/", "etymology": "From Greek synchronos 'of the same time'"}, {"word": "synergic", "ipa": "/snrdk/", "etymology": "From Ancient Greek synergia, from syn- 'together' + ergon 'work'"}, {"word": "tamp", "ipa": "/tmp/", "etymology": "Origin unknown, perhaps akin to Middle English tamperen 'to press in'}]
Error: Unterminated string starting at: line 1 column 1160 (char 1159)

Time: 2025-05-02 15:36:57.740936
Content: [{"word": "tined", "ipa": "/tand/", "etymology": "From Old English tn (point)"}, {"word": "titanic", "ipa": "/tatnak/", "etymology": "From Latin Titan, a group of gods in Greek mythology"}, {"word": "tonsorial", "ipa": "/tnsrl/", "etymology": "From Latin tonsura (haircut), from tonere (to cut)"}, {"word": "torpid", "ipa": "/trpd/", "etymology": "From Latin torpus, past participle of torpere (to be numb or motionless)"}, {"word": "totem", "ipa": "/totm/", "etymology": "Algonquian word meaning a carved or painted pole representing a totemic animal or emblem"), {"word": "traceable", "ipa": "/tresbl/", "etymology": "From Latin traxere (to draw)"}, {"word": "tractability", "ipa": "/trktblti/", "etymology": "From Latin tractabilis, from tractare (to handle easily)"}, {"word": "trammel", "ipa": "/trml/", "etymology": "From Old French tramele, from Latin trama (crossbar)"}, {"word": "transfigure", "ipa": "/trnzfir/", "etymology": "From Latin translucere (to shine through)"}, {"word": "transfuse", "ipa": "/trnsfjuz/", "etymology": "From Latin transfundere (to pour over)"}]
Error: Expecting ',' delimiter: line 1 column 563 (char 562)

Time: 2025-05-02 16:25:02.611015
Content: tariffs
Error: save_words_to_cached_db() takes 1 positional argument but 3 were given

Time: 2025-05-02 16:25:06.470479
Content: tariffs
Error: save_words_to_cached_db() takes 1 positional argument but 3 were given

Time: 2025-05-02 16:25:07.151108
Content: policies
Error: save_words_to_cached_db() takes 1 positional argument but 3 were given

Time: 2025-05-02 16:25:11.061438
Content: policies
Error: save_words_to_cached_db() takes 1 positional argument but 3 were given

Time: 2025-05-02 16:25:11.351707
Content: tariffs
Error: save_words_to_cached_db() takes 1 positional argument but 3 were given

Time: 2025-05-02 16:25:15.229154
Content: policies
Error: save_words_to_cached_db() takes 1 positional argument but 3 were given

Time: 2025-05-02 16:25:18.639107
Content: investing
Error: save_words_to_cached_db() takes 1 positional argument but 3 were given

Time: 2025-05-02 16:25:18.786590
Content: applications
Error: save_words_to_cached_db() takes 1 positional argument but 3 were given

Time: 2025-05-02 16:25:22.265545
Content: investing
Error: save_words_to_cached_db() takes 1 positional argument but 3 were given

Time: 2025-05-02 16:25:24.831786
Content: applications
Error: save_words_to_cached_db() takes 1 positional argument but 3 were given

Time: 2025-05-02 16:25:26.396379
Content: investing
Error: save_words_to_cached_db() takes 1 positional argument but 3 were given

Time: 2025-05-02 16:25:28.056293
Content: applications
Error: save_words_to_cached_db() takes 1 positional argument but 3 were given

Time: 2025-05-02 17:05:59.142752
Content: integrations
Error: save_words_to_cached_db() takes 1 positional argument but 3 were given

Time: 2025-05-02 17:06:02.191130
Content: integrations
Error: save_words_to_cached_db() takes 1 positional argument but 3 were given

Time: 2025-05-02 17:06:05.555983
Content: integrations
Error: save_words_to_cached_db() takes 1 positional argument but 3 were given

Time: 2025-05-02 17:06:07.799652
Content: citations
Error: save_words_to_cached_db() takes 1 positional argument but 3 were given

Time: 2025-05-02 17:06:09.576541
Content: capabilities
Error: save_words_to_cached_db() takes 1 positional argument but 3 were given

Time: 2025-05-02 17:06:11.321211
Content: citations
Error: save_words_to_cached_db() takes 1 positional argument but 3 were given

Time: 2025-05-02 17:06:13.062187
Content: capabilities
Error: save_words_to_cached_db() takes 1 positional argument but 3 were given

Time: 2025-05-02 17:06:13.365460
Content: rate limits
Error: save_words_to_cached_db() takes 1 positional argument but 3 were given

Time: 2025-05-02 17:06:14.909115
Content: citations
Error: save_words_to_cached_db() takes 1 positional argument but 3 were given

Time: 2025-05-02 17:06:16.643959
Content: capabilities
Error: save_words_to_cached_db() takes 1 positional argument but 3 were given

Time: 2025-05-02 17:06:18.150475
Content: rate limits
Error: save_words_to_cached_db() takes 1 positional argument but 3 were given

Time: 2025-05-02 17:06:22.834087
Content: rate limits
Error: save_words_to_cached_db() takes 1 positional argument but 3 were given

Time: 2025-05-02 17:06:28.254132
Content: workflows
Error: save_words_to_cached_db() takes 1 positional argument but 3 were given

Time: 2025-05-02 17:06:32.168633
Content: workflows
Error: save_words_to_cached_db() takes 1 positional argument but 3 were given

Time: 2025-05-02 17:06:35.636290
Content: workflows
Error: save_words_to_cached_db() takes 1 positional argument but 3 were given

Time: 2025-05-02 17:06:42.934064
Content: macos
Error: save_words_to_cached_db() takes 1 positional argument but 3 were given

Time: 2025-05-02 17:06:46.838330
Content: macos
Error: save_words_to_cached_db() takes 1 positional argument but 3 were given

Time: 2025-05-02 17:06:51.915433
Content: macos
Error: save_words_to_cached_db() takes 1 positional argument but 3 were given

Time: 2025-05-02 17:06:54.837203
Content: windows
Error: save_words_to_cached_db() takes 1 positional argument but 3 were given

Time: 2025-05-02 17:06:59.227068
Content: windows
Error: save_words_to_cached_db() takes 1 positional argument but 3 were given

Time: 2025-05-02 17:07:03.240349
Content: windows
Error: save_words_to_cached_db() takes 1 positional argument but 3 were given

Time: 2025-05-02 17:07:07.519438
Content: mcp
Error: save_words_to_cached_db() takes 1 positional argument but 3 were given

Time: 2025-05-02 17:07:10.043896
Content: mcp
Error: save_words_to_cached_db() takes 1 positional argument but 3 were given

Time: 2025-05-02 17:07:12.935357
Content: mcp
Error: save_words_to_cached_db() takes 1 positional argument but 3 were given

Time: 2025-05-02 18:03:28.186285
Content: in absentia
Error: save_words_to_cached_db() takes 1 positional argument but 3 were given

Time: 2025-05-02 18:03:31.928566
Content: in absentia
Error: save_words_to_cached_db() takes 1 positional argument but 3 were given

Time: 2025-05-02 18:03:34.912027
Content: angels
Error: save_words_to_cached_db() takes 1 positional argument but 3 were given

Time: 2025-05-02 18:03:35.741809
Content: dissidents
Error: save_words_to_cached_db() takes 1 positional argument but 3 were given

Time: 2025-05-02 18:03:37.014246
Content: in absentia
Error: save_words_to_cached_db() takes 1 positional argument but 3 were given

Time: 2025-05-02 18:03:38.239028
Content: angels
Error: save_words_to_cached_db() takes 1 positional argument but 3 were given

Time: 2025-05-02 18:03:39.629621
Content: dissidents
Error: save_words_to_cached_db() takes 1 positional argument but 3 were given

Time: 2025-05-02 18:06:23.039935
Content: entrepreneurship
Error: save_words_to_cached_db() takes 1 positional argument but 3 were given

Time: 2025-05-02 18:06:24.587306
Content: { "word": "in absentia", "ipa": "/n bznti./", "etymology": "From Latin \"in\ (adverb, preposition) + absentia\" \((noun)\)" }
Error: Invalid \escape: line 1 column 76 (char 75)

Time: 2025-05-02 18:06:26.668933
Content: entrepreneurship
Error: save_words_to_cached_db() takes 1 positional argument but 3 were given

Time: 2025-05-02 18:06:27.171469
Content: in absentia
Error: save_words_to_cached_db() takes 1 positional argument but 3 were given

Time: 2025-05-02 18:06:29.023207
Content: dissidents
Error: save_words_to_cached_db() takes 1 positional argument but 3 were given

Time: 2025-05-02 18:06:30.310050
Content: entrepreneurship
Error: save_words_to_cached_db() takes 1 positional argument but 3 were given

Time: 2025-05-02 18:06:30.958529
Content: in absentia
Error: save_words_to_cached_db() takes 1 positional argument but 3 were given

Time: 2025-05-02 18:06:33.110636
Content: dissidents
Error: save_words_to_cached_db() takes 1 positional argument but 3 were given

Time: 2025-05-02 18:06:36.323824
Content: dissidents
Error: save_words_to_cached_db() takes 1 positional argument but 3 were given

Time: 2025-05-02 18:06:39.398416
Content: entrepreneurs
Error: save_words_to_cached_db() takes 1 positional argument but 3 were given

Time: 2025-05-02 18:06:41.280435
Content: criminalization
Error: save_words_to_cached_db() takes 1 positional argument but 3 were given

Time: 2025-05-02 18:06:42.868449
Content: entrepreneurs
Error: save_words_to_cached_db() takes 1 positional argument but 3 were given

Time: 2025-05-02 18:06:44.562007
Content: entrepreneurship
Error: save_words_to_cached_db() takes 1 positional argument but 3 were given

Time: 2025-05-02 18:06:45.424145
Content: criminalization
Error: save_words_to_cached_db() takes 1 positional argument but 3 were given

Time: 2025-05-02 18:06:47.126732
Content: entrepreneurs
Error: save_words_to_cached_db() takes 1 positional argument but 3 were given

Time: 2025-05-02 18:06:47.406250
Content: protests
Error: save_words_to_cached_db() takes 1 positional argument but 3 were given

Time: 2025-05-02 18:06:48.081493
Content: entrepreneurship
Error: save_words_to_cached_db() takes 1 positional argument but 3 were given

Time: 2025-05-02 18:06:49.181111
Content: criminalization
Error: save_words_to_cached_db() takes 1 positional argument but 3 were given

Time: 2025-05-02 18:06:50.826876
Content: protests
Error: save_words_to_cached_db() takes 1 positional argument but 3 were given

Time: 2025-05-02 18:06:51.831752
Content: decision-makers
Error: save_words_to_cached_db() takes 1 positional argument but 3 were given

Time: 2025-05-02 18:06:52.100523
Content: entrepreneurship
Error: save_words_to_cached_db() takes 1 positional argument but 3 were given

Time: 2025-05-02 18:06:54.080442
Content: protests
Error: save_words_to_cached_db() takes 1 positional argument but 3 were given

Time: 2025-05-02 18:06:55.456445
Content: decision-makers
Error: save_words_to_cached_db() takes 1 positional argument but 3 were given

Time: 2025-05-02 18:06:58.742615
Content: civil society
Error: save_words_to_cached_db() takes 1 positional argument but 3 were given

Time: 2025-05-02 18:07:01.430193
Content: { "word": "decision-makers", "ipa": "/dsn\_mkrz/", "etymology": "From Old French 'desier' (to desire, wish) + Latin 'cisio' (a choice or decision). The term 'decision-makers' refers to individuals who have the authority to make choices and decisions affecting a group or organization." }
Error: Invalid \escape: line 1 column 42 (char 41)

Time: 2025-05-02 18:07:02.055613
Content: civil society
Error: save_words_to_cached_db() takes 1 positional argument but 3 were given

Time: 2025-05-02 18:07:05.669586
Content: civil society
Error: save_words_to_cached_db() takes 1 positional argument but 3 were given

Time: 2025-05-02 18:10:08.579802
Content: in absentia
Error: save_words_to_cached_db() takes 1 positional argument but 3 were given

Time: 2025-05-02 18:10:12.880605
Content: in absentia
Error: save_words_to_cached_db() takes 1 positional argument but 3 were given

Time: 2025-05-02 18:10:16.107445
Content: dissidents
Error: save_words_to_cached_db() takes 1 positional argument but 3 were given

Time: 2025-05-02 18:10:17.058328
Content: in absentia
Error: save_words_to_cached_db() takes 1 positional argument but 3 were given

Time: 2025-05-02 18:10:17.333491
Content: angels
Error: save_words_to_cached_db() takes 1 positional argument but 3 were given

Time: 2025-05-02 18:10:19.886693
Content: dissidents
Error: save_words_to_cached_db() takes 1 positional argument but 3 were given

Time: 2025-05-02 18:10:21.936083
Content: angels
Error: save_words_to_cached_db() takes 1 positional argument but 3 were given

Time: 2025-05-02 18:10:25.014843
Content: dissidents
Error: save_words_to_cached_db() takes 1 positional argument but 3 were given

Time: 2025-05-02 18:10:25.070723
Content: criminalization
Error: save_words_to_cached_db() takes 1 positional argument but 3 were given

Time: 2025-05-02 18:10:26.130238
Content: angels
Error: save_words_to_cached_db() takes 1 positional argument but 3 were given

Time: 2025-05-02 18:10:28.298919
Content: entrepreneurship
Error: save_words_to_cached_db() takes 1 positional argument but 3 were given

Time: 2025-05-02 18:10:28.405980
Content: criminalization
Error: save_words_to_cached_db() takes 1 positional argument but 3 were given

Time: 2025-05-02 18:10:31.981759
Content: entrepreneurship
Error: save_words_to_cached_db() takes 1 positional argument but 3 were given

Time: 2025-05-02 18:10:32.208136
Content: criminalization
Error: save_words_to_cached_db() takes 1 positional argument but 3 were given

Time: 2025-05-02 18:10:35.414766
Content: entrepreneurship
Error: save_words_to_cached_db() takes 1 positional argument but 3 were given

Time: 2025-05-02 18:10:35.468432
Content: entrepreneurs
Error: save_words_to_cached_db() takes 1 positional argument but 3 were given

Time: 2025-05-02 18:10:38.628616
Content: entrepreneurs
Error: save_words_to_cached_db() takes 1 positional argument but 3 were given

Time: 2025-05-02 18:10:42.100267
Content: entrepreneurs
Error: save_words_to_cached_db() takes 1 positional argument but 3 were given

Time: 2025-05-02 18:10:48.082404
Content: { "word": "decision-makers", "ipa": "/dsn\_mkrz/", "etymology": "From Middle English decioun (singular) and decisouns (plural), from Old French desicion, from Latin decisio(n-), noun of action from past participle of decidere 'to decide'. The suffix -maker denotes someone who makes something." }
Error: Invalid \escape: line 1 column 42 (char 41)

Time: 2025-05-02 18:10:52.740307
Content: { "word": "decision-maker", "ipa": "/dsizhn\_mkr/", "etymology": "Old French 'desision' from Latin 'decidere', meaning 'to fall apart, decide'. The suffix '-maker' indicates a person who makes something or in this case, a decision." }
Error: Invalid \escape: line 1 column 44 (char 43)

Time: 2025-05-02 18:10:55.992156
Content: decision-makers
Error: save_words_to_cached_db() takes 1 positional argument but 3 were given

Time: 2025-05-02 18:21:25.658591
Content: in absentia
Error: save_words_to_cached_db() takes 1 positional argument but 3 were given

Time: 2025-05-02 18:21:30.021533
Content: in absentia
Error: save_words_to_cached_db() takes 1 positional argument but 3 were given

Time: 2025-05-02 18:21:32.733727
Content: angels
Error: save_words_to_cached_db() takes 1 positional argument but 3 were given

Time: 2025-05-02 18:21:33.901181
Content: dissidents
Error: save_words_to_cached_db() takes 1 positional argument but 3 were given

Time: 2025-05-02 18:21:34.535873
Content: in absentia
Error: save_words_to_cached_db() takes 1 positional argument but 3 were given

Time: 2025-05-02 18:21:36.303008
Content: angels
Error: save_words_to_cached_db() takes 1 positional argument but 3 were given

Time: 2025-05-02 18:21:37.398212
Content: dissidents
Error: save_words_to_cached_db() takes 1 positional argument but 3 were given

Time: 2025-05-02 18:21:41.312646
Content: angels
Error: save_words_to_cached_db() takes 1 positional argument but 3 were given

Time: 2025-05-02 18:21:42.000975
Content: dissidents
Error: save_words_to_cached_db() takes 1 positional argument but 3 were given

Time: 2025-05-02 18:21:45.010637
Content: criminalization
Error: save_words_to_cached_db() takes 1 positional argument but 3 were given

Time: 2025-05-02 18:21:48.046638
Content: entrepreneurship
Error: save_words_to_cached_db() takes 1 positional argument but 3 were given

Time: 2025-05-02 18:21:48.524756
Content: criminalization
Error: save_words_to_cached_db() takes 1 positional argument but 3 were given

Time: 2025-05-02 18:21:49.503860
Content: entrepreneurs
Error: save_words_to_cached_db() takes 1 positional argument but 3 were given

Time: 2025-05-02 18:21:51.867847
Content: entrepreneurship
Error: save_words_to_cached_db() takes 1 positional argument but 3 were given

Time: 2025-05-02 18:21:52.533171
Content: criminalization
Error: save_words_to_cached_db() takes 1 positional argument but 3 were given

Time: 2025-05-02 18:21:53.849399
Content: entrepreneurs
Error: save_words_to_cached_db() takes 1 positional argument but 3 were given

Time: 2025-05-02 18:21:55.369634
Content: entrepreneurship
Error: save_words_to_cached_db() takes 1 positional argument but 3 were given

Time: 2025-05-02 18:21:57.655115
Content: entrepreneurs
Error: save_words_to_cached_db() takes 1 positional argument but 3 were given

Time: 2025-05-02 18:22:00.851903
Content: decision-makers
Error: save_words_to_cached_db() takes 1 positional argument but 3 were given

Time: 2025-05-02 18:22:07.291678
Content: { "word": "decision-maker", "ipa": "/dsn\_mk/", "etymology": "Old French *desiier, de ses jornes* (of the day), 'choice'; from Latin *licere* ('to be permitted') + *de* + *-si* + *-onem* (ablative of factitive noun from *s*, past participle of *sre*, 'to allow')" }
Error: Invalid \escape: line 1 column 41 (char 40)

Time: 2025-05-02 18:22:11.800766
Content: { "word": "decision-maker", "ipa": "/dsizjn\_mk/", "etymology": "From Old French *desicious*, from Latin *dcidere* (to make a decision, to fall), from *cadere* (to fall)" }
Error: Invalid \escape: line 1 column 44 (char 43)

Time: 2025-05-02 18:51:35.323560
Content: agentic
Error: save_words_to_cached_db() takes 1 positional argument but 3 were given

Time: 2025-05-02 18:51:35.374340
Content: functionality
Error: save_words_to_cached_db() takes 1 positional argument but 3 were given

Time: 2025-05-02 18:51:38.775732
Content: agentic
Error: save_words_to_cached_db() takes 1 positional argument but 3 were given

Time: 2025-05-02 18:51:39.429285
Content: functionality
Error: save_words_to_cached_db() takes 1 positional argument but 3 were given

Time: 2025-05-02 18:51:42.538975
Content: agentic
Error: save_words_to_cached_db() takes 1 positional argument but 3 were given

Time: 2025-05-02 18:51:42.564446
Content: functionality
Error: save_words_to_cached_db() takes 1 positional argument but 3 were given

Time: 2025-05-02 18:51:49.865486
Content: demoed
Error: save_words_to_cached_db() takes 1 positional argument but 3 were given

Time: 2025-05-02 18:51:53.950387
Content: demoed
Error: save_words_to_cached_db() takes 1 positional argument but 3 were given

Time: 2025-05-02 18:51:57.292591
Content: demoed
Error: save_words_to_cached_db() takes 1 positional argument but 3 were given

Time: 2025-05-02 19:35:11.859295
Content: {"summary": "Amazon's Alexa+ digital assistant has reached over 100,000 users following a rollout starting in February. The enhanced AI assistant aims to provide a more natural and agentic experience, potentially generating original responses like ChatGPT and Gemini. However, the initial release lacks some key features, such as integration with third-party apps and a bedtime story generator, as initially demonstrated."}
Error: name 'chunk_id' is not defined

Time: 2025-05-02 19:35:14.754177
Content: {"summary": "Jassy announced Alexa+ as a key AI agent focused on action, but stated it's currently primitive and inaccurate. He aimed for 90% accuracy for Nova Act, Amazon's web-browsing agent, which is progressing faster than Apple's integration of Siri. The delays and challenges in integrating LLMs with tools and systems are cited as factors contributing to these hiccups across both companies."}
Error: name 'chunk_id' is not defined

Time: 2025-05-02 19:35:17.471660
Content: {"summary": "Alexa and Siri's integration of practical tasks like setting timers and reading texts is proving more complex than initially anticipated. While they offer potential, the implementation process presents challenges."}
Error: name 'chunk_id' is not defined

Time: 2025-05-02 19:35:31.385407
Content: agentic
Error: save_words_to_cached_db() takes 1 positional argument but 3 were given

Time: 2025-05-02 19:35:31.817722
Content: functionality
Error: save_words_to_cached_db() takes 1 positional argument but 3 were given

Time: 2025-05-02 19:35:34.189062
Content: agentic
Error: save_words_to_cached_db() takes 1 positional argument but 3 were given

Time: 2025-05-02 19:35:35.585397
Content: functionality
Error: save_words_to_cached_db() takes 1 positional argument but 3 were given

Time: 2025-05-02 19:35:39.019822
Content: agentic
Error: save_words_to_cached_db() takes 1 positional argument but 3 were given

Time: 2025-05-02 19:35:39.505847
Content: functionality
Error: save_words_to_cached_db() takes 1 positional argument but 3 were given

Time: 2025-05-02 19:35:44.088616
Content: third-party
Error: save_words_to_cached_db() takes 1 positional argument but 3 were given

Time: 2025-05-02 19:35:48.609410
Content: third-party
Error: save_words_to_cached_db() takes 1 positional argument but 3 were given

Time: 2025-05-02 19:35:52.121403
Content: third-party
Error: save_words_to_cached_db() takes 1 positional argument but 3 were given

Time: 2025-05-02 20:00:18.880345
Content: {"summary": "Jassy stated that Alexa+ is a key AI agent aimed at consumers, but acknowledges its current technology is limited in accuracy. Amazon's Nova Act, powering Alexa+, aims for 90% accuracy in web-browsing AI. Compared to Apple's Siri rollout, Amazon's progress is faster, while both companies face delays related to integrating LLMs with other systems."}
Error: name 'chunk_id' is not defined

Time: 2025-05-02 20:00:21.492461
Content: {"summary": "Alexa and Siri's integration of practical tasks like setting timers and reading texts has presented challenges, proving more complex than anticipated."}
Error: name 'chunk_id' is not defined

Time: 2025-05-02 20:08:27.389820
Content: {"summary": "Amazon's Alexa+ rollout to over 100,000 users represents a significant expansion, aiming for a more natural and agentic interaction. Initially unveiled in February, the new digital assistant promises to generate original responses and utilize third-party apps like GrubHub. However, today's Alexa+ lacks some of the core features demonstrated during its initial launch, such as bedtime stories and gift brainstorming."}
Error: name 'chunk_id' is not defined

Time: 2025-05-02 20:08:30.193879
Content: {"summary": "Jassy announced Alexa+ as a pioneering AI agent, aiming for 90% accuracy in its web-browsing capabilities. While Amazon is progressing faster, Apple is facing delays in integrating new LLMs and tools. Both companies face challenges in fully realizing the potential of generative AI, particularly in system integration."}
Error: name 'chunk_id' is not defined

Time: 2025-05-02 20:08:32.790088
Content: {"summary": "Alexa and Siri's enhanced capabilities, including task completion through voice commands, have presented greater technical challenges than initially anticipated."}
Error: name 'chunk_id' is not defined

Time: 2025-05-02 20:10:30.880713
Content: {"summary": "Amazon's Alexa+ has expanded to over 100,000 users following its initial unveiling in February. The upgraded digital assistant is designed to offer a more natural conversation and potentially employ agentic capabilities, allowing it to interact with third-party apps. While the rollout is progressing, the current version lacks key features like integration with popular apps and story generation. The company is aiming to enhance the assistant's conversational abilities, mimicking ChatGPT and Gemini's response generation."}
Error: name 'summary_text' is not defined

Time: 2025-05-02 20:10:33.831953
Content: {"summary": "Jassy announced Alexa+ as a key AI agent focused on consumer action, claiming it's among the first of its kind. However, the technology is currently primitive with low accuracy, aiming for 90% in Nova Act. Amazon's Alexa+ rollout is progressing faster than Apple's LLM-powered Siri. Both companies face delays in integrating LLMs with tools and systems as they navigate the development of generative AI."}
Error: name 'summary_text' is not defined

Time: 2025-05-02 20:10:36.442952
Content: {"summary": "Alexa and Siri's functionality extends to practical tasks like scheduling and reading messages, however, the implementation process has presented greater challenges than anticipated."}
Error: name 'summary_text' is not defined

Time: 2025-05-02 20:13:08.588012
Content: rollout
Error: save_words_to_cached_db() takes 1 positional argument but 3 were given

Time: 2025-05-02 20:17:02.196057
Content: agentic
Error: save_words_to_cached_db() takes 1 positional argument but 3 were given

Time: 2025-05-02 20:17:02.831383
Content: functionality
Error: save_words_to_cached_db() takes 1 positional argument but 3 were given

Time: 2025-05-02 20:17:05.627834
Content: functionality
Error: save_words_to_cached_db() takes 1 positional argument but 3 were given

Time: 2025-05-02 20:17:07.068673
Content: agentic
Error: save_words_to_cached_db() takes 1 positional argument but 3 were given

Time: 2025-05-02 20:17:09.879047
Content: functionality
Error: save_words_to_cached_db() takes 1 positional argument but 3 were given

Time: 2025-05-02 20:17:10.363254
Content: agentic
Error: save_words_to_cached_db() takes 1 positional argument but 3 were given

Time: 2025-05-02 20:18:24.065025
Content: functionality
Error: save_words_to_cached_db() takes 1 positional argument but 3 were given

Time: 2025-05-02 20:18:27.762376
Content: functionality
Error: save_words_to_cached_db() takes 1 positional argument but 3 were given

Time: 2025-05-02 20:18:28.065632
Content: agentic
Error: save_words_to_cached_db() takes 1 positional argument but 3 were given

Time: 2025-05-02 20:18:31.160225
Content: functionality
Error: save_words_to_cached_db() takes 1 positional argument but 3 were given

Time: 2025-05-02 20:18:32.051172
Content: agentic
Error: save_words_to_cached_db() takes 1 positional argument but 3 were given

Time: 2025-05-02 20:18:34.980460
Content: agentic
Error: save_words_to_cached_db() takes 1 positional argument but 3 were given

Time: 2025-05-02 20:18:40.211540
Content: third-party
Error: save_words_to_cached_db() takes 1 positional argument but 3 were given

Time: 2025-05-02 20:18:44.156712
Content: third-party
Error: save_words_to_cached_db() takes 1 positional argument but 3 were given

Time: 2025-05-02 20:18:47.594841
Content: third-party
Error: save_words_to_cached_db() takes 1 positional argument but 3 were given

Time: 2025-05-02 20:18:55.293794
Content: brainstorm
Error: save_words_to_cached_db() takes 1 positional argument but 3 were given

Time: 2025-05-02 20:18:58.804340
Content: brainstorm
Error: save_words_to_cached_db() takes 1 positional argument but 3 were given

Time: 2025-05-02 20:19:02.369085
Content: brainstorm
Error: save_words_to_cached_db() takes 1 positional argument but 3 were given

Time: 2025-05-02 20:28:49.771349
Content: agentic
Error: save_words_to_cached_db() takes 1 positional argument but 3 were given

Time: 2025-05-02 20:28:50.170947
Content: functionality
Error: save_words_to_cached_db() takes 1 positional argument but 3 were given

Time: 2025-05-02 20:28:52.644267
Content: agentic
Error: save_words_to_cached_db() takes 1 positional argument but 3 were given

Time: 2025-05-02 20:28:54.591578
Content: functionality
Error: save_words_to_cached_db() takes 1 positional argument but 3 were given

Time: 2025-05-02 20:28:55.651698
Content: agentic
Error: save_words_to_cached_db() takes 1 positional argument but 3 were given

Time: 2025-05-02 20:28:57.946329
Content: functionality
Error: save_words_to_cached_db() takes 1 positional argument but 3 were given

Time: 2025-05-02 20:29:03.030483
Content: third-party
Error: save_words_to_cached_db() takes 1 positional argument but 3 were given

Time: 2025-05-02 20:29:07.841302
Content: third-party
Error: save_words_to_cached_db() takes 1 positional argument but 3 were given

Time: 2025-05-02 20:29:12.581488
Content: third-party
Error: save_words_to_cached_db() takes 1 positional argument but 3 were given

Time: 2025-05-02 20:37:26.973047
Content: agentic
Error: save_words_to_cached_db() takes 1 positional argument but 3 were given

Time: 2025-05-02 20:37:31.251465
Content: agentic
Error: save_words_to_cached_db() takes 1 positional argument but 3 were given

Time: 2025-05-02 20:37:35.082082
Content: agentic
Error: save_words_to_cached_db() takes 1 positional argument but 3 were given

Time: 2025-05-02 20:42:16.538526
Content: functionality
Error: save_words_to_cached_db() takes 1 positional argument but 3 were given

Time: 2025-05-02 20:42:16.565288
Content: agentic
Error: save_words_to_cached_db() takes 1 positional argument but 3 were given

Time: 2025-05-02 20:42:19.849212
Content: functionality
Error: save_words_to_cached_db() takes 1 positional argument but 3 were given

Time: 2025-05-02 20:42:20.460227
Content: agentic
Error: save_words_to_cached_db() takes 1 positional argument but 3 were given

Time: 2025-05-02 20:42:23.256538
Content: functionality
Error: save_words_to_cached_db() takes 1 positional argument but 3 were given

Time: 2025-05-02 20:42:23.537436
Content: agentic
Error: save_words_to_cached_db() takes 1 positional argument but 3 were given

Time: 2025-05-02 20:42:31.310622
Content: third-party
Error: save_words_to_cached_db() takes 1 positional argument but 3 were given

Time: 2025-05-02 20:42:35.466321
Content: third-party
Error: save_words_to_cached_db() takes 1 positional argument but 3 were given

Time: 2025-05-02 20:42:39.914956
Content: third-party
Error: save_words_to_cached_db() takes 1 positional argument but 3 were given

Time: 2025-05-02 20:47:50.365043
Content: agentic
Error: save_words_to_cached_db() takes 1 positional argument but 3 were given

Time: 2025-05-02 20:47:54.167515
Content: agentic
Error: save_words_to_cached_db() takes 1 positional argument but 3 were given

Time: 2025-05-02 20:47:58.442471
Content: agentic
Error: save_words_to_cached_db() takes 1 positional argument but 3 were given

Time: 2025-05-02 20:48:41.632114
Content: functionality
Error: save_words_to_cached_db() takes 1 positional argument but 3 were given

Time: 2025-05-02 20:48:45.659455
Content: functionality
Error: save_words_to_cached_db() takes 1 positional argument but 3 were given

Time: 2025-05-02 20:48:47.115562
Content: agentic
Error: save_words_to_cached_db() takes 1 positional argument but 3 were given

Time: 2025-05-02 20:48:48.866138
Content: functionality
Error: save_words_to_cached_db() takes 1 positional argument but 3 were given

Time: 2025-05-02 20:48:50.456012
Content: agentic
Error: save_words_to_cached_db() takes 1 positional argument but 3 were given

Time: 2025-05-02 20:48:55.539923
Content: agentic
Error: save_words_to_cached_db() takes 1 positional argument but 3 were given

Time: 2025-05-02 20:48:57.640621
Content: multi-step
Error: save_words_to_cached_db() takes 1 positional argument but 3 were given

Time: 2025-05-02 20:49:01.634323
Content: multi-step
Error: save_words_to_cached_db() takes 1 positional argument but 3 were given

Time: 2025-05-02 20:49:05.113442
Content: multi-step
Error: save_words_to_cached_db() takes 1 positional argument but 3 were given

Time: 2025-05-02 20:52:04.722666
Content: agentic
Error: save_words_to_cached_db() takes 1 positional argument but 3 were given

Time: 2025-05-02 20:52:07.850427
Content: agentic
Error: save_words_to_cached_db() takes 1 positional argument but 3 were given

Time: 2025-05-02 20:52:11.376005
Content: agentic
Error: save_words_to_cached_db() takes 1 positional argument but 3 were given

Time: 2025-05-02 20:52:18.716747
Content: systems
Error: save_words_to_cached_db() takes 1 positional argument but 3 were given

Time: 2025-05-02 20:52:22.000039
Content: systems
Error: save_words_to_cached_db() takes 1 positional argument but 3 were given

Time: 2025-05-02 20:52:25.556573
Content: systems
Error: save_words_to_cached_db() takes 1 positional argument but 3 were given

Time: 2025-05-02 21:08:12.648478
Content: agentic
Error: save_words_to_cached_db() takes 1 positional argument but 3 were given

Time: 2025-05-02 21:08:16.142406
Content: agentic
Error: save_words_to_cached_db() takes 1 positional argument but 3 were given

Time: 2025-05-02 21:08:20.932510
Content: agentic
Error: save_words_to_cached_db() takes 1 positional argument but 3 were given

Time: 2025-05-02 21:08:25.566725
Content: third-party
Error: save_words_to_cached_db() takes 1 positional argument but 3 were given

Time: 2025-05-02 21:08:28.812827
Content: third-party
Error: save_words_to_cached_db() takes 1 positional argument but 3 were given

Time: 2025-05-02 21:08:32.646358
Content: third-party
Error: save_words_to_cached_db() takes 1 positional argument but 3 were given

Time: 2025-05-02 21:42:34.746386
Content: functionality
Error: save_words_to_cached_db() takes 1 positional argument but 3 were given

Time: 2025-05-02 21:42:38.573197
Content: functionality
Error: save_words_to_cached_db() takes 1 positional argument but 3 were given

Time: 2025-05-02 21:42:38.743626
Content: third-party
Error: save_words_to_cached_db() takes 1 positional argument but 3 were given

Time: 2025-05-02 21:42:41.987145
Content: functionality
Error: save_words_to_cached_db() takes 1 positional argument but 3 were given

Time: 2025-05-02 21:42:43.295992
Content: third-party
Error: save_words_to_cached_db() takes 1 positional argument but 3 were given

Time: 2025-05-02 21:42:46.991792
Content: third-party
Error: save_words_to_cached_db() takes 1 positional argument but 3 were given

Time: 2025-05-02 21:42:51.544307
Content: agentic
Error: save_words_to_cached_db() takes 1 positional argument but 3 were given

Time: 2025-05-02 21:42:54.734692
Content: agentic
Error: save_words_to_cached_db() takes 1 positional argument but 3 were given

Time: 2025-05-02 21:42:57.854728
Content: agentic
Error: save_words_to_cached_db() takes 1 positional argument but 3 were given

Time: 2025-05-02 21:45:44.928339
Content: functionality
Error: save_words_to_cached_db() takes 1 positional argument but 3 were given

Time: 2025-05-02 21:45:45.568355
Content: agentic
Error: save_words_to_cached_db() takes 1 positional argument but 3 were given

Time: 2025-05-02 21:45:48.658334
Content: agentic
Error: save_words_to_cached_db() takes 1 positional argument but 3 were given

Time: 2025-05-02 21:45:48.783564
Content: functionality
Error: save_words_to_cached_db() takes 1 positional argument but 3 were given

Time: 2025-05-02 21:45:51.660685
Content: functionality
Error: save_words_to_cached_db() takes 1 positional argument but 3 were given

Time: 2025-05-02 21:45:52.473006
Content: agentic
Error: save_words_to_cached_db() takes 1 positional argument but 3 were given

Time: 2025-05-02 21:52:42.243520
Content: agentic
Error: save_words_to_cached_db() takes 1 positional argument but 3 were given

Time: 2025-05-02 21:52:46.533397
Content: agentic
Error: save_words_to_cached_db() takes 1 positional argument but 3 were given

Time: 2025-05-02 21:52:50.226396
Content: agentic
Error: save_words_to_cached_db() takes 1 positional argument but 3 were given

Time: 2025-05-02 21:52:54.377986
Content: third-party
Error: save_words_to_cached_db() takes 1 positional argument but 3 were given

Time: 2025-05-02 21:52:58.990779
Content: third-party
Error: save_words_to_cached_db() takes 1 positional argument but 3 were given

Time: 2025-05-02 21:53:03.003641
Content: third-party
Error: save_words_to_cached_db() takes 1 positional argument but 3 were given

Time: 2025-05-02 21:54:48.143641
Content: agentic
Error: save_words_to_cached_db() takes 1 positional argument but 3 were given

Time: 2025-05-02 21:54:52.210940
Content: agentic
Error: save_words_to_cached_db() takes 1 positional argument but 3 were given

Time: 2025-05-02 21:54:55.246046
Content: agentic
Error: save_words_to_cached_db() takes 1 positional argument but 3 were given

Time: 2025-05-02 21:54:59.349735
Content: third-party
Error: save_words_to_cached_db() takes 1 positional argument but 3 were given

Time: 2025-05-02 21:55:03.349428
Content: third-party
Error: save_words_to_cached_db() takes 1 positional argument but 3 were given

Time: 2025-05-02 21:55:07.214841
Content: third-party
Error: save_words_to_cached_db() takes 1 positional argument but 3 were given

Time: 2025-05-02 22:00:56.391532
Content: functionality
Error: save_words_to_cached_db() takes 1 positional argument but 3 were given

Time: 2025-05-02 22:00:59.485279
Content: agentic
Error: save_words_to_cached_db() takes 1 positional argument but 3 were given

Time: 2025-05-02 22:01:00.524605
Content: functionality
Error: save_words_to_cached_db() takes 1 positional argument but 3 were given

Time: 2025-05-02 22:01:03.971101
Content: agentic
Error: save_words_to_cached_db() takes 1 positional argument but 3 were given

Time: 2025-05-02 22:01:04.934702
Content: functionality
Error: save_words_to_cached_db() takes 1 positional argument but 3 were given

Time: 2025-05-02 22:01:06.866946
Content: agentic
Error: save_words_to_cached_db() takes 1 positional argument but 3 were given

Time: 2025-05-02 22:01:10.319412
Content: third-party
Error: save_words_to_cached_db() takes 1 positional argument but 3 were given

Time: 2025-05-02 22:01:13.860843
Content: third-party
Error: save_words_to_cached_db() takes 1 positional argument but 3 were given

Time: 2025-05-02 22:01:17.977254
Content: third-party
Error: save_words_to_cached_db() takes 1 positional argument but 3 were given

Time: 2025-05-02 22:12:26.626642
Content: agentic
Error: save_words_to_cached_db() takes 1 positional argument but 3 were given

Time: 2025-05-02 22:12:29.785882
Content: agentic
Error: save_words_to_cached_db() takes 1 positional argument but 3 were given

Time: 2025-05-02 22:12:33.412135
Content: agentic
Error: save_words_to_cached_db() takes 1 positional argument but 3 were given

Time: 2025-05-02 22:12:37.921632
Content: third-party
Error: save_words_to_cached_db() takes 1 positional argument but 3 were given

Time: 2025-05-02 22:12:42.280021
Content: third-party
Error: save_words_to_cached_db() takes 1 positional argument but 3 were given

Time: 2025-05-02 22:12:45.726014
Content: third-party
Error: save_words_to_cached_db() takes 1 positional argument but 3 were given

Time: 2025-05-02 22:16:44.019362
Content: functionality
Error: save_words_to_cached_db() takes 1 positional argument but 3 were given

Time: 2025-05-02 22:16:47.456930
Content: agentic
Error: save_words_to_cached_db() takes 1 positional argument but 3 were given

Time: 2025-05-02 22:16:47.576800
Content: functionality
Error: save_words_to_cached_db() takes 1 positional argument but 3 were given

Time: 2025-05-02 22:16:50.640791
Content: agentic
Error: save_words_to_cached_db() takes 1 positional argument but 3 were given

Time: 2025-05-02 22:16:51.253492
Content: functionality
Error: save_words_to_cached_db() takes 1 positional argument but 3 were given

Time: 2025-05-02 22:16:53.916784
Content: agentic
Error: save_words_to_cached_db() takes 1 positional argument but 3 were given

Time: 2025-05-02 22:16:58.649976
Content: third-party
Error: save_words_to_cached_db() takes 1 positional argument but 3 were given

Time: 2025-05-05 20:17:40.760232
Content: { "word": "decision-makers", "ipa": "/dsn\_mkrz/", "etymology": "English term, derived from the Latin word *decidere* (decedere), which means 'to fall', in the sense of 'come to a conclusion'. The prefix *de-* indicates 'completely' or 'off'. The noun *decision* was formed by adding the suffix *-ion*. The term *maker* refers to someone who makes decisions." }
Error: Invalid \escape: line 1 column 42 (char 41)

Time: 2025-05-06 10:04:08.281152
Content: { "sentence": "There's no point continuing to fight any more, life is precious," said Prince Harry, who said the dispute over his security had 'always been the sticking point'. Prince Harry loses legal challenge over security Six key moments from Prince Harry's BBC interview The prince had wanted to overturn changes to his security that were introduced in 2020 as he stepped down as a working royal and moved to the United States.", "plain_explanation": "Prince Harry said it's not worth continuing to argue about his security anymore because life is important. He had been fighting against changes made to his security arrangement since 2020 when he stopped being a full-time royal and moved to America. Unfortunately, his legal challenge to reverse these changes was unsuccessful." }
Error: Expecting ',' delimiter: line 1 column 82 (char 81)

Time: 2025-05-06 10:23:38.532577
Content: { "sentence": "Elon Musk's SpaceX is getting its own official company town.", "explanation": "This means that Elon Musk's business, SpaceX, is going to have its very own small town where it operates, which is officially recognized by the government." } { "sentence": "Residents of an area around SpaceX's Starbase launch site in southern Texas voted overwhelmingly on Saturday to incorporate as a city also named Starbase.", "explanation": "People who live near SpaceX's launch site in Texas have voted together to make their neighborhood into a new city, and they decided to call this city 'Starbase' too." }
Error: Extra data: line 1 column 254 (char 253)

Time: 2025-05-06 10:41:12.750780
Content: { "sentence": "According to results posted online by the Cameron County Elections Department, there were 212 votes in favor and only six against.", "explanation": "Based on numbers shared on a website by the elections department of Cameron County, there were 212 people who voted yes and 6 people who voted no for something." } { "sentence": "In a post on his social media site X, Musk wrote that Starbase, Texas 'Is now a real city!'.", "explanation": "On his social media account X, Elon Musk said that the place called Starbase, in Texas, has become a real city." }
Error: Extra data: line 1 column 329 (char 328)

Time: 2025-05-06 10:42:45.723969
Content: { "sentence": "According to results posted online by the Cameron County Elections Department, there were 212 votes in favor and only six against.", "explanation": "The Cameron County Elections Department shared some results they had online. They showed that out of all the people who voted on something (we don't know what), 212 people voted 'yes' or for it, while only 6 people voted 'no' or against it." } { "sentence": "In a post on his social media site X, Musk wrote that Starbase, Texas 'Is now a real city!',", "explanation": "On his website X (which is Elon Musk's personal social media), he posted something saying that Starbase, Texas has officially become a real town or city." }
Error: Extra data: line 1 column 409 (char 408)

Time: 2025-05-06 10:50:22.134203
Content: { "sentence": "Elon Musk's SpaceX is getting its own official company town.", "explanation": "This means that a special area where SpaceX (a company run by Elon Musk) has its main launch site in Texas is becoming an officially recognized city. They decided to call this new city 'Starbase' too." }
Error: 'list' object has no attribute 'content'

Time: 2025-05-06 10:52:09.403983
Content: { "sentence": "Elon Musk's SpaceX is getting its own official company town.", "explanation": "SpaceX, which belongs to Elon Musk, is going to have an official town all for itself. This town will be a place where they work." } { "sentence": "Residents of an area around SpaceX's Starbase launch site in southern Texas voted overwhelmingly on Saturday to incorporate as a city also named Starbase.", "explanation": "The people living near the SpaceX launch site in southern Texas, called Starbase, decided to make their town official by voting to become a city with the same name." }
Error: list indices must be integers or slices, not str

Time: 2025-05-06 13:53:10.026276
Content: {"summary": "Several companies, including Intel and Adidas, are responding to US tariffs by shifting trade policies. Firms are suspending earnings guidance and anticipating a potential economic slowdown, with a risk of recession. The tariffs are increasing uncertainty and pricing pressures for consumers, particularly in sportswear."]}
Error: Expecting ',' delimiter: line 1 column 335 (char 334)

Time: 2025-05-06 17:57:26.108495
Content: { "word": "pave", "ipa": "/pev/", "etymology": "Old French *pav, from Latin *lapis, meaning 'stone.'" } { "word": "the", "ipa": "/i/", "etymology": "From Old English *ah, derived from Proto-Germanic **thaiz.*" } { "word": "way", "ipa": "/we/", "etymology": "Old English *weg, wg* (way), from Proto-Germanic **weguz, wehug* (road)." }
Error: Extra data: line 1 column 105 (char 104)

Time: 2025-05-06 17:57:33.543431
Content: { "word": "paving", "ipa": "/pevi/", "etymology": "Old English *pavegan* (noun), from Old French *pavee*, diminutive of *pav* (modern French: pavement). The word is derived from Latin *lapis* (stone) + *via* (road, way), reflecting the historical use of flat stones to build roads." } Word: wayward { "word": "wayward", "ipa": "/we.wrd/", "etymology": "Old English *wagorde*, from Old Norse *vagr* (wandering) + *-ard* (nature). The word combines elements from the Old English language and Old Norse, reflecting the Scandinavian influence on Middle English." }
Error: Extra data: line 1 column 286 (char 285)

Time: 2025-05-06 17:57:43.913727
Content: { "word": "paving", "ipa": "/pvi/", "etymology": "Old English *paveg* (way, path) + Old Norse *vegr* (road, way)." } Word: muddleheaded { "word": "muddleheaded", "ipa": "/mdlhd/", "etymology": "Middle English *muchelheded*, from Old English *mycelhed* (great-minded), from *mycele* (great) + *heafod* (head). The modern sense developed in Middle English, influenced by the verb *muddle*. A blend of the original meaning 'having a great head' with the newer one." } Word: squabble { "word": "squabble", "ipa": "/skwbl/", "etymology": "Early 15th century (in the sense 'to squawk or squeak'): perhaps a variant of Old French *escabouiller*, of unknown origin, or else a alteration of Dutch *schrabbelen* (to rasp, to make a noise by rubbing), from Proto-Germanic **skrabala*-. The modern sense of 'argue noisily' is first recorded in the mid 16th century." }
Error: Extra data: line 1 column 118 (char 117)

Time: 2025-05-06 17:58:05.300861
Content: { "word": "pave", "ipa": "/pev/", "etymology": "Old French *pavee, pave* 'flagstone, paving', from Latin *lapis, lapa* 'stone'" }, { "word": "the", "ipa": "/i/", "etymology": "Old English *o* (nominative singular of the demonstrative pronoun), from Proto-Germanic **thza*, from Proto-Indo-European **teueh*, related to Sanskrit *tad*, Greek *touto* and Latin *ille*" }, { "word": "way", "ipa": "/we/", "etymology": "Old English *weg* 'road, way', from Proto-Germanic **weguz*, from Proto-Indo-European **wgh-* (cognate with Greek *hods*, Latin *via*)" }
Error: Extra data: line 1 column 130 (char 129)

Time: 2025-05-06 17:58:15.782591
Content: { "word": "pave", "ipa": "/pev/", "etymology": "Old French *pavee*, from Medieval Latin *pavio* (feminine of *pavius*), from Late Latin *pavimentum*, from Latin *pavimentum*, noun use of neuter past participle of *pavire*, to lay with paving stones. From the root *pavere* - to fear, avoid, be careful." } { "word": "the", "ipa": "/i/", "etymology": "Old English *t*, from Proto-Germanic **paita*, related to Dutch *dat* and German *das*. From Proto-Indo-European **peh2-to-*, a demonstrative pronoun found in various forms across many Indo-European languages, including Latin *is*, Greek *ho*, Sanskrit *sa*." } { "word": "way", "ipa": "/we/", "etymology": "Old English *weg*, from Proto-Germanic **weg* (cognate with Dutch *weg* and German *Weg*), from Proto-Indo-European **weg-* (meaning 'road', also seen in Sanskrit *vhana-* and Latin *via*)." }
Error: Extra data: line 1 column 307 (char 306)

Time: 2025-05-06 17:58:21.306109
Content: { "word": "pave", "ipa": "/pev/", "etymology": "Old French *pavee*, from Latin *lapis* meaning 'stone'" }, { "word": "the", "ipa": "/i/", "etymology": "Old English *o*" }, { "word": "way", "ipa": "/we/", "etymology": "Old English *weg*" }
Error: Extra data: line 1 column 106 (char 105)

Time: 2025-05-07 11:16:00.084098
Content: { "word": "back", "ipa": "/bk/", "etymology": "Old English *bac* from Proto-Germanic **bakkaz*, related to Old Norse *bakr*, Dutch *achter*, German *hinter*." }, { "word": "forth", "ipa": "/fr/", "etymology": "Old English *for*, from Proto-Germanic **fara-* (cognate with Old Norse *fyrir*, Old Saxon *foro*, Dutch *verder*, German *voraus*). Related to the word 'forward'." }, { "word": "back and forth", "ipa": "/bk fr, fr bk/", "etymology": "Composed of the words 'back' (Old English *bac*) and 'forth' (Old English *for*), both with roots in Proto-Germanic." }
Error: Extra data: line 1 column 161 (char 160)

Time: 2025-05-07 11:16:06.955663
Content: { "word": "back", "ipa": "/bk/", "etymology": "Old English *bac* from Proto-Germanic **bahh*, from Proto-Indo-European **bhag-, bhong-* 'to divide, distribute'." }, { "word": "forth", "ipa": "/fr/", "etymology": "Old English *for*, from Proto-Germanic **fartha-*, from Proto-Indo-European **per-* 'forward'" }
Error: Extra data: line 1 column 164 (char 163)

Time: 2025-05-07 11:16:15.683642
Content: { "word": "back", "ipa": "/bk/", "etymology": "Old English *bac* from Proto-Germanic **bhag* (compare Old Saxon, Old Frisian, Old Norse *bakr*, Dutch *achter*, German *hinter*), from Proto-Indo-European **sgh-*, to be placed or put." }, { "word": "forth", "ipa": "/fr/", "etymology": "Old English *ford* from Proto-Germanic **fauran*, from Proto-Indo-European **per-dh2-* (compare Sanskrit *prati*, Greek *pere*, Latin *pro-*) + *hergh-*, to lead or drive." }
Error: Extra data: line 1 column 236 (char 235)

Time: 2025-05-07 15:41:25.383088
Content: { "word": "grip", "ipa": "/grp/", "etymology": "Old English *grippan* (cognate with Dutch grepen, German greifen), from Proto-Germanic **graf-*, from the root *grebh-* (to seize, take) in Celtic, Latin, and Greek" }, { "word": "strength", "ipa": "/strik/", "etymology": "Old English *streng* (cognate with Dutch kracht, German Kraft), from Proto-Germanic **strenghta-*, from Proto-Indo-European **sterg-/*strgh-* (to stretch)" }
Error: Extra data: line 1 column 216 (char 215)

Time: 2025-05-07 15:41:34.899096
Content: { "word": "grip", "ipa": "/grp/", "etymology": "Old English 'grifian', from Proto-Germanic *grabn, from Proto-Indo-European *ghrebh-, a root meaning 'seize'. The related Old Norse 'greipr' and Dutch 'greep' also derive from this root." } { "word": "strength", "ipa": "/str/", "etymology": "Old English 'strengou', from Old English 'streon', meaning 'string' or 'sinew', and '-thu', a suffix used to form abstract nouns. The original root is Proto-Germanic *stretan-, from Proto-Indo-European *ster- (to stretch, string), which is also the origin of words like 'strong', 'stretch', etc." }
Error: Extra data: line 1 column 239 (char 238)

Time: 2025-05-07 15:41:43.482502
Content: { "word": "grip", "ipa": "/rp/", "etymology": "Old English *grippan* (cognate with Dutch grepen, German greifen) from Proto-Germanic *grabn* (from Proto-Indo-European *grebh-, greb-*)." }, { "word": "strength", "ipa": "/strik/", "etymology": "Old English *strengthen*, from Old English *streng* (strong) + -th (agentive suffix). The root word is Proto-Germanic *strangaz.*" }, { "word": "grip strength", "ipa": "/rp strik/", "etymology": "The term combines the Old English words *grippan* (to seize) and *strengthen* (strong), both of Proto-Germanic origin." }
Error: Extra data: line 1 column 188 (char 187)

Time: 2025-05-08 11:26:14.126057
Content: { "word": "arrange", "ipa": "/rnd/", "etymology": "From Old French enarranger 'to dispose, to arrange' from Latin arangere 'to select, pick out', from ad- 'to' + arrangere, from arransus 'a choice' from rango 'rank, row'." } Word: abundance { "word": "abundance", "ipa": "/bndns/", "etymology": "From Latin abundantia, from abundare 'to flow over, to be overflowing', from ad- 'to' + abundus 'overflowing'. The root words are Latin ab- 'off, away from' and undus 'wet, flowing'." } Word: chagrin { "word": "chagrin", "ipa": "/rn/", "etymology": "From French chagrin 'disgust or vexation, pain in the heart' (Modern French chargin), from Middle French chargrin, from Old North French escharpe grince, literally 'pinching sore', from Old French escharpe 'a skin sore' + grincier 'to gnaw'. The root words are Latin cera 'wax' and Greek gnashai 'to bite or gnaw'." }
Error: Extra data: line 1 column 226 (char 225)

Time: 2025-05-08 23:49:43.507867
Content: { "word": "apple", "ipa": "/pl/", "etymology": "Old English *peling* from Proto-Germanic **apaln* (compare West Frisian *eppel*, Dutch *appel*, German *Apfel*), from Latin *mlum mlum* (sour apple) or *mlus* (an apple tree), ultimately from Ancient Greek  *(mlon, "fruit" in general, not specifically an apple)*." }, { "word": "banana", "ipa": "/bnn/", "etymology": "Spanish *platano* (from Portuguese *banana*) ultimately from the Tysi language in West Africa (now extinct), via Latinized versions of the indigenous names *banan* or *bandana*. The term was introduced to Europe by explorers in the 16th century." }, { "word": "cucumber", "ipa": "/kjukbmr/", "etymology": "Old English *cycumbere*, from Old North French *cuchombrie* (or Medieval Latin *cucumis melopepon*), ultimately from Ancient Greek  *(kokymis)* or  *(skomon)*. The latter terms are also the source of Italian *cetriolo*, French *courgette* (for zucchini), and German *Krbis*." }, { "word": "lemon", "ipa": "/lmn/", "etymology": "From Old French *limon*, from Latin *limonia*, from Greek  *limona* (a kind of citrus fruit), derived from  *(lim, "juice" or "sour liquid")*. The name is used in the Bible for a kind of pomegranate." }
Error: Expecting ',' delimiter: line 1 column 265 (char 264)

Time: 2025-05-08 23:49:58.752864
Content: { "word": "bass", "ipa": "/bs/", "etymology": "Old English *beas* or *bs*, from Old Norse *beisr*" }, { "word": "cat", "ipa": "/kt/", "etymology": "Probably from Latin *cattus*" }
Error: Extra data: line 1 column 101 (char 100)

Time: 2025-05-08 23:50:14.059602
Content: { "word": "example", "ipa": "/gzmpl/", "etymology": "Old English *exmpla*, from Late Latin *exmpulum* 'specimen, pattern', from the verb *exemplre* 'to model, copy after'" }, { "word": "leisure", "ipa": "/lizr/", "etymology": "Old English *hlior*, from Proto-Germanic **klaiza-* 'rest', from Latin *quies* 'calm, rest'" }, { "word": "dance", "ipa": "/dns/", "etymology": "Old English *deanse* from Old Norse *dansa*, both from Proto-Germanic **dansn-*, from Latin *discere* 'learn, study' (sense of 'study in a prescribed manner')" }, { "word": "frighten", "ipa": "/fritn/", "etymology": "Old English *frctan* from Old Norse *frykta*, both ultimately from Proto-Germanic **frktn* from Latin *frgere* 'to strike, to terrify'" }, { "word": "pizza", "ipa": "/pitsa/", "etymology": "Italian *pizza*, ultimately from Late Greek ** (*pta*) 'flat bread' (see pie)" }
Error: Extra data: line 1 column 174 (char 173)

Time: 2025-05-09 12:25:55.063011
Content: { "word": "buyer", "ipa": "/ba.r/", "etymology": "Old English: bygan, from Latin empor(ius) 'trader' (from Greek empros 'merchant', from empeiria 'experience')" }, { "word": "beware", "ipa": "/b..r/", "etymology": "Old English: be on the watch, beware; see be-, be- 'come' + hafod 'head' (from Old Norse heifti)" }
Error: Extra data: line 1 column 163 (char 162)

Time: 2025-05-09 12:26:05.500368
Content: { "word": "buyer", "ipa": "/ba.r/", "etymology": "Old English *byggora* (Modern English bygrian), from the verb *bycegan*, meaning 'to ask, to offer a price for something'. From Old Norse *bja*. The Modern English word has been influenced by the French word *acheter*. The suffix -er denotes the agent or doer of an action." }, { "word": "beware", "ipa": "/bi.r/", "etymology": "Old English *bowarian* (Modern English bewerian), from Old Norse *bjara*. The Modern English word has been influenced by the French word *gardez-vous*. It is derived from the verb 'be' + wary, meaning to be alert and cautious." }
Error: Extra data: line 1 column 327 (char 326)

Time: 2025-05-09 12:26:11.968834
Content: { "word": "buyer", "ipa": "/bar/", "etymology": "Old English: bgere, from bo(n)gan 'to buy' + -i-, a suffix denoting an agent or doer" }, { "word": "beware", "ipa": "/bwr/", "etymology": "Old English: beawian, from be- 'by' + awihtian 'to watch, look after, attend to' (akin to Old High German wahhtar 'watcher', Dutch waarder 'supervisor', Old Norse veita 'give')" }
Error: Extra data: line 1 column 137 (char 136)

Time: 2025-05-11 11:06:55.529156
Content: { "word": "president", "explanation": "A person who is elected or chosen to be the leader of a country, organization, or group.", "contextual_meaning": "In this sentence, 'president' refers to the leader (or head of state) of the United States. Here it specifically refers to President Donald Trump.", "example_sentences": [ "'The president of our school is very kind and always listens to our ideas.', "'She served as the president of a large corporation for 10 years.' ] }
Error: Expecting ',' delimiter: line 1 column 405 (char 404)

Time: 2025-05-12 20:29:33.806848
Content: { "word": "hello", "ipa": "/hlo/", "etymology": "Old English hl (greeting, health), from Proto-Germanic *khaln-, from Proto-Indo-European *ghel- (to call)" }, { "word": "goodbye", "ipa": "/udbai/", "etymology": "A contraction of the phrase God be with ye, a Middle English expression wishing well to someone leaving." }, { "word": "amazing", "ipa": "/mez/", "etymology": "Late Middle English: from Old French amasie, amaseie, from amasisier 'to stun, astound', from Latin amazor (a wonder), from Greek mazein (to be astounded)" }, { "word": "example", "ipa": "/gzmp()l/", "etymology": "From French example, from Latin exemplum 'example, pattern, model', noun use of neuter past participle of exemplare (to model or copy), from ex- 'out' +emplere 'fill in'" }, { "word": "elephant", "ipa": "/lfnt/", "etymology": "From Old French elephante, from Latin elephant-, from Ancient Greek  (elephanta), from  (helphas) 'ivory', possibly from  (hliphos) 'white'. The name is used in various ancient Near Eastern languages with a similar meaning." }, { "word": "captain", "ipa": "/kptn/", "etymology": "From Old French captein, from Latin capitaneus (a headman, chief), from caput (head) + -anus (nominal suffix). The word was brought to England by the Normans after their Conquest in 1066." }
Error: Extra data: line 1 column 158 (char 157)

Time: 2025-05-12 20:29:50.955878
Content: { "word": "apple", "ipa": "/pl/", "etymology": "Old English pfel, from Proto-Germanic *abal, from Latin malum via Latinized Greek  (malakos, 'soft')" }, { "word": "banana", "ipa": "/bnn/", "etymology": "Spanish or Portuguese banana, from tano batabn (plural: batabnas), possibly from West African language Wolof baan" }, { "word": "coffee", "ipa": "/kfi/", "etymology": "Ottoman Turkish kahve, borrowed into Italian caff, from Arabic qahwah, ultimately from Ethiopian Ge'ez UNN (bunna)" }, { "word": "dog", "ipa": "/d/", "etymology": "Old English docga, from Proto-Germanic *dukaz, related to Latin canis" }, { "word": "elephant", "ipa": "/lfnt/", "etymology": "From Old French elephant, from Medieval Latin elefans, from Greek  (lphas) 'ivory, elephant', ultimately from Phoenician or Carthaginian  (aleph-nith), Hebrew  (elephon), 'ivory'" }
Error: Extra data: line 1 column 152 (char 151)

Time: 2025-05-12 20:30:07.237386
Content: { "word": "apple", "ipa": "/pl/", "etymology": "Old English *fela* (genitive *feles*), from Proto-Germanic **abal*, from Latin *mlum*, from Ancient Greek  (mlon), meaning 'fruit'" }, { "word": "pine", "ipa": "/pan/", "etymology": "Old English *pin* (genitive *pines*), from Proto-Germanic **pinon-*, from Latin *pinus*, from Ancient Greek  (pinos), meaning 'pine tree'" }, { "word": "banana", "ipa": "/bnn/", "etymology": "Originating from West African languages such as Wolof *baan* and Mande *bnna*, ultimately derived from Arabic  (bann) via Portuguese *banana*" }, { "word": "chair", "ipa": "/kr/", "etymology": "Old English *cere* (genitive plural *ciera*), from Proto-Germanic **karja* or Latin *cathedra*, both ultimately derived from Greek ma (kthma), meaning 'seat'" }, { "word": "ocean", "ipa": "/n/", "etymology": "Old English *acian* or *ocian*, from Latin *cenus*, ultimately derived from Greek  (keans), meaning 'great sea'" }
Error: Extra data: line 1 column 182 (char 181)

Time: 2025-05-13 13:13:26.085677
Content: { "word": "hello", "ipa": "/hel.o/", "etymology": "Old English hl, from Proto-Germanic *khaln (source also: Dutch hallo, German hallo), from Proto-Indo-European *ghlh-, akin to Sanskrit srtas, Greek akouein 'hear', Latin audre 'hear'" }, { "word": "good", "ipa": "/d/", "etymology": "Old English godu, from Proto-Germanic *gudaz (source also: Old Norse gor, Dutch goed, German gut), from Proto-Indo-European *ghod-, akin to Sanskrit hita 'beneficial', Greek khrematistiks 'useful'" }, { "word": "bad", "ipa": "/bd/", "etymology": "Old English bdan, from Proto-Germanic *baitazan (source also: Old Norse bar, Dutch slecht, German schlecht), from Latin male + Latin bonum 'good'" }, { "word": "beautiful", "ipa": "/biu.t.fl/", "etymology": "Old French bel, from Latin bellus, from Greek pulchros 'beautiful', akin to Sanskrit prabhti 'splendor'" }, { "word": "small", "ipa": "/sml/", "etymology": "Old English smel, from Proto-Germanic *smalaz (source also: Old Norse smellr, Dutch klein, German klein), from Latin parvus 'small'" }, { "word": "large", "ipa": "/lrd/", "etymology": "Old English lc, from Proto-Germanic *laguz (source also: Old Norse lagr, Dutch groot, German gro), from Latin largus 'abundant'" }, { "word": "tree", "ipa": "/tri/", "etymology": "Old English treow, from Proto-Germanic *trew (source also: Old Norse tr, Dutch boom, German Baum), from Latin arbor 'tree'" }, { "word": "house", "ipa": "/has/", "etymology": "Old English hs, from Proto-Germanic *hsan (source also: Old Norse hus, Dutch huis, German Haus), from Latin domus 'house'" }, { "word": "man", "ipa": "/mn/", "etymology": "Old English mann, from Proto-Germanic *mannaz (source also: Old Norse mar, Dutch man, German Mann), Latin homo 'man'" }, { "word": "woman", "ipa": "/wm.n/", "etymology": "Old English wifmann, from wif 'woman' + Proto-Germanic *mannaz (source also: Old Norse kona, Dutch vrouw, German Frau), from Latin virgo 'virgin'" }, { "word": "day", "ipa": "/de/", "etymology": "Old English dg, from Proto-Germanic *dags (source also: Old Norse dagr, Dutch dag, German Tag), from Latin dies 'day'" }, { "word": "night", "ipa": "/nait/", "etymology": "Old English ncht, from Proto-Germanic *natuz (source also: Old Norse nkkr, Dutch nacht, German Nacht), from Latin noctem 'night'" }, { "word": "sun", "ipa": "/sn/", "etymology": "Old English sunne, from Proto-Germanic *sunnon (source also: Old Norse sol, Dutch zon, German Sonne), from Latin sol 'sun'" }, { "word": "moon", "ipa": "/mun/", "etymology": "Old English monan, from Proto-Germanic *monn (source also: Old Norse mni, Dutch maan, German Mond), from Latin luna 'moon'" }, { "word": "star", "ipa": "/str/", "etymology": "Old English ster, from Proto-Germanic *sterraza (source also: Old Norse stjrnur, Dutch sterren, German Stern), from Latin stella 'star'" }
Error: Extra data: line 1 column 237 (char 236)

Time: 2025-05-13 13:14:20.671724
Content: { "word": "example", "ipa": "/gzmpl/, /zmpl/", "etymology": "Old English *exempel*, from Latin *exemplum* (meaning 'pattern, model, example'), from *ex-* 'out of' + *emplare* 'to fill up'" }, { "word": "quaint", "ipa": "/kwent/", "etymology": "Old French *caint*, from Latin *canitus* (meaning 'hollow sound, murmur'), from *canere* 'to sing'" }, { "word": "phoneme", "ipa": "/fonm/", "etymology": "From Greek ** (*phn*) 'voice' + *-* (-meros) 'part'" }, { "word": "etymology", "ipa": "/tmldi/", "etymology": "From Greek ** (*aita*) 'cause, reason' + *-* (-logia) 'study of'" }, { "word": "root", "ipa": "/rt/", "etymology": "Old English *rot*, from Proto-Germanic **raduz*, from Proto-Indo-European **rodh*- 'the upper part of the body, head'" }
Error: Extra data: line 1 column 191 (char 190)

Time: 2025-05-13 13:15:30.701769
Content: { "word": "hello", "ipa": "/hl/", "etymology": "Old English hll, from Old Norse heillir, meaning 'hail' or 'greeting'" }, { "word": "apple", "ipa": "/pl/", "etymology": "Latin malum, related to Sanskrit  mall, meaning 'fruit'" }, { "word": "dog", "ipa": "/d/", "etymology": "Old English docga, from Proto-Germanic *dkhagn, from Latin canis, meaning 'domestic dog'" }, { "word": "egg", "ipa": "//", "etymology": "Old English ge, related to Dutch ei and German Ei, ultimately from Proto-Indo-European *y- 'egg', also seen in Latin ovum" }, { "word": "finger", "ipa": "/fr/", "etymology": "Old English fengor, from Proto-Germanic *fanguz, ultimately from PIE *dhengh- 'bend', also seen in Latin digitus" }, { "word": "house", "ipa": "/has/", "etymology": "Old English hs, from Proto-Germanic *housuz, related to Dutch huis and German Haus, ultimately from PIE *keue- 'cover', also seen in Latin domus" }, { "word": "love", "ipa": "/lv/", "etymology": "Old English lufu, from Proto-Germanic *lub, ultimately from Latin amare 'to love'" }
Error: Extra data: line 1 column 121 (char 120)

Time: 2025-05-13 13:22:41.724248
Content: { "word": "crocodile", "ipa": "/krkdl/", "etymology": "From Old French crocodile, from Medieval Latin crocodilus (from Greek  krokodlos, from  (kroks, 'dark red') +  (odle, 'pipe, tube')), due to the scaly, reddish-brown color of its skin and the pipe-like structure of its snout." }, { "word": "banana", "ipa": "/benn/", "etymology": "From Portuguese banane (from Arabic  banna, from Old Tamil  vannpilai), due to trade routes connecting West Africa to Southeast Asia." }, { "word": "elephant", "ipa": "/lfnt/", "etymology": "From Old English lefant, from Proto-Germanic *alifanz (from Latin elefans, akin to Greek  hlphas), from Phoenician 'eleph' (found in Egyptian hieroglyphs)." }, { "word": "zebra", "ipa": "/zebra/", "etymology": "From Latin zebra, probably imitative of the sound it makes. Originally recorded in English in the plural form (zesbri, zesbras) in 1577." }, { "word": "jungle", "ipa": "/dl/", "etymology": "From Anglo-Norman jungel, from Old French jongle, from Latin incolatus silva (from incola, 'dweller' + Latin silva, 'forest') or Latin iungere, 'to join, tie together'. The original meaning was any dense forest where people were few and wild beasts numerous." }
Error: Extra data: line 1 column 284 (char 283)

Time: 2025-05-13 13:25:57.353061
Content: { "word": "quark", "ipa": "/kwrk/", "etymology": "Originally from the German word 'Quark', meaning a soft fresh cheese, which comes from Old High German 'quarkon' or 'chwalah', and ultimately from Latin 'coagulum', meaning clot or curdled milk. The usage was extended to mean any small particle or unit in physics by Murray Gell-Mann in 1964." }, { "word": "tremendous", "ipa": "/trmndus/", "etymology": "From Latin 'tremendus', the present participle of 'tremere', meaning to shake, tremble or tremor. The word entered English through Old French as 'tremende' and then evolved into the current form." }, { "word": "jelly", "ipa": "/dli/", "etymology": "Originally from Old French 'gle', a noun derived from the past participle of 'geler' (to freeze or congeal), ultimately from Latin 'gelre'. The word entered English in the 14th century and was used to describe any frozen or congealed food, not just what we now call jelly." }, { "word": "gargoyle", "ipa": "/rl/", "etymology": "From Middle French 'gargouille', ultimately from Latin 'garcia' (a type of waterfall or ravine), which is thought to have come from the Basque word 'argai' (to gush forth). In medieval France, 'gargouilles' referred to grotesque water spouts on buildings, but the modern usage extends to any grotesque carved figure on a building." }, { "word": "pajama", "ipa": "/pedm/", "etymology": "Of Persian origin, from 'paee-kaama', consisting of the Persian words 'paee' (leg) and 'kamiz' (shirt). It was introduced into English in the 18th century by the British during their rule of India." }, { "word": "boulevard", "ipa": "/bolvrd/", "etymology": "From French 'boulevard', originally a fortification made up of a row of stakes or palisades and a wide road, from Old French 'bolwerk' (rampart). The word entered English in the 17th century." }, { "word": "tycoon", "ipa": "/takn/", "etymology": "From Japanese 'tai-kun', which is a respectful title for a young man, derived from 'tai' (great) and 'kun' (boy). The term was used to refer to powerful businessmen in Japan and then entered English via the Dutch language in the late 19th century." }, { "word": "loquacious", "ipa": "/lkws/", "etymology": "From Latin 'locutus', present participle of 'loqui' (to speak), from Proto-Indo-European '*leg-' (speak). It entered English in the 16th century, originally referring to someone who spoke a lot but now is used more specifically for someone who talks excessively about unimportant matters." }
Error: Extra data: line 1 column 346 (char 345)

Time: 2025-05-13 13:29:57.698224
Content: { "word": "apple", "ipa": "/pl/", "etymology": "Old English ffel, from Proto-Germanic *apal, from Latin mlum, probably from Greek  (mlon), anatomy term for 'fruit' (of a tree)" }, { "word": "banana", "ipa": "/bnn/", "etymology": "From Portuguese banana, from Tupi-Guarani bahana or babana, ultimately from tano batan" }, { "word": "cake", "ipa": "/kk/", "etymology": "Old Norse kaka, from Latin cacare 'to excrete', probably due to the original use of fecal matter as a binding ingredient in early cakes" }, { "word": "dolphin", "ipa": "/dlfn/", "etymology": "From Old English dolfin, from Proto-Germanic *dolfin-, from Latin delphis, of uncertain origin" }, { "word": "elephant", "ipa": "/lfnt/", "etymology": "From Old French elephant, from Latin elephas, from Greek  (elephas), ultimately from Proto-Indo-Iranian *hulahant-, from Proto-Indo-European **kwel-bhont- 'boiler', from the noise it makes" }, { "word": "frog", "ipa": "/fr/", "etymology": "Old English frc, from Latin rana, ultimately from Proto-Indo-European *bherg-, a root also found in words for 'throat'" }, { "word": "goat", "ipa": "/ot/", "etymology": "Old English gat, from Latin capra, ultimately from Proto-Indo-European *gwt-, from which also comes the Slavic words for 'cow'" }, { "word": "horse", "ipa": "/hrs/", "etymology": "Old English hros, from Proto-Germanic *khrossn, from Latin caballus, ultimately from PIE *gher-, to kick" }, { "word": "iguana", "ipa": "/wn/", "etymology": "From Spanish iguanah, from Taino yokwanah 'Igoo's spiny thing'" }, { "word": "jaguar", "ipa": "/dwr/", "etymology": "From Spanish jaguar, probably from Tupi yaguara, 'hunter' or 'something which attacks and breaks to pieces', from yaguar 'to break apart'" }, { "word": "kangaroo", "ipa": "/kru/", "etymology": "From Australian Aboriginal languages, the word is part of a larger group of words meaning 'hop on hind legs', with the precise language dependent on regional dialects" }, { "word": "lion", "ipa": "/lan/", "etymology": "Old English leoht-eow, from Proto-Germanic *liutinaz (or *leutinaz), from Latin ln, ultimately from Greek  (ln)" }, { "word": "monkey", "ipa": "/mnki/", "etymology": "Old English monaca, probably from the Persian mnukaj 'Persian simia', from Sanskrit vnara, from Indo-Iranian *manuka-, ultimately a compound of root words meaning 'hand' and 'tail'" }, { "word": "owl", "ipa": "/al/", "etymology": "Old English ul, from Proto-Germanic *ulon (or *wln), from Latin aluco, probably a variant of avis lna (night bird), from the Latin word for 'moon'" }, { "word": "penguin", "ipa": "/penwn/", "etymology": "From Dutch peningo, from Portuguese pintar-joo, ultimately of uncertain origin, possibly related to the Portuguese word brincar 'to play'" }, { "word": "quokka", "ipa": "/kwk/", "etymology": "From Malay kuku, originally meaning 'head', due to the animal's round shape" }, { "word": "raccoon", "ipa": "/rknun/", "etymology": "From Algonquian irpskak, literally meaning 'one who scratches with its hands', from the animal's habit of using its forepaws to wash food and its face" }, { "word": "sloth", "ipa": "/slo/", "etymology": "From Middle English sloth, from Old Norse hlautr, ultimately from Latin peregrinus otium, 'idle wandering', from peregrinus 'foreigner' and otium 'leisure'" }, { "word": "tiger", "ipa": "/tar/", "etymology": "Old English tigra, from Latin tigris, ultimately from Sanskrit  (tgara), cognate with Greek tygris, both words possibly derived from a proto-Indo-Iranian *tiyakara-, 'arrow' or 'striped'" }, { "word": "unicorn", "ipa": "/junkrn/", "etymology": "From Medieval Latin unicornis, from Latin unus 'one' and cornus 'horn', a combination meant to indicate the single horn of the mythical beast" }, { "word": "walrus", "ipa": "/wlrs/", "etymology": "From Old Norse hrossvrsla, literally meaning 'horsewhale', from horse 'horse' and hros 'whirlpool'" }, { "word": "zebra", "ipa": "/zibr/", "etymology": "From Italian zebra, possibly derived from the Bantu zb or zibra, ultimately from an African language of the Mashariki group" }
Error: Extra data: line 1 column 179 (char 178)

Time: 2025-05-13 15:50:53.397754
Content: InventWood's Superwood product starts with regular timber, which is mostly composed of two compounds, cellulose and lignin.
Error: Server disconnected

Time: 2025-05-13 15:50:53.400215
Content: Soon, it was ready to commercialize, and he licensed the technology to InventWood.
Error: Response payload is not completed: <TransferEncodingError: 400, message='Not enough data for satisfy transfer length header.'>

Time: 2025-05-13 18:02:25.080548
Content: { "word": "blackboard", "ipa": "/blk.brd/", "etymology": "Old English blc 'white' (because chalk used to show up on dark wood boards) + board" } 2. { "word": "snowball", "ipa": "/sn.bl/", "etymology": "Old English snaw 'snow' + ball (from Middle Dutch bal or balletje, diminutive of ballen, to throw)" } 3. { "word": "airplane", "ipa": "/.pln/", "etymology": "French avion + plane (from Latin planus 'flat')" } 4. { "word": "timesquare", "ipa": "/tamz.kwr/", "etymology": "Time Square (New York City) + square" } 5. { "word": "fastfood", "ipa": "/fst.fud/", "etymology": "Fast food (prepared and served quickly, often for consumption on the go) + food" } 6. { "word": "internet", "ipa": "/nt.r.nt/", "etymology": "Internetwork (a network of networks)" } 7. { "word": "houseboat", "ipa": "/has.bt/", "etymology": "House + boat" } 8. { "word": "email", "ipa": "/im.l/", "etymology": "Electronic Mail" } 9. { "word": "facebook", "ipa": "/fbuk.bk/", "etymology": "Face (from Latin facies) + book" } 10. { "word": "smartphone", "ipa": "/smrt.fon/", "etymology": "Smart (intelligent) + phone (telephone)" }
Error: Extra data: line 1 column 146 (char 145)

Time: 2025-05-13 18:02:50.175777
Content: { "word": "blackboard", "ipa": "/blkbrd/", "etymology": "Old English blc 'white' + bord 'board'. The term was originally used for a slate on which mathematical problems were worked, but the color changed to black because it would show up better against the chalk." }, { "word": "copy-paste", "ipa": "/kpipst/", "etymology": "The term derives from the commands in word processing software for copying and pasting text or other content. 'Copy' is from Old French copier, meaning 'to imitate', and 'paste' comes from the Old Norse pasta, which means 'to stick or daub'. The verb form of paste in Middle English meant 'to spread something over something else'. The concept of cutting, copying, and pasting as a unit is relatively modern." }, { "word": "cut-and-dried", "ipa": "/kt nd drd/", "etymology": "The term originates from the method of preparing and preserving meats. Meat would be cut up, dried (or salted), then ground to a powder to be used as seasoning for other dishes. The phrase means something is straightforward or predictable." }, { "word": "do-it-yourself", "ipa": "/d t jrzlf/", "etymology": "DIY was coined in the early 20th century, first appearing in print in a U.S. magazine called 'Modern Priscilla' in 1955. The phrase implies self-reliance and individual effort to accomplish tasks, often of a manual or home improvement nature." }, { "word": "eat-drink-and-be-merry", "ipa": "/it drk nd bi mri/", "etymology": "The phrase is from Ecclesiastes 8:15 in the King James Version of the Bible: 'Rejoice, O young man, in thy youth; and let thy heart cheer thee in the days of thy youth, and walk in the ways of thine heart, and in the sight of thine eyes: but know thou, that for all these things God will bring thee into judgment.' It has been used to encourage enjoyment and celebration." }, { "word": "make-or-break", "ipa": "/mek r brek/", "etymology": "The term originates from the world of engineering, specifically bridge construction. A make-or-break point in a bridge is where the failure or collapse of the structure can occur if certain conditions are met, such as excessive weight or stress." }, { "word": "no-can-do", "ipa": "/no kn d/", "etymology": "The phrase is a contraction of 'no can do' and dates back to the early 20th century. It is used to express that something cannot be done, often in a polite or diplomatic manner." }, { "word": "once-in-a-blue-moon", "ipa": "/wns n  blu mn/", "etymology": "The phrase is an idiom meaning 'very rare'. The 'blue moon' refers to a third full moon in an astronomical year (usually there are only two). However, the idiom is somewhat misleading because the actual definition of a blue moon has evolved over time." }
Error: Extra data: line 1 column 267 (char 266)

Time: 2025-05-13 18:03:06.663202
Content: { "word": "ain't", "ipa": "/ent/", "etymology": "From the contraction of 'am not', 'are not', and 'is not'; first recorded in the late 16th century." }, { "word": "blue-eyed", "ipa": "/bluad/", "etymology": "From Old English blc (black) + eag (eye); the blue-eyed people typically referred to those of Northern European descent." }, { "word": "butterfinger", "ipa": "/btrfr/", "etymology": "Trademark name for a type of peanut butter candy bar, first produced in 1928." }, { "word": "firecracker", "ipa": "/fakrkr/", "etymology": "From fire + cracker; fire for creating the explosion, and cracker to refer to a type of small explosive." }, { "word": "hotdog", "ipa": "/htdg/", "etymology": "Origin unknown, but it was popularized in Coney Island, New York, in the late 19th and early 20th centuries." }, { "word": "mumblejumble", "ipa": "/mmbldmbl/", "etymology": "From Middle English mumbla, of unknown origin; used to describe something that is confused or unintelligible." }, { "word": "rainbow-trout", "ipa": "/renbtrat/", "etymology": "From the colors of a rainbow and trout, a type of fish; they have scales that resemble a rainbow." }, { "word": "snickersnatch", "ipa": "/snksrsnt/", "etymology": "Probably from the imitation of a squeaking or crackling sound, possibly related to the Dutch snikken and snuit (squeak and snout)." }
Error: Extra data: line 1 column 152 (char 151)

Time: 2025-05-13 18:10:46.835015
Content: { "word": "best-seller", "ipa": "/bst slr/", "etymology": "Old English *sellan* ('to sell') + Germanic root *be-* (meaning 'good')" }, { "word": "butterfly", "ipa": "/btrfla/", "etymology": "Old English *buttorfleoge* ('butter-fly'), from Old English *butor* ('butter') + Old English *flogu* ('fly')" }, { "word": "blackboard", "ipa": "/blkbrd/", "etymology": "Middle English *schwartpandre* from Anglo-Norman French *esclavapierre*, from Old North French *eschable* ('chalk') + Old French *pierre* ('stone, rock')" }, { "word": "airplane", "ipa": "/rpln/", "etymology": "From French *avion*, from Latin *avis* ('bird') + French *planer* ('to glide, float')" }, { "word": "household", "ipa": "/hashld/", "etymology": "Old English *hus* ('house') + Old English *haldan* ('to hold')" }
Error: Extra data: line 1 column 134 (char 133)

Time: 2025-05-13 18:10:57.281012
Content: { "word": "email", "ipa": "/im.mel/", "etymology": "Electronic mail; from Latin *missio* (mission) and *electronics*" } 2. { "word": "e-commerce", "ipa": "/ikm.rs/", "etymology": "Electronic commerce; from Latin *commercium* (trade) and Greek *electron*" } 3. { "word": "webcam", "ipa": "/wb.km/", "etymology": "World Wide Web camera; from Old English *camm* (small bow) and combining form *web-*" } 4. { "word": "software", "ipa": "/sft.wr/", "etymology": "Soft iron, or easily altered; from Old French *soft* (easily altered) and German *Ware* (goods)" } 5. { "word": "hardware", "ipa": "/hrd.wr/", "etymology": "Hard metal, or not easily altered; from Old English *hard* (hard) and German *Ware* (goods)" }
Error: Extra data: line 1 column 121 (char 120)

Time: 2025-05-13 18:11:17.031143
Content: { "word": "email", "ipa": "/em.l/", "etymology": "From the Latin 'missive' (missiva) and the Old French en (in, from) and mailed (letter)." }, { "word": "highway", "ipa": "/ha.we/", "etymology": "From Old English heweg (higher way), a combination of hah (high) and weg (way)." }, { "word": "software", "ipa": "/sft.wr/", "etymology": "From the combination of 'soft' (easily changeable or adaptable) and 'hardware' (tangible computer equipment), coined by John G. Kemeny, pioneer in computer education." }, { "word": "internet", "ipa": "/nt.r.nt/", "etymology": "From a shortened version of 'interconnected network' (intra-, connecting + net, network)." }, { "word": "smartphone", "ipa": "/smrt.fohn/", "etymology": "From the combination of 'smart' (intelligent) and 'mobile phone'. The term first appeared in 1970s science fiction." }, { "word": "firewall", "ipa": "/fa.r.wl/", "etymology": "From the construction of a wall built around a castle or city to protect against fire, used metaphorically in computer systems to block unauthorized access." }, { "word": "password", "ipa": "/pas.wrd/", "etymology": "From the Old Norse p (secret) and ford (journey), meaning 'secret journey' or 'hidden way', referring to a secret means of access." }, { "word": "webcam", "ipa": "/wb.km/", "etymology": "From the combination of 'web' (World Wide Web) and 'camera'. It was first used in 1991 by a chat system on the Internet." }, { "word": "harddrive", "ipa": "/hrd.drav/", "etymology": "From 'hardware' and 'drive', referring to a mechanical device for storing digital data." }, { "word": "keyboard", "ipa": "/k.brd/", "etymology": "From the combination of 'key' (a small piece with a notch or notches cut to fit into a lock) and 'board'. The term was first used in 1868." }
Error: Extra data: line 1 column 142 (char 141)

Time: 2025-05-13 18:13:06.169591
Content: { "word": "banana", "ipa": "/bnn/", "etymology": "From Portuguese 'banana', which comes from 'baano' (Spanish) or 'maano' (Old Taino), both ultimately derived from the local Native American words for 'finger, thumb', referring to the shape of the fruit." }, { "word": "pizza", "ipa": "/pits/", "etymology": "From Italian 'pizza', originally from Latin 'pia' (poita) meaning 'pie, tart'. The modern Italian pronunciation is first recorded in the 18th century." }, { "word": "orange", "ipa": "/rnd/", "etymology": "From Middle French 'orange', ultimately from Sanskrit 'naranga' () meaning 'citrus fruit'. The word was introduced to Europe by Arab traders, who called the fruit 'nranj' (), which is a compound of the Persian words 'nr' (), meaning 'light, fire', and 'anar' () meaning 'fruit of citrus'." }, { "word": "avocado", "ipa": "/vkdoh/", "etymology": "From Spanish 'aguacate', which originated from the Nahuatl word 'huacatl' (), meaning 'testicle'. The name is thought to have come from the shape of the fruit." }, { "word": "chocolate", "ipa": "/tklt/", "etymology": "From Spanish 'chocola' (noun) and 'chocolatar' (verb), ultimately from the Aztec word 'xocolatl', a beverage made from cacao beans, vanilla, spices, and honey. The name is derived from the Classical Nahuatl words 'xococo' (cacao) and 'atl' (water)." }
Error: Extra data: line 1 column 257 (char 256)

Time: 2025-05-13 18:13:24.388366
Content: { "word": "apple", "ipa": "/pl/", "etymology": "Old English ppel, from Proto-Germanic *apal, from Latin malum via Old Norse mlum" }, { "word": "banana", "ipa": "/bnen/", "etymology": "Modern Latin banna, from Portuguese banana, from Tupi-Guarani bahana" }, { "word": "chair", "ipa": "/krer/", "etymology": "Old English cor, from Latin cathedra, from Ancient Greek kathdra" }
Error: Extra data: line 1 column 132 (char 131)

Time: 2025-05-13 18:13:42.613174
Content: { "word": "apple", "ipa": "/pl/", "etymology": "Old English ppel, from Proto-Germanic *apaln, from Latin malum, ultimately from the Greek word mlon" }, { "word": "banana", "ipa": "/bne.n/", "etymology": "From Portuguese banana, which comes from the Tupi word 'baaa', meaning finger or thumb (because of its shape)" }, { "word": "coconut", "ipa": "/kk.nt/", "etymology": "From Portuguese coco, derived from Tupi word 'cun', meaning monkey (due to the three indentations resembling a monkey's face)" }, { "word": "elephant", "ipa": "/lfnt/", "etymology": "From Old French elephant, ultimately from the Greek word elephas" }, { "word": "orange", "ipa": "/rnd/", "etymology": "Borrowed from Middle Dutch and Old North French orpange, ultimately from Sanskrit naranga, from nra (man) + ranga (colored, orchard)" }, { "word": "tomato", "ipa": "/tme.to/", "etymology": "From Italian pomodoro, diminutive of pomo (apple) + doro (golden), due to its golden color when ripe" }, { "word": "zebra", "ipa": "/zibr/", "etymology": "From Latin zebra, from Greek zebr, ultimately from the Bantu word zebra (stripe or bar)" }
Error: Extra data: line 1 column 151 (char 150)

Time: 2025-05-14 13:22:27.204285
Content: { "word": "hello", "ipa": "/hl.o/", "etymology": "Old English *hl, holl, greeting of Anglo-Saxons, cognate with Dutch *hallo and German *hallo, derived from the Proto-Germanic form *haila, which is akin to Old Norse *heila, meaning 'whole' or 'healthy'" }, { "word": "friend", "ipa": "/frnd/", "etymology": "Old English *freond, cognate with German *Freund, Dutch *vriend, Old Norse *fryndr. The word is derived from the Proto-Germanic form **frnaz, which is akin to Gothic *frins and Greek  (phlos), both meaning 'dear' or 'friendly'" }, { "word": "thank", "ipa": "/k/", "etymology": "Old English *encan, past tense of *encan. The word is derived from the Proto-Germanic form **ankn- and is akin to Old Norse *takask, Gothic *baihtans (both meaning 'thanks'), and Greek  (euchariste), which means 'I thank'" }, { "word": "promise", "ipa": "/prm.s/", "etymology": "Old French *promesse, from Latin *promissum, past participle of *promittere, to pledge or vow, ultimately deriving from Proto-Indo-European **per-, 'forward,' and a root related to *mie-, 'to measure.'" }
Error: Extra data: line 1 column 256 (char 255)

Time: 2025-05-14 13:22:47.281635
Content: { "word": "hello", "ipa": "/hlo/", "etymology": "Old English hl, from Proto-Germanic *khaln-, from Proto-Indo-European *ghel- (be healthy, be whole)" }, { "word": "table", "ipa": "/tbl/", "etymology": "Old English tbul, from Latin tabula, from Proto-Italic *tabl-, from Proto-Indo-European *deh-bhl- (flat surface)" }, { "word": "candy", "ipa": "/kndi/", "etymology": "1620s, alteration of Middle English candie, from Old North French cande, from Medieval Latin candia, from Greek khanda (originally a kind of sweet wine), from Kefalonia, an island producing honey and sugar" }, { "word": "banana", "ipa": "/bnen/", "etymology": "Early 17th century: from Portuguese banana, from Tupi bahana 'finger', because of its shape" }, { "word": "elephant", "ipa": "/lfnt/", "etymology": "Middle English elefant, Old French eliphant (Modern French lphant), from Latin elephans, from Greek elefntas, alteration of Proto-Greek *elephas, perhaps originally imitative of the sound of its trumpeting" }, { "word": "jungle", "ipa": "/dl/", "etymology": "Middle English, from Old French jongle (frequently jeungle), from Latin iungere 'to join' + -gl-, variant of iugus, past participle of iungere" }
Error: Extra data: line 1 column 152 (char 151)

Time: 2025-05-14 13:22:48.394293
Content: { "word": "apple", "ipa": "/pl/", "etymology": "Old English ppel, from Proto-Germanic *abal, from Latin mlum, from Greek  (mlon), from Old Persian vmalka" }, { "word": "banana", "ipa": "/bnn/", "etymology": "From Portuguese banana, from Tupi-Guarani *banan (banana plant)" }, { "word": "car", "ipa": "/kr/", "etymology": "Latin carrus, from Greek khars" }, { "word": "dog", "ipa": "/d/", "etymology": "Old English docga, from Proto-Germanic *dukaz, from Latin canis" }, { "word": "elephant", "ipa": "/lefnt/", "etymology": "From Old French elephant, from Medieval Latin elefant-, elephans, alteration of late Latin elephas, ultimately from Greek  (lphos) from Phoenician lphpht" }, { "word": "fire", "ipa": "/far/", "etymology": "Old English fyr, from Proto-Germanic *frz, from Latin ignis, ultimately from Greek  (pr)" }, { "word": "goat", "ipa": "/ot/", "etymology": "Old English gt, from Proto-Germanic *gautaz, from Latin capra" }, { "word": "horse", "ipa": "/hrs/", "etymology": "Old English hros, from Proto-Germanic *khrossn, from Latin equus, ultimately from Greek  (hppos)" }, { "word": "island", "ipa": "/zlnd/", "etymology": "Old English egland, from Proto-Germanic *g-, *gland-, from Latin insula" }, { "word": "jungle", "ipa": "/dl/", "etymology": "From French jungle, from Portuguese jungla, ultimately from Tamil  (l) or Kannada  (nu), meaning 'track' or 'path'" }, { "word": "kangaroo", "ipa": "/karu/", "etymology": "From Aboriginal Australian languages, probably from the Aranda word gangurru" }, { "word": "lion", "ipa": "/lan/", "etymology": "Old English leoan, from Proto-Germanic *lewnaz, from Latin len, ultimately from Greek  (ln)" }, { "word": "monkey", "ipa": "/mnki/", "etymology": "From Middle English moneke, from Old North French monie, from Latin moncus, ultimately from Greek  (mous), meaning 'ape'" }, { "word": "ocean", "ipa": "/on/", "etymology": "From Old French ocan, from Latin oceanus, ultimately from Greek  (keans), from  (kis), genitive of  (xis), meaning 'vigorous'" }, { "word": "penguin", "ipa": "/pnwn/", "etymology": "From Dutch pingun, from Portuguese pinguim, ultimately from the Guarani word tupinga" }, { "word": "rabbit", "ipa": "/rbt/", "etymology": "Old English harebin, from Old North French roncebit, from Latin cuniculus, ultimately from Greek  (kniklos)" }, { "word": "snake", "ipa": "/snek/", "etymology": "Old English snecga, from Proto-Germanic *snegonaz, from Latin serpens" }, { "word": "tiger", "ipa": "/tar/", "etymology": "From Old French tiche, from Medieval Latin tigra, ultimately from Sanskrit  (tgara)" }, { "word": "zebra", "ipa": "/zibr/", "etymology": "From Portuguese zebra, from Italian zebra, ultimately from Arabic  (zabar), meaning 'striped' or 'horse'" }
Error: Extra data: line 1 column 157 (char 156)

Time: 2025-05-14 13:23:06.785357
Content: { "word": "hello", "ipa": "/hlo/", "etymology": "Old English hlian (greeting, farewell), from Proto-Germanic *khalojan (greeting) and ultimately from the Latin salve (greetings, be healthy)" }, { "word": "goodbye", "ipa": "/db/", "etymology": "Old English god be + ie (interjection), from Proto-Germanic *gudan (bless) and Old Norse far well, ultimately derived from the Latin bonum via Vulgar Latin bona viata 'a good life'" }, { "word": "thank", "ipa": "/k/", "etymology": "Old English ancian (to think, to thank), from Proto-Germanic *thanjan (to think) and ultimately from the Latin grti (gratitude)" }, { "word": "you", "ipa": "/ju/", "etymology": "Old English eow or u, from Proto-Germanic *iz (nominative singular second person pronoun) and ultimately derived from the Latin  (nominative singular second person)" }, { "word": "me", "ipa": "/mi/", "etymology": "Old English m or me, from Proto-Germanic *ms (accusative singular first person pronoun) and ultimately derived from the Latin mm (accusative singular first person)" }, { "word": "yes", "ipa": "/jez/", "etymology": "Old English giehwan, from Proto-Germanic *gaistazan (affirmative answer) and ultimately derived from the Latin isus (Jesus' name) used as an affirmative response" }, { "word": "no", "ipa": "/no/", "etymology": "Old English neahwr, ne, from Proto-Germanic *neiwan (negative) and ultimately derived from the Latin neg (I deny)" }
Error: Extra data: line 1 column 193 (char 192)

Time: 2025-05-14 13:23:41.513732
Content: { "word": "apple", "ipa": "/pl/", "etymology": "Old English ppel, from Proto-Germanic *apal, from Latin malum, from Greek  (mlon), from PIE root *ml- (grain, cereal)" }, { "word": "carrot", "ipa": "/krt/", "etymology": "Middle English corot or coron, from Old North French coraunt, from Latin carchum, from Greek  (choros), from Persian org" }, { "word": "egg", "ipa": "//", "etymology": "Old English gga, from Proto-Germanic *augon, from Proto-Indo-European *awg- (fowl) + -n (neuter singular noun suffix)" }, { "word": "grape", "ipa": "/rep/", "etymology": "Middle English grap, from Old French grap, from Vulgar Latin uva de grafo, literally 'grapevine berry', from Latin uvam + de + grafo, from Greek  (kraphte) 'a bunch of grapes'" }, { "word": "lemon", "ipa": "/lmn/", "etymology": "Middle English limon, from Old French citron, from Latin citrum, from Greek  (kttron), from New Arabic laymun, from Persian leymun" }, { "word": "orange", "ipa": "/rnd/", "etymology": "Middle English oraunge, from Old French orange, from Latin pomorum aromatum aureus (lit. golden-colored apple) 'sweet orange', from Arabic  (nranj)" }, { "word": "pear", "ipa": "/pr/", "etymology": "Old English pera, from Proto-Germanic *peron, from Latin pira, from Greek  (pra), from Persian pir" }, { "word": "peach", "ipa": "/pit/", "etymology": "Middle English peche, from Old French pece, from Latin persica, from Greek  (perikara), from Persian pirak" }, { "word": "quince", "ipa": "/kwns/", "etymology": "Middle English quyntes, from Old French coingne or coynte, from Latin cynus, from Greek  (kunis), from Persian seib }, { "word": "strawberry", "ipa": "/strbr/", "etymology": "Middle English strawberyie, from Old French estrawberrie or estraberie, from Medieval Latin astrabericum, from Arabic   (arbah al-hind) 'Indian vinegar' or Persian  (sirber) 'double-fruit'" }
Error: Extra data: line 1 column 169 (char 168)

Time: 2025-05-14 13:23:43.475866
Content: { "word": "amazing", "ipa": "/mez/", "etymology": "Old English *amasian*, from the Latin *admrre* (to wonder at)" }, { "word": "awkward", "ipa": "/kwrd/", "etymology": "Middle English *aukward*, from Old Norse *okkur* (ourselves), due to the clumsy use of the pronoun in a sentence" }, { "word": "bizarre", "ipa": "/bzar/", "etymology": "French *bizarre*, from Medieval Latin *byzrus* (Egyptian, Byzantine), implying something strange or exotic" }, { "word": "cacophony", "ipa": "/kkfni/", "etymology": "Greek *kakophna* (bad hearing, ugliness of sound), from *kkos* (bad) and *phn* (voice)" }, { "word": "delicious", "ipa": "/dls/", "etymology": "Latin *dlictus*, past participle of *dlectre* (to choose for oneself, to please), from *de-* (from) and *lectus* (chosen)" }, { "word": "elegant", "ipa": "/lent/", "etymology": "Latin *elgans*, present participle of *eligere* (to choose out), from *e-* (out) and *legere* (to pick or choose)" }, { "word": "flamboyant", "ipa": "/flmboint/", "etymology": "French *flambeau* (torch), from Old French *flambe* (flame) and the suffix -oient, denoting a quality" }, { "word": "gratuitous", "ipa": "/rtuts/", "etymology": "Latin *grtts*, from *grtus* (pleasing, thankful) and the suffix -itus (participle), denoting something given without reason or expectation of return" }, { "word": "jovial", "ipa": "/dovil/", "etymology": "Latin *iocus* (joke) and *-al*, adjective suffix, denoting quality of being joyful or merry" }, { "word": "kaleidoscope", "ipa": "/kldskp/", "etymology": "Greek *kalos* (beauty), *eids* (form, image) and *skopeo* (to look at), denoting a device for creating colorful patterns" }, { "word": "ludicrous", "ipa": "/ldkrs/", "etymology": "Latin *ldcrrus* (suited to sport, play), from *ldus* (play) and the suffix -icar-, denoting a quality" }, { "word": "maelstrom", "ipa": "/mlstrom/", "etymology": "Old Norse *mjlnir* (Mjlnir, the hammer of Thor), from Old English *melostrum*, a Scandinavian loanword for 'whirlpool'" }, { "word": "nonsense", "ipa": "/nnsns/", "etymology": "Middle English *non-senes* (nothing old), from Old English *nnan senan* (nothing wise or sensible)" }, { "word": "obscure", "ipa": "/bskr/", "etymology": "Latin *obscrus*, present participle of *obscr* (to darken, to hide), from *ob-* (against) and *scra* (light)" }, { "word": "pantomime", "ipa": "/pntmm/", "etymology": "Greek *pan* (all) + *tomein* (to act), denoting a form of theater using physical gestures and no spoken dialogue" }, { "word": "quixotic", "ipa": "/kwktk/", "etymology": "From the name *Don Quixote de la Mancha*, a character in Miguel de Cervantes' novel, denoting something unrealistic or idealistic" }, { "word": "razzle-dazzle", "ipa": "/rzl dzl/", "etymology": "From the song "Razzle Dazzle" in the musical Chicago, denoting an impressive but superficial display intended to distract and impress" }, { "word": "surreptitious", "ipa": "/srpts/", "etymology": "Latin *sub* (under) + *rapere* (to seize), from the past participle *raptus*, denoting secretive or stealthy action" }, { "word": "talisman", "ipa": "/tlzmn/", "etymology": "Arabic *tals al-am'a* (the seal of the prophet Muhammad), a charm believed to protect its owner" }, { "word": "uncanny", "ipa": "/nkni/", "etymology": "Middle English *uncanne*, from Old Norse *unnan kenna* (not known), denoting something strange or eerie" }, { "word": "vacillate", "ipa": "/vslet/", "etymology": "Latin *vacilre* (to waver, to tremble), from the past participle *vacuus* (empty or void)" }, { "word": "xenophobia", "ipa": "/zenfobi/", "etymology": "Greek *xenos* (foreign) + *phbos* (fear), denoting an irrational fear or hatred of foreigners or strangers" }, { "word": "yakety-yak", "ipa": "/jkt jkti"/", "etymology": "Onomatopoeia mimicking rapid, incoherent speech" }, { "word": "zany", "ipa": "/zeni/", "etymology": "From the name Zanzi, a character in Italian commedia dell'arte, denoting eccentric or foolish" }
Error: Extra data: line 1 column 116 (char 115)

Time: 2025-05-14 13:38:16.105079
Content: { "word": "elephant", "ipa": "/lfnt/", "etymology": "From Old French elephant, from Latin elephans, from Greek  (elphas), from  (elops) 'ivory'." }, { "word": "zoo", "ipa": "/zu/", "etymology": "From Ancient Greek  (zon), neuter of  (zion, 'animal')." }, { "word": "banana", "ipa": "/bnn/", "etymology": "Origin unknown, first recorded in English in the early 17th century. It may be derived from the Malay word 'bana' or the Portuguese term 'ma-do-banana', meaning 'plantain'." }, { "word": "hamburger", "ipa": "/hmbrr/", "etymology": "From German Hamburger (a native of Hamburg), from the city Hamburg, Germany where it was first recorded in the U.S. in the late 19th century." }, { "word": "avocado", "ipa": "/vkd/", "etymology": "From Spanish aguacate, derived from Nahuatl ahucatl, which is a blend of 'testicle' and 'pear', referring to the shape and texture." }, { "word": "cappuccino", "ipa": "/kptin/", "etymology": "From Italian cappuccio, meaning 'hood' (in reference to the hood of a Franciscan friar), as it was originally served with a dusting of cocoa powder on top that resembled the hood." }
Error: Extra data: line 1 column 148 (char 147)

Time: 2025-05-14 13:38:34.262236
Content: { "word": "apple", "ipa": "/pl/", "etymology": "Old English ppel, from Proto-Germanic *apal, from Latin malum 'fruit, especially an apple', which is a borrowing of the Greek word  mlon" }, { "word": "orange", "ipa": "/rnd/", "etymology": "Middle English orang, from Old French orenge, from Latin narangus, from Sanskrit  nraga, 'orange tree'" }, { "word": "banana", "ipa": "/bnn/", "etymology": "From Portuguese banana, from Tupi-Guarani bahana 'finger, thumb', probably in reference to the shape of the fruit" }, { "word": "pizza", "ipa": "/pts/", "etymology": "From Italian pizza, borrowed into English (originally in the name of a dish) by Anglo-Italians in the 19th century" }, { "word": "sushi", "ipa": "/si/", "etymology": "From Japanese , from , 'it is preserved', probably shortened from a phrase such as  long life +  preserved" }, { "word": "spaghetti", "ipa": "/spgeti/", "etymology": "From Italian, diminutive of spago 'string', probably from Latin spiculum, a small spear or stake" }
Error: Extra data: line 1 column 188 (char 187)

Time: 2025-05-14 13:38:38.653480
Content: { "word": "apple", "ipa": "/pl/", "etymology": "Old English ppel, from Proto-Germanic *abal, from Latin malum via Frankish *apulo" }, { "word": "orange", "ipa": "/rnd/", "etymology": "Middle English orangen, from Old French orangier, oranger, from Latin narangium, from Sanskrit nragojja" }, { "word": "banana", "ipa": "/bnen/", "etymology": "From Portuguese banana, or earlier bahana, from the Tupi-Guarani bahan or babana, meaning finger, thumb, as the fruit resembles a bunch of fingers" }, { "word": "pizza", "ipa": "/pitsa/", "etymology": "Italian pizza, from Late Latin picea, meaning 'magpie' (the magpie being the baker's mark for a pie with an open top), from Latin pipis, meaning 'tar-black'" }, { "word": "potato", "ipa": "/ptto/", "etymology": "From Tupi word batata via Spanish batatas and Portuguese batata" }
Error: Extra data: line 1 column 133 (char 132)

Time: 2025-05-14 13:38:59.782463
Content: { "word": "banana", "ipa": "/bnn/", "etymology": "From Portuguese 'banana' or 'baana', which is a shortening of 'ma-banana', meaning 'plantain-banana'. The word likely comes from the Tupi word 'tacuaba-nan', meaning 'finger fruit'. The Portuguese brought bananas to Europe in the 16th century." }, { "word": "pizza", "ipa": "/pts/", "etymology": "From Old Italian 'pizze', plural of 'pizza', from Late Latin 'pisum' (Genitive: pisici) meaning 'pea'. The name was probably influenced by the resemblance between the round flat pie and the pea." }, { "word": "coffee", "ipa": "/kfi/", "etymology": "From Arabic 'qahwah', meaning 'wine of the bean'. It is derived from the Ethiopian word 'bunna' or 'boonu', which also means 'coffee'." }, { "word": "tomato", "ipa": "/tmto/", "etymology": "From Italian 'pomodoro', meaning 'golden apple'. The name was given by the botanist Antonio de la Torre, who observed that the fruit matured from green to a deep yellow." }, { "word": "avocado", "ipa": "/vkdo/", "etymology": "From Spanish 'aguacate', which is derived from the Nahuatl 'huacatl' meaning 'testicle'. The fruit was named because of its pear-like shape." }, { "word": "orange", "ipa": "/rnd/", "etymology": "From Old French 'pomme d'or', meaning 'golden apple'. It was named for its golden color, as it ripens." }, { "word": "kiwi", "ipa": "/kwi/", "etymology": "Named after the flightless bird, the kiwi (Apteryx mantelli), which is native to New Zealand. The fruit was first called 'Chinese gooseberry' when it was introduced to New Zealand in the early 20th century." }
Error: Extra data: line 1 column 297 (char 296)

Time: 2025-05-14 13:39:10.333214
Content: { "word": "apple", "ipa": "/pl/", "etymology": "Old English ppel, from Proto-Germanic *apal, from Proto-Indo-European *ab- 'off' + *phel- 'to strike', because the fruit is supposed to be knocked off the tree." }, { "word": "banana", "ipa": "/bnen/", "etymology": "Originally from Portuguese banana, and ultimately from tano batana 'finger, flat thing'. The word entered English in the 1600s." }, { "word": "crocodile", "ipa": "/krkdl/", "etymology": "From Latin crocodilus, from Ancient Greek  (krokdilos), a Semitic loanword in the form of Hebrew  (kar-kud) or Akkadian kar-ku-du, ultimately from Egyptian sb-ty (crocodile)." }, { "word": "elephant", "ipa": "/lfnt/", "etymology": "From Old French elephant, from Latin elephantus, from Greek  (lphas), probably from the Mycenaean Greek  (e-re-wa) 'irritable'. The word entered English in the 14th century." }, { "word": "giraffe", "ipa": "/drarf/", "etymology": "From Arabic  (zarfa), which is thought to come from the Berber az-raraf, meaning 'one who walks on legs like pillars'. The word entered English in the 17th century." }, { "word": "jungle", "ipa": "/dl/", "etymology": "From Portuguese junga, from Tupi yanga 'a clearing made by cutting undergrowth', or from the Malay jaya meaning 'victorious' and a term for a war trumpet, referring to the sound of guns fired in the jungle. The word entered English in the 1600s." }, { "word": "kangaroo", "ipa": "/karu/", "etymology": "From Aboriginal Australian Guugu Yimidhirr gangurru or Ngarabboro kana-arudju, onomatopoeic words imitating the sound of a kangaroo's call. The word entered English in the 17th century." }, { "word": "llama", "ipa": "/lm/", "etymology": "From Quechuan llama, from Aymara llama, onomatopoeic words imitating the sound of a llama's call. The word entered English in the 16th century." }, { "word": "octopus", "ipa": "/ktps/", "etymology": "From Latin octopus, from Ancient Greek  (oktpus), literally 'eight-footed', from  (okt) meaning 'eight' and  (pous) meaning 'foot'. The word entered English in the late 15th century." }, { "word": "python", "ipa": "/pan/", "etymology": "From Greek  (python), a giant serpent that was said to live in the oracle of Delphi. The original meaning is unknown but it may be connected to piein, 'to burn', or pye, 'vomit'. The word entered English in the 16th century." }, { "word": "tiger", "ipa": "/tar/", "etymology": "From Old French tigre, from Latin tigris, from Greek  (tgris), a loanword of Persian origin representing the Middle Iranian word tykra or tigra. The word entered English in the 14th century." }, { "word": "whale", "ipa": "/hel/", "etymology": "From Old English hwael, from Proto-Germanic *hwaelaz (from Proto-Indo-European *kweylos 'big fish'). The word entered English in the 8th century." }
Error: Extra data: line 1 column 212 (char 211)

Time: 2025-05-14 13:39:21.902084
Content: { "word": "pizza", "ipa": "/pts/", "etymology": "Italian *pizza* < Latin *pica* 'magpie, any of various small stippling birds' (as pizzaiolo 'pizza maker' is from the verb *picare* 'to pick at')" }, { "word": "quarantine", "ipa": "/kwrntine/", "etymology": "Latin *quarantana* 'forty' (feminine form of *quadraginta*) + the suffix *-ane* < Italian" }, { "word": "avocado", "ipa": "/vkdo/", "etymology": "Spanish *aguacate* < Nahuatl *huacatl* 'testicle tree' (from the shape of the fruit)" }, { "word": "jazz", "ipa": "/dz/", "etymology": "African American slang euphemism for marijuana + Naptululi, Bantu term for a spirit possessing the power to make music and dance" }, { "word": "taco", "ipa": "/tako/", "etymology": "Nahuatl *tlahco* 'wrapped' (feminine singular noun)" }
Error: Extra data: line 1 column 198 (char 197)

Time: 2025-05-14 13:42:15.726693
Content: { "word": "pizza", "ipa": "/pts/", "etymology": "Italian *pizza* (1000s), from Latin *picea* 'magpie, baker's assistant', akin to Latin *piper* 'pepper', both ultimately from Greek ** (*pta*), a type of flat bread" }, { "word": "hamburger", "ipa": "/hmbr/", "etymology": "German *Hamburg* (city) + -er (suffix), referring to the city where it was supposedly first created in 1900" }, { "word": "potato", "ipa": "/ptto/", "etymology": "Spanish and Portuguese *patata* (16th century), from Quechua *batata* (modern spelling: *papat*), literally 'what is boiled', akin to Tupi-Guarani *mba'ta'tyra* 'sweet cassava'" }, { "word": "spaghetti", "ipa": "/spti/", "etymology": "Italian, plural of *spaghetto* (diminutive of *spago*), from Latin *spica* 'bundle of straw'" }, { "word": "lasagna", "ipa": "/lza/", "etymology": "Italian, probably a diminutive of *lasagna*, ultimately from Greek *laganon* (plural of *laganon*), meaning 'noodle'" }, { "word": "taco", "ipa": "/tak/", "etymology": "Spanish, probably an abbreviation of *tacos de carne* ('meat wrapped in a tortilla'), ultimately from Nahuatl *tlahco* 'wrapped'" }, { "word": "sushi", "ipa": "/sui/", "etymology": "Japanese, ultimately derived from the verb *su* 'to pickle' and *shii* ('seaweed')" }, { "word": "paella", "ipa": "/pe/", "etymology": "Spanish, ultimately derived from Arabic *baqiyah* 'remains, leftovers', referring to the custom of using leftover rice and ingredients to cook a dish" }, { "word": "hummus", "ipa": "/hms/", "etymology": "Arabic *ummu* (modern spelling: *ummos*), from Ancient Greek ** (*chmos*), meaning 'chickpea'" }, { "word": "kebab", "ipa": "/kbb/", "etymology": "Turkish *kebap*, from Persian *kabb* (modern spelling: *kabab*), ultimately derived from Arabic *ka'ab* 'meat over a fire'" }
Error: Extra data: line 1 column 217 (char 216)

Time: 2025-05-14 13:42:39.655344
Content: { "word": "saint", "ipa": "/sent/", "etymology": "Old French *saint* < Latin *sanctus* (genitive *sancti*), from the PIE root *kei* ('to be whole, healthy')" } Word: c-2 { "word": "cool", "ipa": "/kul/", "etymology": "Old English *colian*, from Proto-Germanic **kuln* (cf. Dutch *koel*, German *khl*), from the Proto-Indo-European root **kel*- ('to burn, glow')" } Word: d-3 { "word": "do", "ipa": "/du/", "etymology": "Old English *dn* < Proto-Germanic **dun* (cf. Dutch *doen*, German *tun*), from the Proto-Indo-European root **dey*- ('put, place')" }
Error: Extra data: line 1 column 161 (char 160)

Time: 2025-05-14 13:42:41.558749
Content: { "word": "bark", "ipa": "/brk/", "etymology": "Old English *beorc, beorcian; akin to Old Norse barka" }, { "word": "cat", "ipa": "/kt/", "etymology": "Old English catt; cognate with Old Saxon hatta, Old High German hugatto, Old Norse hugr" }, { "word": "dog", "ipa": "/d/", "etymology": "Old English docga; related to Old Norse dagr, Old Frisian doga, Dutch hond" }, { "word": "frog", "ipa": "/fr/", "etymology": "From Old English frc or frcgan; akin to Old Norse frkr, German Frosch" }, { "word": "glass", "ipa": "/gls/", "etymology": "Old English glsc; akin to Old Norse glas, Old High German glazo" }, { "word": "house", "ipa": "/has/", "etymology": "Probably from Old English hus or hs, related to hon 'to be', on the notion of 'that which is'" }, { "word": "lemon", "ipa": "/lmn/", "etymology": "From Old French limon, from Latin citrus limonum, from Greek Citron" }, { "word": "milk", "ipa": "/mlk/", "etymology": "Old English meolc; related to Dutch melk and German Milch, Old Norse mjlk" }, { "word": "pig", "ipa": "/p/", "etymology": "Old English picga, pigge; akin to Old High German pihhaha, Old Norse peik" }
Error: Extra data: line 1 column 105 (char 104)

Time: 2025-05-14 13:42:58.962096
Content: { "word": "hello", "ipa": "/hlo/", "etymology": "Old English hl (n.) and greeting forms hail, halway, hailie, Old Norse hallr, Old High German hagal, all from Proto-Germanic *halj, which is cognate with Dutch, Danish, Swedish and Icelandic heil, Gothic hailai 'greeting, salutation, health.' The word probably represents a prehistoric greeting formula based on an exclamation of joy or surprise. The phrase hello has been in use since the 16th century." }, { "word": "apple", "ipa": "/pl/", "etymology": "Old English pfela, from Proto-Germanic *abal, from Latin malum. The Old English word was derived from the Proto-Indo-European root *bha- (to swell), which is also the origin of words for 'grain' and 'fruit.' Apples were known in Europe as far back as 6500 B.C., but the apple we know today is a product of domestication about 4,000 years ago." }, { "word": "bird", "ipa": "/bd/", "etymology": "Old English byrd, from Proto-Germanic *birhta-z (from PIE root *bheidh- 'to break'), the source of the modern German Vogel and Dutch vogel. The original meaning was likely 'young creature' or 'young animal,' since birds are often found in nests with their young." }, { "word": "frog", "ipa": "/fr/", "etymology": "Old English frc, from Proto-Germanic *frauka-, from Latin rana (from Etruscan frov). The Etruscan word might be from an Indo-European root meaning 'to crawl,' which is also the origin of Latin frugere 'to be fruitful.' Frogs are amphibians, which means they can live both in water and on land." }
Error: Extra data: line 1 column 456 (char 455)

Time: 2025-05-14 13:43:16.851631
Content: 
Error: No JSON structure found in meaning/etymology response

Time: 2025-05-14 13:43:31.642554
Content: 
Error: No JSON structure found in meaning/etymology response

Time: 2025-05-14 13:43:44.509027
Content: 
Error: No JSON structure found in meaning/etymology response

Time: 2025-05-14 13:43:44.828273
Content: 
Error: No JSON structure found in meaning/etymology response

Time: 2025-05-14 13:43:55.751956
Content: 
Error: No JSON structure found in meaning/etymology response

Time: 2025-05-14 13:44:08.456703
Content: 
Error: No JSON structure found in meaning/etymology response

Time: 2025-05-14 13:44:25.168810
Content: 
Error: No JSON structure found in meaning/etymology response

Time: 2025-05-14 13:44:27.273858
Content: 
Error: No JSON structure found in meaning/etymology response

Time: 2025-05-14 13:44:29.420717
Content: 
Error: No JSON structure found in meaning/etymology response

Time: 2025-05-14 13:58:54.741451
Content: { "word": "hello", "ipa": "/hl.o/", "etymology": "Old English hlian, from Old Norse heill-a" }, { "word": "goodbye", "ipa": "/udb/", "etymology": "Old English God-be-with-you (lit. 'God be with you'), abbreviated by combining the initial and final parts" }, { "word": "please", "ipa": "/pliz/", "etymology": "Old French plaisier, from Latin placre (to please)" }
Error: Extra data: line 1 column 95 (char 94)

Time: 2025-05-14 13:59:15.515743
Content: { "word": "hello", "ipa": "/hl.o/", "etymology": "Old English hl (haila, halian) 'to be healthy, to greet', from the same root as hale." }, { "word": "goodbye", "ipa": "/gudbai/", "etymology": "Middle English god day, from Old Norse goa dagr (lit. 'good day'), a translation of Latin benedicam dominum ('I bless the Lord')." }, { "word": "thank", "ipa": "/k/", "etymology": "Old English encan, from Proto-Germanic *thaikhan. From the root *thauk-, which also gives German danken and Dutch danken." }, { "word": "important", "ipa": "/m.pr.tnt/", "etymology": "Late Middle English (in the sense 'great in power or rank'): from Latin important- (stem of imprimis), from the verb imponere, from in- 'in' + pono 'I put', from PIE root *pem- 'put'." }, { "word": "quiet", "ipa": "/kwj.t/", "etymology": "Middle English quiete, from Old French quiete (Modern French calme), from Latin quietus 'at rest', past participle of quiescere 'to rest'." }, { "word": "advantage", "ipa": "/dvntd/", "etymology": "Middle English, from Anglo-Norman French avantaige, from Old French avantage, from Latin avantgium 'benefit, help', noun use of neuter of advantgius 'advantageous', present participle of advantre, derived from ad- 'to' + avant 'ahead, forward'." }, { "word": "vacation", "ipa": "/vke.n/", "etymology": "Middle English vacacioun, from Old French vacacion (Modern French vacance), from Latin vacti 'discharge of duty', from vactus, past participle of vacre 'be empty, be free', from vacre, equivalent to vc- (comb. form of vcuus 'empty') + agere 'drive'." }
Error: Extra data: line 1 column 139 (char 138)

Time: 2025-05-14 13:59:28.262224
Content: { "word": "hello", "ipa": "/hl.o/", "etymology": "Old English *hltan, from Proto-Germanic *khalijan, from Proto-Indo-European *ghel-(e)l-, to call or greet" }, { "word": "cold", "ipa": "/kld/", "etymology": "Old English *colde*, from Proto-Germanic *kaldaz, from Proto-Indo-European *kel-, to freeze or congeal" }, { "word": "happy", "ipa": "/hpi/", "etymology": "Old English *hpian, from Proto-Germanic *hapizan, from Latin *capere, to seize or take" }, { "word": "fear", "ipa": "/fr/", "etymology": "Old English *feorran*, from Proto-Germanic *ferjan, from Latin *timere, to fear or be afraid" }, { "word": "moon", "ipa": "/mun/", "etymology": "Old English *mona*, from Proto-Germanic *meno, from Latin *luna, the moon" }
Error: Extra data: line 1 column 159 (char 158)

Time: 2025-05-14 13:59:29.106388
Content: 
Error: No JSON structure found in meaning/etymology response

Time: 2025-05-14 13:59:29.131602
Content: 
Error: No JSON structure found in meaning/etymology response

Time: 2025-05-14 13:59:41.292327
Content: 
Error: No JSON structure found in meaning/etymology response

Time: 2025-05-14 13:59:41.540109
Content: 
Error: No JSON structure found in meaning/etymology response

Time: 2025-05-14 13:59:41.884375
Content: 
Error: No JSON structure found in meaning/etymology response

Time: 2025-05-14 13:59:54.030144
Content: 
Error: No JSON structure found in meaning/etymology response

Time: 2025-05-14 13:59:54.117813
Content: 
Error: No JSON structure found in meaning/etymology response

Time: 2025-05-14 13:59:54.663046
Content: 
Error: No JSON structure found in meaning/etymology response

Time: 2025-05-14 14:00:07.577117
Content: 
Error: No JSON structure found in meaning/etymology response

Time: 2025-05-14 14:00:07.620028
Content: 
Error: No JSON structure found in meaning/etymology response

Time: 2025-05-14 14:00:09.752832
Content: 
Error: No JSON structure found in meaning/etymology response

Time: 2025-05-14 14:00:11.536811
Content: 
Error: No JSON structure found in meaning/etymology response

Time: 2025-05-14 14:16:14.675621
Content: { "word": "apple", "ipa": "/pl/", "etymology": "Old English ppel, from Proto-Germanic *appaln, from Latin malum 'apple' (source of modern Italian mela and French pomme), from Ancient Greek  mlon" } { "word": "banana", "ipa": "/bnn/", "etymology": "Originally from Portuguese banana, which is itself derived from the Tupi-Guarani word 'banan'. The term was brought to Europe via Spanish and Portuguese explorers in the 16th century." } { "word": "cherry", "ipa": "/tri/", "etymology": "Old English cerie, from Old Norse kerry, ultimately from Latin ceras 'wax', because the fruit was used for making red wax." } { "word": "dolphin", "ipa": "/dlfn/", "etymology": "From Old English dolfin, dolphyn, probably from Middle Dutch dolfijn, akin to Old Norse dalpir 'thief', because these animals were considered thieves who stole fish." } { "word": "elephant", "ipa": "/lfnt/", "etymology": "From Latin elephanta, from Greek elephas 'elephant'. The name is thought to be derived from the Greek  elephas, which means 'ivory', reflecting the large tusks of this animal." } { "word": "frog", "ipa": "/frg/", "etymology": "From Old English frc, from Proto-Germanic *frkn-, akin to Old Norse frokr, Middle Dutch vroec, Old High German frh, all meaning 'frog'. The ultimate origin is uncertain." } { "word": "hippopotamus", "ipa": "/hppotms/", "etymology": "From Ancient Greek  hippoptamos 'river horse', from  hppos, genitive of  'horse' +  potams, genitive of  'river'." } { "word": "jaguar", "ipa": "/dwr/", "etymology": "From Spanish jaguar, from Nahuatl xiquipiltl 'precious stone leopard' or Arawak yaguara 'royal beast'." } { "word": "kangaroo", "ipa": "/kru/", "etymology": "From Australian Aboriginal Guugu Yimithirr gangurru, from Dharawal ngurroo, both meaning 'marsupial that hops on hind legs'. The word was brought to Europe by James Cook in the 18th century." } { "word": "leopard", "ipa": "/lprd/", "etymology": "From Old English hlpeard, from Proto-Germanic *hlabjawaldaz (source also of Dutch leeuw 'lion', German Lwe 'lion'), from Latin pardus 'wild cat'. The name is thought to be derived from the Arabic al-far 'spotted one'." } { "word": "tiger", "ipa": "/tar/", "etymology": "From Old English teoger, tigor (a variant of teonacor), ultimately from Sanskrit  tghra 'striped one'." }
Error: Extra data: line 1 column 199 (char 198)

Time: 2025-05-14 14:16:26.345121
Content: { "word": "hello", "ipa": "/hl/", "etymology": "Old English *hlian, hlig* (greeting, to be healthy), from Proto-Germanic *khaln (to greet), which is related to Latin *salveo* (to save)" }, { "word": "apple", "ipa": "/pl/", "etymology": "Old English *ealh-pyl* (stronghold fruit) from Proto-Germanic **albiuzam*, from Latin malum (fruit, an apple)" }, { "word": "beauty", "ipa": "/bjuti/", "etymology": "Old French *belle* (beautiful), from Latin *pulchritudo*, from pulcher (handsome)" }, { "word": "cake", "ipa": "/k/", "etymology": "Middle English kake, from Old Norse kaka (flat bread), ultimately from Latin *coquere* (to bake)" }
Error: Extra data: line 1 column 188 (char 187)

Time: 2025-05-14 14:16:36.899178
Content: { "word": "bark", "ipa": "/brk/", "etymology": "Old English *beorc*, from Proto-Germanic **berka-* (compare Dutch *bark*), ultimately akin to Greek ** (*brus*) 'heavy'." }, { "word": "lemon", "ipa": "/lmn/", "etymology": "Old French *limon*, from Latin *limonem (acc. limonem)*, noun use of the neuter of *limon-ium*, from Greek ** (*lmon*) 'a kind of citron', ultimately akin to Sanskrit *rambha* 'grove'." }, { "word": "apple", "ipa": "/pl/", "etymology": "Old English *fen*, from Proto-Germanic **apulon* (compare Dutch and German *Apfel*), ultimately akin to Latin *mlum* 'sour fruit', Greek ** (*mlon*) 'fruit, core', Old Irish *aball* 'tree'." }
Error: Extra data: line 1 column 172 (char 171)

Time: 2025-05-14 14:21:35.104433
Content: { "word": "apple", "ipa": "/pl/", "etymology": "Old English 'ppel', from Proto-Germanic *bal, from Latin 'mlum' or Old Norse 'ema' (both meaning 'apple'), ultimately from the Indo-European root *mal- 'mellow, soft'" }, { "word": "banana", "ipa": "/bnn/", "etymology": "Modern Latin 'banna', from Portuguese 'banana', from Tupi 'hanba'", "etymology_notes": "The Tupi word 'hannabaa' refers to a type of banana tree native to Brazil" }, { "word": "cactus", "ipa": "/kakts/", "etymology": "Latin 'cactus', from Greek 'kakoudhos', meaning 'spine, spike, pointed instrument'", "etymology_notes": "The Greek word 'kakoudhos' may have been borrowed from Semitic (Phoenician or Hebrew) languages" }, { "word": "cucumber", "ipa": "/kjukmr/", "etymology": "Old English 'cycge', from Latin 'cucumis', ultimately from ancient Greek '' (sikyon)", "etymology_notes": "The Greek word '' may be derived from the Phoenician word for 'pickle'" }, { "word": "lemon", "ipa": "/lmn/", "etymology": "Old French 'limon', from Latin 'limaunum', from Arabic 'laymun'", "etymology_notes": "The Arabic word 'laymun' is believed to be derived from Persian 'limn'" }, { "word": "mango", "ipa": "/mo/", "etymology": " Portuguese 'manga', from Tamil 'mkai'", "etymology_notes": "The Tamil word 'mkai' is thought to be derived from Sanskrit 'mang-gota', meaning 'one with a flat stone-like pulp'" }
Error: Extra data: line 1 column 218 (char 217)

Time: 2025-05-14 14:22:01.848305
Content: { "word": "lemon", "ipa": "/lmn/", "etymology": "Old French *limon*, from Latin *citrus limon* (lemon), from Greek *ktron* (citron)" }, { "word": "chocolate", "ipa": "/tklt/", "etymology": "Spanish *chocolate*, from Nahuatl *xocoatl* (bitter water) + *atl* (water), via the Aztec language" }, { "word": "banana", "ipa": "/bnn/", "etymology": "From Portuguese *bananeira*, from Tupi *banana* or Malay *bali-nanas* (stem fruit)" }, { "word": "cinnamon", "ipa": "/snmn/", "etymology": "From Latin *cinnamomum*, from Greek *kinnmomon* (cylindrical rod), from Phoenician *qnim* (spice)" }, { "word": "coffee", "ipa": "/kfi/", "etymology": "From Arabic *qahwah*, possibly from the southern Abyssinian word *kaffa* (the region of Ethiopia where coffee originated)" }, { "word": "avocado", "ipa": "/vkd/", "etymology": "Spanish *aguacate*, from Nahuatl *huacatl* (testicle), referring to its shape" }, { "word": "kiwi", "ipa": "/kiwi/", "etymology": "From the name of the flightless bird, kiwi, which is native to New Zealand and was named after its cries (k- or ke-)" }, { "word": "mango", "ipa": "/mo/", "etymology": "From Portuguese *manga*, from Tamil *makay* (fruit of the mangoe tree)" }
Error: Extra data: line 1 column 135 (char 134)

Time: 2025-05-14 14:22:24.280165
Content: { "word": "hello", "ipa": "/hl.o/", "etymology": "Old English hlian 'to hail, greet'; akin to hale 'whole'." }, { "word": "goodbye", "ipa": "/gudbai/", "etymology": "From good day + be (separable verb) + -y (diminutive suffix); akin to Old English godian 'to be good'." }, { "word": "please", "ipa": "/pliz/", "etymology": "From Middle English pleis, pleisyn, pleissen, plesun (verb), from Old French plaisir 'pleasure', from Latin placere 'to please'." }, { "word": "thank", "ipa": "/k/", "etymology": "From Old English encan 'to think, remember'; akin to Gothic ansjan 'to thank', from the root *thnk- 'to move in response'." }, { "word": "yes", "ipa": "/jes/", "etymology": "From Old English gehwus, from gehwe 'victory, well-being', from Proto-Germanic *gaihwaz 'well-being'." }, { "word": "no", "ipa": "/no/", "etymology": "From Old English neah, anwesan 'not (present), absence', from Proto-Germanic *naiz-, from Proto-Indo-European *ne- 'not'." }, { "word": "maybe", "ipa": "/mebe/", "etymology": "From Middle English, perhaps dialectal variant of may be, or from Old Norse mar bi 'half a man', akin to Old English magan 'to have power'." }, { "word": "maybe", "ipa": "/mebe/", "etymology": "From Middle English, perhaps dialectal variant of may be, or from Old Norse mar bi 'half a man', akin to Old English magan 'to have power'." }, { "word": "might", "ipa": "/mat/", "etymology": "From Middle English mayte, from Old English maght, maghte; akin to Gothic mags 'power', Old Norse mthr, Latin possum 'I can'." }, { "word": "would", "ipa": "/wld/", "etymology": "From Old English woldan 'to will'; akin to Dutch willen 'to will', German wollen 'to want', Old Norse vilja 'to desire'." }
Error: Extra data: line 1 column 111 (char 110)

Time: 2025-05-14 14:32:23.773758
Content: { "word": "apple", "ipa": "/pl/", "etymology": "Old English ppel, from Proto-Germanic *apalam, from Latin malum via French pomme" }, { "word": "banana", "ipa": "/bnen/", "etymology": "From Portuguese banana or Bahasa Melayu/Indonesian banaan, from Tamarian makana 'finger, part" }, { "word": "cactus", "ipa": "/kakts/", "etymology": "From Latin cactus, from Greek kakts 'spine', ultimately from Akkadian qutu 'thistle'" }, { "word": "duck", "ipa": "/dk/", "etymology": "Old English duce, from Proto-Germanic *dkaz, from Latin anats 'diver', from Greek hle ('water bird')" }, { "word": "elephant", "ipa": "/lfnt/", "etymology": "From Old French elephant, from Latin elephantus, from Greek elephntas, from Sanskrit hir-mant 'the beast that has a nose like a shield'" }, { "word": "grape", "ipa": "/rp/", "etymology": "From Old English grap or grap, from Latin uva. The original Proto-Indo-European root is *ghwer- 'grapevine'" }, { "word": "jaguar", "ipa": "/dwr/", "etymology": "From Spanish tigre de jagua or yaguara, from Tupi y-atuar 'true tiger'" }, { "word": "kiwi", "ipa": "/kawi/", "etymology": "From the name of the New Zealand city where the bird was first seen by Europeans, Kwitahi" }, { "word": "lion", "ipa": "/lan/", "etymology": "Old English hlofon, from Proto-Germanic *hluobenaz, from Latin ln, ultimately from Greek len 'lion'" }, { "word": "monkey", "ipa": "/mnki/", "etymology": "From Old English monecan, from Latin monecus, from Greek mkis 'simian, monkey'" }
Error: Extra data: line 1 column 132 (char 131)

Time: 2025-05-14 14:32:52.639758
Content: { "word": "apple", "ipa": "/pl/", "etymology": "Old English ffele, from Proto-Germanic *aebel, from Latin mlum" }, { "word": "banana", "ipa": "/bnn/", "etymology": "Spanish banana, from Portuguese bananeira, from Tupi-Guarani (Tupi) bahana or abanaja" }, { "word": "cherry", "ipa": "/r/", "etymology": "Old English crge, from Latin cerasum, from Greek kerasos, from Old Persian karza" }, { "word": "dolphin", "ipa": "/dlfn/", "etymology": "Middle English dolfin, dolffyn, dolphynne, from Old North French dolfine, from Latin delphis" }, { "word": "elephant", "ipa": "/lfnt/", "etymology": "Old English lfeont, from Latin elephantus, from Greek elefasthon, from Sanskrit hiranyaphalan 'golden sapling'" }, { "word": "frisbee", "ipa": "/frazbi/", "etymology": "Named after Richard Knerr and Walter Frederick Morrison, who named their company after their girlfriends, Frisbie Sisters, and the P.R. Frisbie Porter-Hovey Baking Company whose pie tins they used as prototypes" }, { "word": "giraffe", "ipa": "/drf/", "etymology": "Middle English giraf, from Old French giraffa, from Latin giraffa, from Arabic zarfa 'giraffe', probably from tarf 'border, margin'" }, { "word": "jaguar", "ipa": "/dwr/", "etymology": "Spanish jaguar, from Tupi y-tu-ka'arasu 'the one who attacks the house', from tigar 'house'" }, { "word": "kangaroo", "ipa": "/kru/", "etymology": "Anglicized form of Australian Aboriginal Guwa Ngara, a term used by the Dharawal people for the grey kangaroo" }, { "word": "lion", "ipa": "/lan/", "etymology": "Old English hlofon, from Latin leo, from Greek len, from Proto-Indo-European *lew- 'to flow', from root *leuk- 'light'" }, { "word": "monkey", "ipa": "/mnki/", "etymology": "Middle English monkeie, from Old North French monkee, from Latin monice or mungus, from the Semitic word for simian mammals" }, { "word": "otter", "ipa": "/tr/", "etymology": "Old English otere, from Proto-Germanic *autrn, from Latin loutra 'otter', from Greek lutrs 'water-living'" }, { "word": "penguin", "ipa": "/penwn/", "etymology": "Dutch peningoeg, from Portuguese pintagens, diminutive of pinta, originally meaning 'coated with patches', due to the bird's speckled plumage" }, { "word": "python", "ipa": "/pn/", "etymology": "Greek pythn, from Egyptian ptah 'serpent'" }
Error: Extra data: line 1 column 114 (char 113)

Time: 2025-05-14 14:33:08.502154
Content: { "word": "banana", "ipa": "/bnn/", "etymology": "From Portuguese 'banana', a borrowing from Taino 'plantain'. The spelling was altered by influence of the Spanish word, which is derived from the Arabic 'run banan'." }, { "word": "lemon", "ipa": "/lmn/", "etymology": "From Old French 'limon', from Latin 'limonum'. The Latin word was borrowed into English from Provenal limon, which was a derivative of the Arabic 'laymun' (citron fruit)." }, { "word": "cucumber", "ipa": "/kjukmbr/", "etymology": "From Old English 'cycge', from Middle Dutch 'kuichember'. Ultimately from Latin 'cucumis' (gourd), which may have been derived from a word in ancient Greek meaning 'to be able to hide oneself', referring to the fruit's ability to camouflage itself among leaves." }, { "word": "avocado", "ipa": "/vkd/", "etymology": "From Spanish 'aguacate', from Nahuatl 'huacatl'. The Nahuatl word is a compound of 'hua' (testicle) and '-catl' (tree), reflecting the fruit's pear shape." }, { "word": "guava", "ipa": "/wv/", "etymology": "From Spanish 'guayaba', from Tano 'guayaba'. The exact meaning of the Tano word is unclear, but it may have referred to a kind of gourd." }, { "word": "mango", "ipa": "/mo/", "etymology": "From Portuguese 'manga', from Tamil 'mkai'. The word 'manga' is derived from the Tamil name for the tree, which may have been influenced by the Sanskrit word 'manjar' (fruit of the tree)." }
Error: Extra data: line 1 column 219 (char 218)

Time: 2025-05-14 15:53:31.184528
Content: { "word": "dog", "ipa": "/d/", "etymology": "Old English dga, from Proto-Germanic *dukwo-, from Proto-Indo-European *dhgom (see tooth). The origin of the term may be related to the sound that a dog makes." }, { "word": "cat", "ipa": "/kt/", "etymology": "Old Norse katt, from Proto-Germanic *kattuz, from Late Latin cattus (from Greek  ailouros, meaning 'gray'). The name may have been influenced by the sound that a cat makes." }, { "word": "table", "ipa": "/tbl/", "etymology": "Old English tfel, from Late Latin tabula (from Classical Latin mensa or tabula), ultimately from Etruscan tabul. The term is derived from a flat surface used for writing." }, { "word": "book", "ipa": "/bk/", "etymology": "Old English bc, from Proto-Germanic *bkan (from Proto-Indo-European *boukwon), meaning 'beechwood'. The name was originally used to denote a writing material made of beech bark." }, { "word": "car", "ipa": "/kr/", "etymology": "From Latin carrus (from Greek  charion, meaning 'vehicle') via Old French carre and Anglo-Norman car. The term has been used since the late 14th century." }
Error: Extra data: line 1 column 208 (char 207)

Time: 2025-05-14 15:53:31.190755
Content: { "word": "hello", "ipa": "/hlo/", "etymology": "Old English hl, from Proto-Germanic *khaln, from Proto-Indo-European *g'hala-, from PIE root *ghel- (to call)" }, { "word": "goodbye", "ipa": "/gudb/", "etymology": "Old English Godbegearna, meaning 'God grant the other' or 'God speed the other', later shortened to Godby and eventually Goodbye." }, { "word": "thank", "ipa": "/k/", "etymology": "Old English encan, from Proto-Germanic *thankn, from Proto-Indo-European *s(w)en-, *tank-, which meant 'think'" }, { "word": "crazy", "ipa": "/krezi/", "etymology": "Middle English craasie, from Old North French crasse, from the Gallo-Romance form of Latin crux, meaning 'cross', later used to denote a state of mental suffering or instability." }, { "word": "happy", "ipa": "/hpi/", "etymology": "Old English hpian, from Proto-Germanic *haibjan, from the Proto-Indo-European root *g'hepb-, which meant 'be swift'" }, { "word": "funny", "ipa": "/fni/", "etymology": "Old English funen, from Old Norse fonr, from the Proto-Germanic *fonon, likely derived from the root *pau-, which meant 'play' or 'tickle'" }, { "word": "wonderful", "ipa": "/wndrfl/", "etymology": "Old English wundorlif, meaning 'miracle-living', from Proto-Germanic *wundra-lifon and Proto-Indo-European *wend-, to bend or turn in thought." }
Error: Extra data: line 1 column 162 (char 161)

Time: 2025-05-14 15:53:55.313026
Content: { "word": "flatlined", "explanation": "When a heart stops beating on an EKG machine, it shows a flat line. In this case, it's used to describe someone or something that has stopped functioning or is no longer alive.", "contextual_meaning": "In the sentence, 'Reddick explains, "You found out that he had flatlined at the same time as a plane crash, so the essence of death went into him and he was killing off the crash survivors."', 'flatlined' means the detective stopped living or functioning when his heart stopped.", "example_sentences": ["The EKG machine showed that the patient's heart had flatlined, which meant it had stopped beating.", "In the hospital drama, the main character struggled to restart the patient's heart before it flatlined."] }
Error: Expecting ',' delimiter: line 1 column 279 (char 278)

Time: 2025-05-14 15:54:07.227119
Content: { "word": "apple", "ipa": "/pl/", "etymology": "Old English ppel, from Proto-Germanic *apalam, from Latin malum via Latinized Greek mlon" }, { "word": "banana", "ipa": "/bnen/", "etymology": "From Portuguese banana, ultimately from the Tupi-Guarani term banan" }, { "word": "cherry", "ipa": "/tri/", "etymology": "Old English ceorie, from Latin cacumen cherry tree, from Greek keras horn (via the shape of the cherry fruit)" }, { "word": "lemon", "ipa": "/lmn/", "etymology": "Middle English limon, from Old French limun, from Latin citrus limon" }, { "word": "orange", "ipa": "/rnd/", "etymology": "From Old French orangier (tree), orange tree, ultimately from Arabic  nranj, from Sanskrit  nr-anja (indicating the color of ripe fruit)" }, { "word": "strawberry", "ipa": "/strbri/", "etymology": "Middle English strawberie, from Old French estrange beri, from Late Latin fraga-a vitae (meaning 'fraction of a vine'), a term for a kind of wild strawberry, + beri (Modern French: berry)" }
Error: Extra data: line 1 column 140 (char 139)

Time: 2025-05-14 15:54:18.980553
Content: { "word": "hello", "ipa": "/hl.o/", "etymology": "Old English hl, from Proto-Germanic *khaln (source also of Dutch and German hallo), from Proto-Indo-European *g'hls-, a greeting formula." }, { "word": "goodbye", "ipa": "/d.ba/", "etymology": "Middle English god be iwe, from Old English God be geeffu (God give you), from Proto-Germanic *guth-iba (spirit-favorable), from Proto-Indo-European *g'ut- (tube, throat) + Proto-Indo-European *hbh-(2)u-, a prayer formula." }, { "word": "thank", "ipa": "/k/", "etymology": "Old English thancan (from Proto-Germanic *thanjan, from Proto-Indo-European *htak-, to take, accept, consider as good)." }, { "word": "sorry", "ipa": "/s.ri/", "etymology": "Middle English sori, from Old Norse sorg (pain, care), from Proto-Germanic *sorguz (from Proto-Indo-European *ser- (to grieve))." }, { "word": "tomorrow", "ipa": "/tm..i/", "etymology": "Old English tomorowe, from Proto-Germanic *tanrauja (source also of Dutch and German morgen), from Proto-Indo-European *d'emora (early part of the day, morning)." }, { "word": "beauty", "ipa": "/bju.ti/", "etymology": "Old French belte, from Latin bellus (handsome, beautiful), from Proto-Indo-European *g'wel-, to shine." }, { "word": "dream", "ipa": "/drm/", "etymology": "Old English dram, from Old Norse draumr, both from Proto-Germanic *druma (from Proto-Indo-European *drue-, to flow)." }, { "word": "kiss", "ipa": "/ks/", "etymology": "Old English cysse, from Old Norse kyssa (from Proto-Germanic *kussn, from Proto-Indo-European *g'ui-, to curve, bend)." }, { "word": "love", "ipa": "/luv/", "etymology": "Old English lufu, from Old Norse ljufa (sweet), from Proto-Germanic *liubo, from Proto-Indo-European *leub(h)-, to care, desire." }, { "word": "wisdom", "ipa": "/wz.dm/", "etymology": "Old English wsdom, from Proto-Germanic *weiduz (source also of Dutch and German Weisheit), from Latin vidre (to see)." }, { "word": "happy", "ipa": "/hp.i/", "etymology": "Old English hpy, from Proto-Germanic *habban (source also of Dutch and German glcklich), from Latin felx (lucky)." }, { "word": "strong", "ipa": "/strk/", "etymology": "Old English streng, from Proto-Germanic *strengia (source also of Dutch and German stark), from Latin fortis (brave)." }, { "word": "truth", "ipa": "/tru/", "etymology": "Old English treowth, from Proto-Germanic *treutuz (source also of Dutch and German Wahrheit), from Latin veritas." }, { "word": "grace", "ipa": "/gres/", "etymology": "Old English grc, from Proto-Germanic *kraz (source also of Dutch and German Gnade), from Latin gratia." }, { "word": "laughter", "ipa": "/l.r/", "etymology": "Old English lcer (from Proto-Germanic *lekhtraz, from Proto-Indo-European *gle- (to shine)), from Latin lugere (to mourn)." }, { "word": "pride", "ipa": "/prd/", "etymology": "Old English prde, from Proto-Germanic *frauzida (source also of Dutch and German Stolz), from Latin superbire." }
Error: Extra data: line 1 column 191 (char 190)

Time: 2025-05-14 15:54:30.532688
Content: { "word": "apple", "ipa": "/pl/", "etymology": "Old English pel, from Proto-Germanic *apalam, from Latin malum via Old Norse mluma" }, { "word": "dog", "ipa": "/d/", "etymology": "Old English docga, daga, from Proto-Germanic *dukaz, from Latin canis" }, { "word": "egg", "ipa": "//", "etymology": "Old English ge, from Proto-Germanic *aiwn, from Latin ovm via Old Norse rr" }
Error: Extra data: line 1 column 134 (char 133)

Time: 2025-05-14 15:54:40.980907
Content: { "word": "happy", "ipa": "/hpi/", "etymology": "Old English *hapian*, from Proto-Germanic *happojan* (cf. Dutch *geluk*, German *glcklich*), from Proto-Indo-European **squel-, squel-o-*, akin to Greek * (chairo)*, meaning 'to rejoice'" } { "word": "lazy", "ipa": "/lezi/", "etymology": "Old English *hlcan* or *hlacen*, from Proto-Germanic *hlaikan* (cf. Dutch *lazig*), from Latin *ligare* or Old Norse *legja*, meaning 'to be tied'" } { "word": "bubble", "ipa": "/bbl/", "etymology": "Old English *bubblian*, from Proto-Germanic **bubbljn* (cf. Old Frisian *bbel*, Dutch *buikeloos*), from Latin *bulbus*, meaning 'swollen, rounded'" }
Error: Extra data: line 1 column 240 (char 239)

Time: 2025-05-14 15:59:29.579627
Content: { "word": "hello", "ipa": "/hlo/", "etymology": "Old English *halian* (to hail), from Proto-Germanic *khalia-* and Proto-Indo-European **ghel-* (bright, shining)" }, { "word": "apple", "ipa": "/pl/", "etymology": "Old English *fla*, from Proto-Germanic *abal* and Latin *mlum*" }, { "word": "banana", "ipa": "/bne.n/", "etymology": "Spanish *pltano* (plantain), from Portuguese *banana* or Tupi *banan*" }, { "word": "cat", "ipa": "/kt/", "etymology": "Old English *cattu*, from Proto-Germanic **kadwaz* and Latin *felis* (cat)" }, { "word": "dog", "ipa": "/d/", "etymology": "Old English *docga*, from Proto-Germanic **dukaz* and Latin *canis*" }
Error: Extra data: line 1 column 165 (char 164)

Time: 2025-05-14 16:03:49.746911
Content: { "word": "hello", "ipa": "/hlo/$", "etymology": "Old English hl (greeting), from Proto-Germanic *khaln-, cognate with Dutch and German hallo, Old Norse heill, Gothic hails." }, { "word": "cake", "ipa": "/kk/$", "etymology": "Old English cke, from Proto-Germanic *kakka-, cognate with Dutch koek, German Kuchen." }, { "word": "pencil", "ipa": "/pnsl/$", "etymology": "From Latin penicillus (little tail), diminutive of paene (almost), from Greek penicillos, a kind of brush used by scribes." }, { "word": "orange", "ipa": "/rnd/$", "etymology": "From Old French orangier, later oranger (noun), from Latin nrus, Sanskrit naracra, Malay-Polynesian nerai." }, { "word": "elephant", "ipa": "/lfnt/$", "etymology": "From Old French elephant, from Latin elephantus, from Greek elephas, from Sanskrit hiranyavatsa." }, { "word": "mosquito", "ipa": "/mskt/$", "etymology": "From Spanish mosquito (literally 'little fly'), diminutive of mosca (fly)." }
Error: Extra data: line 1 column 177 (char 176)

Time: 2025-05-14 16:09:26.179664
Content: { "word": "hello", "ipa": "/hlo/", "etymology": "Old English *hl, hl, hlu* (greeting, farewell, health), from Proto-Germanic **haln* (to hail), from the base of PIE **ghel-* (to call, invite)" }, { "word": "cat", "ipa": "/kt/", "etymology": "Old English *cattu*, from Proto-Germanic **kattuz*, from Latin *catus* (domestic cat), from Greek *ktos* (downy young animal)" }, { "word": "dog", "ipa": "/dg/", "etymology": "Old English *hundu*, from Proto-Germanic **hunduz*, from Latin *canis*" }, { "word": "water", "ipa": "/wtr/", "etymology": "Old English *wter* (from Proto-Germanic **watr*), from Latin *aqua*, from Proto-Indo-European **akwa*" }, { "word": "book", "ipa": "/bk/", "etymology": "Old English *bc* (from Proto-Germanic **bok*), from Latin *codex*, from Greek *biblion*" }, { "word": "tree", "ipa": "/tri/", "etymology": "Old English *treow* (wood, tree), from Proto-Germanic **trauw*, from Latin *arbor"* }
Error: Extra data: line 1 column 195 (char 194)

Time: 2025-05-14 16:09:26.195151
Content: { "word": "apple", "ipa": "/pl/", "etymology": "Old English ppel, from Proto-Germanic *apalam, from Latin malum" }, { "word": "banana", "ipa": "/bnen/", "etymology": "Spanish banana, from Portuguese bananeira (tree), ultimately from Malay bunyat, from Tamil vannan" }, { "word": "beauty", "ipa": "/bjut/", "etymology": "Old French belt, from Latin bellus (handsome, pretty), ultimately from Greek bellos (fairly spoken)" }, { "word": "coconut", "ipa": "/kknt/", "etymology": "Portuguese coco-nut, from Malay kelapa (coconut) + nut (nut)" }, { "word": "elephant", "ipa": "/lfnt/", "etymology": "Old French elephant, from Latin elefans, from Greek elephas" }, { "word": "jaguar", "ipa": "/dwr/", "etymology": "Spanish jaguar, from Tupi yaguara (legendary animal), ultimately from tupi y-akwa'ra (genie of the water)" }, { "word": "lion", "ipa": "/lan/", "etymology": "Old English hlf, from Proto-Germanic *hluwin-, from Latin le" }, { "word": "monkey", "ipa": "/mki/", "etymology": "Middle English monk, from Old North French moncei, ultimately from Latin monachus (a monk)" }, { "word": "orange", "ipa": "/rnd/", "etymology": "Middle English orang, from Old French oranj, from Arabic naranjan, ultimately from Sanskrit naranga" }, { "word": "penguin", "ipa": "/penwn/", "etymology": "Dutch peningo, from Portuguese peixe-mimbre (fish with a board), ultimately from Tupi pen-quim or penquim (ready to slide)" }, { "word": "python", "ipa": "/pan/", "etymology": "Greek pythn, plural of python (serpent)" }
Error: Extra data: line 1 column 115 (char 114)

Time: 2025-05-14 16:09:54.271604
Content: { "word": "hello", "ipa": "/hlo/", "etymology": "Old English hlian (from Proto-Germanic *khaln-, meaning 'whole' or 'healthy'), via Old Norse holla, from the Proto-Indo-European root *ghele- (to call)." }, { "word": "good", "ipa": "/ud/", "etymology": "Old English godu, from Proto-Germanic *guthaz, from Proto-Indo-European *ghodi- (to be pleasing)." }, { "word": "example", "ipa": "/zmpl/", "etymology": "Latin exemplum (example, pattern), from ex (out) + emere (take out), meaning 'taken out for inspection'." }, { "word": "technology", "ipa": "/teknldi/", "etymology": "Greek techn (art, craft) + -logia (study of), influenced by Greek tekhntikos (pertaining to arts or skills)." }, { "word": "phonology", "ipa": "/fnldi/", "etymology": "Greek phne (voice, sound) + -logia (study of)." }
Error: Extra data: line 1 column 205 (char 204)

Time: 2025-05-14 16:10:03.971714
Content: { "word": "hello", "ipa": "/hl/", "etymology": "Old English *hl, hail* from Proto-Germanic **khaeln* (cf. Dutch *hallo*, German *Hallo*), possibly imitative of a call." }, { "word": "friend", "ipa": "/frnd/", "etymology": "Old English *freond* from Proto-Germanic **frijand-*, akin to Old Norse *frndr*, Dutch *vriend*, Old High German *fro* (from PIE root *dhey-* 'to love')." }, { "word": "happy", "ipa": "/hpi/", "etymology": "Old English *hpig* from Proto-Germanic **haibga-z*, akin to Old Norse *happr* and Dutch *gelukkig*. It derives from the PIE root **smY* 'to be pleased, to be well'." }, { "word": "example", "ipa": "/gzmpl/", "etymology": "Late Latin *exemplum*, noun use of neuter singular of *exemplum* 'sample, pattern', from Latin *ex-* 'out' + *emplere* 'to fill up'. The ultimate origin is uncertain." }, { "word": "today", "ipa": "/todi/", "etymology": "Old English *se a-dg*, genitive of *de* 'day' from Proto-Germanic **dagaz* (cf. Dutch and German *vandaag*), ultimately from Latin *dies*." }, { "word": "good", "ipa": "/ud/", "etymology": "Old English *god*, from Proto-Germanic **gutha-*, akin to Old Norse and Gothic *gu*. It comes from the PIE root **gheu-(e)d-* 'to call, invoke YEMENI deities'. Cognate with Sanskrit *havis* (sacrificial offering)." }, { "word": "nice", "ipa": "/nas/", "etymology": "Origin uncertain; perhaps an alteration of Dutch *neuwen* 'to renew, freshen', from Middle Dutch *nieuw* 'new'. It's also connected to Old French *nus*, meaning 'ignorant, simple-minded', and ultimately to Latin *nvus*." }
Error: Extra data: line 1 column 171 (char 170)

Time: 2025-05-14 16:10:26.811038
Content: { "word": "quarantine", "ipa": "/kwrntn/", "etymology": "From the Latin 'quarentine', derived from 'quaranta' (forty) due to its original use as a 40-day period for isolation during epidemics." }, { "word": "vaccination", "ipa": "/vksinean/", "etymology": "From the Latin 'vacca' (cow), as early vaccines were derived from cowpox, and '-ation', a suffix meaning 'a process of making or causing something to be'. The word was popularized by Edward Jenner." }, { "word": "phonology", "ipa": "/fnldi/", "etymology": "From the Greek 'phone' (voice) and 'logos' (study), combined with '-ology', a suffix meaning 'the study of'. Phonology is the study of speech sounds and their systematic use and modification." }
Error: Extra data: line 1 column 196 (char 195)

Time: 2025-05-14 16:10:36.652207
Content: { "word": "banana", "ipa": "/bnn/", "etymology": "From the Bentan language (West Africa), *b?n?n?, meaning 'finger, fingerlike'. The word was first recorded in English around 1621." }, { "word": "hello", "ipa": "/hl/", "etymology": "Originally comes from Old English *hl, meaning 'health' or 'wholeness'. The greeting is a contraction of the phrase 'All hail', which was used as a salutation in medieval times." }, { "word": "pizza", "ipa": "/pts/", "etymology": "From Italian *pizze, plural of *pizza, originally a Neapolitan word. It comes from the Latin *picea, meaning 'pie'." }, { "word": "toast", "ipa": "/tst/", "etymology": "Originates from Old Norse *tost, meaning 'piece of dry, hard bread'. It was borrowed into Middle English as *toste and later adapted to its current form." }, { "word": "beauty", "ipa": "/bjuti/", "etymology": "From the Old French *belt, which comes from Latin *bellus, meaning 'handsome' or 'pretty'. The term can be traced back to the Proto-Indo-European root *bhuel-, also seen in Greek  (kalos) and Sanskrit  (su), both meaning 'beautiful'." }, { "word": "robot", "ipa": "/rbt/", "etymology": "Derived from the Czech word *robotnk, which comes from the Slavic root *rabota, meaning 'work'. It was introduced to English by Karel apek's 1920 play Rossum's Universal Robots." }, { "word": "cannibal", "ipa": "/knbl/", "etymology": "From the Spanish and Portuguese words *canbal and canibl, respectively. These words come from the Tupi-Guarani language *kaniba'bo'ra, meaning 'cannibal'. It refers to a person who eats human flesh." }, { "word": "snow", "ipa": "/snou/", "etymology": "From Old English *snaw, which comes from Proto-Germanic *snawwaz and Proto-Indo-European *sne-, meaning 'to sparkle'. The word has been used in English since around the 9th century." }, { "word": "alien", "ipa": "/lin/", "etymology": "Derived from Latin *alienus, meaning 'foreign, belonging to another'. It comes from the Proto-Indo-European root *ali-, meaning 'different' or 'other'." }, { "word": "penguin", "ipa": "/pnwn/", "etymology": "From Dutch *pengun, which comes from the Portuguese and Galician word *pingim, originating from the Araucanian language of Chile. The original meaning is unclear but may have referred to their waddling walk." }, { "word": "camera", "ipa": "/kmr/", "etymology": "From Latin *camera, which means 'room' or 'chamber'. The term was used in classical architecture to refer to the room where a camera obscura was often placed." }
Error: Extra data: line 1 column 184 (char 183)

Time: 2025-05-14 16:20:52.620261
Content: { "word": "happy", "ipa": "/hpi/", "etymology": "Old English *hap(p)ian, happig; related to Old Norse *happr, Old High German *hapfon; akin to Old English *hafen to hold; see haft" } { "word": "cake", "ipa": "/kk/", "etymology": "Middle English: from Old Norse kaka, of uncertain origin" } { "word": "orange", "ipa": "/rnd/", "etymology": "Early 15c., from Old French orangier (Modern French orange), from Medieval Latin citrus aurantium, literally 'golden fruit', from Arabic naranj; originally a type of citrus tree, now the fruit itself" } { "word": "moon", "ipa": "/mun/", "etymology": "Old English mna, from Proto-Germanic *mona- (source also of Old Norse mni, Old Frisian muni, Dutch maan, German Mond), possibly akin to Latin luna, Sanskrit srya-msa-, both ultimately from the root *men(e) "to measure" in the sense of "be full (of water)." The month was named after the phases of the moon." } { "word": "lion", "ipa": "/lan/", "etymology": "Old English hlf, from Proto-Germanic *hlbijn (source also of Old Norse lemr, Old Frisian liun, Middle Dutch lwe, Dutch leeuw, German Lwe, Gothic hlaufs), possibly imitative." }
Error: Extra data: line 1 column 184 (char 183)

Time: 2025-05-14 16:21:24.448052
Content: { "word": "apple", "ipa": "/pl/", "etymology": "Old English ppel (from Proto-Germanic *bala), from Latin malum, possibly from Old Persian abul, all referring to the same word for 'apple'." }, { "word": "banana", "ipa": "/bnn/", "etymology": "From Portuguese banana, from Tupi-Guarani (spoken by indigenous peoples of Brazil) 'bananar', a type of plantain. The Spanish and Portuguese names derive from the Tano name 'banna'" }, { "word": "cactus", "ipa": "/kakts/", "etymology": "From Latin cactus, a Mediterranean plant unrelated to New World cacti. The Latin term is thought to be of unknown origin or a borrowing from an extinct Semitic language such as Phoenician" }, { "word": "cucumber", "ipa": "/kjukbmr/", "etymology": "From Old English cuccumbere, from Latin cucumis, a cognate of Sanskrit kakumbara, all ultimately from the Proto-Indo-European root *seg-, 'to excavate' or 'to dig'" }, { "word": "dog", "ipa": "/d/", "etymology": "From Old English docga, from Proto-Germanic *dukaz, from Proto-Indo-European *du- 'to lead' (cognate with Latin dux, Greek axn), perhaps in the sense of 'guide' or 'protector'" }
Error: Extra data: line 1 column 191 (char 190)

Time: 2025-05-14 16:23:55.632997
Content: { "word": "hello", "ipa": "/hl.o/", "etymology": "Old English *hl, hlgost* (greeting) or *halian* (to heal), from Proto-Germanic **halln* (greeting) or **khaln*, from Proto-Indo-European **ghel-* (to call, shout)" }, { "word": "cat", "ipa": "/kt/", "etymology": "Old English *cattu* or *catu*, from Late Latin *cattus* (domestic cat), from Greek *katharos* (pure)" }, { "word": "dog", "ipa": "/dg/", "etymology": "Old English *hundu*, from Proto-Germanic **hunduz*, from Latin *canis*" }, { "word": "house", "ipa": "/has/", "etymology": "Old English *hus* (domestic building), from Proto-Germanic **huson* (house), from Proto-Indo-European **kuos*, **kuwos*" }, { "word": "book", "ipa": "/bk/", "etymology": "Old English *bc*, from Latin *codex* (a type of bound notebook)" }, { "word": "car", "ipa": "/kr/", "etymology": "Latin *carrus* (wheel, wagon), derived from Greek *kharros* (cart), from PIE **kwer-*, wheel" }, { "word": "fruit", "ipa": "/frjut/", "etymology": "Old English *frte*, from Latin *fructus* (the fruit of a tree), from Proto-Indo-European **bhreud-, bhreut-* (to produce, grow)" }, { "word": "bird", "ipa": "/brd/", "etymology": "Old English *brd*, from Latin *avis*, *avus* (a bird), from Proto-Indo-European **bhr-*, **bheir-* (to carry in the arms, bear young)" }, { "word": "wine", "ipa": "/wan/", "etymology": "Old English *win* or *weoh* (beverage made from grapes), from Latin *vinum*, from Proto-Indo-European **ueid-* (grape juice)" }
Error: Extra data: line 1 column 216 (char 215)

Time: 2025-05-14 16:24:14.454721
Content: { "word": "antagonist", "explanation": "A character in a story or play who wants to stop the main character from achieving their goal.", "contextual_meaning": "In this sentence, 'antagonist' refers to a character that the studio struggles to conceptualize because they are invisible (implied by 'they couldn't see').", "example_sentences": [ "'The Joker' is the antagonist in many Batman stories. He often tries to create chaos and thwart Batman's efforts to maintain peace in Gotham City.', 'In Romeo and Juliet, Tybalt is an antagonist towards Romeo because of their feuding families.' ] }
Error: Unterminated string starting at: line 1 column 343 (char 342)

Time: 2025-05-14 16:24:39.788683
Content: { "word": "banana", "ipa": "/bnn/", "etymology": "From the Portuguese word 'banana', which comes from the Latin word 'bananus'. The exact origin of the term is unclear, but it may have been derived from the Talavera dialect, spoken in the Castilian region of Spain." }, { "word": "lemon", "ipa": "/lmn/", "etymology": "From Old French 'limon', which comes from the Latin word 'citrus limon'. The word 'citrus' is a modern term for the citrus family, derived from the Greek word ' (ktron)', meaning pomegranate." }, { "word": "elephant", "ipa": "/lfnt/", "etymology": "From Old French 'elephante', which comes from Latin 'elephantus'. The root of the word is the Greek word ' (Elephantios)', meaning ivory-colored or elephant-like." }, { "word": "pizza", "ipa": "/pts/", "etymology": "From Italian 'pizza', which is derived from the Latin word 'picea' meaning 'magpie'. The magpie was a type of pie that had many different ingredients, much like pizza." }, { "word": "cactus", "ipa": "/kakts/", "etymology": "From Latin 'cactus', which comes from the Greek word ' (kaktos)', meaning spiny or sharp. It is believed to be derived from a Semitic root word, such as Akkadian 'qachatu' or Hebrew 'qatsir'." }, { "word": "avocado", "ipa": "/vkd/", "etymology": "From Spanish 'aguacate', which comes from Nahuatl 'huacatl'. The exact origin of the word is unclear, but it may be derived from the Aztec language and is related to the word for testicle due to its shape." }, { "word": "hamburger", "ipa": "/hmbrr/", "etymology": "A compound word derived from 'ham' (from Old English 'heam') and 'burger' (from German 'Brger', meaning citizen or townspeople). The term is first recorded in the U.S. during the late 19th century." }, { "word": "waffle", "ipa": "/wfl/", "etymology": "From Dutch 'wafel', which comes from the Middle Dutch word 'wafele'. The exact origin of the word is unclear, but it may be derived from a term for the woven pattern on the surface of the waffle." }, { "word": "quinoa", "ipa": "/kinw/", "etymology": "From the Quechua word 'kinwa', which means a small cultivated seed. The exact origin of the English term is unclear, but it was likely introduced to Europe via the Spanish language in the 16th century." }
Error: Extra data: line 1 column 269 (char 268)

Time: 2025-05-14 20:04:51.725090
Content: { "word": "thread", "ipa": "/rd/", "etymology": "Old English trowian (from Proto-Germanic *treudn), from Proto-Indo-European *dhreu- (a cord, rope)" }, { "word": "needle", "ipa": "/nidl/", "etymology": "Old English nodel (from Old Norse nillr), from Proto-Germanic *naitilaz, from Proto-Indo-European *ne-id-la (pointed tool)" }
Error: Extra data: line 1 column 151 (char 150)

Time: 2025-05-14 20:05:03.983872
Content: { "word": "thread", "ipa": "/rd/", "etymology": "Old English dratan (from Old Norse drja) from Proto-Germanic *drd-, *drut- meaning 'to draw, to move forward'." }, { "word": "needle", "ipa": "/nidl/", "etymology": "Old English niedel (from Latin acus, akin to Greek akme) meaning 'point, sharp instrument', ultimately from the Proto-Indo-European root *akw- 'sharp'." }
Error: Extra data: line 1 column 163 (char 162)

Time: 2025-05-14 20:05:10.669444
Content: { "word": "thread", "ipa": "/rd/", "etymology": "Old English 'threogan' from Proto-Germanic '*thraud-, *threud-' meaning 'way, track', related to Old Norse 'rauda' and Dutch 'draden'" }, { "word": "needle", "ipa": "/nidl/", "etymology": "Old English 'nodel' from Latin 'nebulum', which is the diminutive of 'nebula' meaning 'cloud, mist'. It was so called because its point resembled the point of a cloud or a misty vapor" }
Error: Extra data: line 1 column 186 (char 185)

Time: 2025-05-15 20:46:49.813075
Content: { "word": "provider", "ipa": "/prvdr/", "etymology": "Latin *providere*, from *pro-* ('for, on behalf of') + *videre* ('to see'). The original sense of the word was 'to look or take care beforehand', which later developed into 'to supply with provisions'. The meaning evolved further to denote one who provides something needed, such as a person or entity that gives professional services." } { "word": "taxes", "ipa": "/tks/", "etymology": "Old English *cg*, from Old Norse *skat* (from Proto-Germanic **skath*), and ultimately from Greek  (*taxis*) or Latin *tributum*. The word originally referred to a tribute, levy, or payment imposed by authority. Over time, it came to mean any compulsory contribution to state revenue." }
Error: Extra data: line 1 column 394 (char 393)

Time: 2025-05-15 20:46:55.568065
Content: { "word": "provider", "ipa": "/prvdr/", "etymology": "Old French *provedeor*, from the Latin *providere* (to look beforehand, provide for) + -er (suffix indicating agent)" } { "word": "taxes", "ipa": "/tksz/", "etymology": "Old English *tacas*, from Latin *tributum* (a fixed amount paid to a ruler by a subject)" }
Error: Extra data: line 1 column 175 (char 174)

Time: 2025-05-15 20:47:01.094366
Content: { "word": "provider", "ipa": "/prvdr/", "etymology": "Latin *providere* (to foresee, prepare beforehand) + -er (agent suffix)" } { "word": "taxes", "ipa": "/tksiz/", "etymology": "Old English *ceg* (duty, tribute) + Middle English *axe* (tax), from Latin *tangere* (to touch)" }
Error: Extra data: line 1 column 130 (char 129)

Time: 2025-05-15 20:47:55.684489
Content: { "word": "golden", "ipa": "/ldn/", "etymology": "Old English *geolde* (genitive plural of *geold*), from Proto-Germanic **gulaz*, from Proto-Indo-European **ghel-dh-* (bright shining, yellow), cognate with Latin *aureus* and Greek  (*chryss*)." }, { "word": "dome", "ipa": "/dom/", "etymology": "Old French *dom(e)*, from Latin *domus* (house), akin to Sanskrit *dhman-* (dwelling, house)." }
Error: Extra data: line 1 column 248 (char 247)

Time: 2025-05-15 20:48:04.418756
Content: { "word": "golden", "ipa": "/ldn/", "etymology": "Old English *gulden*, from Proto-Germanic **gulon* (source also of Dutch goud and German gold), from Proto-Indo-European **gel-dh*-, source also of Hittite kessar (gold)" }, { "word": "dome", "ipa": "/dm/", "etymology": "Old English *dom* (n.) \"judgment,\" from Proto-Germanic **domaz* (source also of Old Norse domr, Old Saxon dom, Dutch dom, German Dom, Gothic  *doms*), from Latin *iudicare* \"to judge,\" from PIE *dheu-g-(o)- \"to divide,\" related to Greek  (diakopte) \"I cut off by dividing,\"" }
Error: Extra data: line 1 column 223 (char 222)

Time: 2025-05-15 20:48:10.793566
Content: { "word": "golden", "ipa": "/oldn/", "etymology": "Old English *geolu* (genitive *geolde*), from Proto-Germanic **geludn*, from Proto-Indo-European **ghel-* (bright)" }, { "word": "dome", "ipa": "/dom/", "etymology": "Old English *doma*, from Old Norse *domr* or Latin *domus* (house), both ultimately deriving from Proto-Indo-European **domos* (family, house)" }
Error: Extra data: line 1 column 169 (char 168)

Time: 2025-05-15 20:58:06.393962
Content: { "word": "golden", "ipa": "/uldn/", "etymology": "Old English *gulden*, from Proto-Germanic **gulthn* (source also of Dutch goud and German Gold), from Latin *aurum*." }, { "word": "dome", "ipa": "/dum/", "etymology": "Old English *doma*, from Old Norse *dmr*, from Proto-Germanic **damuz* (source also of German Dom). Originally meant 'judgment' or 'decision', but later came to mean a church building. The term is derived from the Latin word for judgment, *iudicium*. " }
Error: Extra data: line 1 column 171 (char 170)

Time: 2025-05-15 20:58:14.530577
Content: { "word": "golden", "ipa": "/oldn/", "etymology": "Old English gold 'yellow metal, precious metal', from Proto-Germanic *gulthaz (source also: Old Norse gull, Old Frisian gulla, Dutch goud, German Gold), from PIE *ghel-d-lo- 'yellow', from root *gel- (1) 'yellow'" }, { "word": "dome", "ipa": "/dm/", "etymology": "Middle English (in the sense 'a building for judicial purposes'): from Old French dome, dom(e), from Latin domus 'house', via Vulgar Latin dominus domus 'lord's house'. In the sense 'judgement or decision by a court', from Old French dome, shortened form of droit de doom 'right to judgement', from Old Norse domr 'law'; see dom(e)" }
Error: Extra data: line 1 column 267 (char 266)

Time: 2025-05-15 20:58:21.889559
Content: { "word": "golden", "ipa": "/ldn/", "etymology": "Old English *gulden*, from Proto-Germanic **golthn* (source also of Old Norse *gull* 'gold'), from Proto-Indo-European **gel-do*- (source also of Sanskrit *hira-y-* 'gold' and Ancient Greek ** _chrysos_ 'gold')." }, { "word": "dome", "ipa": "/dum/", "etymology": "From Old French *dom*, from Latin *dominus* 'master, lord'. Originally in Middle English meant a judgment or sentence (rendered as Anglo-Norman *doom*), later senses evolved to include the building where judgments are made." }
Error: Extra data: line 1 column 265 (char 264)

Time: 2025-05-15 21:01:30.463774
Content: Some Republicans are starting to worry that their own BBB President Donald Trump's "big, beautiful bill" could face the same fate.
Error: No JSON structure in contextual response

Time: 2025-05-15 21:01:47.683509
Content: To avoid an implosion, House Speaker Mike
Error: No JSON structure in contextual response

Time: 2025-05-15 21:02:09.139556
Content: { "sentence": "'I'm hopeful we can get there in the timeframe but if not, I'd be really seriously concerned on what the actual Plan B is, because I haven't heard about it,' said Rep. Cory Mills, R-Fla.", "paraphrase": ""I think we'll probably make it by the deadline, but if we don't, I'm very worried about having a backup plan, as I haven't been informed about one."", "grammar": "This sentence is a complex statement containing several clauses linked by conjunctions. Specifically:\n* **Independent Clause 1:** 'I'm hopeful we can get there in the timeframe'  Expresses a desire or expectation.\n* **Conjunction:** 'but'  This is a coordinating conjunction joining two independent clauses.\n* **Independent Clause 2:** 'if not, I'd be really seriously concerned on what the actual Plan B is'  Introduces a conditional statement expressing worry and specifying the desired information.\n* **Phrases:** 'really seriously concerned' (a prepositional phrase modifying 'concerned'), 'what the actual Plan B is' (a noun clause acting as the object of 'concerned').\n* **Subordinate Clause:** 'because I haven't heard about it'  A subordinate clause explaining the reason for the concern. 'it' refers back to 'Plan B'.", "meaning": "Rep. Cory Mills expresses optimism about achieving a goal within a set timeframe. However, he emphasizes his concern and requests clarification regarding a contingency plan (Plan B). His lack of prior knowledge about this plan drives his worry, suggesting a lack of preparedness or communication regarding alternative strategies. The statement highlights a desire for proactive planning and open communication within a potentially critical situation." }
Error: Expecting ',' delimiter: line 1 column 221 (char 220)

Time: 2025-05-15 21:02:20.101293
Content: It's a messy equation that will almost certainly require Trump's intervention
Error: No JSON structure in contextual response

Time: 2025-05-15 21:02:32.950946
Content: Democrats are dangling a bipartisan fallback plan
Error: No JSON structure in contextual response

Time: 2025-05-15 21:07:42.417183
Content: Some Republicans are starting to worry that their own BBB President Donald Trump's 'big, beautiful bill' could face the same fate.
Error: No JSON structure in contextual response

Time: 2025-05-15 21:08:10.502199
Content: To avoid an implosion, House Speaker Mike
Error: No JSON structure in contextual response

Time: 2025-05-15 21:14:19.568358
Content: To avoid an implosion, House Speaker Mike
Error: No JSON structure in contextual response

Time: 2025-05-15 21:15:39.594126
Content: { "word": "provider", "ipa": "/prvdr/", "etymology": "Old French <i>provedre</i> (from Latin <i>providere</i>, meaning 'to foresee, prepare')" } { "word": "taxes", "ipa": "/tksiz/", "etymology": "Old English <i>teag</i> (from Latin <i>tangere</i>, meaning 'to touch')" }
Error: Extra data: line 1 column 146 (char 145)

Time: 2025-05-15 21:15:45.642481
Content: { "word": "provider", "ipa": "/prvdr/", "etymology": "Old French *proveditor, provediteur* (from Latin *providere*), meaning 'to supply, furnish, prepare beforehand'." }, { "word": "taxes", "ipa": "/tksz/", "etymology": "Old English *teag*, from Old Norse *tek* or Middle Dutch *teghe*, from Latin *tributum* (a share, tribute), ultimately from the PIE root *deik-* 'to show'." }
Error: Extra data: line 1 column 170 (char 169)

Time: 2025-05-15 21:16:32.622881
Content: { "word": "golden", "ipa": "/ldn/", "etymology": "Old English gold + en (from Old Norse gullin, from gull gold)" }, { "word": "dome", "ipa": "/dom/", "etymology": "Old English dm (derived from Proto-Germanic *domiz and ultimately from Latin iudicium)" }
Error: Extra data: line 1 column 115 (char 114)

Time: 2025-05-15 21:16:39.347803
Content: { "word": "golden", "ipa": "/oldn/", "etymology": "Old English *gulden* (adjective), from Proto-Germanic **gulon-*, from Proto-Indo-European **gel-(h)2dh-no-* (bright, shining, yellow)." }, { "word": "dome", "ipa": "/dom/", "etymology": "Middle English *dom(e)*, from Old French *dom* (fortress, palace), from Latin *dominus* (master, lord). In this context, it refers to a building serving as the seat of government or a place of worship." }
Error: Extra data: line 1 column 189 (char 188)

Time: 2025-05-15 21:16:45.997652
Content: { "word": "golden", "ipa": "/ldn/", "etymology": "Old English gold 'yellow metal, money', from Proto-Germanic *gulthan (source also of Old Norse gull 'gold', Dutch goud, German Gold), from Proto-Indo-European *ghel- (1) 'yellow'." }, { "word": "dome", "ipa": "/dm/", "etymology": "From Old English domas, from Late Latin dominium 'lordship, government', from Latin dominus 'master'. The sense development is through the influence of Old French dome 'royal power, empire'." }
Error: Extra data: line 1 column 233 (char 232)

Time: 2025-05-15 21:24:44.832545
Content: To avoid an implosion, House Speaker Mike
Error: No JSON structure in contextual response

Time: 2025-05-15 21:28:30.200871
Content: The party doesn't have to look back far for its nightmare scenario.
Error: No JSON structure in contextual response

Time: 2025-05-15 21:29:21.860999
Content: It's a messy equation that will almost certainly require Trump's intervention
Error: No JSON structure in contextual response

Time: 2025-05-15 21:29:35.655823
Content: It's a fair bet that [Republicans are] not going to be able to get
Error: No JSON structure in contextual response

Time: 2025-05-15 21:29:48.324970
Content: 'Would they rather sink in the middle of the ocean and bring us all down together? Or look to Democrats and say, 'Hey, let's row together'
Error: No JSON structure in contextual response

Time: 2025-05-15 21:30:00.808427
Content: 'They don't want to work in a bipartisan way'
Error: No JSON structure in contextual response

Time: 2025-05-15 21:30:19.407272
Content: { "sentence": "In its current form, I can't support it," echoed Freedom Caucus Chair Andy Harris, R-Md.", "paraphrase": "Representative Andy Harris said he wouldn't back the proposal as it stands now.", "grammar": "This sentence is a direct quote. It uses a reported speech structure. Key elements include: 'In its current form, I can't support it'  This is a declarative sentence expressing a refusal. 'echoed'  This is a participle verb indicating the action of repeating the statement. 'Freedom Caucus Chair Andy Harris, R-Md.'  This is an appositive phrase identifying the speaker and his political affiliation (Republican, representing Maryland). The commas separate the appositive from the main clause.", "meaning": "This sentence represents Andy Harris's explicit rejection of a proposed action or plan. He, as the leader of the Freedom Caucus (a conservative group within the US Congress), is voicing his opposition. The phrase 'in its current form' suggests he requires changes or modifications to the proposal before he would offer his support. It highlights a disagreement within a political body, suggesting a specific policy or decision is being contested." }
Error: Expecting ',' delimiter: line 1 column 58 (char 57)

Time: 2025-05-15 21:30:35.652132
Content: { "sentence": "They don't want to work in a bipartisan way I've seen no evidence. None," scoffed Sen. Ron Wyden, D-Ore.", "paraphrase": "They're not trying to find common ground with Republicans, and I haven't found any proof of that. I completely disagree.", "grammar": "This sentence is a complex one with several embedded elements. It contains a main clause ('They don't want to work in a bipartisan way') and a direct quote ('None," scoffed Sen. Ron Wyden, D-Ore.') functioning as an appositive phrase. The 'None' is an expletive used to emphasize disagreement and draw attention to the speaker's disbelief. The entire quote is set off by quotation marks and followed by the speaker's title and state affiliation, indicating who is speaking and their political affiliation.", "meaning": "Sen. Wyden is expressing strong skepticism and disagreement regarding any attempts at bipartisan collaboration. The 'None' emphasizes his complete lack of evidence supporting the idea. He's essentially dismissing the possibility of cooperation and signaling his frustration with what he perceives as a lack of genuine effort from the opposing party (Republicans). The tone is dismissive and perhaps slightly scornful." }
Error: Expecting ',' delimiter: line 1 column 90 (char 89)

Time: 2025-05-15 21:30:47.517675
Content: That's not going to pass.
Error: No JSON structure in contextual response

Time: 2025-05-15 21:31:34.305095
Content: It's not even remotely in the range of what we should be talking about.
Error: No JSON structure in contextual response

Time: 2025-05-15 21:32:05.468147
Content: Room for Disagreement Trump is widely expected to strong-arm
Error: No JSON structure in contextual response

Time: 2025-05-15 21:32:18.099778
Content: It's the speaker's job to get this done.
Error: No JSON structure in contextual response

Time: 2025-05-15 21:32:37.688146
Content: { "sentence": "It's the speaker's job to get this done," Rep. Pete Sessions, R-Texas, said.", "paraphrase": "Representative Pete Sessions, a Republican from Texas, believes it's his responsibility to complete this task.", "grammar": "This sentence is a direct quote. It's a complex sentence consisting of: \n* **Independent Clause:** \"It's the speaker's job to get this done.\" (Subject: 'It'  a dummy pronoun referring to a speaker; Verb: 'is' (linking verb) + 'the speaker's job'; Object: 'to get this done') \n* **Appositive Phrase:** 'Rep. Pete Sessions, R-Texas'  This provides additional identifying information about the speaker, functioning as an appositive.\n* **Attribution Phrase:** 'said'  This is a finite verb indicating the action of speaking.", "meaning": "This sentence reports a direct statement made by Representative Pete Sessions. He is asserting his role or obligation  that it is *his* responsibility to successfully complete a task or action that isn't explicitly defined in the surrounding text. The 'R-Texas' indicates his political affiliation and location. The statement likely relates to a specific political debate or issue where a speaker's role is being discussed." }
Error: Expecting ',' delimiter: line 1 column 58 (char 57)

Time: 2025-05-15 21:33:25.712121
Content: { "word": "golden", "ipa": "/oldn/", "etymology": "Old English guldan, from Old Norse gulltun, from gull (gold) + tuni (wall, enclosure)" }, { "word": "dome", "ipa": "/dom/", "etymology": "Middle English dome, from Old French dame, from Latin domus (house), used as a term for the seat of government or court" }
Error: Extra data: line 1 column 140 (char 139)

Time: 2025-05-15 21:33:31.694003
Content: { "word": "golden", "ipa": "/ldn/", "etymology": "Old English gold, from Proto-Germanic *gulaz, from Proto-Indo-European *ghel- (shining, yellow) + -d-, a suffix forming adjectives in Old English" }, { "word": "dome", "ipa": "/dm/", "etymology": "Old English dom, from Proto-Germanic *domuz (judgment) + -e (suffix forming nouns)" }
Error: Extra data: line 1 column 199 (char 198)

Time: 2025-05-15 21:33:38.563704
Content: { "word": "golden", "ipa": "/ldn/", "etymology": "Old English *geolden* (adjective), derived from Proto-Germanic **gulaz* (from Proto-Indo-European **glew-dh-*, cognate with Latin *aureus* and Sanskrit *hIranya*), meaning 'yellow, golden'" }, { "word": "dome", "ipa": "/dom/", "etymology": "Old English *doma*, from Proto-Germanic **domaz* (from the Proto-Indo-European root **dem-, *day* or *settle*), meaning 'judgment, verdict; building used for holding court'" }
Error: Extra data: line 1 column 242 (char 241)

Time: 2025-05-15 21:45:18.056515
Content: The party doesn't have to look back far for its nightmare scenario.
Error: No JSON structure in contextual response

Time: 2025-05-15 21:45:44.189591
Content: To avoid an implosion, House Speaker Mike
Error: No JSON structure in contextual response

Time: 2025-05-15 21:46:05.734731
Content: { "sentence": "'I'm hopeful we can get there in the timeframe but if not, I'd be really seriously concerned on what the actual Plan B is, because I haven't heard about it,' said Rep. Cory Mills, R-Fla.", "paraphrase": ""I think we might make it by the set deadline, but if we don't, I'm very worried about having a backup plan, and I haven't been informed about one."", "grammar": "The sentence is a complex statement containing several clauses and phrases. It's structured as follows:\n* **Main Clause:** 'I'm hopeful we can get there in the timeframe.' (Independent clause  expresses a primary belief).\n* **Conjunctive Adverb Clause:** 'but if not' (Introduces a contrasting condition).\n* **Subordinate Clause of Concern:** 'I'd be really seriously concerned on what the actual Plan B is' (Expresses the speaker's reaction to a potential failure).\n* **Relative Clause:** 'because I haven't heard about it' (Explains the reason for the concern  lack of information).\n* **Reporting Verb Phrase:** 'said Rep. Cory Mills, R-Fla.' (Introduces the speaker and the quote).", "meaning": "Rep. Mills expresses optimism about achieving a goal by a specific deadline, but simultaneously reveals significant anxiety. His concern stems from the fact that he hasn't been provided with or informed about a contingency plan (Plan B). This suggests a lack of preparedness and highlights a potential vulnerability in the situation. He's not simply questioning the timeline; he's voicing a worry about the lack of a fallback strategy." }
Error: Expecting ',' delimiter: line 1 column 221 (char 220)

Time: 2025-05-15 21:46:35.799054
Content: It's a messy equation that will almost certainly require Trump's intervention
Error: No JSON structure in contextual response

Time: 2025-05-15 21:46:48.140173
Content: It's a fair bet that [Republicans are] not going to be able to get
Error: No JSON structure in contextual response

Time: 2025-05-15 21:47:00.994477
Content: "It's not just me, there's a lot of us" pushing for that
Error: No JSON structure in contextual response

Time: 2025-05-15 21:47:13.983052
Content: "In its current form, I can't support it"
Error: No JSON structure in contextual response

Time: 2025-05-15 21:47:26.870668
Content: That's not going to pass.
Error: No JSON structure in contextual response

Time: 2025-05-15 21:47:55.662908
Content: Perhaps the biggest problem for Johnson and Thune right now, though, is conservatives pushing for deeper spending cuts when the existing bill's cuts inordinately hit Medicaid.
Error: No JSON structure in contextual response

Time: 2025-05-15 21:48:08.869918
Content: If they don't want to cut spending, it's going to be hard to support
Error: No JSON structure in contextual response

Time: 2025-05-15 21:48:20.952626
Content: It will take a similar show of force, and the moxie required to stand up to one's own leaders, for critics of the "big, beautiful bill" to truly stop it.
Error: No JSON structure in contextual response

Time: 2025-05-15 21:48:33.356992
Content: 'It's the speaker's job'
Error: No JSON structure in contextual response

Time: 2025-05-15 21:48:45.674166
Content: 'They wrote me off a long time ago'
Error: No JSON structure in contextual response

Time: 2025-05-15 21:49:06.084220
Content: { "sentence": "It's the speaker's job to get this done," Rep. Pete Sessions, R-Texas, said.", "paraphrase": "The responsibility falls on the Speaker to complete this task.", "grammar": "This sentence is a direct quote. It consists of several elements: \n* **'It's the speaker's job'**: This is a core clause expressing obligation. 'It' refers back to a previously mentioned or implied task. 'Speaker' is a noun phrase referring to the presiding officer of a legislative body (likely the House or Senate). 'Job' is a noun here, indicating a duty or task.\n* **'to get this done'**: This is an infinitive phrase acting as the object of 'job'. 'Get' is the verb, and 'this' refers back to a prior reference (likely a bill or proposal). 'Done' is the past participle, functioning as an adjective describing the state of completion.\n* **'Rep. Pete Sessions, R-Texas, said'**: This is an attributional phrase, identifying the speaker and their political affiliation. 'Rep.' is an abbreviation for 'Representative', 'R' stands for 'Republican', and 'Texas' indicates his congressional district. The entire phrase indicates that the following words are a direct quote of his statement.", "meaning": "This sentence reports a statement made by Representative Pete Sessions, a Republican from Texas. It indicates that he believes it is *his* responsibility, as the Speaker, to see a particular task completed. The sentence conveys both a directive and an assertion of authority." }
Error: Expecting ',' delimiter: line 1 column 58 (char 57)

Time: 2025-05-15 21:58:31.929828
Content: { "sentence": "'I'm hopeful we can get there in the timeframe but if not, I'd be really seriously concerned on what the actual Plan B is, because I haven't heard about it,' said Rep. Cory Mills, R-Fla.", "paraphrase": ""I think we might make it by the deadline, but if we don't, I'm very worried about having a specific backup plan, and I haven't been informed about one."", "grammar": "This sentence is complex and uses several grammatical features:\n\n* **Introducing Direct Speech:** The sentence begins with direct speech, indicated by the quotation marks and the attribution 'said Rep. Cory Mills, R-Fla.'\n* **Modal Verb 'I'm':** 'I'm' expresses hope and is a contraction of 'I am.'\n* **Conjunctive Adverbs:** 'But' acts as a coordinating conjunction to contrast the first part of the sentence with the second.\n* **Adverbial Phrase:** 'Really seriously concerned' is an emphatic adverbial phrase intensifying the feeling of worry.\n* **Prepositional Phrase:** 'On what the actual Plan B is' is a prepositional phrase modifying 'concerned,' indicating the object of worry.\n* **Subordinate Clause:** 'Because I haven't heard about it' is a subordinate clause explaining the reason for the concern  a lack of information.", "meaning": "Rep. Cory Mills expresses a cautious optimism regarding meeting a deadline (the 'timeframe'), stating that if this doesn't happen, he is profoundly concerned. His primary concern stems from the fact that he hasn't been provided with details about a contingency plan  'Plan B'. The statement highlights a lack of preparedness and suggests a potential lack of communication or oversight. It indicates a desire for a formal, documented backup strategy to be in place should the initial plan fail." }
Error: Expecting ',' delimiter: line 1 column 221 (char 220)

Time: 2025-05-15 21:59:05.116445
Content: It's a messy equation that will almost certainly require Trump's intervention
Error: No JSON structure in contextual response

Time: 2025-05-15 21:59:20.613669
Content: Democrats are dangling a bipartisan fallback plan
Error: No JSON structure in contextual response

Time: 2025-05-15 21:59:34.265189
Content: sink in the middle of the ocean and bring us all down together?
Error: No JSON structure in contextual response

Time: 2025-05-15 21:59:48.858086
Content: They don't want to work in a bipartisan way
Error: No JSON structure in contextual response

Time: 2025-05-15 22:00:09.002559
Content: { "sentence": "In its current form, I can't support it," echoed Freedom Caucus Chair Andy Harris, R-Md.", "paraphrase": "Andy Harris said he doesn't agree with it as it is right now.", "grammar": "This sentence is a direct quote. It consists of two main clauses joined by a comma. 'I can't support it' is a negative imperative construction expressing inability or refusal. 'In its current form' is an adverbial phrase modifying the verb 'support', indicating the condition under which support is denied.", "meaning": "This sentence is a direct quotation from Andy Harris, the head of the Freedom Caucus. He is expressing his opposition to something  likely a bill, proposal, or policy  stating that he will not back it if it remains in its existing state. The 'echoed' part indicates that this was a direct statement made by Harris, likely during a debate or discussion. The Freedom Caucus is known for its conservative and often dissenting views, so his statement reflects that group's tendency to oppose measures they deem insufficiently conservative." }
Error: Expecting ',' delimiter: line 1 column 58 (char 57)

Time: 2025-05-15 22:00:28.728257
Content: { "sentence": "They don't want to work in a bipartisan way I've seen no evidence. None," scoffed Sen. Ron Wyden, D-Ore.", "paraphrase": "They refuse to cooperate across party lines; I haven't found any proof to support this. Wyden expressed his disbelief and disagreement.", "grammar": "This sentence is a complex one, comprising multiple clauses and phrases. Specifically:\n* **Independent Clause 1:** 'They don't want to work in a bipartisan way'  This is a main clause stating a position.\n* **Independent Clause 2:** 'I've seen no evidence'  This is another main clause, acting as a response and explanation.\n* **Expletive 'None':** This is an expletive used for emphasis and to express disbelief or rejection.\n* **Quotative Clause:** 'scoffed Sen. Ron Wyden, D-Ore.'  This is a reporting verb clause, introducing a direct quote from Sen. Wyden, including his party affiliation and location.\n", "meaning": "Sen. Wyden is strongly rejecting the idea of bipartisan cooperation. He is expressing skepticism and disdain, stating that he has no evidence to support the claim. The use of 'scoffed' emphasizes his dismissive attitude, and the entire quote highlights a fundamental disagreement and a lack of trust regarding the possibility of successful collaboration between the Democratic and Republican parties." }
Error: Expecting ',' delimiter: line 1 column 90 (char 89)

Time: 2025-05-15 22:00:38.844790
Content: The party's SALT advocates have another problem: no big allies in the Senate.
Error: No JSON structure in contextual response

Time: 2025-05-15 22:00:51.146227
Content: That's not going to pass.
Error: No JSON structure in contextual response

Time: 2025-05-15 22:01:23.132163
Content: "It's not even remotely in the range of what we should be talking about."
Error: No JSON structure in contextual response

Time: 2025-05-15 22:01:44.004228
Content: { "sentence": "It will take a similar show of force, and the moxie required to stand up to one's own leaders, for critics of the \"big, beautiful bill\" to truly stop it.", "paraphrase": "If people who oppose this large bill are going to successfully prevent it, they need to demonstrate a strong, forceful reaction and have the courage to challenge their own political figures.", "grammar": "This sentence employs several key grammatical structures:\n\n* **Conditional Clause:** 'It will take' introduces a conditional statement, indicating a necessary condition for an outcome.\n* **Parallel Structure:** 'a similar show of force' and 'the moxie required to stand up to one's own leaders' are presented as two equal and necessary elements.\n* **Appositive Phrase:** 'the "big, beautiful bill"' is an appositive, providing a specific label for the subject being discussed.\n* **Imperative Tone:** The sentence uses phrasing that suggests a demand or expectation.", "meaning": "The sentence argues that simply voicing criticism of a significant bill ('the big, beautiful bill') is insufficient to stop its passage. It posits that a genuine and forceful challenge  demonstrated through a concerted effort and a willingness to confront authority  is absolutely necessary. The 'moxie' (courage, audacity) refers to the bravery required to defy established leadership. Essentially, the sentence emphasizes the importance of proactive, bold action, rather than passive objection, to achieve a desired outcome. It's a call for a forceful and defiant stance against a powerful force (the bill and its proponents)." }
Error: Expecting ',' delimiter: line 1 column 775 (char 774)

Time: 2025-05-15 22:01:54.758415
Content: 'It's the speaker's job'
Error: No JSON structure in contextual response

Time: 2025-05-15 22:02:31.039796
Content: { "sentence": "It's the speaker's job to get this done," Rep. Pete Sessions, R-Texas, said.", "paraphrase": "The speaker is responsible for completing this task," or "It's the speaker's responsibility to finish what needs to be done.", "grammar": "This sentence is a direct quote. It contains a main clause: 'It's the speaker's job to get this done.' The 'It' is a dummy subject used to maintain the correct grammatical structure when the subject is not explicitly stated. The phrase 'to get this done' is an infinitive phrase functioning as the object of 'job'. The addition of 'Rep. Pete Sessions, R-Texas, said' indicates the speaker and their political affiliation, functioning as an attribution to the quoted statement.", "meaning": "This sentence reports a statement made by Representative Pete Sessions. It indicates that Sessions believes it is the responsibility of the 'speaker' (presumably the House Speaker in the context of the discussion  though the article doesn't explicitly state that) to complete a particular task or objective. The quote highlights a specific assignment or directive being placed on the speaker's role."" }
Error: Expecting ',' delimiter: line 1 column 58 (char 57)

Time: 2025-05-15 22:03:04.832771
Content: { "word": "golden", "ipa": "/ldn/", "etymology": "Old English *gulden* (adjective), from Proto-Germanic *gulthn*, from Proto-Indo-European *gel-(d)-no-* (bright, shining)" }, { "word": "dome", "ipa": "/dum/", "etymology": "Old English *doma* (noun), from Proto-Germanic **dom*, from Latin *iudicium* (judgment)" }
Error: Extra data: line 1 column 174 (char 173)

Time: 2025-05-15 22:03:11.910119
Content: { "word": "golden", "ipa": "/oldn/", "etymology": "Old English *gealdor* from the Proto-Germanic **guldaz*, from Proto-Indo-European **gel-d-* (\"yellow, shining\")." }, { "word": "dome", "ipa": "/dom/", "etymology": "From Middle English *dom(e)*, from Old English *dom(o)* ('justice, judgment'), from Proto-Germanic **doma* ('judgment, retribution'), from Latin *iudicium*, akin to Sanskrit *dadati* ('he gives'), Avestan *dana-* ('penalty, fine')." }
Error: Extra data: line 1 column 169 (char 168)

Time: 2025-05-15 22:03:18.073957
Content: { "word": "golden", "ipa": "/ldn/", "etymology": "Old English 'gealdor'; related to Old Norse 'galdur', and Old High German 'galtarn', all meaning 'charm, magic'. Gold came from the same root as 'gleam, gleaming'." }, { "word": "dome", "ipa": "/dm/", "etymology": "Old English 'doma'; related to Old Norse 'domr', Old High German 'touma', all meaning 'judgment'. The word is derived from Latin 'iudicium'." }
Error: Extra data: line 1 column 217 (char 216)

Time: 2025-05-16 14:34:18.655458
Content: NARRATOR: My name is Mary Alice Young.
Error: No JSON structure in contextual response

Time: 2025-05-16 14:34:41.409000
Content: That all changed last Thursday.
Error: No JSON structure in contextual response

Time: 2025-05-16 14:42:00.468040
Content: { "word": "merger", "ipa": "/mrr/", "etymology": "Old French *merger*, from Latin *mergre* (to plunge, immerse)" }, { "word": "acquisition", "ipa": "/kwazn/", "etymology": "Latin *acqusitio*, from *acqure* (to obtain) + *-itio*" }
Error: Extra data: line 1 column 115 (char 114)

Time: 2025-05-16 14:42:01.430630
Content: bickering rowdily with each other
Error: No JSON structure in contextual response

Time: 2025-05-16 14:42:16.787685
Content: { "word": "merger", "ipa": "/mrr/", "etymology": "From Old French merger, from Latin con- + mergere 'to plunge' (from merx 'goods for sale')" }, { "word": "acquisition", "ipa": "/kwzn/", "etymology": "From Latin acquisitio, from acquirere 'to acquire, purchase' (from ad- + capere 'take')" }
Error: Extra data: line 1 column 144 (char 143)

Time: 2025-05-16 14:42:27.040519
Content: { "sentence": "LYNETTE: No, you are going to behave today. I am not going to be humiliated in front of the entire neighborhood.", "paraphrase": "Lynette says, 'Stop acting out now. I won't let everyone see me feel embarrassed and upset.'", "grammar": "This sentence contains two independent clauses joined by a conjunction ('and' is implied). Let's break it down:", " Clause 1: 'No, you are going to behave today.' - This is a negative imperative sentence. 'You are going to behave' is a conditional clause expressing a demand for a specific action. 'No' is a negative particle intensifying the command. ", " Clause 2: 'I am not going to be humiliated in front of the entire neighborhood.' - This is a statement of intent using a negative future construction ('am not going to be'). 'In front of the entire neighborhood' is a prepositional phrase acting as an adverbial phrase of place, specifying where the humiliation would occur.", "meaning": "This sentence reveals Lynette's anger and desperation. She is firmly telling someone to stop their misbehavior. The key element is her fear of public embarrassment and shame; she is fiercely protective of her reputation and unwilling to tolerate being made to look foolish in front of her community. It indicates a significant level of frustration and a desire to control the situation." }
Error: Expecting ':' delimiter: line 1 column 606 (char 605)

Time: 2025-05-16 14:42:37.343496
Content: { "word": "merger", "ipa": "/mrr/", "etymology": "Old French *mergeor* (from Latin *mersus*, past participle of *mergere*, to plunge) + -er" }, { "word": "acquisition", "ipa": "/kwazin/", "etymology": "From Old French *aquisicion* (from Latin *adquisitio*, action of acquiring, from *quisitus*, past participle of *quaerere*, to seek) + -ion" }
Error: Extra data: line 1 column 143 (char 142)

Time: 2025-05-16 14:42:38.365521
Content: LYNETTE: Santa's cell-phone number.
Error: No JSON structure in contextual response

Time: 2025-05-16 14:43:42.379650
Content: Wouldn't want them to think we're not happy.
Error: No JSON structure in contextual response

Time: 2025-05-16 14:44:13.346536
Content: BREE: Paul, Zachary. ZACH: Hello Mrs. Van De Kamp.
Error: No JSON structure in contextual response

Time: 2025-05-16 14:44:29.472829
Content: I know you're out of your minds with grief.
Error: No JSON structure in contextual response

Time: 2025-05-16 14:44:41.846315
Content: REX is literally open-mouthed with disbelief.
Error: No JSON structure in contextual response

Time: 2025-05-16 14:45:33.086458
Content: Susan was starting to think how nice it would be to have a man in her life, even one who would make fun of her
Error: No JSON structure in contextual response

Time: 2025-05-16 14:46:19.609553
Content: SUSAN looks up at MARY ALICE, who is pouring
Error: No JSON structure in contextual response

Time: 2025-05-16 14:47:09.759840
Content: Even the limp ones aren't that ethical.
Error: No JSON structure in contextual response

Time: 2025-05-16 14:49:38.141976
Content: MIKE: Plumber. So if you ever have a clog. Or something.
Error: No JSON structure in contextual response

Time: 2025-05-16 14:50:06.273683
Content: Stop. Arrrggggh. Hah!
Error: No JSON structure in contextual response

Time: 2025-05-16 14:50:17.243419
Content: You three planned this?? Alright, that's it. Get out!
Error: No JSON structure in contextual response

Time: 2025-05-16 14:50:59.658808
Content: LYNETTE: That's right, get over here.
Error: No JSON structure in contextual response

Time: 2025-05-16 14:51:28.165550
Content: NARRATOR: Lynette shouldn't have been so concerned about my husband. He had other things on his mind. Things below the surface.
Error: No JSON structure in contextual response

Time: 2025-05-16 14:51:39.406007
Content: The door opens, and Mike looks out at Julie, who smiles
Error: No JSON structure in contextual response

Time: 2025-05-16 14:52:07.213031
Content: Hey, I saw you both flirting at the
Error: No JSON structure in contextual response

Time: 2025-05-16 14:52:35.819140
Content: I heard Dad's
Error: No JSON structure in contextual response

Time: 2025-05-16 14:52:47.641497
Content: NARRATOR: Susan knew she was lucky. An eligible
Error: No JSON structure in contextual response

Time: 2025-05-16 14:53:15.813385
Content: She turns and kisses him, pushing him onto her couch.
Error: No JSON structure in contextual response

Time: 2025-05-16 14:54:06.796816
Content: And just like that, the race for Mike Delfino had begun.
Error: No JSON structure in contextual response

Time: 2025-05-16 14:54:18.729530
Content: Women don't fight fair.
Error: No JSON structure in contextual response

Time: 2025-05-16 14:55:08.091436
Content: And I really hate that I spent $15,000 on your diamond necklace
Error: No JSON structure in contextual response

Time: 2025-05-16 14:55:55.070370
Content: This table is hand carved.
Error: No JSON structure in contextual response

Time: 2025-05-16 14:56:06.882284
Content: DANIELLE: Why can't we ever have normal soup?
Error: No JSON structure in contextual response

Time: 2025-05-16 14:56:19.706182
Content: ANDREW: I'm just saying, do you
Error: No JSON structure in contextual response

Time: 2025-05-16 14:56:47.656446
Content: Seeing as you're the head of this household, I would really
Error: No JSON structure in contextual response

Time: 2025-05-16 14:57:00.090767
Content: You're the one always acting like she's running for mayor of Stepford.
Error: No JSON structure in contextual response

Time: 2025-05-16 14:57:28.496623
Content: No, I am not... (She trails off, noticing the twins are gone)
Error: No JSON structure in contextual response

Time: 2025-05-16 14:57:40.451790
Content: { "word": "incredulously", "explanation": "When someone looks or sounds surprised in a way that shows they don't believe something is true, especially because it seems unbelievable.", "contextual_meaning": "BREE is looking at REX and ANDREW with disbelief, as if she finds their situation hard to believe.", "example_sentences": ["John looked at the teacher incredulously when he found out he had forgotten his homework again.", "Sally stared at the huge cake in amazement, saying, 'Incredibly, it's my favorite flavor!'] }
Error: Unterminated string starting at: line 1 column 430 (char 429)

Time: 2025-05-16 14:57:54.648638
Content: So, Lynette
Error: No JSON structure in contextual response

Time: 2025-05-16 14:58:07.177003
Content: To those who asked it, only one answer was acceptable.
Error: No JSON structure in contextual response

Time: 2025-05-16 14:58:34.327693
Content: She leans
Error: No JSON structure in contextual response

Time: 2025-05-16 14:58:46.577382
Content: Turns out I wanted all the wrong things.
Error: No JSON structure in contextual response

Time: 2025-05-16 14:59:17.105472
Content: You know in 5th grade I
Error: No JSON structure in contextual response

Time: 2025-05-16 14:59:29.676274
Content: You were using me to hurt Dad.
Error: No JSON structure in contextual response

Time: 2025-05-16 14:59:42.044979
Content: The clog's in the pipe.
Error: No JSON structure in contextual response

Time: 2025-05-16 15:00:09.196859
Content: Uh, oh god.
Error: No JSON structure in contextual response

Time: 2025-05-16 15:00:37.208857
Content: Here's your problem. Looks like somebody stuffed a bunch of popsicle sticks down there.
Error: No JSON structure in contextual response

Time: 2025-05-16 15:01:38.671157
Content: I want a divorce.
Error: No JSON structure in contextual response

Time: 2025-05-16 15:02:09.506890
Content: If you think I'm gonna discuss the dissolution of my marriage in a place where the restrooms are labeled 'chicks' and 'dudes'
Error: No JSON structure in contextual response

Time: 2025-05-16 15:03:06.992707
Content: Seven days after my funeral, life on Wisteria Lane finally returned to normal.
Error: No JSON structure in contextual response

Time: 2025-05-16 15:03:40.841005
Content: { "sentence": "I have to go back to Frisco in the morning.", "paraphrase": "I need to return to San Francisco early tomorrow.", "grammar": "This sentence uses a modal verb ('have to') to express obligation or necessity, followed by the infinitive 'go back' and a location ('Frisco'  a shortened, informal version of 'San Francisco'). The time expression 'in the morning' specifies the timing of the action.", "meaning": "This indicates the speaker's immediate plan: they are obligated to travel back to San Francisco the next day. It's a straightforward statement of their schedule." }, { "sentence": "When I got your call, you sounded a little frazzled.", "paraphrase": "As soon as I received your phone call, I noticed that you seemed stressed or upset.", "grammar": "This is a complex sentence with a main clause ('you sounded') and a subordinate clause ('When I got your call'). 'When' introduces a time clause. 'You sounded' is a verb phrase describing your state of being. 'A little frazzled' is an adjective phrase modifying 'you', conveying a sense of being agitated or overwhelmed.", "meaning": "This sentence provides information about the speaker's impression of the recipient. The speaker reports hearing that the recipient sounded distressed, implying that the call likely involved a stressful situation for them. It adds a layer of context and concern to the conversation." }
Error: Extra data: line 1 column 586 (char 585)

Time: 2025-05-16 15:04:08.371966
Content: Sorry baby, I gotta have you.
Error: No JSON structure in contextual response

Time: 2025-05-16 15:04:38.901936
Content: LYNETTE: Ooh! (Hits him on the face)
Error: No JSON structure in contextual response

Time: 2025-05-16 15:04:50.734746
Content: You're, you're this plastic suburban housewife with her pearls and her spatula, who says things like we owe the Hendersons a dinner?
Error: No JSON structure in contextual response

Time: 2025-05-16 15:06:21.597270
Content: Sweetheart
Error: No JSON structure in contextual response

Time: 2025-05-16 15:06:51.248524
Content: Edie Britt's son is spending the night tonight.
Error: No JSON structure in contextual response

Time: 2025-05-16 15:07:01.328918
Content: { "sentence": "I think she plans on entertaining into the wee hours, if you know what I mean.", "paraphrase": "I believe she intends to have a party or social gathering that will go on very late, and I'm suggesting this is obvious.", "grammar": "The sentence is a complex sentence containing an embedded conditional clause. Here's a breakdown:", " - Main Clause: 'I think she plans on entertaining'  This is a present continuous verb phrase expressing belief and a future intention. 'Plans on' is an idiomatic expression for 'intends to'.", " - Embedded Clause: 'if you know what I mean'  This is a conditional clause (specifically, a type 1 conditional  possible future situation). It acts as a tag or confirmation seeking, implying the listener understands the speaker's suggestion.", " - Phrase Structure: The sentence utilizes several phrases: 'into the wee hours' (a prepositional phrase indicating duration), and 'if you know what I mean' (a tag question).", "meaning": "The speaker is conveying that they suspect someone (she) has plans for a late-night social event. The added phrase 'if you know what I mean' indicates a slightly informal tone and suggests that the listener is likely to grasp the implied meaning  that the event will last a long time, possibly very late into the night. It's a way of subtly emphasizing the likely extended nature of the entertainment." }
Error: Expecting ':' delimiter: line 1 column 540 (char 539)

Time: 2025-05-16 15:07:08.399826
Content: They're doing it.
Error: No JSON structure in contextual response

Time: 2025-05-16 15:07:10.763004
Content: And just like that, the possibility that Susan had clung
Error: No JSON structure in contextual response

Time: 2025-05-16 15:07:17.888980
Content: candles unattended in the den
Error: No JSON structure in contextual response

Time: 2025-05-16 15:07:20.000963
Content: she could've been
Error: No JSON structure in contextual response

Time: 2025-05-16 15:07:34.179000
Content: NARRATOR: And suddenly, there he was, like a phoenix rising from the ashes.
Error: No JSON structure in contextual response

Time: 2025-05-16 15:07:40.687211
Content: I thought we should all have a toast.
Error: No JSON structure in contextual response

Time: 2025-05-16 15:07:43.038418
Content: I'm definitely getting closer.
Error: No JSON structure in contextual response

Time: 2025-05-16 15:07:49.640768
Content: i'm going to tell
Error: No JSON structure in contextual response

Time: 2025-05-16 15:07:51.865647
Content: i know what you did
Error: No JSON structure in contextual response

Time: 2025-05-16 15:07:54.535981
Content: BREE looking over her shoulder: I KNOW WHAT YOU DID IT MAKES ME SICK I'M GOING TO TELL
Error: No JSON structure in contextual response

Time: 2025-05-16 16:08:54.129469
Content: NARRATOR: My name is Mary Alice Young.
Error: No JSON structure in contextual response

Time: 2025-05-16 16:09:23.977259
Content: That all changed last Thursday.
Error: No JSON structure in contextual response

Time: 2025-05-16 16:15:41.822239
Content: { "word": "merger", "ipa": "/mrr/", "etymology": "From Middle English mergeren, from Old French merger (Modern French mrger), from Latin mergere 'to plunge'" }, { "word": "acquisition", "ipa": "/kwzn/", "etymology": "From Middle English acquisation, from Old French acquizition, from Latin acquisi 'acquisition', from acquis-, past participle of acquirre 'to acquire'" }
Error: Extra data: line 1 column 160 (char 159)

Time: 2025-05-16 16:15:52.195420
Content: { "sentence": "NARRATOR: If there was one thing Mrs. Huber was known for, it was her ability to look on the bright side.", "paraphrase": "Everyone knew Mrs. Huber was a really optimistic person  she always tried to see the good in things.", "grammar": "This sentence uses a complex sentence structure. It's a *declarative sentence* with an embedded *conditional clause* (\"If there was one thing") and a main clause (\"it was her ability to look on the bright side\"). Specifically:\n\n* **'If there was one thing'** - This is a *conditional clause* introducing a statement about a specific characteristic.\n* **'it was'** - This is the core of the sentence, indicating a well-established fact or reputation.\n* **'her ability to look on the bright side'**  This is a *noun phrase* acting as the subject, describing Mrs. Huber's key characteristic. 'Ability' is a gerund acting as a noun, and 'to look on the bright side' is a *participial phrase* modifying 'ability'.", "meaning": "The sentence establishes a key defining trait of Mrs. Huber's personality. It's stating that her most notable feature was her tendency to maintain a positive outlook, even in difficult situations. The use of 'If there was one thing' emphasizes that this positive perspective was her *most* recognized quality. It suggests a consistent and defining characteristic that others frequently observed and commented on. The narrator is setting up a recurring theme  Mrs. Huber's optimism  which will likely be important to the story's plot or character development." }
Error: Expecting ',' delimiter: line 1 column 397 (char 396)

Time: 2025-05-16 16:16:02.302330
Content: { "word": "merger", "ipa": "/mrr/", "etymology": "Old French *merger, merger 'mixing, blending' (14c.), from Latin *mingere 'to mix, to mingle'" }, { "word": "acquisition", "ipa": "/kwzn/", "etymology": "From Old French *acquisicion* (14c.), from Latin *acquisitio*, from *acquirere* 'to acquire'" }
Error: Extra data: line 1 column 147 (char 146)

Time: 2025-05-16 16:16:03.382399
Content: Lynette Scavo brought fried chicken.
Error: No JSON structure in contextual response

Time: 2025-05-16 16:16:18.116851
Content: { "word": "merger", "ipa": "/mr/", "etymology": "Old French *mergeoir, mergeor* (modern French *mrger*), from the Latin root *mersare* ('to mix')" }, { "word": "acquisition", "ipa": "/kwzn/", "etymology": "Latin *acquisitio*, from *ad-* ('toward, at') + *quaerere* ('to seek')" }
Error: Extra data: line 1 column 149 (char 148)

Time: 2025-05-16 16:17:10.332516
Content: { "word": "receipt", "explanation": "A piece of paper or electronic record that shows you bought something and proves it.", "contextual_meaning": "In this sentence, 'receipt' is a document proving the purchase made by Gabrielle.", "example_sentences": [ "'John received his receipt for the new computer he bought.', "'After shopping, Sarah checked her purse to make sure she had all of her receipts.' ] }
Error: Expecting ',' delimiter: line 1 column 318 (char 317)

Time: 2025-05-16 16:17:11.431133
Content: LYNETTE: Santa's cell-phone number.
Error: No JSON structure in contextual response

Time: 2025-05-16 16:18:49.037585
Content: BREE: It was no trouble at all.
Error: No JSON structure in contextual response

Time: 2025-05-16 16:19:02.580151
Content: I know you're out of your minds with grief.
Error: No JSON structure in contextual response

Time: 2025-05-16 16:19:36.566067
Content: It was too watery the night she found lipstick on Karl's
Error: No JSON structure in contextual response

Time: 2025-05-16 16:19:52.248788
Content: { "expression": "in the long run", "contextual_meaning": "Over a considerable period of time; eventually.", "example_sentences": ["Investing in renewable energy is a smart decision, though the benefits will only be fully realized in the long run."] , ["Even though it requires a significant initial investment, this strategy will pay off in the long run."] }
Error: Expecting property name enclosed in double quotes: line 1 column 252 (char 251)

Time: 2025-05-16 16:23:42.295621
Content: { "sentence": "Oh my god. (Makes a face) How did you?"", "paraphrase": ""Wow, I'm so shocked! What happened?"", "grammar": "This sentence is a fragmented expression of surprise and disbelief. 'Oh my god' is an interjection expressing strong emotion. 'How did you?' is a direct question seeking an explanation for a shocking event. The parenthetical '(Makes a face)' is a descriptive element indicating a physical reaction to the situation. It's an example of an elliptic sentence, omitting a full explanation to convey emotion.", "meaning": "The speaker is reacting to a surprising or shocking event. The 'Oh my god' immediately signals intense surprise. The facial expression '(Makes a face)' reinforces this emotion, and the question 'How did you?' shows they want to understand the cause of the shock or something unexpected that has occurred. It's a conversational snippet conveying immediate reaction and a desire for information." }
Error: Expecting ',' delimiter: line 1 column 55 (char 54)

Time: 2025-05-16 16:24:16.119724
Content: { "expression": "if you know what I mean", "meaning": "This phrase is used to confirm that the listener understands a statement or idea that might be implied, somewhat vague, or potentially controversial. It's a way of checking for shared understanding.", "usage_note": "It's often used after a slightly suggestive, critical, or potentially uncomfortable statement. It doesn't necessarily mean the statement *is* controversial; it's a gentle way to gauge the listener's reaction and ensure they grasp the intended nuance. It's frequently used in informal conversation. It can also be used to subtly invite agreement or validation.", "etymology": "The phrase's origin is rooted in conversational context. It's a naturally arising expression built around the desire for mutual comprehension.", "examples": [ ""I was thinking of going out with the guys tonight." "If you know what I mean, we're talking about a pretty wild night."", ""I think the boss is being a bit unreasonable." "If you know what I mean, he's completely out of touch."" ] }
Error: Expecting ',' delimiter: line 1 column 809 (char 808)

Time: 2025-05-16 16:24:46.447547
Content: Stop. Arrrggggh. Hah!
Error: No JSON structure in contextual response

Time: 2025-05-16 16:25:18.775904
Content: { "word": "tax", "ipa": "/tks/", "etymology": "Old English tac, from Old English teag, from Latin tributum, from teigere, to strike, pay" } Word: purposefully { "word": "purposefully", "ipa": "/prpsflj/", "etymology": "Middle English (in the sense 'with a purpose'): from Old French purpose, from Latin propositum, past participle of proponere, from pro-, for + ponere, to put; see also -pose. The current sense dates from the mid-16th century." }
Error: Extra data: line 1 column 141 (char 140)

Time: 2025-05-16 16:25:39.813861
Content: { "word": "tax", "ipa": "/tks/", "etymology": "Old English *cacce* (noun), *caccian* (verb) from Latin *tangere* which means 'to touch'." } Word: purposefully { "word": "purposefully", "ipa": "/prpsfl/", "etymology": "From Old English *forwyrcean* (to work for a purpose), from *fordrifan* (drive forward) which is derived from the Proto-Germanic **frdra-* (drive) and the Proto-Indo-European root **per-* (forward)." }
Error: Extra data: line 1 column 141 (char 140)

Time: 2025-05-16 16:25:40.915633
Content: LYNETTE: That's right, get over here.
Error: No JSON structure in contextual response

Time: 2025-05-16 16:26:21.109910
Content: { "sentence": "Lynette: Paul. We have to leave now.", "paraphrase": "Lynette: Paul, it's time for us to go. We need to be going right now.", "grammar": "This sentence contains a direct address ('Paul') and a simple imperative statement ('We have to leave now'). 'Have to' indicates obligation. The sentence is structured as a command delivered to Paul, immediately followed by a statement of fact.", "meaning": "Lynette is directly addressing Paul, likely to get his attention and initiate an action  to leave. It's a clear and somewhat abrupt request, suggesting urgency." }, { "sentence": "Once again, I am so sorry for your loss.", "paraphrase": "I'm truly sorry about what happened; it's my sincere regret that you've experienced this sadness.", "grammar": "This is a complex sentence. It begins with an adverbial phrase ('Once again') modifying the verb 'I am'. 'I am so sorry' is a common expression of sympathy. 'For your loss' is a prepositional phrase indicating the recipient of the sympathy.", "meaning": "Lynette is reiterating her condolences to Paul. The phrase 'Once again' emphasizes the repeated nature of her sympathy, likely reflecting the ongoing nature of his grief. It suggests she is continuously offering comfort." }
Error: Extra data: line 1 column 576 (char 575)

Time: 2025-05-16 16:26:51.692322
Content: NARRATOR: And some did their cleaning.
Error: No JSON structure in contextual response

Time: 2025-05-16 16:27:22.592974
Content: Hey, I saw you both flirting at the
Error: No JSON structure in contextual response

Time: 2025-05-16 16:28:24.722322
Content: Edie Britt was the most predatory divorcee in a 5 block radius.
Error: No JSON structure in contextual response

Time: 2025-05-16 16:29:53.481782
Content: Women don't fight fair.
Error: No JSON structure in contextual response

Time: 2025-05-16 16:30:05.865728
Content: "You can't order me around like I'm a child!"
Error: No JSON structure in contextual response

Time: 2025-05-16 16:30:20.686676
Content: "If he wants to grab your ass, you let him."
Error: No JSON structure in contextual response

Time: 2025-05-16 16:30:32.388302
Content: I really hate that I spent $15,000 on your diamond necklace
Error: No JSON structure in contextual response

Time: 2025-05-16 16:31:21.008305
Content: This table is hand carved.
Error: No JSON structure in contextual response

Time: 2025-05-16 16:31:49.398503
Content: ANDREW: I'm just saying, do you
Error: No JSON structure in contextual response

Time: 2025-05-16 16:32:02.896738
Content: BREE: Excuse me?
Error: No JSON structure in contextual response

Time: 2025-05-16 16:32:15.747137
Content: You're the one always acting like she's running for mayor of Stepford.
Error: No JSON structure in contextual response

Time: 2025-05-16 16:32:28.823629
Content: Seeing as you're the head of this household, I would really
Error: No JSON structure in contextual response

Time: 2025-05-16 16:32:41.451618
Content: Well, you still haven't called me back.
Error: No JSON structure in contextual response

Time: 2025-05-16 16:32:54.593584
Content: No, I am not... (She trails off, noticing the twins are gone)
Error: No JSON structure in contextual response

Time: 2025-05-16 16:33:22.397390
Content: So, Lynette
Error: No JSON structure in contextual response

Time: 2025-05-16 16:33:35.334580
Content: To those who asked it, only one answer was acceptable.
Error: No JSON structure in contextual response

Time: 2025-05-16 16:34:04.242956
Content: She leans
Error: No JSON structure in contextual response

Time: 2025-05-16 16:34:18.672141
Content: Turns out I wanted all the wrong things.
Error: No JSON structure in contextual response

Time: 2025-05-16 16:35:05.958176
Content: You were using me to hurt Dad.
Error: No JSON structure in contextual response

Time: 2025-05-16 16:35:18.943002
Content: The clog's in the pipe.
Error: No JSON structure in contextual response

Time: 2025-05-16 16:36:03.247630
Content: "That's it, just stuff the hair down."
Error: No JSON structure in contextual response

Time: 2025-05-16 16:36:23.156869
Content: I just can't live in this... this detergent commercial anymore.
Error: No JSON structure in contextual response

Time: 2025-05-16 16:36:43.577453
Content: If you think I'm gonna discuss the dissolution of my marriage in a place where the restrooms are labeled 'chicks' and 'dudes'
Error: No JSON structure in contextual response

Time: 2025-05-16 16:36:45.968100
Content: What's in this?
Error: No JSON structure in contextual response

Time: 2025-05-16 16:36:48.441799
Content: REX: (fighting for breath) You put onions in my salad!!
Error: No JSON structure in contextual response

Time: 2025-05-16 16:36:58.080192
Content: It was the sound of family secret.
Error: No JSON structure in contextual response

Time: 2025-05-16 16:37:05.884432
Content: Daddy¡¯s home!
Error: No JSON structure in contextual response

Time: 2025-05-16 16:37:08.589124
Content: TOM: But I'm not gonna give it to you, unless you
Error: No JSON structure in contextual response

Time: 2025-05-16 16:37:11.227072
Content: Sorry baby, I gotta have you.
Error: No JSON structure in contextual response

Time: 2025-05-16 16:37:21.321273
Content: LYNETTE: (incredulous) Let's risk it?
Error: No JSON structure in contextual response

Time: 2025-05-16 16:37:24.238142
Content: You're, you're this plastic suburban housewife with her pearls and her spatula, who says things like we owe the Hendersons a dinner?
Error: No JSON structure in contextual response

Time: 2025-05-16 16:37:38.029987
Content: CARLOS: Was John here today?
Error: No JSON structure in contextual response

Time: 2025-05-16 16:37:47.916378
Content: You see that man who just walked away? Can you make sure he has a drink in his hand all Night long.
Error: No JSON structure in contextual response

Time: 2025-05-16 16:38:29.116600
Content: They're doing it.
Error: No JSON structure in contextual response

Time: 2025-05-16 16:38:31.621805
Content: And just like that, the possibility that Susan had clung
Error: No JSON structure in contextual response

Time: 2025-05-16 16:38:39.795276
Content: candles unattended in the den
Error: No JSON structure in contextual response

Time: 2025-05-16 16:38:42.146126
Content: she could've been
Error: No JSON structure in contextual response

Time: 2025-05-16 16:39:01.694365
Content: NARRATOR: And just like that, Susan was happy.
Error: No JSON structure in contextual response

Time: 2025-05-16 16:39:08.456588
Content: I'm definitely getting closer.
Error: No JSON structure in contextual response

Time: 2025-05-16 16:39:16.003890
Content: i'm going to tell
Error: No JSON structure in contextual response

Time: 2025-05-16 16:39:18.315345
Content: i know what you did
Error: No JSON structure in contextual response

Time: 2025-05-16 16:39:21.051027
Content: BREE looking over her shoulder: I KNOW WHAT YOU DID IT MAKES ME SICK I'M GOING TO TELL
Error: No JSON structure in contextual response

Time: 2025-05-17 12:50:52.912710
Content: This Middle Eastern counterpart would more than quadruple that capacity.
Error: No JSON structure in contextual response

Time: 2025-05-17 12:51:09.959863
Content: OpenAI CEO Sam Altman praised the UAE, saying it "has been talking"
Error: No JSON structure in contextual response

Time: 2025-05-17 12:51:42.633317
Content: These concerns focused on G42¡¯s ¡®active relationships¡¯ with blacklisted entities¡­
Error: No JSON structure in contextual response

Time: 2025-05-17 12:51:55.300790
Content: All of our China investments that were previously made are already divested.
Error: No JSON structure in contextual response

Time: 2025-05-17 12:52:08.607461
Content: Microsoft a major shareholder in OpenAI with its own broader interests in the region announced a $1.5 billion investment in G42
Error: No JSON structure in contextual response

Time: 2025-05-18 12:16:13.126838
Content: The first net-positive shot, for example, required 300 megajoules to power the laser system alone.
Error: No JSON structure in contextual response

Time: 2025-05-18 12:16:25.529992
Content: The NIF uses what¡¯s known as inertial confinement to produce fusion reactions.
Error: No JSON structure in contextual response

Time: 2025-05-18 12:16:38.909739
Content: their nuclei fuse, releasing energy in the process.
Error: No JSON structure in contextual response

Time: 2025-05-18 12:16:51.702762
Content: several are being constructed or designed with the expectation that they'll hit that milestone.
Error: No JSON structure in contextual response

Time: 2025-05-18 12:17:04.705976
Content: Several startups are pursuing inertial confinement
Error: No JSON structure in contextual response

Time: 2025-05-18 12:27:58.100059
Content: { "expression": "in the long run", "contextual_meaning": "Over a significant period of time; ultimately; eventually.", "example_sentences": ["Investing in renewable energy might not show immediate returns, but in the long run, it's a more sustainable option."] , ["While it's tempting to cut corners now, we need to consider the impact on the company in the long run."] }
Error: Expecting property name enclosed in double quotes: line 1 column 264 (char 263)

Time: 2025-05-18 12:28:38.580596
Content: ¡®I still got my Derby¡¯
Error: No JSON structure in contextual response

Time: 2025-05-18 12:28:57.310072
Content: { "sentence": "I get really loud when I watch the race. I put a lot of work into this," he said.", "paraphrase": "He gets very excited and shouts a lot when he watches the race. He's been working hard on it.", "grammar": "This sentence contains two independent clauses joined by a comma. 'I get really loud when I watch the race' is a simple sentence expressing a habitual action and a description. 'I put a lot of work into this' is also a simple sentence expressing effort and dedication. The phrase 'he said' indicates the speaker and marks the end of the statement.", "meaning": "The speaker is explaining his behavior during a race and linking it to his dedication. He's letting the listener know that his loud reaction is a consequence of how much effort he's invested in the event or activity (likely a preparation for the race itself). It suggests a passionate and committed individual." }
Error: Expecting ',' delimiter: line 1 column 89 (char 88)

Time: 2025-05-18 12:29:07.991010
Content: Tradition, but under a shadow
Error: No JSON structure in contextual response

Time: 2025-05-18 12:29:23.774705
Content: Much of the current market-rattling turmoil is a result of Trump's sweeping global tariffs, announced
Error: No JSON structure in contextual response

Time: 2025-05-18 12:29:37.037727
Content: trillions of dollars were wiped from the stock market.
Error: No JSON structure in contextual response

Time: 2025-05-18 12:30:53.866094
Content: ¡®We didn¡¯t have the endless pool of demand that we¡¯ve seen in prior years,¡¯ Mr Carstanjen told the Lexington Herald.
Error: No JSON structure in contextual response

Time: 2025-05-18 12:31:29.247025
Content: ¡®Because of what¡¯s happening in the economy the way this administration is taking a wrecking ball to the longstanding traditions and institutions that give credence to the American way of life.¡¯
Error: No JSON structure in contextual response

Time: 2025-05-18 12:32:32.140955
Content: ¡®That¡¯s the beauty of the super¡¯
Error: No JSON structure in contextual response

Time: 2025-05-18 12:32:44.080291
Content: It's on YouTube.
Error: No JSON structure in contextual response

Time: 2025-05-18 12:32:57.497015
Content: It's on YouTube.
Error: No JSON structure in contextual response

Time: 2025-05-18 12:33:26.093296
Content: (Horse number five) is dead last. I don't think they're going to catch
Error: No JSON structure in contextual response

Time: 2025-05-18 12:33:56.235815
Content: But recently it sprang back
Error: No JSON structure in contextual response

Time: 2025-05-18 14:41:44.386167
Content: { "explanation": "Wager means to bet or gamble money or something of value on an event or game with the possibility of winning or losing." "story": "The term 'wager' comes from Old French 'gager' which means 'to guarantee, pledge'. It was first used in English in the 15th century. People would wager their possessions in a game or competition to show their confidence and risk-taking abilities." }
Error: Expecting ',' delimiter: line 1 column 140 (char 139)

Time: 2025-05-18 14:53:26.223113
Content: { "explanation": "The phrase 'Tradition, but under a shadow' means that the event, like the Preakness Stakes, is traditionally a very grand and exciting spectacle (a celebration), but it is also associated with some dark or troubling aspects (a shadow)." } { "explanation": "The 'Triple Crown' refers to winning three specific horse races in the United States. The three races are: 1) The Kentucky Derby, run at Churchill Downs in Louisville, Kentucky; 2) The Preakness Stakes, run at Pimlico Race Course in Baltimore, Maryland; and 3) The Belmont Stakes, run at Belmont Park in Elmont, New York. A horse that wins all three races within the same year is said to have won the Triple Crown." } { "explanation": "To be 'glamorously bacchanal' means to be lavish and indulgent, full of parties and entertainment that are associated with a wild or hedonistic lifestyle. This is describing the Preakness Stakes as an event that people often associate with extravagant and lively celebrations." }
Error: Extra data: line 1 column 258 (char 257)

Time: 2025-05-18 15:35:59.269010
Content: { "word": "dubbed", "explanation": "To give a name or title to something, usually in an informal way. It's like giving a nickname.", "contextual_meaning": "In this specific sentence, 'dubbed' is not used because there is no provided sentence. However, if we assume a hypothetical context where someone says 'This movie was dubbed "The Funniest Movie Ever Made"', then 'dubbed' means the movie has been given an informal title.", "example_sentences": ["She dubbed her cat Whiskers because of its bushy tail.", "The group of friends decided to dub their secret hideout 'The Fortress'."] }
Error: Expecting ',' delimiter: line 1 column 332 (char 331)

Time: 2025-05-18 16:04:48.686419
Content: OpenAI must provide more detail
Error: No JSON structure in contextual response

Time: 2025-05-18 16:11:24.749747
Content: OpenAI must provide more detail
Error: No JSON structure in contextual response

Time: 2025-05-18 16:11:36.979631
Content: any suggestion otherwise is not accurate.
Error: No JSON structure in contextual response

Time: 2025-05-18 16:15:15.715295
Content: OpenAI must provide more detail
Error: No JSON structure in contextual response

Time: 2025-05-18 16:15:27.779717
Content: any suggestion otherwise is not accurate.
Error: No JSON structure in contextual response

Time: 2025-05-18 16:20:03.913230
Content: OpenAI must provide more detail
Error: No JSON structure in contextual response

Time: 2025-05-18 16:20:16.168605
Content: OpenAI's updated proposal might be a step in the right direction
Error: No JSON structure in contextual response

Time: 2025-05-18 16:20:44.592066
Content: ¡®Any suggestion otherwise is not accurate.¡¯
Error: No JSON structure in contextual response

Time: 2025-05-18 16:43:28.481403
Content: OpenAI must provide more detail
Error: No JSON structure in contextual response

Time: 2025-05-18 16:51:56.983854
Content: OpenAI must provide more detail
Error: No JSON structure in contextual response

Time: 2025-05-18 16:52:25.143484
Content: ¡®Any suggestion otherwise is not accurate.¡¯
Error: No JSON structure in contextual response

Time: 2025-05-18 16:56:50.584239
Content: OpenAI must provide more detail
Error: No JSON structure in contextual response

Time: 2025-05-18 16:57:19.144505
Content: ¡®any suggestion otherwise is not accurate¡¯
Error: No JSON structure in contextual response

Time: 2025-05-18 17:22:12.365989
Content: OpenAI must provide more detail
Error: No JSON structure in contextual response

Time: 2025-05-18 17:22:39.523743
Content: ¡®Any suggestion otherwise is not accurate.¡¯
Error: No JSON structure in contextual response

Time: 2025-05-18 17:33:19.465480
Content: OpenAI must provide more detail
Error: No JSON structure in contextual response

Time: 2025-05-18 17:33:32.923233
Content: any suggestion otherwise is not accurate.
Error: No JSON structure in contextual response

Time: 2025-05-18 17:46:32.370528
Content: OpenAI must provide more detail
Error: No JSON structure in contextual response

Time: 2025-05-18 17:46:44.489589
Content: any suggestion otherwise is not accurate.
Error: No JSON structure in contextual response

Time: 2025-05-18 18:40:25.429697
Content: OpenAI must provide more detail
Error: No JSON structure in contextual response

Time: 2025-05-18 18:40:53.909927
Content: ¡®Any suggestion otherwise is not accurate.¡¯
Error: No JSON structure in contextual response

Time: 2025-05-18 18:45:16.673388
Content: OpenAI must provide more detail
Error: No JSON structure in contextual response

Time: 2025-05-18 18:45:44.633164
Content: ¡®any suggestion otherwise is not accurate.¡¯¡±
Error: No JSON structure in contextual response

Time: 2025-05-18 18:57:59.842343
Content: OpenAI must provide more detail
Error: No JSON structure in contextual response

Time: 2025-05-18 18:58:11.899551
Content: any suggestion otherwise is not accurate.
Error: No JSON structure in contextual response

Time: 2025-05-18 20:08:41.000012
Content: OpenAI must provide more detail
Error: No JSON structure in contextual response

Time: 2025-05-18 20:08:53.234672
Content: any suggestion otherwise is not accurate.
Error: No JSON structure in contextual response

Time: 2025-05-18 20:11:07.359905
Content: {"summary": "The group expressed cautious optimism regarding OpenAI's updated plans, but emphasized the need for greater clarity about the company's commitment to its charitable mission. OpenAI insists the nonprofit will maintain control over the proposed "PBC." Stakeholders remain concerned about prioritizing the organization's original purpose."}
Error: Expecting ',' delimiter: line 1 column 258 (char 257)

Time: 2025-05-18 20:11:19.049888
Content: OpenAI must provide more detail
Error: No JSON structure in contextual response

Time: 2025-05-18 20:11:51.223704
Content: ¡®any suggestion otherwise is not accurate.¡¯¡±
Error: No JSON structure in contextual response

Time: 2025-05-18 20:17:20.823949
Content: OpenAI must provide more detail
Error: No JSON structure in contextual response

Time: 2025-05-18 20:17:48.766803
Content: ¡®Any suggestion otherwise is not accurate.¡¯
Error: No JSON structure in contextual response

Time: 2025-05-18 20:24:32.014940
Content: OpenAI must provide more detail
Error: No JSON structure in contextual response

Time: 2025-05-18 20:26:37.283317
Content: OpenAI must provide more detail
Error: No JSON structure in contextual response

Time: 2025-05-18 20:27:06.358732
Content: ¡®any suggestion otherwise is not accurate.¡¯
Error: No JSON structure in contextual response

Time: 2025-05-18 20:32:58.055689
Content: OpenAI must provide more detail
Error: No JSON structure in contextual response

Time: 2025-05-18 20:33:10.026798
Content: OpenAI's updated proposal might be a step in the right direction
Error: No JSON structure in contextual response

Time: 2025-05-18 20:33:38.391734
Content: ¡®any suggestion otherwise is not accurate¡¯
Error: No JSON structure in contextual response

Time: 2025-05-18 21:22:51.044449
Content: OpenAI must provide more detail
Error: No JSON structure in contextual response

Time: 2025-05-18 21:23:15.604631
Content: any suggestion otherwise is not accurate.
Error: No JSON structure in contextual response

Time: 2025-05-18 21:25:42.794589
Content: OpenAI must provide more detail
Error: No JSON structure in contextual response

Time: 2025-05-18 21:25:56.131826
Content: OpenAI's updated proposal might be a step in the right direction
Error: No JSON structure in contextual response

Time: 2025-05-18 21:27:57.975308
Content: OpenAI must provide more detail
Error: No JSON structure in contextual response

Time: 2025-05-18 21:28:11.732053
Content: any suggestion otherwise is not accurate.
Error: No JSON structure in contextual response

Time: 2025-05-18 21:29:18.099005
Content: OpenAI must provide more detail
Error: No JSON structure in contextual response

Time: 2025-05-18 21:29:30.406261
Content: any suggestion otherwise is not accurate.
Error: No JSON structure in contextual response

Time: 2025-05-18 21:32:38.501268
Content: OpenAI must provide more detail
Error: No JSON structure in contextual response

Time: 2025-05-18 21:32:51.004466
Content: OpenAI's updated proposal might be a step in the right direction
Error: No JSON structure in contextual response

Time: 2025-05-18 21:33:23.789387
Content: ¡®any suggestion otherwise is not accurate¡¯
Error: No JSON structure in contextual response

Time: 2025-05-18 21:40:37.358394
Content: OpenAI must provide more detail
Error: No JSON structure in contextual response

Time: 2025-05-18 21:41:09.696930
Content: ¡®Any suggestion otherwise is not accurate.¡¯
Error: No JSON structure in contextual response

Time: 2025-05-18 21:49:39.941490
Content: OpenAI must provide more detail
Error: No JSON structure in contextual response

Time: 2025-05-18 21:50:12.064608
Content: ¡®any suggestion otherwise is not accurate¡¯
Error: No JSON structure in contextual response

Time: 2025-05-19 09:47:47.800319
Content: OpenAI must provide more detail
Error: No JSON structure in contextual response

Time: 2025-05-19 09:48:16.219470
Content: ¡®Any suggestion otherwise is not accurate.¡¯
Error: No JSON structure in contextual response

Time: 2025-05-19 10:35:43.489878
Content: { "explanation": "To assert means to strongly claim or state something as definitely true, often with confidence." "usage_example": "I assert that the book is on the table." "idiom": false, "phrasal_verb": false, "story": "The word 'assert' comes from a Latin word 'assertus', which means 'firmly set'. In ancient times, it was used in law to describe a statement made under oath or a declaration of truth. Today, we use it more casually to express our strong belief in something." }
Error: Expecting ',' delimiter: line 1 column 116 (char 115)

Time: 2025-05-19 14:02:07.105559
Content: it seems likely that ¡®international pressure will force Israel to end the war through¡¯
Error: No JSON structure in contextual response

Time: 2025-05-19 14:02:22.566712
Content: prioritizing the return of hostages instead of Netanyahu's stated aim of 'total victory over Hamas.'
Error: No JSON structure in contextual response

Time: 2025-05-19 14:02:36.092417
Content: international pressure will force Israel to end the war through sanctions and international isolation.
Error: No JSON structure in contextual response

Time: 2025-05-19 14:02:59.839299
Content: { "word": "international", "ipa": "/ntrnnl/", "etymology": "From Latin inter 'between' and ntio 'people, nation'. The term internation was used in 15th-century Europe as a loanword from Greek (inter non, neuter of the adjective inter nos, meaning between nations)." } { "word": "pressure", "ipa": "/presr/", "etymology": "From Old French pressour 'means of pressing, weight', from pressar 'to press' (from Latin pre- 'before' + pessare 'to trample'). The word originally referred to physical force exerted on an object. The figurative sense (as in a challenge) developed in the 16th century." }
Error: Extra data: line 1 column 269 (char 268)

Time: 2025-05-19 14:03:05.326283
Content: { "word": "international", "ipa": "/ntrnnl/", "etymology": "Latin *inter* 'between' + *nation-alis* (from *nationem* 'people, nation')" }, { "word": "pressure", "ipa": "/presr/", "etymology": "Old French *presure*, from Latin *pressura* 'a pressing', from the verb *premere* 'to press'" }
Error: Extra data: line 1 column 138 (char 137)

Time: 2025-05-19 14:03:10.942013
Content: { "word": "international", "ipa": "/ntrnnl/", "etymology": "From Latin inter (between) + natione (nation). First used in English in the 15th century." } { "word": "pressure", "ipa": "/presr/", "etymology": "From Old French pressur, from Latin premere (to press). First appeared in English in the 14th century." }
Error: Extra data: line 1 column 154 (char 153)

Time: 2025-05-19 14:03:22.104445
Content: { "word": "international", "ipa": "/ntnnl/", "etymology": "From the Late Latin adjective inter ntions, meaning 'between nations', from Latin inter 'between' + nti 'a nation'." }, { "word": "isolation", "ipa": "/zlen/", "etymology": "From the Late Latin noun isolatio, from Latin solatus 'deserted' or 'abandoned', past participle of solre 'to desert', from Greek solo- 'alone, desolate', from es- 'apart' + solos 'alone'. It's related to the word 'solitude'." }
Error: Extra data: line 1 column 178 (char 177)

Time: 2025-05-19 14:03:27.428645
Content: { "word": "international", "ipa": "/ntrnnl /", "etymology": "From Latin inter ('between') + nationalis ('nation, people of an area')." } Word: isolation { "word": "isolation", "ipa": "/zlen /", "etymology": "From Latin isolare ('to separate') + -ation." }
Error: Extra data: line 1 column 138 (char 137)

Time: 2025-05-19 14:03:32.993361
Content: { "word": "international", "ipa": "/ntrnnl/", "etymology": "Latin *inter* (between) + *nation* (people or nation)" }, { "word": "isolation", "ipa": "/zlan/", "etymology": "Middle English from Old French *isonacion*, from Latin *solitudo, solitd*, a state of aloneness or desolation" }
Error: Extra data: line 1 column 117 (char 116)

Time: 2025-05-19 20:54:45.555411
Content: The News Israel began an "extensive" new ground offensive in Gaza, even as teams from Tel Aviv and Hamas held indirect ceasefire talks in Doha. Negotiations between Hamas and Israel have languished since a temporary truce ended in March; one hold-up, according to Israeli media, is Hamas' demand for an international guarantee, particularly from Washington, that Israel will not restart the war at a later date. Most Israelis do not support Prime Minister Benjamin Netanyahu's strategy for Gaza, Haaretz's Anshel Pfeffer argued, prioritizing the return of hostages instead of Netanyahu's stated aim of "total victory over Hamas." But unless Israelis "insist on their own version of victory," Pfeffer wrote, it seems likely that "international pressure will force Israel to end the war  through
Error: "Input to ChatPromptTemplate is missing variables {'chunk_text'}.  Expected: ['chunk_text'] Received: ['chunk']\nNote: if you intended {chunk_text} to be part of the string and not a variable, please escape it with double curly braces like: '{{chunk_text}}'.\nFor troubleshooting, visit: https://python.langchain.com/docs/troubleshooting/errors/INVALID_PROMPT_INPUT "

Time: 2025-05-19 20:54:45.560521
Content: The News Israel began an "extensive" new ground offensive in Gaza, even as teams from Tel Aviv and Hamas held indirect ceasefire talks in Doha. Negotiations between Hamas and Israel have languished since a temporary truce ended in March; one hold-up, according to Israeli media, is Hamas' demand for an international guarantee, particularly from Washington, that Israel will not restart the war at a later date. Most Israelis do not support Prime Minister Benjamin Netanyahu's strategy for Gaza, Haaretz's Anshel Pfeffer argued, prioritizing the return of hostages instead of Netanyahu's stated aim of "total victory over Hamas." But unless Israelis "insist on their own version of victory," Pfeffer wrote, it seems likely that "international pressure will force Israel to end the war  through
Error: "Input to ChatPromptTemplate is missing variables {'chunk_text'}.  Expected: ['chunk_text'] Received: ['chunk']\nNote: if you intended {chunk_text} to be part of the string and not a variable, please escape it with double curly braces like: '{{chunk_text}}'.\nFor troubleshooting, visit: https://python.langchain.com/docs/troubleshooting/errors/INVALID_PROMPT_INPUT "

Time: 2025-05-19 20:54:46.579273
Content: wrote, it seems likely that "international pressure will force Israel to end the war  through sanctions and international isolation."
Error: "Input to ChatPromptTemplate is missing variables {'chunk_text'}.  Expected: ['chunk_text'] Received: ['chunk']\nNote: if you intended {chunk_text} to be part of the string and not a variable, please escape it with double curly braces like: '{{chunk_text}}'.\nFor troubleshooting, visit: https://python.langchain.com/docs/troubleshooting/errors/INVALID_PROMPT_INPUT "

Time: 2025-05-19 20:54:46.583581
Content: wrote, it seems likely that "international pressure will force Israel to end the war  through sanctions and international isolation."
Error: "Input to ChatPromptTemplate is missing variables {'chunk_text'}.  Expected: ['chunk_text'] Received: ['chunk']\nNote: if you intended {chunk_text} to be part of the string and not a variable, please escape it with double curly braces like: '{{chunk_text}}'.\nFor troubleshooting, visit: https://python.langchain.com/docs/troubleshooting/errors/INVALID_PROMPT_INPUT "

Time: 2025-05-19 20:56:52.497291
Content: The News Israel began an "extensive" new ground offensive in Gaza, even as teams from Tel Aviv and Hamas held indirect ceasefire talks in Doha. Negotiations between Hamas and Israel have languished since a temporary truce ended in March; one hold-up, according to Israeli media, is Hamas' demand for an international guarantee, particularly from Washington, that Israel will not restart the war at a later date. Most Israelis do not support Prime Minister Benjamin Netanyahu's strategy for Gaza, Haaretz's Anshel Pfeffer argued, prioritizing the return of hostages instead of Netanyahu's stated aim of "total victory over Hamas." But unless Israelis "insist on their own version of victory," Pfeffer wrote, it seems likely that "international pressure will force Israel to end the war  through
Error: "Input to ChatPromptTemplate is missing variables {'chunk_text'}.  Expected: ['chunk_text'] Received: ['chunk']\nNote: if you intended {chunk_text} to be part of the string and not a variable, please escape it with double curly braces like: '{{chunk_text}}'.\nFor troubleshooting, visit: https://python.langchain.com/docs/troubleshooting/errors/INVALID_PROMPT_INPUT "

Time: 2025-05-19 20:56:52.519222
Content: The News Israel began an "extensive" new ground offensive in Gaza, even as teams from Tel Aviv and Hamas held indirect ceasefire talks in Doha. Negotiations between Hamas and Israel have languished since a temporary truce ended in March; one hold-up, according to Israeli media, is Hamas' demand for an international guarantee, particularly from Washington, that Israel will not restart the war at a later date. Most Israelis do not support Prime Minister Benjamin Netanyahu's strategy for Gaza, Haaretz's Anshel Pfeffer argued, prioritizing the return of hostages instead of Netanyahu's stated aim of "total victory over Hamas." But unless Israelis "insist on their own version of victory," Pfeffer wrote, it seems likely that "international pressure will force Israel to end the war  through
Error: "Input to ChatPromptTemplate is missing variables {'chunk_text'}.  Expected: ['chunk_text'] Received: ['chunk']\nNote: if you intended {chunk_text} to be part of the string and not a variable, please escape it with double curly braces like: '{{chunk_text}}'.\nFor troubleshooting, visit: https://python.langchain.com/docs/troubleshooting/errors/INVALID_PROMPT_INPUT "

Time: 2025-05-19 20:56:53.536324
Content: wrote, it seems likely that "international pressure will force Israel to end the war  through sanctions and international isolation."
Error: "Input to ChatPromptTemplate is missing variables {'chunk_text'}.  Expected: ['chunk_text'] Received: ['chunk']\nNote: if you intended {chunk_text} to be part of the string and not a variable, please escape it with double curly braces like: '{{chunk_text}}'.\nFor troubleshooting, visit: https://python.langchain.com/docs/troubleshooting/errors/INVALID_PROMPT_INPUT "

Time: 2025-05-19 20:56:53.539641
Content: wrote, it seems likely that "international pressure will force Israel to end the war  through sanctions and international isolation."
Error: "Input to ChatPromptTemplate is missing variables {'chunk_text'}.  Expected: ['chunk_text'] Received: ['chunk']\nNote: if you intended {chunk_text} to be part of the string and not a variable, please escape it with double curly braces like: '{{chunk_text}}'.\nFor troubleshooting, visit: https://python.langchain.com/docs/troubleshooting/errors/INVALID_PROMPT_INPUT "

Time: 2025-05-19 23:39:40.693921
Content: { "sentence": "For many years now already, unfortunately, Colombia is the deadliest country in the world for trade unionists and for trade union work," says Luc Triangle", "paraphrase": "It's been a long time, and sadly, Colombia remains the most dangerous place in the world for people involved in trade unions and the activities of trade unions.", "grammar": "The sentence is complex, incorporating multiple clauses and temporal phrases. Specifically: \n* **Time Adverbial Phrase:** 'For many years now already'  This phrase indicates a long period of time. The repetition ('now already') emphasizes the duration.\n* **Adverbial Phrase:** 'Unfortunately' - Modifies the entire statement, expressing regret or sadness.\n* **Main Clause:** 'Colombia is the deadliest country in the world'  This is the core statement, a factual assertion.\n* **'for trade unionists and for trade union work'**  This is an 'in' clause modifying 'deadliest', specifying *who* or *what* is most dangerous (trade unionists and their activities).", "meaning": "Luc Triangle is stating a deeply concerning fact: over an extended period, Colombia has consistently been the most dangerous place globally for individuals associated with trade unions (trade unionists) and the overall activities and operations of trade unions. He's highlighting a sustained and serious problem  a high level of violence and intimidation targeting trade union members and organizations. The use of 'unfortunately' indicates a sense of dismay about this situation." }
Error: Expecting ',' delimiter: line 1 column 153 (char 152)

Time: 2025-05-19 23:40:01.542520
Content: { "sentence": "The trade union movement has always been linked to the parties of the left and unfortunately the many right-wing governments we've had in Colombia have always claimed that anyone who is a leftist is a guerrilla, a terrorist," Mr. Arias says.", "paraphrase": "Labor unions have historically supported left-leaning political parties. Sadly, many right-wing governments in Colombia have often wrongly associated anyone with left-wing beliefs with being a rebel fighter or a dangerous terrorist.", "grammar": "This sentence is a complex, compound-complex sentence. It contains several clauses linked together. Specifically:\n* **Independent Clause 1:** 'The trade union movement has always been linked to the parties of the left'  This is a statement of fact.\n* **Independent Clause 2:** 'unfortunately the many right-wing governments we've had in Colombia have always claimed that anyone who is a leftist is a guerrilla, a terrorist'  This clause expresses a negative consequence and a contentious claim. It contains a participial phrase ('unfortunately') modifying the entire clause.\n* **Subordinating Conjunction:** 'Unfortunately'  Introduces the dependent clause, adding a negative assessment.\n* **Relative Clause (Implicit):** The phrase 'that anyone who is a leftist is a guerrilla, a terrorist' functions as a relative clause, defining 'anyone.'", "meaning": "Mr. Arias is explaining a long-standing and problematic dynamic in Colombian politics. He argues that trade unions have historically aligned with left-wing political parties. More significantly, he highlights a deliberate strategy employed by numerous right-wing Colombian governments: they consistently labeled individuals with leftist ideologies as guerrillas and terrorists, often as a tactic to discredit opposition movements and justify repressive actions. This framing has contributed to a climate of distrust and violence in Colombian politics." }
Error: Expecting ',' delimiter: line 1 column 242 (char 241)

Time: 2025-05-19 23:40:21.044164
Content: { "sentence": "If I were the CEO of a multinational, I would question my activities in Colombia,"", "paraphrase": "If I were in charge of a large, international company, I'd be concerned about what we were doing in Colombia.", "grammar": "This sentence is a conditional sentence type 2 (also known as a 'third conditional' in the 'if' clause). It describes a hypothetical situation and its likely consequence. Specifically:\n* **'If I were'**: This is the 'if' clause, expressing a hypothetical or contrary-to-fact condition. It uses the past subjunctive ('were') to indicate something not currently true.\n* **'I would'**: This is the main clause, expressing the likely action or feeling if the condition were true. It uses the modal verb 'would' + base form of the verb 'question' to express a polite or habitual intention/action.\n* The sentence is structured as: 'If + past subjunctive, would + base form of the verb'", "meaning": "The speaker is expressing a hypothetical concern or ethical dilemma. They are suggesting that if they were in a position of power and responsibility within a large, global corporation, they would have reservations or doubts about the company's operations and impact in Colombia. It implies a potential ethical issue or a desire for greater scrutiny or accountability. The sentence isn't stating a fact, but rather a reasoned speculation based on a given scenario  what they *would* do if they held that specific role." }
Error: Expecting ',' delimiter: line 1 column 98 (char 97)

Time: 2025-05-19 23:40:31.830799
Content: ¡®That¡¯s not acceptable. Global companies and foreign investors in Colombia must step up.¡¯
Error: No JSON structure in contextual response

Time: 2025-05-20 19:18:37.799044
Content: In July last year, Jess Cometa was shot at as he was driving through the Cauca Valley in southwest Colombia. Gunmen on motorbikes pulled up alongside his car and sprayed it with bullets. Mr Cometa escaped uninjured but his bodyguard was hit. "He still has a bullet lodged in his chest," he says. Mr Cometa is one of thousands of trade unionists who have been attacked in recent years in Colombia which, by some measurements, is the most dangerous place in the world for organised labour. The Cauca Valley is home to the country's sugar industry, and he is a local representative of Sintrainagro, Colombia's largest agricultural trade union. "When you take on these roles in the union, you lose your social life," Mr Cometa says. "You can't just go and hang out in a crowded bar, or on a street corner, because you never know when you might be targeted. "Your family suffers too because they know that they're also targets." This is a problem with a long history. In his ground-breaking novel, One Hundred Years of Solitude, Colombia's Nobel Prize-winning writer Gabriel Garca Mrquez famously highlighted the massacre of workers on banana plantations in the country in the 1920s. The Labour Ministry says that since the early 1970s, well over 3,000 trade unionists have been murdered in Colombia. And even though the nation is more peaceful than it once was, the attacks continue. "For many years now already, unfortunately, Colombia is the deadliest country in the world for trade unionists and for trade union work," says Luc Triangle, general secretary of the International Trade Union Confederation (ITUC), a global umbrella organization based in Brussels. Every year the ITUC publishes a survey of the atrocities carried out against trade unionists around the world. Its most recent edition covers the year to the end of March 2024. It found that in those 12 months, 22 trade unionists were killed for their activism around the world. Eleven of them were murdered in Colombia. "Generally, these are targeted murders," Mr Triangle says. "They know what they are doing. They know who they want to murder. "It's not targeting the big bosses of the trade unions or the leaders. They are targeting in small villages people that are doing active trade union work. "Between 2020 and 2023, we recorded 45 murders in Colombia. In 2022, 29 murders. It's less violent than it once was, but it's still very violent, certainly if you compare it with other countries." Why is this happening? Fabio Arias, the head of Colombia's largest trade union federation, the CUT, says it is all part of Colombia's long and complex civil conflict, which pitted left-wing rebel groups against right-wing paramilitaries, drug traffickers and the Colombian state, and which still rumbles on in some parts of the country. "The trade union movement has always been linked to the parties of the left and unfortunately the many right-wing governments we've had in Colombia have always claimed that anyone who is a leftist is a guerrilla, a terrorist," Mr Arias says. "And once you've established that, then people feel justified in attacking them." He says the attacks on workers are also linked to Colombia's illegal economies, notably the cocaine trade and illegal mining. "If you look at where these attacks are happening, it's in the departments of Cauca, Nario, Putumayo, Arauca, Norte de Santander and Caquet, because that's where the biggest coca plantations are, and where the illegal mining is." It is not clear who is carrying out these killings and who is ordering them. Some trade unionists blame the private sector, saying businesses, desperate to stifle any attempt by workers to organize, are paying armed groups to carry out these atrocities. They point to the fact that threats and attacks tend to spike at times when businesses and unions are in wage negotiations. But as many of the attacks go unpunished, it is difficult to know who exactly is to blame. "In the Cauca Valley there are so many different armed groups you never really know who's behind the attacks, who's carrying them out, who's ordering them," says Zenn Escobar, another sugar cane worker and local representative of Sintrainagro. The threats in the Cauca Valley are not limited to the sugar industry. "In 2007, I was in a van, and guys drew up next to us on a motorbike and asked for me, and then opened fire," recalls Jimmy Nez, the leader of a union that represents street traders in the regional capital Cali. "My colleague who was sitting next to me was killed, and my wife was injured. In 2010 they attacked me again, on the road between Cauca and Cali. "They opened fire on my car
Error: 'dict' object has no attribute 'write'

Time: 2025-05-20 19:18:40.385983
Content:  really know who's behind the attacks, who's carrying them out, who's ordering them," says Zenn Escobar, another sugar cane worker and local representative of Sintrainagro. The threats in the Cauca Valley are not limited to the sugar industry. "In 2007, I was in a van, and guys drew up next to us on a motorbike and asked for me, and then opened fire," recalls Jimmy Nez, the leader of a union that represents street traders in the regional capital Cali. "My colleague who was sitting next to me was killed, and my wife was injured. In 2010 they attacked me again, on the road between Cauca and Cali. "They opened fire on my car. In 2012 we were attacked in a shopping centre in Cali and one of us was killed. And in 2013 my family had to leave Cauca due to threats. "In this country social leaders and trade union leaders are killed every day." BBC Business Daily - Why is Colombia so dangerous for trade union officials? The government says it is doing what it can to protect trade unionists. Colombia's president, Gustavo Petro, heads a left-wing administration that is broadly sympathetic to the country's workers. In 2023, it took a step towards redressing the past by formally recognizing the trade union movement  collectively, and for the first time  as a victim of Colombia's conflict. That gives victims a greater chance of having their cases investigated. "We consider this as an important step to recognize the violence against trade unionists in Colombia, which was not the case before," says Luc Triangle of the ITUC. He also says foreign companies with operations in Colombia must do more. "If I were the CEO of a multinational, I would question my activities in Colombia," he says. "There is a huge responsibility for multinational companies. They cannot have a nice code of conduct, and at the same time remain silent when trade unionists are killed. "That's not acceptable. Global companies and foreign investors in Colombia must step up."
Error: 'dict' object has no attribute 'write'

Time: 2025-05-20 19:19:31.939540
Content: In July last year, Jess Cometa was shot at as he was driving through the Cauca Valley in southwest Colombia. Gunmen on motorbikes pulled up alongside his car and sprayed it with bullets. Mr Cometa escaped uninjured but his bodyguard was hit. "He still has a bullet lodged in his chest," he says. Mr Cometa is one of thousands of trade unionists who have been attacked in recent years in Colombia which, by some measurements, is the most dangerous place in the world for organised labour. The Cauca Valley is home to the country's sugar industry, and he is a local representative of Sintrainagro, Colombia's largest agricultural trade union. "When you take on these roles in the union, you lose your social life," Mr Cometa says. "You can't just go and hang out in a crowded bar, or on a street corner, because you never know when you might be targeted. "Your family suffers too because they know that they're also targets." This is a problem with a long history. In his ground-breaking novel, One Hundred Years of Solitude, Colombia's Nobel Prize-winning writer Gabriel Garca Mrquez famously highlighted the massacre of workers on banana plantations in the country in the 1920s. The Labour Ministry says that since the early 1970s, well over 3,000 trade unionists have been murdered in Colombia. And even though the nation is more peaceful than it once was, the attacks continue. "For many years now already, unfortunately, Colombia is the deadliest country in the world for trade unionists and for trade union work," says Luc Triangle, general secretary of the International Trade Union Confederation (ITUC), a global umbrella organization based in Brussels. Every year the ITUC publishes a survey of the atrocities carried out against trade unionists around the world. Its most recent edition covers the year to the end of March 2024. It found that in those 12 months, 22 trade unionists were killed for their activism around the world. Eleven of them were murdered in Colombia. "Generally, these are targeted murders," Mr Triangle says. "They know what they are doing. They know who they want to murder. "It's not targeting the big bosses of the trade unions or the leaders. They are targeting in small villages people that are doing active trade union work. "Between 2020 and 2023, we recorded 45 murders in Colombia. In 2022, 29 murders. It's less violent than it once was, but it's still very violent, certainly if you compare it with other countries." Why is this happening? Fabio Arias, the head of Colombia's largest trade union federation, the CUT, says it is all part of Colombia's long and complex civil conflict, which pitted left-wing rebel groups against right-wing paramilitaries, drug traffickers and the Colombian state, and which still rumbles on in some parts of the country. "The trade union movement has always been linked to the parties of the left and unfortunately the many right-wing governments we've had in Colombia have always claimed that anyone who is a leftist is a guerrilla, a terrorist," Mr Arias says. "And once you've established that, then people feel justified in attacking them." He says the attacks on workers are also linked to Colombia's illegal economies, notably the cocaine trade and illegal mining. "If you look at where these attacks are happening, it's in the departments of Cauca, Nario, Putumayo, Arauca, Norte de Santander and Caquet, because that's where the biggest coca plantations are, and where the illegal mining is." It is not clear who is carrying out these killings and who is ordering them. Some trade unionists blame the private sector, saying businesses, desperate to stifle any attempt by workers to organize, are paying armed groups to carry out these atrocities. They point to the fact that threats and attacks tend to spike at times when businesses and unions are in wage negotiations. But as many of the attacks go unpunished, it is difficult to know who exactly is to blame. "In the Cauca Valley there are so many different armed groups you never really know who's behind the attacks, who's carrying them out, who's ordering them," says Zenn Escobar, another sugar cane worker and local representative of Sintrainagro. The threats in the Cauca Valley are not limited to the sugar industry. "In 2007, I was in a van, and guys drew up next to us on a motorbike and asked for me, and then opened fire," recalls Jimmy Nez, the leader of a union that represents street traders in the regional capital Cali. "My colleague who was sitting next to me was killed, and my wife was injured. In 2010 they attacked me again, on the road between Cauca and Cali. "They opened fire on my car
Error: 'dict' object has no attribute 'write'

Time: 2025-05-20 19:19:35.464021
Content:  really know who's behind the attacks, who's carrying them out, who's ordering them," says Zenn Escobar, another sugar cane worker and local representative of Sintrainagro. The threats in the Cauca Valley are not limited to the sugar industry. "In 2007, I was in a van, and guys drew up next to us on a motorbike and asked for me, and then opened fire," recalls Jimmy Nez, the leader of a union that represents street traders in the regional capital Cali. "My colleague who was sitting next to me was killed, and my wife was injured. In 2010 they attacked me again, on the road between Cauca and Cali. "They opened fire on my car. In 2012 we were attacked in a shopping centre in Cali and one of us was killed. And in 2013 my family had to leave Cauca due to threats. "In this country social leaders and trade union leaders are killed every day." BBC Business Daily - Why is Colombia so dangerous for trade union officials? The government says it is doing what it can to protect trade unionists. Colombia's president, Gustavo Petro, heads a left-wing administration that is broadly sympathetic to the country's workers. In 2023, it took a step towards redressing the past by formally recognizing the trade union movement  collectively, and for the first time  as a victim of Colombia's conflict. That gives victims a greater chance of having their cases investigated. "We consider this as an important step to recognize the violence against trade unionists in Colombia, which was not the case before," says Luc Triangle of the ITUC. He also says foreign companies with operations in Colombia must do more. "If I were the CEO of a multinational, I would question my activities in Colombia," he says. "There is a huge responsibility for multinational companies. They cannot have a nice code of conduct, and at the same time remain silent when trade unionists are killed. "That's not acceptable. Global companies and foreign investors in Colombia must step up."
Error: 'dict' object has no attribute 'write'

Time: 2025-05-20 21:06:00.311292
Content: In July last year, Jess Cometa was shot at as he was driving through the Cauca Valley in southwest Colombia. Gunmen on motorbikes pulled up alongside his car and sprayed it with bullets. Mr Cometa escaped uninjured but his bodyguard was hit. "He still has a bullet lodged in his chest," he says. Mr Cometa is one of thousands of trade unionists who have been attacked in recent years in Colombia which, by some measurements, is the most dangerous place in the world for organised labour. The Cauca Valley is home to the country's sugar industry, and he is a local representative of Sintrainagro, Colombia's largest agricultural trade union. "When you take on these roles in the union, you lose your social life," Mr Cometa says. "You can't just go and hang out in a crowded bar, or on a street corner, because you never know when you might be targeted. "Your family suffers too because they know that they're also targets." This is a problem with a long history. In his ground-breaking novel, One Hundred Years of Solitude, Colombia's Nobel Prize-winning writer Gabriel Garca Mrquez famously highlighted the massacre of workers on banana plantations in the country in the 1920s. The Labour Ministry says that since the early 1970s, well over 3,000 trade unionists have been murdered in Colombia. And even though the nation is more peaceful than it once was, the attacks continue. "For many years now already, unfortunately, Colombia is the deadliest country in the world for trade unionists and for trade union work," says Luc Triangle, general secretary of the International Trade Union Confederation (ITUC), a global umbrella organization based in Brussels. Every year the ITUC publishes a survey of the atrocities carried out against trade unionists around the world. Its most recent edition covers the year to the end of March 2024. It found that in those 12 months, 22 trade unionists were killed for their activism around the world. Eleven of them were murdered in Colombia. "Generally, these are targeted murders," Mr Triangle says. "They know what they are doing. They know who they want to murder. "It's not targeting the big bosses of the trade unions or the leaders. They are targeting in small villages people that are doing active trade union work. "Between 2020 and 2023, we recorded 45 murders in Colombia. In 2022, 29 murders. It's less violent than it once was, but it's still very violent, certainly if you compare it with other countries." Why is this happening? Fabio Arias, the head of Colombia's largest trade union federation, the CUT, says it is all part of Colombia's long and complex civil conflict, which pitted left-wing rebel groups against right-wing paramilitaries, drug traffickers and the Colombian state, and which still rumbles on in some parts of the country. "The trade union movement has always been linked to the parties of the left and unfortunately the many right-wing governments we've had in Colombia have always claimed that anyone who is a leftist is a guerrilla, a terrorist," Mr Arias says. "And once you've established that, then people feel justified in attacking them." He says the attacks on workers are also linked to Colombia's illegal economies, notably the cocaine trade and illegal mining. "If you look at where these attacks are happening, it's in the departments of Cauca, Nario, Putumayo, Arauca, Norte de Santander and Caquet, because that's where the biggest coca plantations are, and where the illegal mining is." It is not clear who is carrying out these killings and who is ordering them. Some trade unionists blame the private sector, saying businesses, desperate to stifle any attempt by workers to organize, are paying armed groups to carry out these atrocities. They point to the fact that threats and attacks tend to spike at times when businesses and unions are in wage negotiations. But as many of the attacks go unpunished, it is difficult to know who exactly is to blame. "In the Cauca Valley there are so many different armed groups you never really know who's behind the attacks, who's carrying them out, who's ordering them," says Zenn Escobar, another sugar cane worker and local representative of Sintrainagro. The threats in the Cauca Valley are not limited to the sugar industry. "In 2007, I was in a van, and guys drew up next to us on a motorbike and asked for me, and then opened fire," recalls Jimmy Nez, the leader of a union that represents street traders in the regional capital Cali. "My colleague who was sitting next to me was killed, and my wife was injured. In 2010 they attacked me again, on the road between Cauca and Cali. "They opened fire on my car
Error: 'Input to ChatPromptTemplate is missing variables {\'\\n  "question"\'}.  Expected: [\'\\n  "question"\', \'answer\', \'chunk_text\', \'question\'] Received: [\'chunk_text\', \'question\', \'answer\']\nNote: if you intended {\n  "question"} to be part of the string and not a variable, please escape it with double curly braces like: \'{{\n  "question"}}\'.\nFor troubleshooting, visit: https://python.langchain.com/docs/troubleshooting/errors/INVALID_PROMPT_INPUT '

Time: 2025-05-20 22:23:52.567990
Content: If there was one thing Mrs. Huber was known for, it was her ability to look on the bright side.
Error: No JSON structure in contextual response

Time: 2025-05-20 22:24:12.001241
Content: { "sentence": "Kids do much better with stay at home mums; it was so much less stressful.", "paraphrase": "Children generally thrive and do well when their mothers stay at home, as it creates a calmer and less demanding environment.", "grammar": "This sentence contains two closely related clauses joined by a semicolon (;). The first clause is a statement of correlation: 'Kids do much better' This utilizes a simple subject-verb-object structure. The second clause, 'it was so much less stressful,' is an exclamatory statement expressing a cause and effect. 'It' refers back to the situation of the child being raised by a stay-at-home mother. 'So much less' is a comparative phrase emphasizing the reduced stress.", "meaning": "The sentence expresses a commonly held belief  often an anecdotal observation  that children benefit more when their mothers dedicate themselves entirely to childcare at home. The 'less stressful' element suggests that the reduced pressure on the mother contributes to a more positive and supportive environment for the child's development and well-being. It's important to note that this sentence is based on observation and potentially a specific cultural perspective, rather than a scientifically proven fact. "It" is used to introduce an explanatory clause." }
Error: Expecting ',' delimiter: line 1 column 1246 (char 1245)

Time: 2025-05-20 22:24:43.894051
Content: I am not going to be humiliated in front of the entire neighborhood.
Error: No JSON structure in contextual response

Time: 2025-05-20 22:25:00.792191
Content: But she soon discovered this happened every time Carlos closed a big deal.
Error: No JSON structure in contextual response

Time: 2025-05-20 22:25:14.406910
Content: If you talk to Al Mason at this thing, I want you to casually mention how much I paid for your
Error: No JSON structure in contextual response

Time: 2025-05-20 22:25:31.603754
Content: Everyone, that is, except her own family.
Error: No JSON structure in contextual response

Time: 2025-05-20 22:25:44.195147
Content: Everyone, that is, except her own family.
Error: No JSON structure in contextual response

Time: 2025-05-20 22:26:02.718833
Content: BREE: It was no trouble at all.
Error: No JSON structure in contextual response

Time: 2025-05-20 22:26:15.081367
Content: { "word": "merger", "ipa": "/mrr/", "etymology": "Old French *merger, mrger, from Latin *conferre, conferre 'to bring together'." }, { "word": "acquisition", "ipa": "/kwzn/", "etymology": "Middle English: from Old French *acquisicion, from Late Latin *adquisitio(nem), from Latin adqurere 'to acquire', from ad- 'to' + qurere 'seek'" }
Error: Extra data: line 1 column 132 (char 131)

Time: 2025-05-20 22:26:39.161390
Content: { "word": "merger", "ipa": "/mrr/", "etymology": "From Old French mrgier, from Latin mercrius, from mercre (to buy) + agere (to lead)." }, { "word": "acquisition", "ipa": "/kwazin/", "etymology": "From Latin acquisitio, from acquisit- (stem of acquirere) + -ion. Acquirere is from the combination of accipere (to receive) and quirere (to seek)." }
Error: Extra data: line 1 column 138 (char 137)

Time: 2025-05-20 22:26:59.084858
Content: { "word": "merger", "ipa": "/mr/", "etymology": "Old French *mrger, from Latin *con-mergere ('to plunge together')" }, { "word": "acquisition", "ipa": "/kwzn/", "etymology": "Latin *acqusitio, from acqure ('to buy, get by conquest')" }
Error: Extra data: line 1 column 118 (char 117)

Time: 2025-05-20 22:27:23.959648
Content: { "expression": "in the middle of", "contextual_meaning": "Engaged in an activity or process; occupied with something.", "example_sentences": ["She was in the middle of a phone call when I arrived."] , ["He was in the middle of painting the fence when it started to rain."] }
Error: Expecting property name enclosed in double quotes: line 1 column 203 (char 202)

Time: 2025-05-20 22:27:40.870923
Content: BREE: Oh yes, page one of the philanderer's handbook.
Error: No JSON structure in contextual response

Time: 2025-05-20 22:27:58.141079
Content: { "expression": "dignify", "contextual_meaning": "To treat with honor or respect; to elevate or enhance.", "example_sentences": ["The museum curator took great care to dignify the artifacts with proper display and preservation techniques."] , "She refused to dignify his insulting remarks with a response."] }
Error: Expecting ':' delimiter: line 1 column 307 (char 306)

Time: 2025-05-20 22:29:19.091537
Content: ¡®Ease up, you little vampire¡¯
Error: No JSON structure in contextual response

Time: 2025-05-20 22:29:33.726206
Content: ¡®I¡¯ve been looking all over for you.¡¯
Error: No JSON structure in contextual response

Time: 2025-05-20 22:29:47.644685
Content: You three planned this??
Error: No JSON structure in contextual response

Time: 2025-05-20 22:30:34.473981
Content: The morning after my funeral, my friends and neighbors quietly went
Error: No JSON structure in contextual response

Time: 2025-05-20 22:32:16.472915
Content: Welcome to Wisteria Lane.
Error: No JSON structure in contextual response

Time: 2025-05-20 22:32:31.023765
Content: Women don't fight fair.
Error: No JSON structure in contextual response

Time: 2025-05-20 22:33:03.423196
Content: See? Now this is what a marriage is all about - compromise.
Error: No JSON structure in contextual response

Time: 2025-05-20 22:33:34.844872
Content: See? Now this is what a marriage is all about - compromise.
Error: No JSON structure in contextual response

Time: 2025-05-20 22:34:39.803740
Content: Mom, I'm not the one with the problem here, alright?
Error: No JSON structure in contextual response

Time: 2025-05-20 22:36:03.697915
Content: You were using me to hurt Dad.
Error: No JSON structure in contextual response

Time: 2025-05-20 22:36:16.325257
Content: The clog's in the pipe.
Error: No JSON structure in contextual response

Time: 2025-05-20 22:36:27.353294
Content: You were using me to hurt Dad.
Error: No JSON structure in contextual response

Time: 2025-05-20 22:36:46.137488
Content: { "sentence": "Here's your problem. Looks like somebody stuffed a bunch of popsicle sticks down there.", "paraphrase": "I have a problem for you. It seems like a lot of popsicle sticks were put into that space.", "grammar": "The sentence is a compound sentence. It consists of two clauses: 1) 'Here's your problem.' (an imperative statement functioning as an independent clause) and 2) 'Looks like somebody stuffed a bunch of popsicle sticks down there.' (a complex sentence with an introductory participial phrase and a main clause). Specifically: *Introductory Participial Phrase:* 'Looks like somebody' (verb form 'looked' used as an adjective modifying 'seems'). *Main Clause:* 'Somebody stuffed a bunch of popsicle sticks down there.' (Subject: 'Somebody,' Verb: 'stuffed,' Object: 'a bunch of popsicle sticks,' prepositional phrase 'down there' specifying location).", "meaning": "This sentence is conveying a discovery or observation  someone has found a quantity of popsicle sticks in an unexpected or problematic location. The 'Here's your problem' suggests that this discovery is creating an issue, perhaps a blockage or an unwelcome situation. The speaker is informing someone of this finding and implying its significance."" }
Error: Expecting ',' delimiter: line 1 column 1236 (char 1235)

Time: 2025-05-20 22:37:31.083935
Content: Bree Van De Kamp
Error: No JSON structure in contextual response

Time: 2025-05-20 22:37:57.561456
Content: Out of your mind.
Error: No JSON structure in contextual response

Time: 2025-05-20 22:38:27.740839
Content: It was the sound of family secret.
Error: No JSON structure in contextual response

Time: 2025-05-20 22:39:00.413873
Content: TOM: Deeper, deeper, touchdown!
Error: No JSON structure in contextual response

Time: 2025-05-20 22:39:29.736609
Content: It was a mistake.
Error: No JSON structure in contextual response

Time: 2025-05-20 22:39:42.558995
Content: BREE: I can't believe you tried to kill me.
Error: No JSON structure in contextual response

Time: 2025-05-20 22:42:31.602839
Content: NARRATOR: And suddenly, there he was, like a phoenix rising from the ashes.
Error: No JSON structure in contextual response

Time: 2025-05-20 22:43:00.974254
Content: ¡®Let¡¯s get this show on the road.¡¯
Error: No JSON structure in contextual response

Time: 2025-05-20 22:43:30.411561
Content: I KNOW WHAT YOU DID IT MAKES ME SICK I'M GOING TO TELL
Error: No JSON structure in contextual response

Time: 2025-05-21 12:20:22.981043
Content: {"questions": ["What does Lynette use as leverage when attempting to influence the children's behavior, and what does this reveal about her motivations?"] , "How does the flashback of Gabrielle's modeling career contribute to an understanding of her desires and actions in the present situation?","What is the significance of Carlos's request regarding Al Mason, and what potential conflict does it foreshadow?"]}
Error: Expecting ':' delimiter: line 1 column 297 (char 296)

Time: 2025-05-21 12:21:31.516107
Content: {"questions": ["What key details emerge regarding the cause of the fire, and how does this information impact Susan's initial reaction?"] , "How does the arrival of Mike shift the emotional tone of the scene, and what does this suggest about their relationship?"]}
Error: Expecting ':' delimiter: line 1 column 263 (char 262)

Time: 2025-05-21 14:53:49.844583
Content: In July last year, Jess Cometa was shot at as he was driving through the Cauca Valley in southwest Colombia. Gunmen on motorbikes pulled up alongside his car and sprayed it with bullets. Mr Cometa escaped uninjured but his bodyguard was hit. "He still has a bullet lodged in his chest," he says. Mr Cometa is one of thousands of trade unionists who have been attacked in recent years in Colombia which, by some measurements, is the most dangerous place in the world for organised labour. The Cauca Valley is home to the country's sugar industry, and he is a local representative of Sintrainagro, Colombia's largest agricultural trade union. "When you take on these roles in the union, you lose your social life," Mr Cometa says. "You can't just go and hang out in a crowded bar, or on a street corner, because you never know when you might be targeted. "Your family suffers too because they know that they're also targets." This is a problem with a long history. In his ground-breaking novel, One Hundred Years of Solitude, Colombia's Nobel Prize-winning writer Gabriel Garca Mrquez famously highlighted the massacre of workers on banana plantations in the country in the 1920s. The Labour Ministry says that since the early 1970s, well over 3,000 trade unionists have been murdered in Colombia. And even though the nation is more peaceful than it once was, the attacks continue. "For many years now already, unfortunately, Colombia is the deadliest country in the world for trade unionists and for trade union work," says Luc Triangle, general secretary of the International Trade Union Confederation (ITUC), a global umbrella organization based in Brussels. Every year the ITUC publishes a survey of the atrocities carried out against trade unionists around the world. Its most recent edition covers the year to the end of March 2024. It found that in those 12 months, 22 trade unionists were killed for their activism around the world. Eleven of them were murdered in Colombia. "Generally, these are targeted murders," Mr Triangle says. "They know what they are doing. They know who they want to murder. "It's not targeting the big bosses of the trade unions or the leaders. They are targeting in small villages people that are doing active trade union work. "Between 2020 and 2023, we recorded 45 murders in Colombia. In 2022, 29 murders. It's less violent than it once was, but it's still very violent, certainly if you compare it with other countries." Why is this happening? Fabio Arias, the head of Colombia's largest trade union federation, the CUT, says it is all part of Colombia's long and complex civil conflict, which pitted left-wing rebel groups against right-wing paramilitaries, drug traffickers and the Colombian state, and which still rumbles on in some parts of the country. "The trade union movement has always been linked to the parties of the left and unfortunately the many right-wing governments we've had in Colombia have always claimed that anyone who is a leftist is a guerrilla, a terrorist," Mr Arias says. "And once you've established that, then people feel justified in attacking them." He says the attacks on workers are also linked to Colombia's illegal economies, notably the cocaine trade and illegal mining. "If you look at where these attacks are happening, it's in the departments of Cauca, Nario, Putumayo, Arauca, Norte de Santander and Caquet, because that's where the biggest coca plantations are, and where the illegal mining is." It is not clear who is carrying out these killings and who is ordering them. Some trade unionists blame the private sector, saying businesses, desperate to stifle any attempt by workers to organize, are paying armed groups to carry out these atrocities. They point to the fact that threats and attacks tend to spike at times when businesses and unions are in wage negotiations. But as many of the attacks go unpunished, it is difficult to know who exactly is to blame. "In the Cauca Valley there are so many different armed groups you never really know who's behind the attacks, who's carrying them out, who's ordering them," says Zenn Escobar, another sugar cane worker and local representative of Sintrainagro. The threats in the Cauca Valley are not limited to the sugar industry. "In 2007, I was in a van, and guys drew up next to us on a motorbike and asked for me, and then opened fire," recalls Jimmy Nez, the leader of a union that represents street traders in the regional capital Cali. "My colleague who was sitting next to me was killed, and my wife was injured. In 2010 they attacked me again, on the road between Cauca and Cali. "They opened fire on my car
Error: name 'store_quesion_to_mongo' is not defined

Time: 2025-05-21 14:53:53.315041
Content:  really know who's behind the attacks, who's carrying them out, who's ordering them," says Zenn Escobar, another sugar cane worker and local representative of Sintrainagro. The threats in the Cauca Valley are not limited to the sugar industry. "In 2007, I was in a van, and guys drew up next to us on a motorbike and asked for me, and then opened fire," recalls Jimmy Nez, the leader of a union that represents street traders in the regional capital Cali. "My colleague who was sitting next to me was killed, and my wife was injured. In 2010 they attacked me again, on the road between Cauca and Cali. "They opened fire on my car. In 2012 we were attacked in a shopping centre in Cali and one of us was killed. And in 2013 my family had to leave Cauca due to threats. "In this country social leaders and trade union leaders are killed every day." BBC Business Daily - Why is Colombia so dangerous for trade union officials? The government says it is doing what it can to protect trade unionists. Colombia's president, Gustavo Petro, heads a left-wing administration that is broadly sympathetic to the country's workers. In 2023, it took a step towards redressing the past by formally recognizing the trade union movement  collectively, and for the first time  as a victim of Colombia's conflict. That gives victims a greater chance of having their cases investigated. "We consider this as an important step to recognize the violence against trade unionists in Colombia, which was not the case before," says Luc Triangle of the ITUC. He also says foreign companies with operations in Colombia must do more. "If I were the CEO of a multinational, I would question my activities in Colombia," he says. "There is a huge responsibility for multinational companies. They cannot have a nice code of conduct, and at the same time remain silent when trade unionists are killed. "That's not acceptable. Global companies and foreign investors in Colombia must step up."
Error: name 'store_quesion_to_mongo' is not defined

Time: 2025-05-21 15:04:16.343608
Content: In July last year, Jess Cometa was shot at as he was driving through the Cauca Valley in southwest Colombia. Gunmen on motorbikes pulled up alongside his car and sprayed it with bullets. Mr Cometa escaped uninjured but his bodyguard was hit. "He still has a bullet lodged in his chest," he says. Mr Cometa is one of thousands of trade unionists who have been attacked in recent years in Colombia which, by some measurements, is the most dangerous place in the world for organised labour. The Cauca Valley is home to the country's sugar industry, and he is a local representative of Sintrainagro, Colombia's largest agricultural trade union. "When you take on these roles in the union, you lose your social life," Mr Cometa says. "You can't just go and hang out in a crowded bar, or on a street corner, because you never know when you might be targeted. "Your family suffers too because they know that they're also targets." This is a problem with a long history. In his ground-breaking novel, One Hundred Years of Solitude, Colombia's Nobel Prize-winning writer Gabriel Garca Mrquez famously highlighted the massacre of workers on banana plantations in the country in the 1920s. The Labour Ministry says that since the early 1970s, well over 3,000 trade unionists have been murdered in Colombia. And even though the nation is more peaceful than it once was, the attacks continue. "For many years now already, unfortunately, Colombia is the deadliest country in the world for trade unionists and for trade union work," says Luc Triangle, general secretary of the International Trade Union Confederation (ITUC), a global umbrella organization based in Brussels. Every year the ITUC publishes a survey of the atrocities carried out against trade unionists around the world. Its most recent edition covers the year to the end of March 2024. It found that in those 12 months, 22 trade unionists were killed for their activism around the world. Eleven of them were murdered in Colombia. "Generally, these are targeted murders," Mr Triangle says. "They know what they are doing. They know who they want to murder. "It's not targeting the big bosses of the trade unions or the leaders. They are targeting in small villages people that are doing active trade union work. "Between 2020 and 2023, we recorded 45 murders in Colombia. In 2022, 29 murders. It's less violent than it once was, but it's still very violent, certainly if you compare it with other countries." Why is this happening? Fabio Arias, the head of Colombia's largest trade union federation, the CUT, says it is all part of Colombia's long and complex civil conflict, which pitted left-wing rebel groups against right-wing paramilitaries, drug traffickers and the Colombian state, and which still rumbles on in some parts of the country. "The trade union movement has always been linked to the parties of the left and unfortunately the many right-wing governments we've had in Colombia have always claimed that anyone who is a leftist is a guerrilla, a terrorist," Mr Arias says. "And once you've established that, then people feel justified in attacking them." He says the attacks on workers are also linked to Colombia's illegal economies, notably the cocaine trade and illegal mining. "If you look at where these attacks are happening, it's in the departments of Cauca, Nario, Putumayo, Arauca, Norte de Santander and Caquet, because that's where the biggest coca plantations are, and where the illegal mining is." It is not clear who is carrying out these killings and who is ordering them. Some trade unionists blame the private sector, saying businesses, desperate to stifle any attempt by workers to organize, are paying armed groups to carry out these atrocities. They point to the fact that threats and attacks tend to spike at times when businesses and unions are in wage negotiations. But as many of the attacks go unpunished, it is difficult to know who exactly is to blame. "In the Cauca Valley there are so many different armed groups you never really know who's behind the attacks, who's carrying them out, who's ordering them," says Zenn Escobar, another sugar cane worker and local representative of Sintrainagro. The threats in the Cauca Valley are not limited to the sugar industry. "In 2007, I was in a van, and guys drew up next to us on a motorbike and asked for me, and then opened fire," recalls Jimmy Nez, the leader of a union that represents street traders in the regional capital Cali. "My colleague who was sitting next to me was killed, and my wife was injured. In 2010 they attacked me again, on the road between Cauca and Cali. "They opened fire on my car
Error: store_question_to_mongo() missing 1 required positional argument: 'tag'

Time: 2025-05-21 15:04:19.831691
Content:  really know who's behind the attacks, who's carrying them out, who's ordering them," says Zenn Escobar, another sugar cane worker and local representative of Sintrainagro. The threats in the Cauca Valley are not limited to the sugar industry. "In 2007, I was in a van, and guys drew up next to us on a motorbike and asked for me, and then opened fire," recalls Jimmy Nez, the leader of a union that represents street traders in the regional capital Cali. "My colleague who was sitting next to me was killed, and my wife was injured. In 2010 they attacked me again, on the road between Cauca and Cali. "They opened fire on my car. In 2012 we were attacked in a shopping centre in Cali and one of us was killed. And in 2013 my family had to leave Cauca due to threats. "In this country social leaders and trade union leaders are killed every day." BBC Business Daily - Why is Colombia so dangerous for trade union officials? The government says it is doing what it can to protect trade unionists. Colombia's president, Gustavo Petro, heads a left-wing administration that is broadly sympathetic to the country's workers. In 2023, it took a step towards redressing the past by formally recognizing the trade union movement  collectively, and for the first time  as a victim of Colombia's conflict. That gives victims a greater chance of having their cases investigated. "We consider this as an important step to recognize the violence against trade unionists in Colombia, which was not the case before," says Luc Triangle of the ITUC. He also says foreign companies with operations in Colombia must do more. "If I were the CEO of a multinational, I would question my activities in Colombia," he says. "There is a huge responsibility for multinational companies. They cannot have a nice code of conduct, and at the same time remain silent when trade unionists are killed. "That's not acceptable. Global companies and foreign investors in Colombia must step up."
Error: store_question_to_mongo() missing 1 required positional argument: 'tag'

Time: 2025-05-21 15:09:03.504346
Content: In July last year, Jess Cometa was shot at as he was driving through the Cauca Valley in southwest Colombia. Gunmen on motorbikes pulled up alongside his car and sprayed it with bullets. Mr Cometa escaped uninjured but his bodyguard was hit. "He still has a bullet lodged in his chest," he says. Mr Cometa is one of thousands of trade unionists who have been attacked in recent years in Colombia which, by some measurements, is the most dangerous place in the world for organised labour. The Cauca Valley is home to the country's sugar industry, and he is a local representative of Sintrainagro, Colombia's largest agricultural trade union. "When you take on these roles in the union, you lose your social life," Mr Cometa says. "You can't just go and hang out in a crowded bar, or on a street corner, because you never know when you might be targeted. "Your family suffers too because they know that they're also targets." This is a problem with a long history. In his ground-breaking novel, One Hundred Years of Solitude, Colombia's Nobel Prize-winning writer Gabriel Garca Mrquez famously highlighted the massacre of workers on banana plantations in the country in the 1920s. The Labour Ministry says that since the early 1970s, well over 3,000 trade unionists have been murdered in Colombia. And even though the nation is more peaceful than it once was, the attacks continue. "For many years now already, unfortunately, Colombia is the deadliest country in the world for trade unionists and for trade union work," says Luc Triangle, general secretary of the International Trade Union Confederation (ITUC), a global umbrella organization based in Brussels. Every year the ITUC publishes a survey of the atrocities carried out against trade unionists around the world. Its most recent edition covers the year to the end of March 2024. It found that in those 12 months, 22 trade unionists were killed for their activism around the world. Eleven of them were murdered in Colombia. "Generally, these are targeted murders," Mr Triangle says. "They know what they are doing. They know who they want to murder. "It's not targeting the big bosses of the trade unions or the leaders. They are targeting in small villages people that are doing active trade union work. "Between 2020 and 2023, we recorded 45 murders in Colombia. In 2022, 29 murders. It's less violent than it once was, but it's still very violent, certainly if you compare it with other countries." Why is this happening? Fabio Arias, the head of Colombia's largest trade union federation, the CUT, says it is all part of Colombia's long and complex civil conflict, which pitted left-wing rebel groups against right-wing paramilitaries, drug traffickers and the Colombian state, and which still rumbles on in some parts of the country. "The trade union movement has always been linked to the parties of the left and unfortunately the many right-wing governments we've had in Colombia have always claimed that anyone who is a leftist is a guerrilla, a terrorist," Mr Arias says. "And once you've established that, then people feel justified in attacking them." He says the attacks on workers are also linked to Colombia's illegal economies, notably the cocaine trade and illegal mining. "If you look at where these attacks are happening, it's in the departments of Cauca, Nario, Putumayo, Arauca, Norte de Santander and Caquet, because that's where the biggest coca plantations are, and where the illegal mining is." It is not clear who is carrying out these killings and who is ordering them. Some trade unionists blame the private sector, saying businesses, desperate to stifle any attempt by workers to organize, are paying armed groups to carry out these atrocities. They point to the fact that threats and attacks tend to spike at times when businesses and unions are in wage negotiations. But as many of the attacks go unpunished, it is difficult to know who exactly is to blame. "In the Cauca Valley there are so many different armed groups you never really know who's behind the attacks, who's carrying them out, who's ordering them," says Zenn Escobar, another sugar cane worker and local representative of Sintrainagro. The threats in the Cauca Valley are not limited to the sugar industry. "In 2007, I was in a van, and guys drew up next to us on a motorbike and asked for me, and then opened fire," recalls Jimmy Nez, the leader of a union that represents street traders in the regional capital Cali. "My colleague who was sitting next to me was killed, and my wife was injured. In 2010 they attacked me again, on the road between Cauca and Cali. "They opened fire on my car
Error: 'chunk_id'

Time: 2025-05-21 15:09:07.016077
Content:  really know who's behind the attacks, who's carrying them out, who's ordering them," says Zenn Escobar, another sugar cane worker and local representative of Sintrainagro. The threats in the Cauca Valley are not limited to the sugar industry. "In 2007, I was in a van, and guys drew up next to us on a motorbike and asked for me, and then opened fire," recalls Jimmy Nez, the leader of a union that represents street traders in the regional capital Cali. "My colleague who was sitting next to me was killed, and my wife was injured. In 2010 they attacked me again, on the road between Cauca and Cali. "They opened fire on my car. In 2012 we were attacked in a shopping centre in Cali and one of us was killed. And in 2013 my family had to leave Cauca due to threats. "In this country social leaders and trade union leaders are killed every day." BBC Business Daily - Why is Colombia so dangerous for trade union officials? The government says it is doing what it can to protect trade unionists. Colombia's president, Gustavo Petro, heads a left-wing administration that is broadly sympathetic to the country's workers. In 2023, it took a step towards redressing the past by formally recognizing the trade union movement  collectively, and for the first time  as a victim of Colombia's conflict. That gives victims a greater chance of having their cases investigated. "We consider this as an important step to recognize the violence against trade unionists in Colombia, which was not the case before," says Luc Triangle of the ITUC. He also says foreign companies with operations in Colombia must do more. "If I were the CEO of a multinational, I would question my activities in Colombia," he says. "There is a huge responsibility for multinational companies. They cannot have a nice code of conduct, and at the same time remain silent when trade unionists are killed. "That's not acceptable. Global companies and foreign investors in Colombia must step up."
Error: 'chunk_id'

Time: 2025-05-21 15:12:52.049860
Content: In July last year, Jess Cometa was shot at as he was driving through the Cauca Valley in southwest Colombia. Gunmen on motorbikes pulled up alongside his car and sprayed it with bullets. Mr Cometa escaped uninjured but his bodyguard was hit. "He still has a bullet lodged in his chest," he says. Mr Cometa is one of thousands of trade unionists who have been attacked in recent years in Colombia which, by some measurements, is the most dangerous place in the world for organised labour. The Cauca Valley is home to the country's sugar industry, and he is a local representative of Sintrainagro, Colombia's largest agricultural trade union. "When you take on these roles in the union, you lose your social life," Mr Cometa says. "You can't just go and hang out in a crowded bar, or on a street corner, because you never know when you might be targeted. "Your family suffers too because they know that they're also targets." This is a problem with a long history. In his ground-breaking novel, One Hundred Years of Solitude, Colombia's Nobel Prize-winning writer Gabriel Garca Mrquez famously highlighted the massacre of workers on banana plantations in the country in the 1920s. The Labour Ministry says that since the early 1970s, well over 3,000 trade unionists have been murdered in Colombia. And even though the nation is more peaceful than it once was, the attacks continue. "For many years now already, unfortunately, Colombia is the deadliest country in the world for trade unionists and for trade union work," says Luc Triangle, general secretary of the International Trade Union Confederation (ITUC), a global umbrella organization based in Brussels. Every year the ITUC publishes a survey of the atrocities carried out against trade unionists around the world. Its most recent edition covers the year to the end of March 2024. It found that in those 12 months, 22 trade unionists were killed for their activism around the world. Eleven of them were murdered in Colombia. "Generally, these are targeted murders," Mr Triangle says. "They know what they are doing. They know who they want to murder. "It's not targeting the big bosses of the trade unions or the leaders. They are targeting in small villages people that are doing active trade union work. "Between 2020 and 2023, we recorded 45 murders in Colombia. In 2022, 29 murders. It's less violent than it once was, but it's still very violent, certainly if you compare it with other countries." Why is this happening? Fabio Arias, the head of Colombia's largest trade union federation, the CUT, says it is all part of Colombia's long and complex civil conflict, which pitted left-wing rebel groups against right-wing paramilitaries, drug traffickers and the Colombian state, and which still rumbles on in some parts of the country. "The trade union movement has always been linked to the parties of the left and unfortunately the many right-wing governments we've had in Colombia have always claimed that anyone who is a leftist is a guerrilla, a terrorist," Mr Arias says. "And once you've established that, then people feel justified in attacking them." He says the attacks on workers are also linked to Colombia's illegal economies, notably the cocaine trade and illegal mining. "If you look at where these attacks are happening, it's in the departments of Cauca, Nario, Putumayo, Arauca, Norte de Santander and Caquet, because that's where the biggest coca plantations are, and where the illegal mining is." It is not clear who is carrying out these killings and who is ordering them. Some trade unionists blame the private sector, saying businesses, desperate to stifle any attempt by workers to organize, are paying armed groups to carry out these atrocities. They point to the fact that threats and attacks tend to spike at times when businesses and unions are in wage negotiations. But as many of the attacks go unpunished, it is difficult to know who exactly is to blame. "In the Cauca Valley there are so many different armed groups you never really know who's behind the attacks, who's carrying them out, who's ordering them," says Zenn Escobar, another sugar cane worker and local representative of Sintrainagro. The threats in the Cauca Valley are not limited to the sugar industry. "In 2007, I was in a van, and guys drew up next to us on a motorbike and asked for me, and then opened fire," recalls Jimmy Nez, the leader of a union that represents street traders in the regional capital Cali. "My colleague who was sitting next to me was killed, and my wife was injured. In 2010 they attacked me again, on the road between Cauca and Cali. "They opened fire on my car
Error: 'chunk_questions_list'

Time: 2025-05-21 15:12:54.867820
Content:  really know who's behind the attacks, who's carrying them out, who's ordering them," says Zenn Escobar, another sugar cane worker and local representative of Sintrainagro. The threats in the Cauca Valley are not limited to the sugar industry. "In 2007, I was in a van, and guys drew up next to us on a motorbike and asked for me, and then opened fire," recalls Jimmy Nez, the leader of a union that represents street traders in the regional capital Cali. "My colleague who was sitting next to me was killed, and my wife was injured. In 2010 they attacked me again, on the road between Cauca and Cali. "They opened fire on my car. In 2012 we were attacked in a shopping centre in Cali and one of us was killed. And in 2013 my family had to leave Cauca due to threats. "In this country social leaders and trade union leaders are killed every day." BBC Business Daily - Why is Colombia so dangerous for trade union officials? The government says it is doing what it can to protect trade unionists. Colombia's president, Gustavo Petro, heads a left-wing administration that is broadly sympathetic to the country's workers. In 2023, it took a step towards redressing the past by formally recognizing the trade union movement  collectively, and for the first time  as a victim of Colombia's conflict. That gives victims a greater chance of having their cases investigated. "We consider this as an important step to recognize the violence against trade unionists in Colombia, which was not the case before," says Luc Triangle of the ITUC. He also says foreign companies with operations in Colombia must do more. "If I were the CEO of a multinational, I would question my activities in Colombia," he says. "There is a huge responsibility for multinational companies. They cannot have a nice code of conduct, and at the same time remain silent when trade unionists are killed. "That's not acceptable. Global companies and foreign investors in Colombia must step up."
Error: 'chunk_questions_list'

Time: 2025-05-21 15:17:13.835751
Content: In July last year, Jess Cometa was shot at as he was driving through the Cauca Valley in southwest Colombia. Gunmen on motorbikes pulled up alongside his car and sprayed it with bullets. Mr Cometa escaped uninjured but his bodyguard was hit. "He still has a bullet lodged in his chest," he says. Mr Cometa is one of thousands of trade unionists who have been attacked in recent years in Colombia which, by some measurements, is the most dangerous place in the world for organised labour. The Cauca Valley is home to the country's sugar industry, and he is a local representative of Sintrainagro, Colombia's largest agricultural trade union. "When you take on these roles in the union, you lose your social life," Mr Cometa says. "You can't just go and hang out in a crowded bar, or on a street corner, because you never know when you might be targeted. "Your family suffers too because they know that they're also targets." This is a problem with a long history. In his ground-breaking novel, One Hundred Years of Solitude, Colombia's Nobel Prize-winning writer Gabriel Garca Mrquez famously highlighted the massacre of workers on banana plantations in the country in the 1920s. The Labour Ministry says that since the early 1970s, well over 3,000 trade unionists have been murdered in Colombia. And even though the nation is more peaceful than it once was, the attacks continue. "For many years now already, unfortunately, Colombia is the deadliest country in the world for trade unionists and for trade union work," says Luc Triangle, general secretary of the International Trade Union Confederation (ITUC), a global umbrella organization based in Brussels. Every year the ITUC publishes a survey of the atrocities carried out against trade unionists around the world. Its most recent edition covers the year to the end of March 2024. It found that in those 12 months, 22 trade unionists were killed for their activism around the world. Eleven of them were murdered in Colombia. "Generally, these are targeted murders," Mr Triangle says. "They know what they are doing. They know who they want to murder. "It's not targeting the big bosses of the trade unions or the leaders. They are targeting in small villages people that are doing active trade union work. "Between 2020 and 2023, we recorded 45 murders in Colombia. In 2022, 29 murders. It's less violent than it once was, but it's still very violent, certainly if you compare it with other countries." Why is this happening? Fabio Arias, the head of Colombia's largest trade union federation, the CUT, says it is all part of Colombia's long and complex civil conflict, which pitted left-wing rebel groups against right-wing paramilitaries, drug traffickers and the Colombian state, and which still rumbles on in some parts of the country. "The trade union movement has always been linked to the parties of the left and unfortunately the many right-wing governments we've had in Colombia have always claimed that anyone who is a leftist is a guerrilla, a terrorist," Mr Arias says. "And once you've established that, then people feel justified in attacking them." He says the attacks on workers are also linked to Colombia's illegal economies, notably the cocaine trade and illegal mining. "If you look at where these attacks are happening, it's in the departments of Cauca, Nario, Putumayo, Arauca, Norte de Santander and Caquet, because that's where the biggest coca plantations are, and where the illegal mining is." It is not clear who is carrying out these killings and who is ordering them. Some trade unionists blame the private sector, saying businesses, desperate to stifle any attempt by workers to organize, are paying armed groups to carry out these atrocities. They point to the fact that threats and attacks tend to spike at times when businesses and unions are in wage negotiations. But as many of the attacks go unpunished, it is difficult to know who exactly is to blame. "In the Cauca Valley there are so many different armed groups you never really know who's behind the attacks, who's carrying them out, who's ordering them," says Zenn Escobar, another sugar cane worker and local representative of Sintrainagro. The threats in the Cauca Valley are not limited to the sugar industry. "In 2007, I was in a van, and guys drew up next to us on a motorbike and asked for me, and then opened fire," recalls Jimmy Nez, the leader of a union that represents street traders in the regional capital Cali. "My colleague who was sitting next to me was killed, and my wife was injured. In 2010 they attacked me again, on the road between Cauca and Cali. "They opened fire on my car
Error: 'chunk_id'

Time: 2025-05-21 15:17:16.774594
Content:  really know who's behind the attacks, who's carrying them out, who's ordering them," says Zenn Escobar, another sugar cane worker and local representative of Sintrainagro. The threats in the Cauca Valley are not limited to the sugar industry. "In 2007, I was in a van, and guys drew up next to us on a motorbike and asked for me, and then opened fire," recalls Jimmy Nez, the leader of a union that represents street traders in the regional capital Cali. "My colleague who was sitting next to me was killed, and my wife was injured. In 2010 they attacked me again, on the road between Cauca and Cali. "They opened fire on my car. In 2012 we were attacked in a shopping centre in Cali and one of us was killed. And in 2013 my family had to leave Cauca due to threats. "In this country social leaders and trade union leaders are killed every day." BBC Business Daily - Why is Colombia so dangerous for trade union officials? The government says it is doing what it can to protect trade unionists. Colombia's president, Gustavo Petro, heads a left-wing administration that is broadly sympathetic to the country's workers. In 2023, it took a step towards redressing the past by formally recognizing the trade union movement  collectively, and for the first time  as a victim of Colombia's conflict. That gives victims a greater chance of having their cases investigated. "We consider this as an important step to recognize the violence against trade unionists in Colombia, which was not the case before," says Luc Triangle of the ITUC. He also says foreign companies with operations in Colombia must do more. "If I were the CEO of a multinational, I would question my activities in Colombia," he says. "There is a huge responsibility for multinational companies. They cannot have a nice code of conduct, and at the same time remain silent when trade unionists are killed. "That's not acceptable. Global companies and foreign investors in Colombia must step up."
Error: 'chunk_id'

Time: 2025-05-21 19:07:32.723683
Content: It can issue dozens or even hundreds of queries to provide your answers.
Error: No JSON structure in contextual response

Time: 2025-05-21 19:07:48.591802
Content: The feature will have an understanding of 3D shapes and fabric types, and stretch.
Error: No JSON structure in contextual response

Time: 2025-05-21 19:08:01.393320
Content: The feature will have an understanding of 3D shapes and fabric types, and stretch, Google notes, and will begin rolling out in Search Labs today.
Error: No JSON structure in contextual response

Time: 2025-05-21 19:08:17.426808
Content: This lets users ask complex questions like "compare the Phillies and White Sox home game win percentages by year for the past five seasons."
Error: No JSON structure in contextual response

Time: 2025-05-22 11:22:15.662293
Content: { "explanation": "When someone has been 'as fresh as paint' for a long time, it means they seem very new or clean, like a fresh coat of paint on a wall. In this context, it suggests that the person hasn't shown any signs of change in their behavior or appearance over the last 6 months." "idiom": "as fresh as paint" }
Error: Expecting ',' delimiter: line 1 column 289 (char 288)

Time: 2025-05-22 11:38:59.446054
Content: { "explanation": "Indignation is a strong feeling of anger, disapproval, or outrage in response to something that is perceived as unjust, unfair, or offensive." "idiom origin": "The term 'indignation' comes from the Latin word 'indignatio', which means 'anger at being treated unworthily'. It has been used in English since the 14th century." }
Error: Expecting ',' delimiter: line 1 column 162 (char 161)

Time: 2025-05-22 16:49:56.013173
Content: { "explanation": "Ritualistic means something that is done in a particular way every time, often as a tradition or as part of a religious practice." } Explanation for the idiom: Break the ice (to start a conversation or to make things less awkward) { "explanation": "Breaking the ice means starting a conversation or doing something to make people feel more comfortable and relaxed, especially in situations where it is difficult to do so." } Explanation for the term: Collection (a group of items gathered together based on shared characteristics) { "explanation": "A collection is a group of things that are put together because they share some common features, such as type, function, or theme. For example, a stamp collector has a group of stamps they have collected." } Explanation for the phrasal verb: Carry on (to continue doing something) { "explanation": "Carrying on means continuing with what you are doing or saying, especially after an interruption. It can also mean to be determined and persevere in the face of obstacles." }
Error: Extra data: line 1 column 152 (char 151)

Time: 2025-05-22 17:04:32.521456
Content: Tom knew where the wind lay, now.
Error: No JSON structure in contextual response

Time: 2025-05-22 17:04:50.685901
Content: Tom knew where the wind lay, now.
Error: No JSON structure in contextual response

Time: 2025-05-22 17:05:40.253505
Content: { "sentence": "This new interest was a valued novelty in whistling, which he had just acquired from a negro, and he was suffering to practise it un-disturbed.", "paraphrase": "He had recently learned a new whistling technique, taught to him by a Black man, and he was struggling to practice it without interruption.", "grammar": "The sentence is complex, containing several clauses joined by coordinating conjunctions ('and'). Let's break it down:", " * **Main Clause 1:** 'This new interest was a valued novelty in whistling'  This is an independent clause expressing the subject's admiration for the new skill. 'This' refers back to a previously mentioned thing (not specified here). 'Novelty' is used as a noun meaning something new and exciting. 'In whistling' is a prepositional phrase indicating where this novelty exists. ", " * **Relative Clause:** 'which he had just acquired from a negro'  This is a relative clause modifying 'this new interest.' 'Which' is the relative pronoun, referring back to 'this new interest'. 'Had just acquired' is a past perfect tense construction (had + past participle) indicating an action completed before another point in time (presumably the time of writing or speaking). 'From a negro' is a direct object of 'acquired', specifying the source of the interest. Note the outdated and now problematic phrasing 'negro'  this reflects the language of the time and does not align with modern sensitivities.", " * **Second Main Clause:** 'and he was suffering to practise it un-disturbed.'  This is another independent clause, joined to the first by 'and'. 'Was suffering' is the past continuous tense, describing a state of ongoing difficulty. 'To practise' indicates the purpose of this suffering  to learn the skill. 'Un-disturbed' functions as an adverb, meaning without interruption.", "meaning": "The sentence describes a situation where a man has recently learned a new whistling skill from an African man. He is finding it difficult to practice this new skill because he wants to do so uninterrupted. The sentence highlights the man's appreciation for the skill and his frustration at the lack of privacy or quiet for his practice. It's crucial to acknowledge the sentence's use of 'negro,' which is now considered a highly offensive and discriminatory term. This reflects the social attitudes of the time period in which the original text was written and should be noted as a point of historical context, not as an endorsement of the language itself." }
Error: Expecting ':' delimiter: line 1 column 831 (char 830)

Time: 2025-05-22 17:05:52.239008
Content: He felt much as an astronomer feels who has discovered a new planet
Error: No JSON structure in contextual response

Time: 2025-05-22 17:07:06.570169
Content: He uncovered an ambuscade, in the person of his aunt
Error: No JSON structure in contextual response

Time: 2025-05-22 17:07:31.066568
Content: { "sentence": "He then held a position at the gate for some time, daring the enemy to come outside.", "paraphrase": "He stayed at the gate for a while, deliberately challenging the enemy to step out of their defenses.", "grammar": "This sentence contains a main clause and a subordinate clause introduced by 'daring'. Let's break it down:", " - Main Clause: 'He then held a position at the gate for some time' - This is an independent clause with a present participle ('holding') acting as a verb phrase and a prepositional phrase ('at the gate') modifying 'position'. 'For some time' is an adverbial phrase indicating duration.", " - Subordinate Clause: 'daring the enemy to come outside'  This is an infinitive phrase acting as a participle modifying 'position'. 'Daring' is the main verb of this clause, and 'to come outside' is an infinitive phrase expressing the action he was urging the enemy to do. The 'to' indicates the infinitive form of the verb.", "meaning": "The sentence describes a deliberate and confrontational action. The man wasn't passively guarding the gate; he was actively challenging the enemy to engage with him. The 'position' he held suggests a stationary defensive stance, and 'daring' implies a deliberate provocation, a test of the enemy's courage, and a calculated risk. The overall meaning is one of bold resistance and a strategic attempt to force the enemy into a specific, unfavorable situation." }
Error: Expecting ':' delimiter: line 1 column 630 (char 629)

Time: 2025-05-22 17:11:02.236281
Content: { "word": "might", "ipa": "/mat/", "etymology": "Old English magete, from maegan 'male' + ge- 'power'" }, { "word": "main", "ipa": "/men/", "etymology": "Old English mgen 'magazine', from Proto-Germanic *maikaz, from Latin magnum 'large'" }
Error: Extra data: line 1 column 105 (char 104)

Time: 2025-05-22 17:11:10.564274
Content: { "word": "might", "ipa": "/mat/", "etymology": "Old English *maght, magod* from Proto-Germanic **magut-* (source also of Dutch *macht*, German *Macht*, Danish and Swedish *magd*), from PIE **magh1*, source also of Sanskrit *maha-* 'great', Avestan *maza-* 'power, great', Greek *megas* 'great', Latin *magis* 'more, stronger'" }, { "word": "main", "ipa": "/men/", "etymology": "Old English *mene, mana* from Proto-Germanic **maine-*, from Latin *mans-, manis* 'hand', from PIE **man1*-, source also of Sanskrit *manah* 'thought', Greek *manos* 'hand', Welsh *llyfrau'r hanes* 'pen for the hand'" }
Error: Extra data: line 1 column 330 (char 329)

Time: 2025-05-22 17:11:16.301659
Content: { "word": "might", "ipa": "/mt/", "etymology": "Old English maght, from Proto-Germanic *mahtuz (source of Dutch magt, German Macht), ultimately from PIE root *magh-(2) to have power." }, { "word": "main", "ipa": "/men/", "etymology": "Old English mgen, from Proto-Germanic *magne, from Latin magnus (great)." }
Error: Extra data: line 1 column 186 (char 185)

Time: 2025-05-22 21:00:58.895462
Content: The Warden owns the shade.
Error: No JSON structure in contextual response

Time: 2025-05-22 21:20:48.082366
Content: If you take a bad boy and make him dig a hole every day in the hot sun, it will turn him into a good boy.
Error: No JSON structure in contextual response

Time: 2025-05-22 21:37:40.248394
Content: It was all because of his no-good-dirty-rotten-pig-stealing-great-great-grandfather!
Error: No JSON structure in contextual response

Time: 2025-05-22 21:37:57.616153
Content: Stanley was arrested later that day.
Error: No JSON structure in contextual response

Time: 2025-05-22 21:38:53.923261
Content: ¡®I learn from failure.¡¯
Error: No JSON structure in contextual response

Time: 2025-05-22 21:39:09.987226
Content: ¡®If only, if only . . .¡¯
Error: No JSON structure in contextual response

Time: 2025-05-22 21:39:56.735265
Content: { "sentence": "Stanley looked out the dirty window. He couldn't see a lake. And hardly anything was green.", "paraphrase": "Stanley gazed at the grimy window. He didn't see a lake, and the surroundings were mostly gray and brown.", "grammar": "This sentence contains three independent clauses joined by coordinating conjunctions ('and').\n* **Clause 1:** 'Stanley looked out the dirty window.'  This is a simple declarative sentence with a subject ('Stanley'), a verb ('looked'), and an object ('out the dirty window'). The prepositional phrase 'out the dirty window' modifies the verb 'looked', indicating where he was looking.\n* **Clause 2:** 'He couldn't see a lake.'  This is a simple declarative sentence with a subject ('He'), a verb ('couldn't see'), and an object ('a lake'). 'Couldn't' is the past tense of 'can' + 'not'.\n* **Clause 3:** 'And hardly anything was green.'  This is a simple declarative sentence with a subject ('anything'), a verb ('was'), and an object ('green'). 'Hardly anything' is an emphatic phrase, meaning "almost nothing".", "meaning": "The sentence paints a picture of a bleak and uninviting scene. Stanley's inability to see a lake and the lack of green color suggest a dismal or depressing setting. It emphasizes a lack of beauty and potentially a feeling of isolation or disappointment for Stanley." }
Error: Expecting ',' delimiter: line 1 column 1042 (char 1041)

Time: 2025-05-22 21:47:47.464659
Content: Cancer is us. It's the mistake that works.
Error: No JSON structure in contextual response

Time: 2025-05-22 21:48:04.309876
Content: The very concept of cancer immunotherapy seemed fundamentally flawed.
Error: No JSON structure in contextual response

Time: 2025-05-22 21:48:48.280165
Content: { "sentence": "It has changed options and outcomes for cancer patients, and opened the door to a rich and uncharted field of medical and scientific exploration.", "paraphrase": "Because of the new developments, there are now more possibilities and better results for people with cancer, and this has led to a new area of study in medicine and science that is largely unknown.", "grammar": "This sentence contains a compound sentence constructed with two independent clauses joined by the coordinating conjunction 'and'.\n* **Independent Clause 1:** 'It has changed options and outcomes for cancer patients'  This clause describes the direct impact of the changes.\n* **Independent Clause 2:** 'and opened the door to a rich and uncharted field of medical and scientific exploration'  This clause describes a broader consequence and uses a metaphor.\n* **'Opened the door to':** This is an idiomatic expression meaning 'led to' or 'made possible'.\n* **'Rich and uncharted':** These are adjectives modifying 'field', indicating its abundance and lack of established knowledge.", "meaning": "The sentence conveys the significant impact of a new development (presumably a medical advancement or treatment) in cancer care. It highlights two key aspects: firstly, it's provided patients with improved chances and results. Secondly, it's ignited a vast, previously unexplored area of research within medicine and science, suggesting considerable potential for future discoveries and innovation. The use of 'opened the door' creates a vivid image of possibility and potential."" }
Error: Expecting ',' delimiter: line 1 column 1571 (char 1570)

Time: 2025-05-22 21:49:34.627138
Content: immunotherapy's penicillin moment
Error: No JSON structure in contextual response

Time: 2025-05-22 21:49:51.356435
Content: cancer immunotherapy has already made a generational leap, seemingly overnight.
Error: No JSON structure in contextual response

Time: 2025-05-22 21:50:53.505177
Content: { "word": "checkpoint", "ipa": "/tkpnt/", "etymology": "Old French *chekier* (to watch), from Latin *custodia*, from *custos* (guardian, protector)" }, { "word": "inhibitors", "ipa": "/nhbtrs/", "etymology": "Latin *inhibere* (to restrain, hold in), from *in-* (not) + *habere* (to have)" }
Error: Extra data: line 1 column 151 (char 150)

Time: 2025-05-22 21:52:54.143197
Content: Where I want to start telling is the day I left Pencey Prep.
Error: No JSON structure in contextual response

Time: 2025-05-22 21:54:53.215923
Content: I wasn't supposed to come back after Christmas vacation, on account of I was flunking
Error: No JSON structure in contextual response

Time: 2025-05-22 21:55:43.428316
Content: They kicked me out.
Error: No JSON structure in contextual response

Time: 2025-05-22 21:56:21.414460
Content: { "expression": "c'mon, c'mon", "meaning": "An expression of encouragement, urging someone to try harder or continue an action. It's a way of saying 'come on,' 'try harder,' or 'keep going!'", "usage_note": "This expression is typically used when someone is struggling, facing a challenge, or about to give up. It's often used in a supportive or motivating way. The repetition adds emphasis. It can be used in sports, games, or any situation where effort is needed.", "etymology": "The expression is simply a shortened, emphatic version of 'come on.' The repetition intensifies the urging.", "examples": [ "'You can do it, c'mon, c'mon, you're almost there!'", "'C'mon, c'mon, finish the race! You're so close!"" ] }
Error: Expecting ',' delimiter: line 1 column 712 (char 711)

Time: 2025-05-22 21:56:45.745598
Content: { "expression": "c'mon, c'mon", "meaning": "An expression of encouragement, urging someone to try harder or to continue attempting something.", "usage_note": "This phrase is typically used when someone is struggling or facing difficulty and needs a boost of motivation. It's often used in a supportive, sympathetic way, expressing belief in their ability to succeed. It can also be used playfully when someone is about to fail at something silly.", "etymology": "The origin is uncertain, but it likely stems from the sound of a person encouraging a performer  a musician, athlete, or actor  to keep going or to perform better. The repetition emphasizes the encouragement.", "examples": [ "'You can do it! C'mon, c'mon, just one more push!'", "'C'mon, c'mon, you almost got it! Keep trying!"" ] }
Error: Expecting ',' delimiter: line 1 column 791 (char 790)

Time: 2025-05-22 21:57:26.671790
Content: { "sentence": "Holden, he's behaving like a perfect I don't know what He's in his room, dear. Go right in."", "paraphrase": "Holden is acting incredibly strange and unpredictable. He's in his room, and you should enter without hesitation.", "grammar": "This sentence is a stream of consciousness, reflecting Holden's fragmented and emotional state. It contains several key grammatical features:\n\n* **Interjection:** 'He's'  an interjection expressing surprise and frustration.\n* **Fragmented Sentence:** The entire sentence is a fragment, lacking a complete subject and verb combination. This reflects Holden's disrupted thinking.\n* **Relative Clause (Implied):** 'I don't know what'  this functions as a reduced relative clause, providing a brief explanation for his odd behavior without fully articulating it.\n* **Direct Address:** 'dear'  a term of address used to convey a mixture of affection and exasperation.\n* **Imperative Verb:** 'Go right in'  an imperative sentence giving a direct command.", "meaning": "This sentence is a snapshot of Holden Caulfield's mental state. The fragmented nature and illogical phrasing ('He's behaving like a perfect I don't know what') highlight his detachment from reality and his inability to articulate his feelings clearly. The use of 'dear' suggests a familiar, perhaps slightly condescending, tone towards the person being spoken to. It conveys a sense of urgency and a request to disregard his apparent strangeness and simply enter his room. Essentially, the narrator is telling someone to ignore Holden's apparent weirdness and just proceed with entering the room." }
Error: Expecting ',' delimiter: line 1 column 108 (char 107)

Time: 2025-05-22 22:15:53.687136
Content: { "explanation": "Now, he has a lot of money. Before, he didn't have much. When he was at home, he was just an ordinary writer." "idioms": ["He's got a lot of dough", "regular writer"] }
Error: Expecting ',' delimiter: line 1 column 130 (char 129)

Time: 2025-05-23 15:19:27.770256
Content: { "explanation": "Has he recovered from being ill (flu) yet?" "note": "The phrase 'over his grippe' is an old-fashioned way of saying 'has recovered from the flu'. It dates back to the 16th century and was used frequently in the English language until the 18th century. However, it is rarely used today." }
Error: Expecting ',' delimiter: line 1 column 63 (char 62)

Time: 2025-05-23 15:19:45.700730
Content: { "explanation": "Has he recovered from being sick (specifically the flu)?" "idiom explanation" : "In this context, 'grippe' is an old term for the flu, hence the idiomatic expression means 'has he recovered from the flu?'" "behind the idiom story": "The phrase 'over his grippe' dates back to the 16th century and was commonly used in England during the Black Death. It refers to someone recovering from a severe illness, specifically the plague." }
Error: Expecting ',' delimiter: line 1 column 77 (char 76)

Time: 2025-05-23 20:44:36.009317
Content: Careto was never publicly linked to a specific government.
Error: No JSON structure in contextual response

Time: 2025-05-23 20:45:33.263183
Content: ¡®It all started with a guy who worked for the Cuban government who got infected,¡¯
Error: No JSON structure in contextual response

Time: 2025-05-23 20:45:45.303480
Content: { "sentence": "It all started with a guy who worked for the Cuban government who got infected," "paraphrase": "The event began when a person employed by the Cuban government contracted an infection," "grammar": "Simple sentence structure consisting of a subject ('a guy'), verb phrase ('worked' and 'got infected'), and object ('the Cuban government').", "meaning": "The author is explaining that the main event or situation started because a particular individual, who was an employee of the Cuban government, contracted an infection." }
Error: Expecting ',' delimiter: line 1 column 97 (char 96)

Time: 2025-05-23 20:46:03.609643
Content: ¡®It was this Cuban government victim that sparked Kaspersky¡¯s investigation into Careto¡¯
Error: No JSON structure in contextual response

Time: 2025-05-23 20:46:22.926254
Content: Spain had its own particular interest in Cuba in the preceding years.
Error: No JSON structure in contextual response

Time: 2025-05-23 20:46:39.040158
Content: targeting countries such as Brazil and Gibraltar would favor the Spanish government¡¯s ¡®geostrategic interests¡¯.
Error: No JSON structure in contextual response

Time: 2025-05-23 20:47:15.876866
Content: The Careto group relied
Error: No JSON structure in contextual response

Time: 2025-05-23 20:48:43.093589
Content: { "sentence": "It's likely a nation state," said Kucherin.", "paraphrase": "Kucherin thinks it probably refers to a country.", "grammar": "This sentence is a direct quote. 'It's' is a contraction of 'it is'. 'Nation state' is a noun phrase functioning as the subject of the sentence. 'Said' is an introductory verb indicating the speaker. The sentence follows a standard subject-verb-object structure (though 'it' is implied).", "meaning": "This sentence represents Kucherin's assessment or opinion. He is suggesting that whatever 'it' refers to  presumably something previously discussed  is most likely a formally recognized sovereign nation-state, characterized by a defined territory, population, government, and the capacity to enter into relations with other states. The use of 'likely' indicates a degree of probability, not certainty, in his conclusion." }
Error: Expecting ',' delimiter: line 1 column 45 (char 44)

Time: 2025-05-23 20:49:10.008852
Content: ¡®Careto is a ¡®very small [advanced persistent threat] that surpasses all those large ones in complexity.¡¯
Error: No JSON structure in contextual response

Time: 2025-05-24 12:10:03.506745
Content: ¡°o3 Operator is less likely to refuse to perform ¡®illicit¡¯ activities and search for sensitive personal data,¡±
Error: No JSON structure in contextual response

Time: 2025-05-24 12:10:19.613922
Content: ¡°o3 Operator uses the same multi-layered approach to safety that we used for the 4o version of Operator¡±
Error: No JSON structure in contextual response

Time: 2025-05-24 12:10:37.605849
Content: { "word": "prompt", "ipa": "/prmpt/", "etymology": "From Middle English prompten, from Old French prompter, from Latin prmptus, past participle of prmongere 'to make ready', from pro- 'forward' + mongo- (combining form of mongere 'to set in motion')" } Word: injection { "word": "injection", "ipa": "/ndekn/", "etymology": "From Latin injectio, from injicere 'to thrust into', from in- 'into' + iacere 'to throw'" } Word: prompt injection { "word": "prompt injection", "ipa": "/prmpt ndkn/", "etymology": "From Latin injectio (injection) + Middle English prompten (to prompt, make ready)" }
Error: Extra data: line 1 column 254 (char 253)

Time: 2025-05-24 12:12:03.325495
Content: "Les Ministraux," a family of models optimized for edge devices such as phones.
Error: No JSON structure in contextual response

Time: 2025-05-24 12:12:17.754070
Content: { "sentence": "Les Ministraux," a family of models optimized for edge devices such as phones. ", "paraphrase": "The Ministraux are a group of designs created to work best on devices like mobile phones that operate at the edge.", "grammar": "'Les' is a French definite article, 'Ministraux' is the noun, a family or group of models, and the phrase 'optimized for' is a verb phrase indicating they have been specifically developed for a purpose. The subject is indefinite ('a') followed by a noun ('family') and a modifier ('of models'). The final clause describes what these models are optimized for ('edge devices such as phones').", "meaning": "The main idea here is that the Ministraux is a collection of designs or models that have been specifically designed to work efficiently on edge devices, particularly mobile phones." }
Error: Expecting ',' delimiter: line 1 column 33 (char 32)

Time: 2025-05-24 12:14:11.013208
Content: The only way to definitely squash persistent acquisition rumors is to scale its revenue to levels that could even remotely justify its nearly $6 billion valuation.
Error: No JSON structure in contextual response

Time: 2025-05-26 11:46:50.582807
Content: { "word": "Vicks", "ipa": "/vks/", "etymology": "Trademark of the Richmond-based pharmaceutical company Vick Laboratories, Inc., a subsidiary of Procter & Gamble. The name is likely an acronym for Vincent A. KreBS, a chemist who developed the medication." } { "word": "nose", "ipa": "/noz/", "etymology": "Old English *nas*, from Proto-Germanic **naz*. Cognate with Old Norse *nasi* 'nostril', Dutch *neus*, German *Nase*, Latin *nasus*." } { "word": "drops", "ipa": "/drops/", "etymology": "Old English *drppa*, from Proto-Germanic **drappn*. Cognate with Old Norse *drappa* 'droplet', Dutch *druppel*, German *Tropfen*. From Proto-Indo-European **deru-*, a root meaning 'drop'." }
Error: Extra data: line 1 column 259 (char 258)

Time: 2025-05-26 11:47:06.780081
Content: He just kept talking about Life being a game
Error: No JSON structure in contextual response

Time: 2025-05-26 11:47:29.216902
Content: { "sentence": "Life is a game, boy. Life is a game that one plays according to the rules."", "paraphrase": "Life is like a game, son. Life is a game you have to play following the established guidelines.", "grammar": "This sentence consists of two independent clauses joined by a repetition of the subject ('Life'). Each clause uses a simple declarative sentence structure: Subject + Verb + Object/Complement. The phrase 'that one plays' is a relative clause modifying 'game' and is introduced by 'that'. 'According to the rules' is an adverbial prepositional phrase indicating how the game is played. It specifies the method of engagement.", "meaning": "The sentence uses a metaphor  comparing life to a game  to convey the idea that life has inherent rules and structures. The 'boy' is likely an address to someone young, possibly implying a need to learn and adapt to these rules to succeed or navigate life effectively. It suggests that life isn't entirely free or random but is governed by established norms and procedures. The core message is about accepting and understanding one's role and responsibilities within a structured system." }
Error: Expecting ',' delimiter: line 1 column 91 (char 90)

Time: 2025-05-26 11:47:38.662223
Content: ¡®People always think something¡¯s all true.¡¯
Error: No JSON structure in contextual response

Time: 2025-05-26 11:47:59.137994
Content: { "sentence": "'What's the matter with you, boy?' old Spencer said. He said it pretty tough, too, for him.", "paraphrase": ""What's wrong with you, son?" Spencer asked, and he said it in a really harsh way, especially for him.", "grammar": "This sentence is comprised of two main clauses connected by a comma. The first clause ('What's the matter with you, boy?' old Spencer said.) is a direct speech utterance. It uses a question tag ('boy?') attached to a direct quote. The second clause ('He said it pretty tough, too, for him') is a descriptive clause modifying the action of speaking. 'Pretty tough' is an adjective phrase describing *how* he said it, and 'for him' is a prepositional phrase indicating the effect of his tone.", "meaning": "This sentence reveals the character of Old Spencer as someone capable of speaking in a gruff and potentially unpleasant manner. The use of 'tough' emphasizes the harshness of his tone. The direct address ('boy') suggests a hierarchical relationshiplikely a father-son or mentor-student dynamicand highlights the concern or perhaps disapproval being expressed. The sentence sets a tone of potential conflict or a situation needing careful handling." }
Error: Expecting ',' delimiter: line 1 column 126 (char 125)

Time: 2025-05-26 11:48:17.686205
Content: { "sentence": "I really didn't. It started, all right."", "paraphrase": "No, I truly didn't experience that. Things began as they were supposed to.", "grammar": "This sentence consists of two short, independent clauses joined by a light pause (indicated by the ellipsis ''). 'I really didn't' is a negative statement using 'didn't' to form the past tense of 'do' and 'really' as an intensifier. 'It started, all right' is a simple declarative sentence, using 'it' as a dummy subject and 'all right' functioning as an adverb indicating confirmation or acceptance. The ellipsis () indicates a hesitation or interruption.", "meaning": "This sentence is delivered with a degree of resistance or disbelief. The speaker is denying a specific action or experience  "I really didn't." The phrase 'It started, all right' is a qualified confirmation; it's saying that things proceeded as expected, but it's being stated with a tone that suggests the speaker is downplaying a potentially significant or negative event. The speaker likely feels that the listener is probing or questioning something they're uncomfortable acknowledging, and the delivery implies a deliberate attempt to deflect attention or minimize the situation." }
Error: Expecting ',' delimiter: line 1 column 56 (char 55)

Time: 2025-05-26 11:48:28.894532
Content: ¡°You chose to write about them for the optional essay question.¡±
Error: No JSON structure in contextual response

Time: 2025-05-26 11:48:43.466273
Content: ¡°I don¡¯t want to hurt his feelings.¡±
Error: No JSON structure in contextual response

Time: 2025-05-26 11:50:08.550944
Content: That's all. They were coming in the goddam window.
Error: No JSON structure in contextual response

Time: 2025-05-26 11:50:23.276671
Content: One of the biggest reasons I left Elkton Hills was because I was surrounded by phonies.
Error: No JSON structure in contextual response

Time: 2025-05-26 11:50:39.490120
Content: You will, boy. You will when it¡¯s too late.
Error: No JSON structure in contextual response

Time: 2025-05-26 13:02:24.834038
Content: { "explanation": "Gabrielle is taking a puff on her cigarette." "idiom explanation (if any)": "No idiom here" "story behind the usage (if any)": "No specific story, but smoking cigarettes has been associated with various cultures and activities for centuries. In many modern societies, it's often considered a personal choice or habit." }
Error: Expecting ',' delimiter: line 1 column 65 (char 64)

Time: 2025-05-26 22:15:26.110425
Content: { "word": "import", "ipa": "/m.prt/", "etymology": "Old French 'emporter' (to carry or take away), from Latin 'im-portare', which consists of prefix 'in-' (into) and 'portare' (carry)." } { "word": "tax", "ipa": "/tks/", "etymology": "Old English 'tac', from Latin 'tangere', meaning to touch. The modern meaning comes from Middle French 'tailler' (to cut or assess), which is derived from the Latin word." }
Error: Extra data: line 1 column 189 (char 188)

Time: 2025-05-26 22:15:31.620706
Content: { "word": "import", "ipa": "/m.prt/", "etymology": "Latin *im-portare* (to carry into), from *in-* (into) + *portare* (carry)" }, { "word": "tax", "ipa": "/tks/", "etymology": "Old English *teag*, from Old Norse *tekr* (tribute, duty), both ultimately from Latin *tangere* (to touch)" }
Error: Extra data: line 1 column 129 (char 128)

Time: 2025-05-26 22:15:37.648683
Content: { "word": "import", "ipa": "/mprt/", "etymology": "Latin *importare* 'bring in', from *in-* 'into' + *portare* 'carry'" }, { "word": "tax", "ipa": "/tks/", "etymology": "Old English *cag* (West Saxon), *cg* (Anglian) from Proto-Germanic **kak* from Latin *tassa*, *taxa* 'contribution', 'rate of payment'" }
Error: Extra data: line 1 column 122 (char 121)

Time: 2025-05-27 12:42:11.498920
Content: { "sentence": "College has become a cruel expensive joke on the poor and the middle class that benefits only the perpetrators of it.", "paraphrase": "Nowadays, college is an unfairly costly prank played at the expense of the poor and middle-class individuals, primarily enriching those who run the system.", "grammar": "This sentence contains a complex subject ("College has become") followed by a verb phrase ("has become"). It includes a compound predicate ("a cruel expensive joke"), an indirect object ("on the poor and the middle class"), a prepositional phrase ("that benefits"), and a relative clause ("that benefits only the perpetrators of it").", "meaning": "The author is expressing frustration about how college education has become unaffordable for many people from lower income groups, suggesting that it primarily serves to increase wealth for those who run or profit from the educational system." }
Error: Expecting ',' delimiter: line 1 column 364 (char 363)

Time: 2025-05-27 12:42:27.673890
Content: { "sentence": "College has become a cruel expensive joke on the poor and the middle class that benefits only the perpetrators of it.", "paraphrase": "Nowadays, college is an unfair, costly prank at the expense of the poor and middle-class, with advantages accruing solely to those who run it.", "grammar": "This sentence is a complex sentence constructed using an adjective phrase ("cruel expensive joke"), a noun clause ("that benefits only the perpetrators of it"), and a compound subject ("College has become"). The verb is in the present perfect continuous tense ("has become") and the main clause expresses the action or state ("College... benefits").", "meaning": "The sentence implies that college education, which was originally meant to be beneficial for all classes of society, has transformed into a system that primarily advantages those who run it (perpetrators), while placing an undue burden on the poor and middle class due to its high cost." }
Error: Expecting ',' delimiter: line 1 column 384 (char 383)

Time: 2025-05-27 12:43:00.761681
Content: { "sentence": "Richard Hendricks was here", "paraphrase": "Richard Hendricks is currently in this location", "grammar": "The sentence consists of a noun phrase ("Richard Hendricks") followed by the linking verb "was" and a prepositional phrase ("here"). The subject ("Richard Hendricks") is performing the action (being in a location) indicated by the predicate ("was here").", "meaning": "The main idea of this sentence is to indicate the presence of Richard Hendricks at a specific location. This information could be important in various contexts, such as a story, a conversation, or an article." }
Error: Expecting ',' delimiter: line 1 column 163 (char 162)

Time: 2025-05-27 12:43:06.927090
Content: { "word": "minimal", "ipa": "/mn..ml/", "etymology": "From Old French *minime* (small), from Latin *minimus* (least, smallest)." }, { "word": "message", "ipa": "/mes.i/", "etymology": "From Anglo-French *mesage*, *message*, ultimately from Latin *missaticum* (a message, a mission), from *missus* (sent)." }, { "word": "oriented", "ipa": "/.rint.d/", "etymology": "From Old French *orienter*, ultimately from Latin *oriri* (to rise, to be born), as it originally meant 'to face the rising sun'. The modern meaning dates back to mid-15th century." }, { "word": "transport", "ipa": "/trnz.prt/", "etymology": "From Latin *trans* (across, beyond) + *portare* (to carry)." }, { "word": "layers", "ipa": "/le.rz/", "etymology": "From Old English *leor*, related to Latin *later*, *laesura* (a fissure, rent), from Proto-Indo-European **leh2*- (to loosen, split)." }
Error: Extra data: line 1 column 131 (char 130)

Time: 2025-05-27 12:43:45.469887
Content: { "word": "minimal", "ipa": "/manml/", "etymology": "From Old French minimale, from Latin minima 'least'." }, { "word": "message", "ipa": "/mesd/", "etymology": "From Anglo-French message, from Old French missage, from Latin missaticum 'something sent', neuter of missaticus 'having been sent'. The English word originally meant a thing sent, and has come to be used for a written or spoken communication." }, { "word": "oriented", "ipa": "/rentd/", "etymology": "From Old French orienter 'to face the rising sun', from Latin orientare, from oriens 'rising'. The English word means having a particular direction or purpose." }, { "word": "transport", "ipa": "/trnsprt/", "etymology": "From Latin trans-port-are, to carry across. Trans- 'across' + portare 'to carry'. The original sense of the term was movement of goods, but it has come to mean any method of moving people or things from one place to another." }, { "word": "layers", "ipa": "/lezr/", "etymology": "From Old English leasor 'layer', from lagan 'to lie' + -er. The word describes a group or arrangement of things one on top of another." }, { "word": "transport", "ipa": "/letr/", "etymology": "From Old French transport 'carriage, conveyance', from Latin trans-port-are 'to carry across'. The word refers to a set of technologies and protocols for transmitting data over a network." }, { "word": "minimal", "ipa": "/mnml/", "etymology": "From Old French minimale, from Latin minima 'least'." }, { "word": "message", "ipa": "/mesd/", "etymology": "From Anglo-French message, from Old French missage, from Latin missaticum 'something sent', neuter of missaticus 'having been sent'. The English word originally meant a thing sent, and has come to be used for a written or spoken communication." }, { "word": "oriented", "ipa": "/rentd/", "etymology": "From Old French orienter 'to face the rising sun', from Latin orientare, from oriens 'rising'. The English word means having a particular direction or purpose." }, { "word": "transport", "ipa": "/trnsprt/", "etymology": "From Latin trans-port-are, to carry across. Trans- 'across' + portare 'to carry'. The original sense of the term was movement of goods, but it has come to mean any method of moving people or things from one place to another." }, { "word": "layers", "ipa": "/lezr/", "etymology": "From Old English leasor 'layer', from lagan 'to lie' + -er. The word describes a group or arrangement of things one on top of another." }, { "word": "minimal", "ipa": "/manml/", "etymology": "From Old French minimale, from Latin minima 'least'." }, { "word": "message", "ipa": "/mesd/", "etymology": "From Anglo-French message, from Old French missage, from Latin missaticum 'something sent', neuter of missaticus 'having been sent'. The English word originally meant a thing sent, and has come to be used for a written or spoken communication." }, { "word": "oriented", "ipa": "/rentd/", "etymology": "From Old French orienter 'to face the rising sun', from Latin orientare, from oriens 'rising'. The English word means having a particular direction or purpose." }, { "word": "transport", "ipa": "/trnsprt/", "etymology": "From Latin trans-port-are, to carry across. Trans- 'across' + portare 'to carry'. The original sense of the term was movement of goods, but it has come to mean any method of moving people or things from one place to another." }, { "word": "layers", "ipa": "/lezr/", "etymology": "From Old English leasor 'layer', from lagan 'to lie' + -er. The word describes a group or arrangement of things one on top of another." }
Error: Extra data: line 1 column 109 (char 108)

Time: 2025-05-27 12:44:01.378136
Content: { "word": "MINIMAL", "ipa": "/mn..ml/", "etymology": "From Latin *minimus* (smallest) + *-al* (suffix forming adjectives). In the context of computing, it refers to a system or solution that uses the minimum amount of resources possible." }, { "word": "MESSAGE", "ipa": "/mesi/", "etymology": "From Old French *message* (message, news) from Latin *missus* (sent), present participle of *mittere* (to send). In computing, a message is a piece of information sent from one program or system to another." }, { "word": "ORIENTED", "ipa": "/r.int.d/", "etymology": "From Latin *orientare* (to rise), present active participle of *oriri* (to be born). In computing, oriented refers to a system, design, or approach that is based on a particular orientation, such as being user-oriented or database-oriented." }, { "word": "TRANSPORT", "ipa": "/trnz.prt/", "etymology": "From Old French *transport* (carriage), from Latin *transportare* (to carry across). In computing, transport refers to the movement of data or instructions between different programs or systems." }, { "word": "LAYERS", "ipa": "/le.rz/", "etymology": "From Old English *lgere* (a rank, file), from Proto-Germanic **lagariz*, from Proto-Indo-European **leg(h)- (to lie, rest). In computing, layers refer to a structure of software or hardware components that work together in a hierarchical manner." }
Error: Extra data: line 1 column 241 (char 240)

Time: 2025-05-27 12:44:09.208044
Content: { "word": "cult", "ipa": "/klt/", "etymology": "Latin *colere* meaning 'to care for, to worship' or Old French *culte* from Latin *cultus* 'cultivation', both with roots in the Latin verb *colere*." } Word: compound { "word": "compound", "ipa": "/kmpaund/", "etymology": "Old French *composant* and Middle English *componde*, from the Latin verb *componere* meaning 'to put together'. The Old French was derived from the Latin." }
Error: Extra data: line 1 column 202 (char 201)

Time: 2025-05-27 12:44:17.658235
Content: { "word": "cult", "ipa": "/klt/", "etymology": "Latin *colere* 'to worship', from *cultus* 'cultivation, care'." } Word: compound compound { "word": "compound", "ipa": "/kmpoun(d)/", "etymology": "Old French *composant* 'putting together', from Latin *componere* 'to place together'. From the root *ponere* 'to put'." }
Error: Extra data: line 1 column 116 (char 115)

Time: 2025-05-27 12:46:20.803686
Content: { "word": "panic attack", "ipa": "/pnk tk/" + "/pnk tk/" + // Variations in vowel length and pronunciation of "attack" "/pnk tk/" + // Another variation "etymology": "Latin: *pancus* (fear, panic) + Greek: *r*, *hiktr* (throat, suffocation, constriction of the throat)" }
Error: Expecting ',' delimiter: line 1 column 45 (char 44)

Time: 2025-05-27 17:29:32.079026
Content: { "word": "seed", "ipa": "/sid/", "etymology": "Old English sod, from Proto-Germanic *seudn (compare Dutch zaaizaden, German Saat), from Proto-Indo-European *sewd-, *soud- (source also: Sanskrit sd- 'offspring', Gothic swaidan 'to sow', Greek zao 'I live'), from the root *swad- 'offspring'." }, { "word": "round", "ipa": "/rand/", "etymology": "Old English hrofn, from Proto-Germanic *hurbn (compare Dutch ronde, German runde), from Proto-Indo-European *krond-, *krontos 'circle', related to Greek kyklos 'a circle' and Sanskrit cakram 'wheel'." }
Error: Extra data: line 1 column 295 (char 294)

Time: 2025-05-27 19:43:42.082533
Content: { "sentence": "I don't think anyone has to stay in a relationship in which they don't feel safe," "paraphrase": "It's not necessary for anyone to be in a relationship where they don't feel secure.", "grammar": "The sentence is in the first person (I) and expresses opinion (don't think). It has a complex subject ('anyone') followed by an infinitive verb ('to stay') and a present participle phrase ('in which they don't feel safe').", "meaning": "The speaker is emphasizing that no one should be forced to remain in a relationship where they do not feel secure." }
Error: Expecting ',' delimiter: line 1 column 99 (char 98)

Time: 2025-05-27 19:43:49.811314
Content: { "sentence": "'But once you become a full adult,' he argues, 'you cannot blame all your problems on your parents,'", "paraphrase": "As an adult, it's not appropriate to keep blaming all one's problems on parents," "grammar": "The sentence is a direct quote. It contains one independent clause ('you cannot blame all your problems on your parents') and one dependent clause ('But once you become a full adult'). The main verb is 'argues.'", "meaning": "The speaker is suggesting that, as an adult, it's inappropriate to continually attribute one's problems to parents. This implies that adults should take responsibility for their own actions and issues." }
Error: Expecting ',' delimiter: line 1 column 216 (char 215)

Time: 2025-05-27 19:44:20.479874
Content: { "sentence": "You can't control what you're haunted by," he argues. ",", "paraphrase": "He believes that one cannot manage or regulate the things that cause them distress or persistently bother them.", "grammar": "The sentence is a declarative sentence with a complex structure, consisting of two clauses: the subject 'You can't control,' which is an auxiliary verb (can't) followed by the main verb 'control' and its object 'what you're haunted by,' and the subordinate clause 'he argues.'", "meaning": "The main idea or purpose of the sentence in context is to express that the speaker believes one has no control over the things that cause them emotional distress, anxiety, or fear (being 'haunted')." }
Error: Expecting ',' delimiter: line 1 column 59 (char 58)

Time: 2025-05-27 23:05:09.336741
Content: { "explanation": "The word 'buck' is an informal term for a male deer. In certain contexts, it can also refer to a unit of currency (usually in old Western movies or video games), especially the U.S. dollar. It is not an idiom, collection, or phrasal verb." "story": "The usage of 'buck' as a unit of currency originates from the Old West when a gold coin with the image of a buck (a male deer) was used in trade." }
Error: Expecting ',' delimiter: line 1 column 259 (char 258)

Time: 2025-05-27 23:05:18.545763
Content: { "explanation": "Okay, let's break down the word \"buck.\" It has a few different meanings, but the most common ones are: \n\n1. **A male deer:** This is the original meaning. A buck is a male deer, usually a young, adult one. Think of a wild deer  that's a buck.\n\n2. **Money:** In some parts of the world, especially in the US, \"buck\" is slang for a dollar ($1). So, you might hear someone say \"I need to get some bucks\" meaning \"I need to get some money.\" \n\n3. **A challenge or test:** Sometimes, \"buck\" is used as a verb meaning to accept a challenge or test. For example, \"He bucked the trend\" means he did something different from everyone else.\n\n**Where did this word come from?**\n\nThe word \"buck\" comes from the Old English word \"bocca,\" which referred to a young male deer. Over time, it became associated with strength and resilience, and then it started being used more generally for money, particularly in areas where a dollar coin was commonly used. The meaning of "buck" as a challenge comes from the idea of a buck testing its strength against a challenge  like a deer testing its antlers!" }
Error: Expecting ',' delimiter: line 1 column 1002 (char 1001)

Time: 2025-05-27 23:05:18.547527
Content: { "explanation": "Okay, let's break down the word \"buck.\" It has a few different meanings, but the most common ones are: \n\n1. **A male deer:** This is the original meaning. A buck is a male deer, usually a young, adult one. Think of a wild deer  that's a buck.\n\n2. **Money:** In some parts of the world, especially in the US, \"buck\" is slang for a dollar ($1). So, you might hear someone say \"I need to get some bucks\" meaning \"I need to get some money.\" \n\n3. **A challenge or test:** Sometimes, \"buck\" is used as a verb meaning to accept a challenge or test. For example, \"He bucked the trend\" means he did something different from everyone else.\n\n**Where did this word come from?**\n\nThe word \"buck\" comes from the Old English word \"bocca,\" which referred to a young male deer. Over time, it became associated with strength and resilience, and then it started being used more generally for money, particularly in areas where a dollar coin was commonly used. The meaning of "buck" as a challenge comes from the idea of a buck testing its strength against a challenge  like a deer testing its antlers!" }
Error: Both chains failed to decode JSON

Time: 2025-05-28 12:57:52.850511
Content: { "explanation": "Proverbial means something that is not literal but symbolic or figurative, often based on common sayings or wisdom, like 'Actions speak louder than words'." } Explain : idiomatic expression { "explanation": "Idiomatic expressions are phrases that have a specific meaning different from the literal definition of the individual words. For example, 'kick the bucket' doesn't mean to literally kick a bucket, but to die." } Explain : colloquialism { "explanation": "Colloquialisms are informal ways of speaking that are specific to a certain region or group of people. For example, saying 'no worries' instead of 'don't worry'. These expressions are often used in everyday conversation." } Explain : phrasal verb { "explanation": "Phrasal verbs combine a regular verb with a preposition or particle to create a new, idiomatic meaning. For example, 'pick up' can mean both to physically lift something and to call someone on the phone. The meaning often depends on the context." } Explain : idiomatic phrase "break a leg" { "explanation": "The idiomatic phrase 'break a leg' is an expression of good luck, especially when someone is about to perform on stage." } Explain : idiomatic phrase "it's raining cats and dogs" { "explanation": "The idiomatic phrase 'it's raining cats and dogs' means that it is raining very heavily. The origin of this expression is unclear, but some theories suggest it comes from the belief that witches could transform into animals and were carried away by strong winds during a storm." }
Error: Extra data: line 1 column 178 (char 177)

Time: 2025-05-28 13:17:25.124986
Content: { "word": "junior anti-sex league", "ipa": "/dunr ntiseks lig/, /dn.i.r n.tsks li:/", "etymology": { "junior": Latin *juvenis* (young person), via French *jeune*. "anti-sex": From the phrase "against sex", meaning against sexual activity, with the prefix "anti-" meaning against. "league": Old English *lag*, from Latin *legio* (a military unit), ultimately derived from Proto-Celtic **leg*. } }
Error: Expecting value: line 1 column 112 (char 111)

Time: 2025-05-28 13:21:43.491281
Content: { "word": "expressionless", "ipa": "/ksprnls/\_,", "etymology": "The word 'expressionless' comes from Old French 'exprsion', derived from Latin 'ex-pressio', meaning 'impression, mark made by pressing'. It entered English in the 15th century and has evolved to its current form." }
Error: Invalid \escape: line 1 column 46 (char 45)

Time: 2025-05-28 15:56:19.692910
Content: { "sentence": "It was assumed that the body's uptake of creatine cells is marginal, therefore it wouldn't work for only one night of sleep deprivation until we did our study," "paraphrase": "People thought that the body takes in only a small amount of creatine cells, so they believed it wouldn't help with just one night of lack of sleep, but we found out differently when we conducted our research," "grammar": "The sentence is in the third person (it was assumed), past perfect continuous tense (had been assumed) for expressing ongoing or continuous action up to a specific time in the past. The main clause is "it wouldn't work" which uses the modal verb 'wouldn't' for expressing uncertainty, followed by the infinitive 'to work.' The dependent clause is 'until we did our study' which provides the reason for the assumption.", "meaning": "The author is stating that before their research, it was believed that creatine supplementation wouldn't be effective in combating the effects of one night of sleep deprivation because it was assumed that the body absorbs only a small amount of creatine. The author is clarifying that this belief changed when they conducted their study." }
Error: Expecting ',' delimiter: line 1 column 177 (char 176)

Time: 2025-05-28 15:56:49.185208
Content: { "word": "emergency", "ipa": "/emrdni/", "etymology": "From Old French en mer d'urgence 'at sea in haste', from Latin in + merces 'payment, reward' (from mercari, 'to trade') + urgere, 'to press, urge'." }, { "word": "service", "ipa": "/svs/", "etymology": "From Old French servise, from Latin servre 'to be a slave, to serve', from servus 'slave'. The meaning shifted from 'slavery' to 'acts of assistance and helpful activity' in the 16th century." }, { "word": "worker", "ipa": "/wkr/", "etymology": "From Old English weorca 'work, deed', related to weorcan 'to do, work'. The original meaning evolved from 'action, achievement' to 'manual labor, occupation' in the 14th century." }
Error: Extra data: line 1 column 207 (char 206)

Time: 2025-05-28 15:56:55.874965
Content: { "word": "emergency", "ipa": "/mrdnsi/", "etymology": "Old French enmergence, from emergere 'to come out' (from Latin e- 'out' + mergere 'to plunge')" }, { "word": "service", "ipa": "/srvis/", "etymology": "Latin servre 'be a slave, serve'" }, { "word": "workers", "ipa": "/wkrs/", "etymology": "Old English weorca 'work', from weortan 'to work'" }
Error: Extra data: line 1 column 154 (char 153)

Time: 2025-05-28 15:57:06.018024
Content: { "word": "emergency", "ipa": "/emrdni/", "etymology": "Old French <strong>emergence</strong>, from Latin <strong>mergere</strong> 'to plunge, sink'" }, { "word": "service", "ipa": "/svs/", "etymology": "From Old French <strong>servise</strong>, from Late Latin <strong>servcius</strong> 'a serving, attendance', from <strong>servre</strong> 'to be in attendance' (from <strong>servus</strong> 'slave'). Compare French service" }, { "word": "workers", "ipa": "/wkrz/", "etymology": "From Old English <strong>weorca</strong> 'work, labor', from Proto-Germanic **werkaz* (source also of Old Saxon, Middle Dutch, Dutch and German <strong>Werk</strong> 'work', Old Norse <strong>verk</strong>, Gothic <strong>wairh</strong>), from Proto-Indo-European **werg-(o)-* 'activity'. Compare Old English <strong>weorcan</strong> 'to work'" }
Error: Extra data: line 1 column 152 (char 151)

Time: 2025-05-29 11:59:22.386044
Content: { "word": "abacus", "ipa": "/bks/", "etymology": "Latin abcus (tablet, accounting table) from Greek  (abax, a board or tablet for counting)" }, { "word": "acorn", "ipa": "/krn/", "etymology": "Old English corn from Latin conitum (a kind of poisonous wolf's bane) + Old English horn (horn, hard covering)" }, { "word": "acrobat", "ipa": "/krbt/", "etymology": "From French acrobate, from Greek  (akrbatos) (highest seated), from  (akros) (highest) +  (btos) (seat)" }, { "word": "actor", "ipa": "/ktr/", "etymology": "From Latin actor, from agere (to act)" }
Error: Extra data: line 1 column 143 (char 142)

Time: 2025-05-29 12:20:02.765910
Content: { "sentence": "Trump's version of isolationism doesn't defend allies with hard power, but undermines those with ideological differences", "paraphrase": "Donald Trump's form of keeping America separate from other countries does not protect allies by using military strength, instead it challenges those who have different beliefs or ideas.", "grammar": "The sentence is a declarative sentence consisting of a subject ("Trump's version of isolationism"), a verb ("doesn't defend"), an object ("allies with hard power"), and a conjunction ("but"). The second clause uses the passive voice with the subject "those" (referring to allies) and verbs ("undermines") and "have" in the gerund form ("ideological differences").", "meaning": "The main idea is that Donald Trump's approach to foreign policy, referred to as isolationism, does not involve protecting allies through military force. Instead, it involves undermining or weakening those countries with which the U.S. has significant ideological disagreements." }
Error: Expecting ',' delimiter: line 1 column 419 (char 418)

Time: 2025-05-29 12:38:26.783643
Content: {"questions": ["How does the article suggest that President Trump's foreign policy differs from traditional 'isolationism'?", "What are some examples given in the article of actions taken by President Trump regarding foreign conflicts and alliances?", "According to the expert quoted in Foreign Policy, how do world powers in the current paradigm control resources and supply chains?"}
Error: Expecting ',' delimiter: line 1 column 385 (char 384)

Time: 2025-05-29 16:16:07.844556
Content: { "explanation": "To renege means to break a promise or fail to keep an agreement you have made." "Example sentence": "I lent her some money and she reneged on the deal, never giving it back." "Idiom origin story": "The term 'renege' originates from the French word 'renier', which means to deny or refuse. It was first used in English during the 16th century." }
Error: Expecting ',' delimiter: line 1 column 99 (char 98)

Time: 2025-05-29 20:14:22.880758
Content: { "explanation": "Farsi is the common term for Persian language. It's the official language of Iran and Tajikistan, and it's also spoken in parts of Afghanistan, Uzbekistan, and other countries." } In addition: { "explanation": "Persian literature is rich and dates back thousands of years. It includes epic poems like 'Shahnameh', the national epic of Iran, written by Ferdowsi around 1010 AD." } { "explanation": "The Persian Gulf is not named after Persia or Farsi, but rather a region called Parsa which was inhabited by ancient Persians. The gulf connects the Arabian Peninsula to Iran and it's an important waterway for oil transportation." }
Error: Extra data: line 1 column 199 (char 198)

Time: 2025-05-31 12:58:34.023853
Content: { "sentence": "These aren't side projects, they're foundational bets," "paraphrase": "They're not just additional tasks, but crucial investments," "grammar": "The sentence consists of a declarative clause with a complex subject ('These aren't') and an inverted structure (the predicate complement comes before the linking verb). The verb is 'are', which functions as a copula linking the subject to the predicate. The predicate noun is 'side projects' modified by the negation 'aren't'. The predicate adjective phrase consists of 'they're foundational bets'.", "meaning": "The author is emphasizing that these tasks aren't just optional or secondary activities, but they are essential or crucial decisions (foundational bets) in the project or context." }
Error: Expecting ',' delimiter: line 1 column 72 (char 71)

Time: 2025-05-31 16:56:42.140116
Content: { "sentence": "There will be no layoffs and no outsourcing whatsoever, and every US steelworker will soon receive a well deserved $5,000 bonus," "paraphrase": "There won't be any layoffs or outsourcing happening at all, and each American steelworker is going to get a $5,000 bonus shortly," "grammar": "The sentence uses the future tense ('will') for predictions about actions that will occur in the near future. It also includes conditional verbs ('there won't be') and linking verbs ('are'). The main clause is 'every US steelworker will soon receive a well deserved $5,000 bonus', with 'There will be no layoffs and no outsourcing whatsoever' functioning as an appositive phrase that provides more information about who the bonuses are intended for.", "meaning": "The sentence indicates that there will be no layoffs or outsourcing in the steel industry, and that every American steelworker will receive a $5,000 bonus. This suggests that President Trump is promising favorable conditions for steelworkers, possibly as part of an economic policy." }
Error: Expecting ',' delimiter: line 1 column 146 (char 145)

Time: 2025-05-31 17:21:24.164953
Content: { "explanation": "Loud and noisy, often in a way that is exciting or enjoyable but can also be chaotic or rowdy." "idiom story": "The term 'raucous' has its roots in Old French 'rausche', which means noise. It's similar to the modern German word 'rauschen' which means 'to rustle'. Over time, it has evolved into the English term we use today." }
Error: Expecting ',' delimiter: line 1 column 115 (char 114)

Time: 2025-05-31 20:47:49.548994
Content: { "sentence": "China's AI industry has been gaining on the US, and the technology is seen as a potential powerful weapon in any future conflict between the superpowers.", "paraphrase": "The AI sector of China has been growing stronger compared to the US, and this technology could be used as a strong military tool if a future dispute arises between the two dominant nations.", "grammar": "This sentence is a complex sentence with an independent clause ("China's AI industry has been gaining on the US") and a dependent clause ("and the technology is seen as a potential powerful weapon in any future conflict between the superpowers"). The main verb is 'is', which is helping to link two ideas. The phrase 'in any future conflict' functions as an adverbial clause modifying the noun 'technology'.", "meaning": "The main idea conveyed by this sentence is that China's advancements in AI have become significant, reaching a level where its technology could potentially serve as a formidable weapon if a military confrontation occurs between China and the United States." }
Error: Expecting ',' delimiter: line 1 column 456 (char 455)

Time: 2025-05-31 21:25:36.680441
Content: { "word": "conversion efficiency", "ipa": "/knvn finsi/, /knvn fni/ (efficiency has a variant with double 's')", "etymology": { "conversion": "Old French convercioun, from Latin conversio ('a turning around', from verb convertere)," + "which is derived from com- ('together') and vertere ('to turn')," + "coming ultimately from Proto-Indo-European root *wer-, 'to turn, roll'.", "efficiency": "Latin efficientia, from the adjective efficiens ('capable of producing a certain effect')," + "from the present participle of efficere ('to bring about, accomplish')." } }
Error: Expecting ',' delimiter: line 1 column 234 (char 233)

Time: 2025-06-01 12:39:30.456604
Content: { "explanation": "Not doing something properly or completely; doing it poorly." "idiom": true, "meaning_story": "The phrase 'half-assed' is believed to have originated in the United States. It was originally used in a more literal sense to describe someone who is only using one half of their buttocks to perform a task. Over time, it has come to mean doing something poorly or incompletely." }
Error: Expecting ',' delimiter: line 1 column 81 (char 80)

Time: 2025-06-02 04:55:47.868665
Content: { "sentence": "Hagey said the failed attempt to oust Altman revealed that OpenAI's complex structure with a for-profit company controlled by a nonprofit board is 'not stable.'", "paraphrase": "According to Hagey, the unsuccessful effort to remove Altman showed that the intricate setup of OpenAI (a for-profit entity managed by a non-profit board) lacks stability.", "grammar": "The sentence contains an active voice, with a reported speech verb phrase ('Hagey said'), followed by a subject complement clause ('the failed attempt... is "not stable"') and a noun phrase ('OpenAI's complex structure'). The main clause ('Hagey said') is connected to the subordinate clause by the conjunction 'revealed'.", "meaning": "The sentence suggests that the internal management structure of OpenAI, which involves a for-profit company governed by a non-profit board, was found to be unstable following an attempt to remove one of its key figures." }
Error: Expecting ',' delimiter: line 1 column 538 (char 537)

Time: 2025-06-02 13:06:54.521321
Content: { "explanation": "He has a good chance of successfully doing that difficult task, because he is capable and confident." "idiom explanation": "Up to a challenge" - means facing or taking on a difficult task or situation. It suggests the person is willing and able to do it. "extra information": This idiom originated from card games. If you're 'up to a challenge', it means you're ready for the next high-stakes game or round. }
Error: Expecting ',' delimiter: line 1 column 121 (char 120)

Time: 2025-06-02 21:28:37.611810
Content: strategic cruise missile carriers
Error: No JSON structure found in IPA/etymology response

Time: 2025-06-02 21:28:39.647965
Content: { "sentence": "President Volodymyr Zelensky said 117 drones were used in the so-called 'Spider's Web' operation by the SBU security service, striking '34% of [Russia's] strategic cruise missile carriers'", "paraphrase": "President Volodymyr Zelensky announced that 117 drones were employed in a covert action named 'Spider's Web', carried out by the Ukrainian SBU security service. These drones targeted and damaged approximately one-third of Russia's strategic cruise missile carriers.", "grammar": "The sentence is complex with a compound subject (President Volodymyr Zelensky said) and two independent clauses joined by the conjunction 'and'. The first independent clause uses active voice, with the subject 'President Volodymyr Zelensky' and the verb 'said'. The direct object of the sentence is '117 drones', followed by a prepositional phrase 'in the so-called "Spider's Web" operation by the SBU security service'. The second independent clause uses active voice as well, with the subject 'these drones' and two verbs 'targeted' and 'damaged'. The object of the second verb is a noun phrase 'approximately one-third of Russia's strategic cruise missile carriers'.", "meaning": "The main idea or purpose of this sentence is to convey information about an operation involving 117 drones that was carried out by the Ukrainian SBU security service. These drones reportedly targeted and damaged around a third of Russia's strategic cruise missile carriers. This suggests a significant military action with potential strategic implications." }
Error: Expecting ',' delimiter: line 1 column 869 (char 868)

Time: 2025-06-02 21:29:10.617321
Content: { "sentence": "It claimed that 'all attacks were repelled' on military airbases.", "paraphrase": "They stated that all the attacks attempted against the military bases were unsuccessful.", "grammar": "'It' claimed is a subject pronoun and 'claimed' is the verb in passive voice. The clause 'that "all attacks were repelled"' is the object of the sentence and contains the noun phrase 'all attacks', the verb 'were repelled', and the preposition 'on'.", "meaning": "The main idea here is that someone (or some organization) stated that there were attempts to attack military airbases, but all those attempts failed or were stopped." }
Error: Expecting ',' delimiter: line 1 column 298 (char 297)

Time: 2025-06-03 11:31:43.893261
Content: { "word": "fortune", "ipa": "/frtjun/", "etymology": "Old French <i>fortune</i>, from Latin <i>fortuna</i>, ultimately from Proto-Indo-European <i>\*porkt-</i> meaning 'risk, adventure'." }
Error: Invalid \escape: line 1 column 148 (char 147)

Time: 2025-06-03 15:11:00.566173
Content: { "explanation": "Something or someone that is very wicked, cruel, and despicable." "idiomOriginStory": "The term 'vile' comes from the Old French word 'vilain', which meant 'common' or 'low-born'. Over time, it evolved to mean unworthy or contemptible." }
Error: Expecting ',' delimiter: line 1 column 85 (char 84)

Time: 2025-06-03 16:11:18.020668
Content: { "explanation": "Roughened means something has become rough or uneven in texture." } Here's a simple example to illustrate its usage: { "example": "If you walk barefoot on a beach, the sand will roughen your feet because it becomes rough." }
Error: Extra data: line 1 column 87 (char 86)

Time: 2025-06-03 19:16:28.887807
Content: { "explanation": "He felt somewhat displeased or uninterested in a vague or unspecific way about something." "idiom": "with a sort of" - This is an idiom meaning "in a certain manner" or "in some way". It's a common phrase that doesn't have a specific, literal meaning but instead conveys a feeling or attitude. }
Error: Expecting ',' delimiter: line 1 column 110 (char 109)

Time: 2025-06-03 19:33:19.883804
Content: { "sentence": "If you look at an aerial drone photographs of Amish settlements, and compare them with Hutterite communities, the Amish are living on the farm with the animals, whereas the Hutterites live in little hamlets, and the farm could be a few miles away," "paraphrase": "When you examine images taken from above of Amish and Hutterite communities, you'll notice that Amish people reside on their farms along with their livestock, while Hutterites live in small settlements that are separate from their farms which might be several miles away", "grammar": "This sentence is a complex declarative sentence. The main clause is 'the Amish are living...', and the dependent clauses are 'If you look at an aerial drone photographs of Amish settlements, and compare them with Hutterite communities,' and 'the farm could be a few miles away.' There are also three relative clauses: 'of Amish settlements', 'with Hutterite communities', and 'which might be several miles away.'", "meaning": "The main idea is to highlight the difference in living arrangements between two religious communities, the Amish and the Hutterites. The Amish live on their farms with their livestock, while the Hutterites live in separate settlements that are a distance from their farms." }
Error: Expecting ',' delimiter: line 1 column 265 (char 264)

Time: 2025-06-03 19:33:37.593237
Content: { "sentence": "If you look at an aerial drone photographs of Amish settlements, and compare them with Hutterite communities, the Amish are living on the farm with the animals, whereas the Hutterites live in little hamlets, and the farm could be a few miles away," "paraphrase": "When you examine images taken by drones of Amish villages versus Hutterite settlements, you'll notice that Amish people reside on their farms with animals, whereas Hutterites live in small groups that are separate from the farm which may be several miles away," "grammar": "This sentence is a complex declarative sentence. The main clause is 'the Amish are living on the farm with the animals,' while the subordinate clause 'If you look at an aerial drone photographs of Amish settlements, and compare them with Hutterite communities' functions as an introductory phrase that explains the context for comparison. Additionally, there is another subordinate clause 'the farm could be a few miles away,' which provides extra information about the Hutterite living situation," "meaning": "The main idea of this sentence is to contrast the living arrangements of Amish and Hutterite communities as observed from aerial drone photographs. The Amish live on their farms with animals, while the Hutterites reside in separate hamlets that are away from their farm, which could be several miles distant." }
Error: Expecting ',' delimiter: line 1 column 265 (char 264)

Time: 2025-06-03 19:33:45.975982
Content: { "sentence": "Even if you just grow up with a dog in your home, you have a 13-14% reduction in risk," "paraphrase": "If you live with a dog for most of your life, it can reduce your health risks by about 13-14%", "grammar": "Simple sentence with a conditional clause (if clause) introduced by 'Even if' and a main clause that expresses the result or consequence. The subject is 'you', the verb is 'have', followed by an infinitive verb phrase ('to reduce') and its object 'risk'. The number '13-14%' is enclosed in commas, indicating it is not essential to the meaning of the sentence but gives additional information about the reduction in risk.", "meaning": "The speaker is suggesting that having a dog in your home throughout your childhood or adolescence may lower your chances of certain health risks by approximately 13-14%." }
Error: Expecting ',' delimiter: line 1 column 104 (char 103)

Time: 2025-06-03 19:34:08.424390
Content: { "sentence": "'The Irish travellers have retained an ancient microbiome,' says Shanahan.", "paraphrase": "Irish travellers still possess a very old collection of microorganisms (called the microbiome)," "grammar": "Simple declarative sentence using present tense ('have') and passive voice ('retained'). The subject is 'The Irish travellers', the verb is 'have' followed by the past participle 'retained'. The object of the verb, 'an ancient microbiome', is a noun phrase with an article ('an'), an adjective ('ancient'), and a noun ('microbiome').", "meaning": "The main idea here is that there is evidence suggesting that the microbiomes (communities of microorganisms) found in the bodies of Irish travellers are similar to ones from a very long time ago." }
Error: Expecting ',' delimiter: line 1 column 205 (char 204)

Time: 2025-06-03 19:34:28.107944
Content: { "sentence": "If you're exposed to more types of bacteria, you are going to stimulate your immune system in more variable ways, which may then improve its ability to manage the microbes on your skin and in your gut," "paraphrase": "Being around different kinds of germs (bacteria) can help your immune system learn to deal with them better, potentially improving its job of protecting your skin and stomach from these germs," "grammar": "The sentence contains a conditional clause (If you're exposed to more types of bacteria), an action clause (you are going to stimulate your immune system in more variable ways), a subordinate clause (which may then improve its ability to manage the microbes on your skin and in your gut) that is dependent on the main clause, and a verb phrase (improve its ability).", "meaning": "The main idea of this sentence is to convey that exposure to diverse bacteria can stimulate the immune system in various ways, enhancing its capacity to combat germs on our skin and inside our gut." }
Error: Expecting ',' delimiter: line 1 column 219 (char 218)

Time: 2025-06-04 16:03:11.445904
Content: { "explanation": "Ulcerative is not a term that means something in general English conversation. However, it is used in medicine to refer to a type of inflammatory bowel disease called ulcerative colitis." } Explain : toss one's cookies { "explanation": "To 'toss one's cookies' means to vomit. This phrase is an informal way of saying someone is going to be sick or has just been sick." } Explain : a piece of cake { "explanation": "To say something is 'a piece of cake' means it is very easy to do. It implies that the task requires little effort or skill." } Explain : bite off more than one can chew { "explanation": "To 'bite off more than one can chew' means to take on a task that is too difficult for one's abilities. It suggests that the person has taken on more work or responsibility than they can realistically handle." } Explain : the whole nine yards { "explanation": "To say 'the whole nine yards' means to use everything available, give it your all, or go the full distance. It is an informal way of expressing that something was done completely or extensively." } Explain : rain cats and dogs { "explanation": "To say 'it's raining cats and dogs' means it is raining heavily. This phrase is an old saying that implies the rain is so heavy that even animals like cats and dogs are falling from the sky." } Explain : pull someone's leg { "explanation": "To 'pull someone's leg' means to play a practical joke or tease someone. It suggests that you are fooling someone by pretending something is true when it is not." }
Error: Extra data: line 1 column 209 (char 208)

Time: 2025-06-05 15:49:48.356821
Content: { "word": "technology", "ipa": "/tk.nl..i/", "etymology": "From Latin technologia, from Greek techn 'art, craft' + -logia 'study of'." }, { "word": "curves", "ipa": "/kvz/", "etymology": "From Old English cyrfa, from Proto-Germanic *kurbiz. The ultimate origin is unknown." }
Error: Extra data: line 1 column 137 (char 136)

Time: 2025-06-05 15:49:56.531974
Content: { "word": "technology", "ipa": "/tk.nl.di/", "etymology": "From the Greek word 'tekhnologia' (), which is a compound of 'tekhn' (, art, craft, or skill) and 'logia' (, study of). The suffix -logia (from Greek '-logia', the 'study of') often denotes scientific research related to that subject." }, { "word": "curves", "ipa": "/krvz/", "etymology": "From Old English 'cyrfa' (cyrf, a bend, a fold) or possibly from the Proto-Germanic root *karb-, which also gave rise to Middle Dutch 'kerve', and Old Norse 'kurfa'. These words all share a common root meaning 'to mark with a notch or cut'." }
Error: Extra data: line 1 column 297 (char 296)

Time: 2025-06-05 15:50:02.429989
Content: { "word": "technology", "ipa": "/tk.nliji/", "etymology": "From Greek techne (craft, art, skill) + -logia (-study of)." }, { "word": "curves", "ipa": "/kvz/", "etymology": "From Old English curf, from Proto-Germanic *kurbo, from Proto-Indo-European *(s)kerbh-, from base *(s)keir- (to cut)." }
Error: Extra data: line 1 column 122 (char 121)

Time: 2025-06-05 17:20:03.858766
Content: { "explanation": "Boasting over means to talk about oneself in a very proud or arrogant way, often too much or unnecessary." "example_sentence": "He keeps boasting over his new car, but I don't think he needs to show off that much." "idiom_origin": "The phrase 'boast over' comes from the old English word 'bawsten,' which means to brag or show off. It was used in the 16th century and has been in use since then, with the modern version emerging around the 19th century." }
Error: Expecting ',' delimiter: line 1 column 126 (char 125)

Time: 2025-06-05 21:56:31.558047
Content: { "word": "infer", "ipa": "/nfr/", "etymology": "Latin *in-* (prefix meaning 'into') + *ferre* (to carry or bring), implying the act of bringing out or into the mind" } Word: jovial { "word": "jovial", "ipa": "/dovil/", "etymology": "Latin *Iovem* (genitive of *Iuppiter*, meaning Jupiter, the king of Roman gods), through Old French *joyeulx*, which means 'delightful', 'joyous'" }
Error: Extra data: line 1 column 170 (char 169)

Time: 2025-06-05 21:58:36.012845
Content: { "word": "cultural", "ipa": "/kltrl/", "etymology": "From Latin cultra, 'growing', akin to col, 'till'. Meaning developed to 'a particular form or way of cultivating land' (and later 'the intellectual development characteristic of any class, country, period, etc.'), and finally 'the arts and sciences, learning, and refinement in general.'" }, { "word": "background", "ipa": "/bkgraund/", "etymology": "From Old English beaccan grynd 'edge of a hill' (from bac 'edge, rim' + grnda 'to grind'), then metaphorically 'back-ground', 'land behind'." }
Error: Extra data: line 1 column 345 (char 344)

Time: 2025-06-06 10:27:52.781510
Content: { "explanation": "Corrugated is a type of material made by folding one layer over another in a wave-like pattern. This material is often used for making boxes because it's strong and can protect the contents inside." } Explain : corral someone or something { "explanation": "To corral means to gather, round up, or confine animals or people in a particular area. For example: 'The cowboy corralled the cattle into the pen.' or 'The police officer used barricades to corral the protestors.'" } Explain : kick the bucket { "explanation": "To kick the bucket is an informal way of saying that someone has died. For example: 'My grandmother passed away last night, she finally kicked the bucket.' This phrase comes from the olden days when people used a wooden bucket with a handle to hang themselves." } Explain : get the hang of something { "explanation": "To get the hang of something means to become skilled or familiar with it. For example: 'It took me a while, but I finally got the hang of using this new software.' This phrase suggests that once you have a good understanding or grip on something, it becomes easier for you." }
Error: Extra data: line 1 column 220 (char 219)

Time: 2025-06-06 12:16:48.340211
Content: { "explanation": "That surprised or shocked him so much that he became unconscious or stunned for a while." "idiom origin": "The phrase 'knocked out' is an American English idiom derived from boxing. When a boxer receives a powerful punch, it 'knocks them out', meaning they fall unconscious. The idiom has since been used figuratively to describe any sudden and powerful blow that stuns or disorients someone." }
Error: Expecting ',' delimiter: line 1 column 109 (char 108)

Time: 2025-06-06 12:34:41.725224
Content: { "sentence": "Religion comes from the mind of the human animal, so it comes from us.", "paraphrase": "Humans are responsible for creating religion since it originates in our minds.", "grammar": "The sentence contains a simple declarative structure with a subject ('Religion'), a verb ('comes'), and an object ('the mind of the human animal'). The use of 'so' implies a cause-effect relationship, where the cause is the origin of religion being in the human mind. The phrase 'it comes from us' is a compound subject complement that clarifies who or what 'Religion' is.", "meaning": "The main idea here is that humans are responsible for creating and developing religious beliefs since these beliefs originate from our thoughts, not found among other animals." } { "sentence": "The other animals on earth don't seem to need a religion. And as far as we can tell they haven't developed any.", "paraphrase": "Animals living on Earth do not appear to require religion, and they have not shown signs of developing one as humans have.", "grammar": "The sentence is structured as two independent clauses connected by a coordinating conjunction ('And'). The first clause contains the subject 'The other animals on earth', the verb 'don't seem to need', and the direct object 'a religion'. The second clause starts with a subordinating conjunction ('As far as we can tell') and has the subject 'they', the auxiliary verb 'haven't developed', and the infinitive verb 'to develop any' as its predicate.", "meaning": "The main idea is that other animals do not appear to need religion, nor have they demonstrated signs of creating one." }
Error: Extra data: line 1 column 763 (char 762)

Time: 2025-06-06 12:35:05.789164
Content: { "sentence": "Food, tools and ornaments were placed in the graves that have been discovered, suggesting a belief that the dead travelled on to some kind of afterlife and needed to be equipped for the journey.", "paraphrase": "Objects such as food, tools, and decorations were found in the excavated graves, which may indicate an ancient belief that the deceased embarked on a trip to another world and required items for their travel.", "grammar": "The sentence is a complex one with two main clauses: 1. The subject "Food, tools and ornaments" are placed in the graves (that have been discovered). 2. This action suggests an idea about the belief of the dead travelling to another world and being equipped for their journey.", "meaning": "The sentence implies that archaeological findings suggest that people in the past believed in an afterlife where the deceased needed provisions for their travel. The items placed in the graves were thought to be necessary for this journey." }
Error: Expecting ',' delimiter: line 1 column 520 (char 519)

Time: 2025-06-06 12:35:23.164884
Content: { "expression": "launch pads", "meaning": "The places or situations that provide the starting point for something to begin or be set in motion.", "usage note": "Typically used to refer to physical locations where rockets are prepared and launched, but can also metaphorically describe any situation or environment that initiates a new activity or endeavor.", "examples": [ "The company's headquarters serve as the launch pad for their expansion into Europe.", "With his new book, this author has found a great launch pad for public speaking engagements." ] "etymology": "Originates from the term 'pad', meaning a flat surface or platform, which was used in early rocket launches to provide a stable and level area for the rocket to take off. The term 'launch' means to start or set in motion." }
Error: Expecting ',' delimiter: line 1 column 558 (char 557)

Time: 2025-06-06 12:35:26.263973
Content: { "sentence": "Symbols become sacred to people because they represent loyalties deeper than words can express.", "paraphrase": "People consider symbols as something very important because they express feelings and commitments that are hard to put into words.", "grammar": "This is a complex sentence with a dependent clause ("because they represent loyalties deeper than words can express") which explains the reason for the main clause ("Symbols become sacred to people").", "meaning": "The main idea is that symbols hold significant value to individuals as they represent feelings and commitments that go beyond what can be expressed through language." }
Error: Expecting ',' delimiter: line 1 column 327 (char 326)

Time: 2025-06-06 12:38:47.659940
Content: { "explanation": "This means someone did something secretly or dishonestly to deceive you." "idiom_origin": "The origin of this idiom is unclear, but it has been used since the 1600s to describe a deceitful or underhanded action." }
Error: Expecting ',' delimiter: line 1 column 93 (char 92)

Time: 2025-06-06 15:20:06.239591
Content: { "explanation": "Someone's 'up his alley' means that something interests or suits him very well because it matches his skills, abilities, or preferences." "idiom origin": "The phrase comes from archery where an alley (or lane) was the path where arrows were shot. If a person was good at shooting arrows, the targets placed in their alley would be easy for them to hit, making it 'up their alley'." }
Error: Expecting ',' delimiter: line 1 column 157 (char 156)

Time: 2025-06-06 15:50:38.457037
Content: { "sentence": "Rippling's amended suit also alleges that Deel's CEO Alex Bouaziz was the direct mastermind of it all, sharing screenshots of messages as its evidence.", "paraphrase": "The updated lawsuit filed by Rippling claims that Alex Bouaziz, the CEO of Deel, orchestrated the entire situation. They provide screenshots of messages as proof.", "grammar": "The sentence is a complex sentence with an independent clause ("Rippling's amended suit also alleges") and a dependent clause ("sharing screenshots of messages as its evidence"). The verb in the main clause is 'alleges,' which means to state as true without proof. The verb in the dependent clause is 'shares,' indicating that someone is passing something on.", "meaning": "The main idea or purpose of this sentence is to inform the reader that Rippling, in their updated lawsuit, accuses Deel's CEO Alex Bouaziz of being the main person responsible for certain actions. The proof they provide for this accusation is screenshots of messages." }
Error: Expecting ',' delimiter: line 1 column 426 (char 425)

Time: 2025-06-06 15:51:10.599125
Content: { "word": "tech", "ipa": "/tk/", "etymology": "Old English *teca*, from Latin *techn* (art, craft), related to Greek *tekhn* (art, system, skill)" }, { "word": "company", "ipa": "/kmpni/", "etymology": "Middle English: from Old French *compaignie* (modern French *compagnie*), from Latin *com-* ('with') + *pangere* ('to fix, fasten')" }, { "word": "multibillion", "ipa": "/mltbljn/", "etymology": "From the Latin *milliardus*, a million million (10^18), derived from *mille* (thousand) and *milliaris* (of the millennium, belonging to the thousand). The word 'billion' has different meanings in various countries. In the USA, it is 1,000,000,000,000 (10^18), while in many other English-speaking countries and Japan, it refers to 1,000,000,000,000,000 (10^21)." }, { "word": "dollar", "ipa": "/dlr/", "etymology": "Dutch *duiker*, a coin worth 3 guilders, derived from Dutch or Flemish *daalder* (from Low German *taler*), originally meaning a Thaler (German silver coin), which was named after Joachimstal (Valley of Bohemia)." }, { "word": "technology", "ipa": "/tknldi/", "etymology": "From Greek *tekhn* (art, skill), from *tekton* (carpenter) + -logia (study of)" }
Error: Extra data: line 1 column 149 (char 148)

Time: 2025-06-06 17:24:16.490665
Content: { "expression": "unknown", "meaning": "Something that cannot be known, understood, or identified.", "etymology": "The term 'unknown' has its roots in Old English as 'unnanwn', which meant 'unrecognized' or 'not known'. The modern spelling and usage of the word dates back to Middle English.", "examples": [ "The murderer was unknown until the police made an arrest.", "She has an unknown relative who lived in South America." ] } { "expression": "in the dark", "meaning": "In a situation where one lacks information, knowledge or understanding about something.", "etymology": "The phrase originates from the literal sense of being unable to see anything due to darkness. It has been used figuratively since the 16th century to denote ignorance or mystery.", "examples": [ "I'm in the dark about the details of the project.", "They left us in the dark as to when they would make a decision." ] } { "expression": "under wraps", "meaning": "Something kept secret, hidden, or not revealed to others.", "etymology": "The term comes from the practice of wrapping items for safekeeping or secrecy, dating back at least to the 17th century.", "examples": [ "The company's new product is under wraps until the official launch.", "They kept the wedding plans under wraps until the big day." ] }
Error: Extra data: line 1 column 431 (char 430)

Time: 2025-06-06 17:59:19.654754
Content: { "sentence": "When we see 30- or 35-year-olds with lung cancer, they are usually never-smokers," "paraphrase": "Those around 30 or 35 years old who have lung cancer typically do not smoke cigarettes," "grammar": "This is a complex sentence with one independent clause and one dependent clause. The main clause contains the subject 'we,' the auxiliary verb 'see,' and the direct object '30- or 35-year-olds with lung cancer.' The dependent clause starts with the subordinating conjunction 'when' and contains the subject 'they' and the predicate 'are usually never-smokers.'" "meaning": "The main idea of this sentence is that it's unusual for people aged around 30 or 35 to have lung cancer, and if they do, they are likely individuals who have not smoked cigarettes." }
Error: Expecting ',' delimiter: line 1 column 99 (char 98)

Time: 2025-06-06 17:59:30.914831
Content: { "sentence": "If there's a 1cm (0.4in) tumor hidden somewhere in your lungs, you won't notice it," "paraphrase": "Even if you have a tiny (1cm or 0.4 inches) tumor hiding somewhere within your lungs, you likely won't be able to feel it," "grammar": "'If' is a conditional conjunction here, introducing a condition ('there's a 1cm (0.4in) tumour hidden somewhere in your lungs'). The sentence consists of one independent clause: 'you won't notice it.'", "meaning": "The main idea of this sentence is to convey that small lung tumors are often not detectable by individuals due to their inconspicuous size." }
Error: Expecting ',' delimiter: line 1 column 101 (char 100)

Time: 2025-06-06 17:59:51.146698
Content: { "sentence": "The median survival rate of patients who carry such driver mutations is now several years," "paraphrase": "Patients with these specific mutations in their DNA are living for many years on average," "grammar": "Compound-complex sentence. The independent clause is 'The median survival rate...' and the dependent clause is 'Wicki explains.'," "meaning": "The main idea is that the lifespan of patients with these specific genetic mutations (known as driver mutations) has increased significantly, with most living for several years." }
Error: Expecting ',' delimiter: line 1 column 108 (char 107)

Time: 2025-06-06 17:59:54.934392
Content: { "word": "molecular", "ipa": "/molkjlr/", "etymology": "Latin *molecula* (diminutive of *moles*, mass), a small mass, a grain; from Greek *molos*, kernel or grain" }, { "word": "characteristics", "ipa": "/krktz/", "etymology": "Latin *caracteristica* (from *caracter*, character), a mark, sign; from Greek **, letter" }
Error: Extra data: line 1 column 167 (char 166)

Time: 2025-06-06 18:00:05.051186
Content: { "word": "molecular", "ipa": "/molkjul/", "etymology": "Latin *molecula* (diminutive of *mola*, millstone) + -ar, suffix forming nouns denoting a quality or characteristic" }, { "word": "characteristics", "ipa": "/krktristks/", "etymology": "Latin *caracter* (letter, character) + -er, suffix forming nouns denoting an agent or doer + -is, plural form of noun" }
Error: Extra data: line 1 column 176 (char 175)

Time: 2025-06-06 18:00:17.445524
Content: { "word": "molecular", "ipa": "/molkjulr/", "etymology": "Latin *molecula* (diminutive of *mola*, millstone) + -ar (suffix indicating a property or quality)" } { "word": "characteristics", "ipa": "/krktrks/", "etymology": "Old French *caracter* (from Latin *caractre*, from Greek , kharaktr, 'engraving', 'a stamp') + -istics" }
Error: Extra data: line 1 column 161 (char 160)

Time: 2025-06-06 18:01:12.875188
Content: { "word": "egg", "ipa": "//", "etymology": "Old English gg, from Proto-Germanic *aiti-, from Proto-Indo-European *ois- (genitive plural) 'offspring', due to the association of the egg with new life." }, { "word": "fright", "ipa": "/frt/", "etymology": "Old English fryht, from Proto-Germanic *frhtaz, from Latin frictus, past participle of frangere 'to break', from the idea of something breaking or causing terror." }
Error: Extra data: line 1 column 202 (char 201)

Time: 2025-06-06 18:01:20.389150
Content: { "word": "egg", "ipa": "//", "etymology": "Old English eg, from Proto-Germanic *aujn, from Proto-Indo-European *(h)weg-/*(h)ogw- (compare Greek ojon 'yolk')" }, { "word": "fry", "ipa": "/fra/", "etymology": "Old English fronian, from Proto-Germanic *frainn, from Proto-Indo-European *(s)per- (to separate, divide)" }, { "word": "yolk", "ipa": "/jk/", "etymology": "Old English yolc, from Latin ovinis 'egg yolk', from Latin ovum 'egg'" }
Error: Extra data: line 1 column 161 (char 160)

Time: 2025-06-06 18:01:36.317346
Content: { "word": "egg", "ipa": "//", "etymology": "Old English 'gg', from Proto-Germanic 'aitja' (compare Dutch 'ei' and German 'Ei'), from Proto-Indo-European root *oi-, *okw- (egg, yolk)" } { "word": "frog", "ipa": "/fr/", "etymology": "Old English 'frc', from Old Norse 'frokkr', from Proto-Germanic '*frukkaz' (compare Dutch 'kikker'), ultimately from Latin 'rana'" } { "word": "grape", "ipa": "/rep/", "etymology": "Old English 'greap', from Old Norse 'grappa', from Proto-Germanic '*grippaz' (compare Dutch 'druif'), ultimately from Latin 'uva'" } { "word": "leisure", "ipa": "/lir/", "etymology": "Old French 'laisir', from Latin 'licere' (to be permitted, to be suitable), ultimately from Proto-Indo-European root *kei-, *kweiy-, to move quickly or easily" } { "word": "pizza", "ipa": "/pts/", "etymology": "Italian 'pizza', ultimately from Late Latin 'picea' (pie), from Latin 'pisum' (pea)" } { "word": "salmon", "ipa": "/slmn/", "etymology": "Old English 'seolhmann', from Old Norse 'selgur', ultimately from Latin 'salmo' (genitive of salire), meaning 'to leap'" } { "word": "tiger", "ipa": "/tar/", "etymology": "Middle English 'tyger', from Old Norse 'tygrr' or Dutch 'tijger', ultimately from Sanskrit 'tr' (roaring), referring to the roar of this big cat" }
Error: Extra data: line 1 column 186 (char 185)

Time: 2025-06-06 18:01:50.460383
Content: { "word": "driver", "ipa": "/drvr/", "etymology": "Old English *hrijan* (to drive, move along), from Proto-Germanic *hreb-janan*, from the root *hreb-* (to press, urge on). The modern form comes from Old French *conduer*, from Latin *ducere* (to lead, conduct)." } { "word": "mutation", "ipa": "/mjutan/", "etymology": "From Latin *mutatio* (a change), from *mutare* (to change)." }
Error: Extra data: line 1 column 266 (char 265)

Time: 2025-06-06 18:01:56.736792
Content: { "word": "driver", "ipa": "/drvr/", "etymology": "Old English drifian, from *dryfian* (to drive), from Proto-Germanic *drauban, from Proto-Indo-European root *deru- (to move, to slide)." }, { "word": "mutation", "ipa": "/mjuten/", "etymology": "Latin mutatio, from mutare 'change'. The concept was known to the ancient Greeks as trope (turning), and to medieval scholars as metaphora." }
Error: Extra data: line 1 column 190 (char 189)

Time: 2025-06-06 18:02:02.560685
Content: { "word": "driver", "ipa": "/drvr/", "etymology": "Old English drifian ('to drive, to steer'), from Middle Dutch driven ('to drive, push') from Proto-Germanic *dreubanan ('to turn')" }, { "word": "mutations", "ipa": "/mjutnz/", "etymology": "Latin mutatio ('change, transformation'), from the verb mutare ('to change, to modify')" }
Error: Extra data: line 1 column 185 (char 184)

Time: 2025-06-06 18:02:19.589045
Content: { "word": "egg", "ipa": "//", "etymology": "Old English gg, from Proto-Germanic *aitjn, from Proto-Indo-European *oi- 'egg'." }, { "word": "fry", "ipa": "/fra/", "etymology": "Old English frogan, from Proto-Germanic *freijan, from Proto-Indo-European *pri- 'to strike', related to the root *per- in Latin frang (to break)." }, { "word": "grill", "ipa": "/grl/", "etymology": "Old English grlle, from Proto-Germanic *griulan (to roast), from Proto-Indo-European *gheu- 'to heat'." }
Error: Extra data: line 1 column 128 (char 127)

Time: 2025-06-06 18:02:25.631765
Content: { "word": "egg", "ipa": "//", "etymology": "Old English 'egg', from Proto-Germanic *aibon, from Proto-Indo-European *oi- 'egg'" } Word: fridge { "word": "fridge", "ipa": "/frd/", "etymology": "From Old English 'fryge', from Proto-Germanic *frka-, from Proto-Indo-European *preg-om, akin to Latin 'refrigerium'" }
Error: Extra data: line 1 column 131 (char 130)

Time: 2025-06-06 18:03:36.500709
Content: { "word": "guideline", "ipa": "/adllanz/", "etymology": "Old French *guid(e)ln*, from Latin *ductus* (way, direction) + *-linia* (line), influenced by Old Norse *gjkkva* (to guide, direct)." } Word: limit { "word": "limit", "ipa": "/lmt/", "etymology": "From Latin *limites*, boundary, border, limit." }
Error: Extra data: line 1 column 194 (char 193)

Time: 2025-06-06 18:22:05.410904
Content: { "sentence": "We used advanced statistical analysis and artificial intelligence to identify subtle changes in neuronal activity," "paraphrase": "We employed sophisticated methods like statistical tools and AI to spot minor shifts in the behavior of brain cells," "grammar": "The sentence is a declarative sentence, made up of one independent clause. The subject 'we' is performing the action 'used', followed by the direct object 'advanced statistical analysis and artificial intelligence'. The verb phrase 'identify subtle changes in neuronal activity' describes what the subject did with the object.", "meaning": "The author explains that they utilized complex mathematical methods and AI to find small alterations happening within brain cells (neurons)." }
Error: Expecting ',' delimiter: line 1 column 132 (char 131)

Time: 2025-06-06 18:22:11.404728
Content: ¡°These changes suggest that even during sleep, the brain remains in a more activated, less restorative state under the influence of caffeine,¡± says Jerbi, who also holds the Canada Research Chair in Computational Neuroscience and Cognitive Neuroimaging.
Error: No JSON structure in contextual response

Time: 2025-06-06 18:22:25.938207
Content: { "sentence": ""These changes suggest that even during sleep, the brain remains in a more activated, less restorative state under the influence of caffeine," says Jerbi, who also holds the Canada Research Chair in Computational Neuroscience and Cognitive Neuroimaging.", "paraphrase": "According to Jerbi, a researcher specializing in brain activity and sleep, this finding shows that the brain isn't completely resting while we sleep if we've recently had caffeine  it's still quite active and doesn't allow for full recovery.", "grammar": "This sentence is a quote. It's a complex sentence constructed with a main clause ('the brain remains') and a subordinate clause ('under the influence of caffeine'). The phrase 'even during sleep' is an adverbial phrase modifying the verb 'remains'. 'Under the influence of' is a prepositional phrase indicating the cause of the state. 'Says' is an action verb connecting the quote to the speaker. 'Who also holds' is a relative clause providing additional information about Jerbi's position.", "meaning": "This sentence reports a key finding from Jerbi's research. It highlights that even when a person is asleep, the presence of caffeine doesn't allow the brain to fully 'rest' or 'recover' in the way it normally would. It implies that caffeine continues to stimulate brain activity during sleep, preventing a truly restorative state. The inclusion of Jerbi's title (Canada Research Chair) establishes his credibility and expertise, framing the finding as a result of a significant research effort." }
Error: Expecting ',' delimiter: line 1 column 17 (char 16)

Time: 2025-06-06 18:22:46.893980
Content: { "word": "cognitive", "ipa": "/kntv/", "etymology": "From Latin cognoscere 'to know, come to know, perceive' (from com- 'together' + gnoscere 'know'), via Old French cognoistre and Middle English cogniscen, from cognitif-, stem of cognit-, present participle of cognosceo." } Word: function { "word": "function", "ipa": "/fnkn/", "etymology": "From Old French funcion, from Latin functio(n-) 'a performing, execution', noun use of feminine singular present participle of fungere 'to perform a duty or service, be in office', from funct- 'performed' (from fus- 'driven, hurried') + gerere 'to manage'. Cognate with Old Norse fangr 'service', Dutch functie." }
Error: Extra data: line 1 column 278 (char 277)

Time: 2025-06-06 20:16:21.929161
Content: { "explanation": "Snarkily means being sarcastically or rudely critical in a witty way." } Explain: A chip on one's shoulder { "explanation": "A chip on one's shoulder refers to holding a grudge or feeling offended, especially about a slight that someone perceives they have received. This phrase suggests that the person is overly sensitive and ready to argue about something, often unnecessarily." } Explain: Barking up the wrong tree { "explanation": "Barking up the wrong tree means pursuing a course of action or following a line of thought that leads nowhere or is misguided. It is like a dog barking at a tree, which has nothing to do with its prey." } Explain: Raining cats and dogs { "explanation": "Raining cats and dogs means it's raining very heavily. The phrase's origin remains uncertain, but one theory is that it comes from the Great Flood, when animals would have been carried away by the floodwaters, causing people to say it was 'raining cats and dogs'." } Explain: A wild goose chase { "explanation": "A wild goose chase means pursuing a fruitless or pointless line of investigation or activity. The phrase comes from the legend of King Edward III, who in 1306 sent his men on a false trail to find two white geese that he claimed were laying golden eggs. This turned out to be a trick, and the men ended up chasing wild geese for no reason." }
Error: Extra data: line 1 column 92 (char 91)

Time: 2025-06-06 21:25:26.517355
Content: { "expression": "hang on", "meaning": "A request or command to wait a moment, pause or stay still until called.", "usage note": "It is typically used when you need a brief pause in conversation, or when giving instructions or directions. It can also be used to express surprise or disbelief.", "examples": [ "Hang on a minute, I need to get something from the other room.", "What? Hang on, let me make sure I heard you correctly." ] } *Note: There's another phrase with similar meaning, "hang tight," which means "to stay in place" or "remain secure." This usage is more common in informal contexts, particularly among sailors.* { "expression": "hang tight", "meaning": "To stay in place or remain secure.", "usage note": "It is often used in informal contexts, particularly among sailors.", "examples": [ "Hang tight while I steer the boat around this rock.", "I'll be right back. Just hang tight here." ] }
Error: Extra data: line 1 column 436 (char 435)

Time: 2025-06-06 21:25:31.884377
Content: { "word": "propensity", "explanation": "A strong liking or tendency to do something.", "contextual_meaning": "The strong likelihood that civil servants might get upset or angry.", "example_sentences": [ "I have a propensity for collecting stamps.", // collecting stamps is what the person likes to do. "He has a propensity towards helping others, which makes him a great volunteer." // He tends to help others due to his strong liking or inclination. ] }
Error: Expecting value: line 1 column 250 (char 249)

Time: 2025-06-06 21:26:54.405067
Content: { "word": "colleague", "ipa": "/klju/", "etymology": "Old French *collge* (modern French *collgue*), from the Latin *collgium*, a society of priests, scholars, or students living and studying together" }, { "word": "friendship", "ipa": "/frndp/", "etymology": "Old English *freondscap* (Germanic *frijandskap*), from the Proto-Germanic **fr-, free + -and- + skap, relationship or association" }
Error: Extra data: line 1 column 204 (char 203)

Time: 2025-06-06 21:27:03.711135
Content: { "word": "colleague", "ipa": "/kle/", "etymology": "Latin *collega* (feminine *collega*, neuter *collegium*), from *collgere* meaning 'to gather with, to choose for oneself'." }, { "word": "friendship", "ipa": "/frndp/", "etymology": "Old English *freondscipe*, from Old English *friende* (from Proto-Germanic **frand*) and *scip* (from Proto-Germanic **skap*)." }
Error: Extra data: line 1 column 179 (char 178)

Time: 2025-06-06 21:27:14.781354
Content: { "word": "colleague", "ipa": "/kl/()u/, /klde/, /klde/", "etymology": "From Old French collega, from Latin collega, from collegium. The Latin word collegium denoted a professional association or guild of craftsmen, and later, any group or body. The sense 'member of the same profession' developed in Middle English, and was extended to 'fellow worker' by 17th century." }, { "word": "friendship", "ipa": "/frndp/", "etymology": "From Old English freondscipe, from freond 'friend' + -scip 'ship'. The Old English word freondscipe is derived from the Germanic *freundschaft, which in turn comes from Proto-Germanic *frand-, a cognate of the Gothic frinds 'love', Latin amicus 'friend', and Greek phil 'love'." }
Error: Extra data: line 1 column 373 (char 372)

Time: 2025-06-06 21:30:12.710404
Content: { "word": "rebound", "ipa": "/ri.band/", "etymology": "Old French *rebond*, from Latin *re-* (back, again) + *pondere* (to weigh). The word originally meant 'a returning blow', and was used in the context of archery before it came to mean the act or an instance of a ball bouncing back." } { "word": "sex", "ipa": "/sks/", "etymology": "Old English *seax*, from Proto-Germanic **sekxs*. The original meaning was 'cutting instrument' or 'knife', but it came to be used as a word for male genitalia in Old English, and later developed the modern sense of sexual intercourse." }
Error: Extra data: line 1 column 291 (char 290)

Time: 2025-06-06 21:30:18.263342
Content: { "word": "rebound", "ipa": "/rbnd/", "etymology": "Old French *rebondir*, from Latin *reditus* (return) + *bounus* (good, advantage)" }, { "word": "sex", "ipa": "/sks/", "etymology": "Latin *sexus*, genitive form of *sex* (five), used to denote the two genders: male and female" }
Error: Extra data: line 1 column 137 (char 136)

Time: 2025-06-06 21:30:25.541130
Content: { "word": "rebound", "ipa": "/rbound/, /ri-/, /bound/, /bnd/", "etymology": "From Old French rebond, from Latin re- + bindere 'to fasten, bend'. The present form is due to association with bounce." }, { "word": "sex", "ipa": "/sks/", "etymology": "Old English seax (genitive sxes), from Proto-Germanic *sekhs, from Proto-Indo-European *sesk-, from the root *sek- 'cut'. The original meaning was 'knife', but it came to be used metaphorically for 'gender' due to its association with the male organ." }
Error: Extra data: line 1 column 200 (char 199)

Time: 2025-06-06 21:30:35.461923
Content: { "word": "reference", "ipa": "/refrns/", "etymology": "Old French *reprendre*, from Latin *recipere* (to take back, receive), related to the Proto-Germanic **kraipn-*, which later became Old English *crepan* (take, seize)" }, { "word": "frame", "ipa": "/frem/", "etymology": "Old English *frman* (a framework, model), from Proto-Germanic **frakna-* (an enclosure, a fence), from Latin *fraxinum* (ash tree)" }
Error: Extra data: line 1 column 226 (char 225)

Time: 2025-06-07 10:17:44.480868
Content: { "sentence": "It is incumbent on the Cursor team to ensure future development and consider how they can begin building their product in a way that it can easily incorporate more powerful models when they become available, allowing for quick integration of code generation.", "paraphrase": "The Cursor team has the responsibility to prepare for future advancements and decide on methods to construct their product so that new, powerful models can be quickly integrated into the product for improved code generation.", "grammar": "This sentence consists of a main clause ("It is incumbent on the Cursor team ...") with a subordinate clause that starts with 'so that' which further contains a condition clause ('when those models come out and are much more powerful') and a main action clause ('the product surface represents those ...').", "meaning": "The main idea here is that the Cursor team must think about future improvements for their product, specifically focusing on how to incorporate upcoming and potentially powerful AI models. This will enable them to swiftly integrate these models into their code generation processes." }
Error: Expecting ',' delimiter: line 1 column 573 (char 572)

Time: 2025-06-07 10:20:21.667276
Content: { "sentence": "In the future, with driverless operations, our transportation efficiency will definitely be greatly improved," "paraphrase": "Transportation efficiency is expected to significantly improve in the future due to the use of autonomous vehicles," "grammar": "The sentence is a declarative sentence, consisting of one independent clause. The subject of the sentence is 'transportation efficiency', and the predicate is 'will be greatly improved' (the verb phrase 'will be' + adjective 'greatly improved'). The dependent clause, introduced by 'In the future' and 'with driverless operations', provides context and time frame for the improvement.", "meaning": "The speaker believes that the implementation of autonomous vehicles in transportation systems will lead to a significant improvement in overall efficiency." }
Error: Expecting ',' delimiter: line 1 column 127 (char 126)

Time: 2025-06-07 10:20:21.680270
Content: { "expression": "save money", "meaning": "To spend less than usual or to put aside funds for future use.", "usage_note": "This phrase is commonly used when discussing personal budgets, financial planning, and cost-cutting measures.", "etymology": "The phrase 'save money' has roots dating back to Old English, where it was 'scyldan prym', translating to 'to shield the price'.", "examples": [ "I need to save money for a new car.", "They are trying to save money by eating out less frequently." ] } Here's another one: { "expression": "break the ice", "meaning": "To make a social situation or interaction less tense and more comfortable.", "usage_note": "This phrase is often used when initiating conversation in unfamiliar or awkward settings.", "etymology": "The term comes from ancient times, where hosts would break a piece of ice to signal the start of a feast and create a welcoming atmosphere.", "examples": [ "I'll start by making a joke to break the ice.", "After some awkward silence, she said something funny to break the ice." ] }
Error: Extra data: line 1 column 500 (char 499)

Time: 2025-06-07 10:20:38.388220
Content: { "sentence": "In the future, with driverless operations, our transportation efficiency will definitely be greatly improved," "paraphrase": "In the future, self-driving vehicles will significantly enhance our transportation effectiveness," "grammar": "This sentence contains a dependent clause (in the future) followed by a main clause. The main clause consists of the subject ('our transportation efficiency'), the verb phrase ('will be greatly improved'), and an object ('it').", "meaning": "The speaker is suggesting that in the future, when we have driverless vehicles, our transportation system will become much more efficient." }
Error: Expecting ',' delimiter: line 1 column 127 (char 126)

Time: 2025-06-07 10:21:18.053458
Content: { "word": "public", "ipa": "/pb lk/", "etymology": "From Latin *populus* (people) + -ic (adj.)" }, { "word": "concern", "ipa": "/knsrn/", "etymology": "From Old French *concerner* (to join, to connect) + Latin *carnis* (flesh)" }
Error: Extra data: line 1 column 98 (char 97)

Time: 2025-06-07 10:21:32.910377
Content: { "word": "policy", "ipa": "/pls/", "etymology": "From Middle English polisi, from Latin politia ('state policy or government'), from Ancient Greek politeia ('citizenship, polity, state'), from polites ('citizen')." }, { "word": "makers", "ipa": "/mekrz/", "etymology": "From Old English mcene ('make, produce'), from Proto-Germanic *maknn. Cognate with Old Norse mekinn, Dutch maak, German machen." }
Error: Extra data: line 1 column 218 (char 217)

Time: 2025-06-07 10:21:54.216205
Content: { "word": "distribution", "ipa": "/dstrbjutn/", "etymology": "From Old French distribusioun, from Latin distributio, from dis- 'apart' + tribuere 'to distribute'. The word has been in English since the 14th century." }, { "word": "hubs", "ipa": "/hbz/", "etymology": "From Middle English hube, from Old Norse hp 'wheel', from Proto-Germanic *hbaz, from Proto-Indo-European *k^{w}up-o-. The word has been in English since the 16th century." }
Error: Extra data: line 1 column 219 (char 218)

Time: 2025-06-07 10:28:13.714487
Content: { "sentence": "'Having Elon speak out against the irrational tariff policy, against the deficit exploding Trump bill, and the anti-science and anti-immigrant agenda can help check Trump's unconstitutional administration,' Khanna told Semafor on Friday.", "paraphrase": "Elon's criticism of Trump's irrational taxes, excessive spending bill, and policies against science and immigrants might balance out Trump's questionable administration that goes against the constitution," "grammar": "Complex sentence with a coordinating conjunction ('and') connecting three independent clauses. Each clause contains a subject ('Elon', 'the deficit exploding Trump bill', 'Trump's unconstitutional administration'), a verb ('speak out', 'can help check'), and an object ('against the irrational tariff policy', 'the anti-science and anti-immigrant agenda'). The sentence is reported speech, indicated by the quotation marks and the introductory phrase ('Khanna told Semafor on Friday').", "meaning": "The speaker (Khanna) suggests that if Elon publicly criticizes Trump's policies on irrational tariffs, excessive spending, science, and immigration, it could challenge or control Trump's actions which are questionable based on the constitution." }
Error: Expecting ',' delimiter: line 1 column 477 (char 476)

Time: 2025-06-07 10:29:02.378621
Content: { "word": "villain", "ipa": "/vlen/", "etymology": "Old French *vilain* (meaning 'serf' or 'peasant'), ultimately derived from Latin *incoltus*, meaning 'unfree tenant of the soil'" }, { "word": "hero", "ipa": "/hro/", "etymology": "Greek *hrs* (meaning 'man of honor' or 'defender'), related to the root word *heros* found in Homer's epics" }
Error: Extra data: line 1 column 184 (char 183)

Time: 2025-06-07 10:29:07.978881
Content: { "word": "villain", "ipa": "/vlen/", "etymology": "Old French *vilains* (common people, peasants) > Middle English *vilaine* (wicked woman) > Modern English *villain*" }, { "word": "hero", "ipa": "/hro/", "etymology": "Greek *hrs* (man of distinction, warrior)" }
Error: Extra data: line 1 column 171 (char 170)

Time: 2025-06-07 10:29:13.632311
Content: { "word": "villain", "ipa": "/vlin/", "etymology": "Old French *vilains* (peasants, serfs), ultimately from Latin *vulgus* (common people)" }, { "word": "hero", "ipa": "/hru/", "etymology": "Latin *heros* (divine hero), ultimately from Ancient Greek *hrs* (defender, protector)" }
Error: Extra data: line 1 column 142 (char 141)

Time: 2025-06-07 10:32:26.807882
Content: { "sentence": "Increasingly, the youngest generations find themselves facing a catch-22, with growing evidence that social media is associated with depressive symptoms and risky behavior, yet it is also a primary area for them to connect and communicate with friends.", "paraphrase": "Young people are in a difficult situation where they often experience depression and take risks on social media, but this is also the main way they keep in touch with their friends.", "grammar": "The sentence is a complex sentence consisting of one independent clause ("Increasingly, the youngest generations find themselves facing a catch-22") and two dependent clauses (with-clauses), each connected to the independent clause by 'with' and 'yet'. The main verb in the sentence is 'find', with 'themselves' being the subject. The first dependent clause contains the subordinating conjunction 'with' and two finite verbs ('is associated') and ('are'), while the second dependent clause also contains a subordinating conjunction ('yet'), and one finite verb ('is').", "meaning": "The main idea of this sentence is to express that young people are in a challenging position because they suffer from depression and engage in risky behavior on social media, but it is also the primary means for them to interact with their friends." }
Error: Expecting ',' delimiter: line 1 column 556 (char 555)

Time: 2025-06-07 10:35:21.228401
Content: { "sentence": "We found that this isn't just about hair straighteners," says lead author Dr. Robin Dodson, an exposure scientist at Silent Spring Institute.", "paraphrase": "Our research revealed that the issue is not limited to hair straighteners only", "grammar": "This sentence contains a reported speech (says) and the subject-verb-complement structure. The reported speech contains an active voice verb ('found') with its complement 'that this isn't just about hair straighteners'. The subject of the sentence is 'We', and the object of the verb 'find' is the noun phrase 'this'.", "meaning": "The main idea expressed in this sentence is that the research conducted by Dr. Dodson and her team found that the issue they were studying was not limited to just hair straighteners, suggesting that a broader range of products or factors might also be significant." }
Error: Expecting ',' delimiter: line 1 column 73 (char 72)

Time: 2025-06-07 10:35:36.784221
Content: { "sentence": "Previous studies on people's use of personal care products have relied on imprecise surveys", "paraphrase": "Research about how people use personal care items has been based on surveys that are not very accurate", "grammar": "This sentence contains a compound subject ("previous studies"), a present perfect verb form ("have relied"), and an object ("imprecise surveys") with a preposition ("on"). The dependent clause "on people's use of personal care products" is also present, modifying the main action.", "meaning": "The author is suggesting that past research on personal care product usage has been based on surveys which may not be very precise or accurate." }
Error: Expecting ',' delimiter: line 1 column 286 (char 285)

Time: 2025-06-07 10:35:48.927865
Content: { "sentence": "We're trying to do the right thing," Flint, "paraphrase": "Flint is attempting to act in a proper or ethical manner", "grammar": "The sentence contains an independent clause ('We're trying') and a subject-complement phrase ('do the right thing'). The verb 'trying' is used in the continuous (progressive) tense to indicate ongoing action, and 'the right thing' acts as the complement of the verb, explaining what they are trying to do.", "meaning": "Flint is expressing that he or she is making an effort to behave ethically." }
Error: Expecting ',' delimiter: line 1 column 53 (char 52)

Time: 2025-06-07 10:35:58.811080
Content: { "sentence": "We're trying to do the right thing," Flint says. "But there needs to be more government oversight. We shouldn't have to be chemists to figure out what kinds of products will make us sick.", "paraphrase": "Flint states that they are attempting to behave correctly, but believes that there should be increased supervision by the government. He thinks it's not right that people need extensive chemical knowledge to determine which products could harm them.", "grammar": "This sentence is a declarative sentence with three main clauses: 'We're trying to do the right thing,' 'But there needs to be more government oversight,' and 'We shouldn't have to be chemists to figure out what kinds of products will make us sick.' The coordinating conjunction 'But' connects the second and third clauses, while a comma is used to separate the first clause from the second one.", "meaning": "The main idea expressed by Flint in this sentence is his concern about the lack of government oversight regarding products that could potentially harm people. He implies that it's unjust for individuals to need specialized chemical knowledge to protect themselves from harmful products." }
Error: Expecting ',' delimiter: line 1 column 53 (char 52)

Time: 2025-06-07 10:36:36.140866
Content: { "word": "inequities", "ipa": "/nkwtz/\", "etymology": "From Middle English inequitie, from Old French iniquit, from Latin ineqitat-, stem of ineqitas (unequal state), from in- + aequus (equal)." }
Error: Expecting ',' delimiter: line 1 column 45 (char 44)

Time: 2025-06-07 10:36:41.672064
Content: { "word": "inequities", "ipa": "/nkwdiz/\_, _/-tiz/$/,", "etymology": "From Latin 'aequus' (equal) + '-itas' (quality, state). The term was originally 'aequitas' in Latin but changed to 'inequitas' due to the influence of Old French 'inigualite' during the Middle Ages. This eventually evolved into modern English 'inequality', and its plural form 'inequities'." }
Error: Invalid \escape: line 1 column 41 (char 40)

Time: 2025-06-07 21:24:39.376999
Content: { "explanation": "Chaste means a person who has not had sexual intercourse and does not want to, usually because of religious beliefs or strong moral values." "story_behind_usage": "The term 'chaste' originates from the Latin word 'castus', which means pure. In early Christian times, people would take a vow of chastity to dedicate themselves to prayer and service. Over time, the meaning expanded to refer to anyone who abstains from sexual activity." }
Error: Expecting ',' delimiter: line 1 column 160 (char 159)

Time: 2025-06-08 09:54:59.336411
Content: { "sentence": "The worry is that Nasa may be jumping out of the frying pan, into the fire," says Dr Barber, "paraphrase": "Dr Barber expresses concern that NASA might be moving from one difficult situation to another," "grammar": "This sentence contains a complex subject ("The worry"), a verb in the form of a linking verb "is" followed by an infinitive verb ("to be"), an object ("Nasa"), a modal verb ("may be") expressing possibility, and an idiomatic expression "jump out of the frying pan, into the fire". It also includes a reported speech marker "says" and the subject of the reported speech Dr Barber.", "meaning": "The main idea here is that Dr Barber has expressed a concern or worry about NASA's potential move from one difficult situation to another, using the idiomatic expression 'jump out of the frying pan, into the fire', which means moving from a known and less dangerous predicament directly into a greater one." }
Error: Expecting ',' delimiter: line 1 column 93 (char 92)

Time: 2025-06-08 09:55:08.447559
Content: { "sentence": "Maybe we have been too reliant on Nasa, the big player, to carry a lot of the emphasis in space," "paraphrase": "Perhaps we've been overly dependent on NASA, the main player, for many important aspects in space exploration," "grammar": "Complex sentence with one independent clause and a dependent clause introduced by 'Maybe.' The independent clause contains the subject 'we,' the verb 'have been,' the object 'reliant,' the prepositional phrase 'on Nasa,' and the verb phrase 'to carry a lot of the emphasis in space.' The dependent clause uses 'he' as the subject, 'told' as the linking verb, 'BBC News' as the direct object, and the infinitive verb phrase 'to tell' along with the relative clause 'the big player to.'" "meaning": "The speaker is suggesting that there might be an over-reliance on NASA for significant aspects of space exploration, implying a need for more contributions or diversity in space exploration." }
Error: Expecting ',' delimiter: line 1 column 114 (char 113)

Time: 2025-06-08 09:55:16.805462
Content: { "sentence": "These Earth observation programmes are our canary in the coal mine," "paraphrase": "Earth observation programs act as warning signs for potential problems on Earth, similar to a canary in a coal mine", "grammar": "The sentence is in active voice with a metaphorical idiom. The subject 'These Earth observation programmes' is performing the action of acting as a warning sign, denoted by the verb 'are'. The idiom 'canary in the coal mine' is used to describe something that warns of danger or problems before they become serious.", "meaning": "The speaker implies that these Earth observation programs are crucial for detecting and alerting us about potential environmental problems on Earth, just like a canary in a coal mine would alert miners of dangerous gases." }
Error: Expecting ',' delimiter: line 1 column 85 (char 84)

Time: 2025-06-08 10:00:40.923185
Content: { "sentence": "If PEPFAR is in there, that is a red line," one told Semafor's Eleanor Mueller.", "paraphrase": "PEPFAR must be included; this is a non-negotiable condition", "grammar": "This sentence contains an if clause ('If PEPFAR is in there') followed by a reported speech ('that is a red line,'). The subject of the sentence is 'one' (an unspecified person), and the verb is 'told' (in past tense). The direct speech contained within quotes is reported by Eleanor Mueller.", "meaning": "The speaker emphasizes that the inclusion of PEPFAR (the President's Emergency Plan for AIDS Relief) in a context or agreement is crucial, and they consider it a non-negotiable condition. This could imply a strong stance on maintaining funding or support for this global health initiative." }
Error: Expecting ',' delimiter: line 1 column 60 (char 59)

Time: 2025-06-08 10:01:18.077988
Content: generative ai
Error: Error binding parameter 3: type 'dict' is not supported

Time: 2025-06-08 15:48:00.135500
Content: { "explanation": "Feud is a long-lasting and bitter argument or dispute between two groups of people, often families." "background_story": "The term 'feud' comes from the Old Norse word 'feda', meaning 'to pledge'. In the Middle Ages in Europe, feuds were common between nobles and their families. They would fight over land, power, or honor, often leading to long-term conflict." }
Error: Expecting ',' delimiter: line 1 column 120 (char 119)

Time: 2025-06-08 17:00:08.338058
Content: { "explanation": "Struggling to understand or deal with something" "idiomOrigin": "The term 'grappling' comes from the sport of wrestling where two competitors physically grapple, or struggle, to overpower each other." }
Error: Expecting ',' delimiter: line 1 column 68 (char 67)

Time: 2025-06-08 17:08:10.945017
Content: { "explanation": "A feud is a long-lasting and bitter argument or dispute between two groups of people, often families." "idiom origin": "The term 'feud' comes from old English law where it referred to the customary revenge that a family could take for an injury caused by another family. This tradition was common in medieval Europe." }
Error: Expecting ',' delimiter: line 1 column 122 (char 121)

Time: 2025-06-08 22:08:27.407209
Content: { "explanation": "When you say 'In my defense, I prefaced that by saying "with all due respect"', it means the person is starting their comment or argument with a polite statement, acknowledging they are about to offer an opinion that may be considered disrespectful. 'With all due respect' is a common phrase used when expressing disagreement or criticism in a diplomatic way." }
Error: Expecting ',' delimiter: line 1 column 75 (char 74)

Time: 2025-06-09 16:08:33.515300
Content: { "word": "pronged", "ipa": "/prndd/", "etymology": "Old English *prnc* (root *prenk-*), from Proto-Germanic **prenka* (\"\[p\]oint, spear-point\"), related to Old Norse *prengr*, Danish and Swedish *prgel* (\"mark\"), Old High German *pranki*, Gothic *prangwa* (\"notch\"). The modern English word retains the original sense of having a sharp point." }
Error: Invalid \escape: line 1 column 123 (char 122)

Time: 2025-06-09 16:12:56.677580
Content: { "explanation": "It means that everything is fake or not real, and the consequences can be serious." "idom_origin": "In old England, traveling performers (jugglers, magicians, etc.) would set up a 'sham' tent. The public would gather around but find that there was no performance, only deceit." }
Error: Expecting ',' delimiter: line 1 column 103 (char 102)

Time: 2025-06-09 17:57:07.988733
Content: { "explanation": "Paranoid means extremely worried or suspicious, often to the point of imagining dangers that may not exist." "idiom_origin": "The term 'paranoia' originated from Greek and was used by psychiatrist Sigmund Freud in 1892. It is derived from two Greek words: 'para-' meaning 'beside or beyond,' and '-noid', a combining form meaning 'mind.' The term was initially used to describe a mental disorder characterized by delusions of persecution, unwarranted suspiciousness, and fearfulness." }
Error: Expecting ',' delimiter: line 1 column 128 (char 127)

Time: 2025-06-09 18:07:50.098999
Content: { "explanation": "Elusive means hard to find or catch because it keeps changing or moving, or because you can't see it clearly." } Here is a story behind the idiom: { "story": "Long ago, there was a fox that was very elusive. No one could ever catch it because it was always hiding in dense bushes or jumping over walls. The only clue to its location were the tracks it left behind in the snow." } Explain : at a crossroads { "explanation": "At a crossroads means you have choices and must decide which way to go, usually when facing difficult decisions or important turning points in your life." } Here is a story behind the phrase: { "story": "Imagine standing at a real crossroads, where four roads meet. Each road represents a different choice you have to make. You look down each road and see how far it goes, what's on it, and which way it leads. At a crossroads in life, you do the same thing: consider your options carefully before making a decision." } Explain : take the bull by the horns { "explanation": "Take the bull by the horns means to face a difficult problem or situation directly and bravely instead of avoiding it." } Here is a story behind the phrase: { "story": "Long ago, people who worked with bulls knew that the only way to control a dangerous bull was to grab its horns firmly. By taking the bull by the horns, they could lead it wherever they wanted. When you take the bull by the horns in life, you're showing courage and determination to tackle tough problems head-on." }
Error: Extra data: line 1 column 132 (char 131)

Time: 2025-06-09 23:04:13.142575
Content: { "word": "orange", "ipa": "/rnd/", "etymology": "From Old French <i>orangier</i>, modern French <i>oranger</i>, from Latin <i>pomerum arancium</i>, from Arabic <i></i> (nranj)" }, { "word": "apple", "ipa": "/pl/", "etymology": "From Old English <i>ppel</i>, from Proto-Germanic *apuln, from Latin <i>mlum</i>" }
Error: Extra data: line 1 column 180 (char 179)

Time: 2025-06-09 23:04:19.577651
Content: { "word": "orange", "ipa": "/rnd/", "etymology": "From Old French 'orange', borrowed from Latin 'pomum aurantium' (the fruit of the orange tree), a combination of 'aurum' (gold) and 'pomum' (apple or fruit)." }, { "word": "apple", "ipa": "/pl/", "etymology": "From Old English 'ppel', from Proto-Germanic 'abalam', from Latin 'mlum', ultimately from the Greek word for apple, '' (mlon)." }
Error: Extra data: line 1 column 211 (char 210)

Time: 2025-06-09 23:04:24.680914
Content: { "word": "orange", "ipa": "/rnd/", "etymology": "Old French < Latin citrus aurantium" }, { "word": "apple", "ipa": "/pl/", "etymology": "Old English pel, from Proto-Germanic *apalon, from Latin mlum" }
Error: Extra data: line 1 column 89 (char 88)

Time: 2025-06-10 12:06:54.779690
Content: { "explanation": "To 'pluck a nerve' means to do or say something that upsets or annoys someone deeply." "story": "The phrase originates from the idea of plucking on a nerve in the body, causing pain or discomfort. In this context, when someone does or says something that triggers a strong emotional reaction, we say they have 'plucked a nerve'." }
Error: Expecting ',' delimiter: line 1 column 106 (char 105)

Time: 2025-06-10 12:07:52.705102
Content: { "word": "orange", "ipa": "/rnd/", "etymology": "Middle English, from Old French <cit>orange, from Latin <cit>pomum suprum (an apple grown in a garden or orchard), from Greek  (Argos), perhaps the name of a town in North Africa where the fruit was cultivated." }, { "word": "apple", "ipa": "/pl/", "etymology": "Old English ppel, from Proto-Germanic *abal, from Latin malum 'fruit' (influenced by Old Norse pple), ultimately from Greek  (melon) 'fleshy fruit'." }
Error: Extra data: line 1 column 264 (char 263)

Time: 2025-06-10 12:08:00.541410
Content: { "word": "orange", "ipa": "/rnd/", "etymology": "From Old French <nowrap>orangier</nowrap>, noun use of the adjective <nowrap>orange</nowrap>, 'orange tree', from <nowrap>Latin <small>aurantium</small></nowrap>, 'golden'." }, { "word": "apple", "ipa": "/pl/", "etymology": "From Old English <nowrap>ppel</nowrap>, from Proto-Germanic <nowrap>apaln</nowrap>, from Latin <small>mlum</small> (or <small>malum</small>), from Greek <small></small> (mlon), 'fruit'. The modern spelling was adopted 1650s." }
Error: Extra data: line 1 column 226 (char 225)

Time: 2025-06-10 12:08:08.115611
Content: { "word": "orange", "ipa": "/rnd/", "etymology": "From Old French 'pomme d'orange', meaning 'golden apple'. Orange trees were known in the Mediterranean region since ancient times, but were called 'apples of Arabia' due to their exotic origin." }, { "word": "apple", "ipa": "/pl/", "etymology": "From Old English 'ppel', from Proto-Germanic *apalam, from Latin 'malum' (originally meaning 'fruit'), which comes from the Greek word '' ('mlon') and ultimately goes back to Sanskrit '' ('yma'). The apple was one of the most ancient fruits known in the Mediterranean area." }
Error: Extra data: line 1 column 247 (char 246)

Time: 2025-06-10 12:09:18.214076
Content: { "explanation": "Feeling or causing fear, often associated with something ghostly or mysterious" "idiom origin": "The term 'spook' is believed to have originated in the 19th century as a shortening of 'specter,' which comes from the Latin 'spectrum.' In early English, it was used to describe ghosts and other supernatural beings." }
Error: Expecting ',' delimiter: line 1 column 99 (char 98)

Time: 2025-06-10 12:11:43.347653
Content: { "explanation": "Dynamite refers to a type of explosive material that is very powerful and can cause a lot of destruction quickly." } Optional: (If you want to include the story behind it) { "explanation": "The term 'dynamite' comes from a Swedish chemist named Alfred Nobel, who invented this explosive in 1867. The name dynamite was derived from the Greek word 'dynamis', which means power." }
Error: Extra data: line 1 column 136 (char 135)

Time: 2025-06-10 12:13:21.774678
Content: { "explanation": "Start working on something quickly and diligently" "origin": "From the sound a whip makes when it's cracked to start a race. In this context, it suggests speed and urgency." }
Error: Expecting ',' delimiter: line 1 column 70 (char 69)

Time: 2025-06-10 12:23:54.916050
Content: { "word": "trade", "ipa": "/tred/", "etymology": "Old English treow-dael (Anglo-Saxon), from Old Norse, treydal (exchange of goods or services); akin to Old High German treitan (to strive)" }, { "word": "tumult", "ipa": "/tjumlt/", "etymology": "Late Middle English (in the sense 'public disturbance') from Old French tumult, from Latin tumultus 'disorderly noise or clamor', from tumere 'swell, rise' (from Proto-Indo-European root *teu- 'to swell')" }
Error: Extra data: line 1 column 192 (char 191)

Time: 2025-06-10 12:24:01.897891
Content: { "word": "trade", "ipa": "/tred/", "etymology": "Old English treowd, from Old Norse treyd, from Proto-Germanic *traidaz, from Proto-Indo-European *(s)tro- (to rub, grind), from base *(s)ter- (to rub, push)." }, { "word": "tumult", "ipa": "/tjumlt/", "etymology": "Latin tumultus, from tumultuare to make a noise or disturbance, from tumult- (noise) + -are (verb forming suffix)" }
Error: Extra data: line 1 column 211 (char 210)

Time: 2025-06-10 12:24:08.420393
Content: { "word": "trade", "ipa": "/tred/", "etymology": "Old English trdwyf, from Old Norse treyd, from Old High German thrit, meaning 'traffic' or 'business', from Proto-Germanic *thrid-, from Proto-Indo-European *dhre- (to rub, grind)" } { "word": "tumult", "ipa": "/tjumlt/", "etymology": "Latin tumultus, from turba (crowd) + multus (many), meaning 'disturbance or confusion caused by a large crowd'" }
Error: Extra data: line 1 column 234 (char 233)

Time: 2025-06-10 12:24:19.562705
Content: { "word": "yield", "ipa": "/jilnd/", "etymology": "Old English gielde (noun), gyldan (verb) from Old Norse gelda, from Proto-Germanic *geld-, *galt-; related to Old High German guotala payment, Old English gelt gold (from Proto-Germanic *galt-az), both from Proto-Indo-European *ghel- 'pay, recompense'" }, { "word": "bonds", "ipa": "/bndz/", "etymology": "Old English band (noun) from Proto-Germanic *bandaz, ultimately from Proto-Indo-European *bhond- (compare Welsh ban 'bound', Sanskrit bandh 'tie')" }
Error: Extra data: line 1 column 306 (char 305)

Time: 2025-06-10 12:24:47.651209
Content: { "word": "irregular", "ipa": "/rjulr/", "etymology": "Latin *irregularis*, from *ir-* (not, opposite) + *regula* (rule)" } Word: whimsical { "word": "whimsical", "ipa": "/hwmzkl/", "etymology": "From Middle English *wymyskal*, from Old French *guimiser* ('to play, act, sport'), ultimately from Vulgar Latin *jocare* ('to joke')" }
Error: Extra data: line 1 column 125 (char 124)

Time: 2025-06-10 12:24:55.858616
Content: { "word": "irregular", "ipa": "/rjulr/", "etymology": "Old English *yrre,* from Old Norse *yrdr* or Middle Dutch *yre,* meaning 'disturbance, vexation.' The adjectival suffix -al was added in Old and Middle English. The modern term 'irregular' came to mean not conforming to a regular pattern, derived from the concept of disturbance or disorder." } Word: quintessence { "word": "quintessence", "ipa": "/kwntsns/", "etymology": "Latin *quinta essentia* ('fifth essence'), from *quinque* ('five') and *essentia* ('substance'). The term was used in ancient philosophy to refer to the fifth element beyond the classical four (earth, water, air, fire) thought to compose all matter. This concept was later replaced by the modern periodic table." }
Error: Extra data: line 1 column 351 (char 350)

Time: 2025-06-10 12:25:09.787370
Content: { "word": "trade", "ipa": "/tred/", "etymology": "Old English 'treowd' (trust, faith), from Proto-Germanic '*treuud-' (trust). The meaning evolved to 'exchange' around the 13th century." }, { "word": "tumult", "ipa": "/tjumlt/", "etymology": "Latin 'tumultus', from 'tumultuare' (to boil, to churn). It was originally used to describe a violent agitation or commotion." }
Error: Extra data: line 1 column 189 (char 188)

Time: 2025-06-10 12:25:16.332416
Content: { "word": "trade", "ipa": "/tred/", "etymology": "Old English 'treowe', from Old Norse 'traethr' meaning 'exchange, barter'. The modern English word is derived from Anglo-French 'traite', from Latin 'tractus', past participle of 'trahere' meaning 'to draw or pull'" }, { "word": "tumult", "ipa": "/tjumlt/", "etymology": "Latin 'tumultus', from 'tumulo' meaning 'to roll, tumble'. It was used to describe a disturbance or commotion caused by confusion or disorder." }
Error: Extra data: line 1 column 268 (char 267)

Time: 2025-06-10 12:25:23.147179
Content: { "word": "trade", "ipa": "/tred/", "etymology": "Old English *tred* (noun) and *treowian* (verb), from Proto-Germanic *treud-, from Proto-Indo-European *(s)trewdh-(i)-, to rub, grind." }, { "word": "tumult", "ipa": "/tmlt/", "etymology": "Latin *tumultus*, from Proto-Italic **tumulus* (a noise, a tumult), ultimately from Proto-Indo-European *(s)temH- (to move, set in motion)." }
Error: Extra data: line 1 column 188 (char 187)

Time: 2025-06-10 21:18:11.119911
Content: { "sentence": "Individuals in the cohort have had their health and cognitive function assessed regularly over their entire lifespans.", "paraphrase": "People who are part of this group have routine checks for their overall health and thinking abilities throughout their whole lives.", "grammar": "This sentence is a complex sentence with one independent clause ("Individuals in the cohort have had") and one dependent clause ("regularly over their entire lifespans"). It uses active voice, present perfect tense, and includes compound subject 'Individuals' and object 'their health and cognitive function'.", "meaning": "The main idea of this sentence is that the people in a specific group have been periodically evaluated for their overall health and mental abilities since they were born until now." }
Error: Expecting ',' delimiter: line 1 column 364 (char 363)

Time: 2025-06-10 22:11:01.617341
Content: { "word": "atlas", "ipa": "/tls/", "etymology": "Greek *Atlas* - the Titan who was condemned to bear the weight of the world on his shoulders, and thus named for a collection of maps showing the whole earth, especially one representing an area as a series of overlapping sheets" }, { "word": "based", "ipa": "/best/", "etymology": "Old English *basidan* - to rest, support oneself; related to the Old Norse *basti*, and ultimately to Latin *fundus*, ground" }, { "word": "analysis", "ipa": "/nlss/", "etymology": "Latin *analsis* - breaking up, dissolution; from Greek *an-alusis* - a loosening, dissection" }
Error: Extra data: line 1 column 281 (char 280)

Time: 2025-06-10 22:11:09.221316
Content: { "word": "atlas", "ipa": "/tls/", "etymology": "From Ancient Greek  (Atlas), the Titan who was condemned to bear the weight of the celestial spheres on his shoulders. In geography, an atlas is a collection of maps, named after this mythical figure who was believed to have knowledge of the whole world." }, { "word": "analysis", "ipa": "/nalss/", "etymology": "From Latin anlsis (analysis), from Greek  (analsis) from - (ana-) 'up' +  (l) 'I unloose, loosen, untie, undo'. This refers to breaking down something complex into its simpler parts." }
Error: Extra data: line 1 column 307 (char 306)

Time: 2025-06-10 22:11:16.305470
Content: { "word": "atlas", "ipa": "/tls/", "etymology": "From Greek Atlas, Titan who carried the world on his shoulders in classical mythology, from Atlantis, possibly from atlas (meaning 'island' or 'coastal region')." }, { "word": "analysis", "ipa": "/nalss/", "etymology": "From Latin anlysis ('unloosing, resolution'), from Greek  (anlisis), from  (anal), from - (ana-, 'up', 'back') +  (l, 'I loosen')." }
Error: Extra data: line 1 column 214 (char 213)

Time: 2025-06-10 22:27:12.699120
Content: { "explanation": "To explain something clearly and thoroughly" "origin": "From Latin elucidatus, past participle of elucidare 'to clear up', from ex- 'out' + lucere 'shine'" "synonyms": "clarify, make clear, clarify, explicate, expound" "idiomatic_usage": "To go into detail and break something down, often in a way that makes it easier to understand." "example": "The teacher took the time to elucidate the complex concepts of calculus so that the students could easily understand them." }
Error: Expecting ',' delimiter: line 1 column 64 (char 63)

Time: 2025-06-10 22:39:48.452720
Content: Lesley: Listen, Leonard, neither of us are neuroscientists but we both understand the biochemistry of sex, I mean, dopamine in our brains is released across synapses causing pleasure.
Error: No JSON structure in contextual response

Time: 2025-06-11 21:05:23.325193
Content: { "explanation": "It means a small amount of loud or fast music, especially hip hop or rap." "origin_story": "The term 'bang-bang' originated from the sound effect in music that resembles gunshots, which is often used in hip hop and rap songs. The phrase 'eine kleine' means 'a little' in German, making the full expression 'eine kleine bang-bang music' mean a small amount of loud or fast hip hop or rap music." }
Error: Expecting ',' delimiter: line 1 column 94 (char 93)

Time: 2025-06-11 21:05:35.833085
Content: { "explanation": "Okay, let's break down \"eine kleine bang-bang music.\" This is a German phrase that's become quite famous, thanks to a hilarious video! It's basically a playful, slightly nonsensical phrase that's become a meme. Here's what it means: * **\"Kleine\"** means \"small\" or \"little.\" * **\"Bang-Bang\"** This comes from the name of a very silly, over-the-top, action-packed, and surprisingly popular German TV show. The show is full of dramatic fights, huge explosions, and completely unbelievable situations. It's deliberately ridiculous! * **\"Musik\"** simply means \"music.\" So, put it together: \"eine kleine bang-bang music\" literally translates to "a little bang-bang music." But it's used to describe something that is similarly over-the-top, chaotic, and wonderfully silly  like a scene in the TV show, or a situation that's just a bit too dramatic for real life. **The Story Behind It:** The phrase started as a reaction to a short video of a German man, Max Sauerwede, who created a massive, elaborate, and incredibly detailed set for a music video. He spent a *huge* amount of money and effort to make it look like a Hollywood action scene, complete with explosions, a crashed helicopter, and fake rubble. The video was incredibly impressive and absurd. People saw the video and were amazed, but also kind of bewildered by how much effort went into something so deliberately over-the-top. That's when \"eine kleine bang-bang music\" was born. It perfectly captures the feeling of being impressed by something that's simultaneously grand and completely ridiculous. It's become a popular phrase for expressing amazement or amusement at something ridiculously elaborate or dramatic. It's a great example of how the internet can turn a small thing into a global sensation! " }
Error: Expecting ',' delimiter: line 1 column 676 (char 675)

Time: 2025-06-11 21:05:35.833735
Content: { "explanation": "Okay, let's break down \"eine kleine bang-bang music.\" This is a German phrase that's become quite famous, thanks to a hilarious video! It's basically a playful, slightly nonsensical phrase that's become a meme. Here's what it means: * **\"Kleine\"** means \"small\" or \"little.\" * **\"Bang-Bang\"** This comes from the name of a very silly, over-the-top, action-packed, and surprisingly popular German TV show. The show is full of dramatic fights, huge explosions, and completely unbelievable situations. It's deliberately ridiculous! * **\"Musik\"** simply means \"music.\" So, put it together: \"eine kleine bang-bang music\" literally translates to "a little bang-bang music." But it's used to describe something that is similarly over-the-top, chaotic, and wonderfully silly  like a scene in the TV show, or a situation that's just a bit too dramatic for real life. **The Story Behind It:** The phrase started as a reaction to a short video of a German man, Max Sauerwede, who created a massive, elaborate, and incredibly detailed set for a music video. He spent a *huge* amount of money and effort to make it look like a Hollywood action scene, complete with explosions, a crashed helicopter, and fake rubble. The video was incredibly impressive and absurd. People saw the video and were amazed, but also kind of bewildered by how much effort went into something so deliberately over-the-top. That's when \"eine kleine bang-bang music\" was born. It perfectly captures the feeling of being impressed by something that's simultaneously grand and completely ridiculous. It's become a popular phrase for expressing amazement or amusement at something ridiculously elaborate or dramatic. It's a great example of how the internet can turn a small thing into a global sensation! " }
Error: Both chains failed to decode JSON

Time: 2025-06-11 22:05:16.916672
Content: { "explanation": "I won't take any unnecessary risks or make a decision that is uncertain or doubtful." "idiom_origin": "The phrase originates from the natural world where animals like squirrels and monkeys avoid going out on thin branches (limbs) because it might break, causing them to fall. So, if someone says they won't go out on a limb, they mean they won't do anything risky or uncertain." }
Error: Expecting ',' delimiter: line 1 column 105 (char 104)

Time: 2025-06-12 12:31:51.641619
Content: { "explanation": "Curfew is a rule that says people must stay at home or in a certain place, often during the night, for their own safety." } Optional (if you want to add more): { "explanation": "The word 'curfew' comes from an old French phrase meaning 'cover fire', which was used when soldiers had to extinguish their fires at a certain time during the night for safety reasons. Now, it is often used to control movements of people during emergencies or unrest." }
Error: Extra data: line 1 column 143 (char 142)

